[2026-05-11T15:36:15.962+0100][0.005s][info][gc,init] CardTable entry size: 512
[2026-05-11T15:36:15.962+0100][0.005s][info][gc     ] Using G1
[2026-05-11T15:36:15.962+0100][0.005s][info][gc,init] Version: 25.0.1+8-LTS (release)
[2026-05-11T15:36:15.962+0100][0.005s][info][gc,init] CPUs: 8 total, 8 available
[2026-05-11T15:36:15.962+0100][0.005s][info][gc,init] Memory: 16384M
[2026-05-11T15:36:15.962+0100][0.005s][info][gc,init] Large Page Support: Disabled
[2026-05-11T15:36:15.962+0100][0.005s][info][gc,init] NUMA Support: Disabled
[2026-05-11T15:36:15.962+0100][0.005s][info][gc,init] Compressed Oops: Enabled (Zero based)
[2026-05-11T15:36:15.962+0100][0.005s][info][gc,init] Heap Region Size: 1M
[2026-05-11T15:36:15.962+0100][0.005s][info][gc,init] Heap Min Capacity: 256M
[2026-05-11T15:36:15.962+0100][0.005s][info][gc,init] Heap Initial Capacity: 256M
[2026-05-11T15:36:15.962+0100][0.005s][info][gc,init] Heap Max Capacity: 512M
[2026-05-11T15:36:15.962+0100][0.005s][info][gc,init] Pre-touch: Disabled
[2026-05-11T15:36:15.962+0100][0.005s][info][gc,init] Parallel Workers: 8
[2026-05-11T15:36:15.962+0100][0.005s][info][gc,init] Concurrent Workers: 2
[2026-05-11T15:36:15.962+0100][0.005s][info][gc,init] Concurrent Refinement Workers: 8
[2026-05-11T15:36:15.962+0100][0.005s][info][gc,init] Periodic GC: Disabled
[2026-05-11T15:36:15.965+0100][0.008s][info][gc,metaspace] CDS archive(s) mapped at: [0x0000100000000000-0x0000100000d94000-0x0000100000d94000), size 14237696, SharedBaseAddress: 0x0000100000000000, ArchiveRelocationMode: 1.
[2026-05-11T15:36:15.965+0100][0.008s][info][gc,metaspace] Compressed class space mapped at: 0x0000100001000000-0x0000100041000000, reserved size: 1073741824
[2026-05-11T15:36:15.965+0100][0.008s][info][gc,metaspace] UseCompressedClassPointers 1, UseCompactObjectHeaders 0
[2026-05-11T15:36:15.965+0100][0.008s][info][gc,metaspace] Narrow klass pointer bits 32, Max shift 3
[2026-05-11T15:36:15.965+0100][0.008s][info][gc,metaspace] Narrow klass base: 0x0000100000000000, Narrow klass shift: 0
[2026-05-11T15:36:15.965+0100][0.008s][info][gc,metaspace] Encoding Range: [0x0000100000000000 - 0x0000100100000000), (4294967296 bytes)
[2026-05-11T15:36:15.965+0100][0.008s][info][gc,metaspace] Klass Range:    [0x0000100000004000 - 0x0000100041000000), (1090502656 bytes)
[2026-05-11T15:36:15.965+0100][0.008s][info][gc,metaspace] Klass ID Range:  [16384 - 1090519033) (1090502649)
[2026-05-11T15:36:15.965+0100][0.008s][info][gc,metaspace] Protection zone: [0x0000100000000000 - 0x0000100000004000), (16384 bytes)
[2026-05-11T15:36:16.035+0100][0.079s][info][gc,start    ] GC(0) Pause Young (Normal) (G1 Evacuation Pause)
[2026-05-11T15:36:16.035+0100][0.079s][info][gc,task     ] GC(0) Using 6 workers of 8 for evacuation
[2026-05-11T15:36:16.042+0100][0.086s][info][gc,phases   ] GC(0)   Pre Evacuate Collection Set: 0.07ms
[2026-05-11T15:36:16.042+0100][0.086s][info][gc,phases   ] GC(0)   Merge Heap Roots: 0.06ms
[2026-05-11T15:36:16.042+0100][0.086s][info][gc,phases   ] GC(0)   Evacuate Collection Set: 6.27ms
[2026-05-11T15:36:16.042+0100][0.086s][info][gc,phases   ] GC(0)   Post Evacuate Collection Set: 0.27ms
[2026-05-11T15:36:16.042+0100][0.086s][info][gc,phases   ] GC(0)   Other: 0.28ms
[2026-05-11T15:36:16.042+0100][0.086s][info][gc,heap     ] GC(0) Eden regions: 47->0(88)
[2026-05-11T15:36:16.042+0100][0.086s][info][gc,heap     ] GC(0) Survivor regions: 0->6(6)
[2026-05-11T15:36:16.042+0100][0.086s][info][gc,heap     ] GC(0) Old regions: 2->25
[2026-05-11T15:36:16.042+0100][0.086s][info][gc,heap     ] GC(0) Humongous regions: 2->2
[2026-05-11T15:36:16.042+0100][0.086s][info][gc,metaspace] GC(0) Metaspace: 1670K(1856K)->1670K(1856K) NonClass: 1565K(1664K)->1565K(1664K) Class: 104K(192K)->104K(192K)
[2026-05-11T15:36:16.042+0100][0.086s][info][gc          ] GC(0) Pause Young (Normal) (G1 Evacuation Pause) 50M->32M(258M) 7.232ms
[2026-05-11T15:36:16.042+0100][0.086s][info][gc,cpu      ] GC(0) User=0.03s Sys=0.01s Real=0.01s
[2026-05-11T15:36:16.098+0100][0.141s][info][gc,start    ] GC(1) Pause Full (System.gc())
[2026-05-11T15:36:16.098+0100][0.141s][info][gc,task     ] GC(1) Using 6 workers of 8 for full compaction
[2026-05-11T15:36:16.098+0100][0.141s][info][gc,phases,start] GC(1) Phase 1: Mark live objects
[2026-05-11T15:36:16.102+0100][0.145s][info][gc,phases      ] GC(1) Phase 1: Mark live objects 3.871ms
[2026-05-11T15:36:16.102+0100][0.145s][info][gc,phases,start] GC(1) Phase 2: Prepare compaction
[2026-05-11T15:36:16.104+0100][0.147s][info][gc,phases      ] GC(1) Phase 2: Prepare compaction 2.262ms
[2026-05-11T15:36:16.104+0100][0.147s][info][gc,phases,start] GC(1) Phase 3: Adjust pointers
[2026-05-11T15:36:16.106+0100][0.150s][info][gc,phases      ] GC(1) Phase 3: Adjust pointers 2.300ms
[2026-05-11T15:36:16.106+0100][0.150s][info][gc,phases,start] GC(1) Phase 4: Compact heap
[2026-05-11T15:36:16.108+0100][0.151s][info][gc,phases      ] GC(1) Phase 4: Compact heap 1.691ms
[2026-05-11T15:36:16.108+0100][0.151s][info][gc,phases,start] GC(1) Phase 5: Reset Metadata
[2026-05-11T15:36:16.109+0100][0.152s][info][gc,phases      ] GC(1) Phase 5: Reset Metadata 0.737ms
[2026-05-11T15:36:16.109+0100][0.153s][info][gc,heap        ] GC(1) Eden regions: 61->0(84)
[2026-05-11T15:36:16.109+0100][0.153s][info][gc,heap        ] GC(1) Survivor regions: 6->0(6)
[2026-05-11T15:36:16.109+0100][0.153s][info][gc,heap        ] GC(1) Old regions: 25->41
[2026-05-11T15:36:16.109+0100][0.153s][info][gc,heap        ] GC(1) Humongous regions: 2->0
[2026-05-11T15:36:16.109+0100][0.153s][info][gc,metaspace   ] GC(1) Metaspace: 2127K(2304K)->2127K(2304K) NonClass: 1975K(2048K)->1975K(2048K) Class: 152K(256K)->152K(256K)
[2026-05-11T15:36:16.109+0100][0.153s][info][gc             ] GC(1) Pause Full (System.gc()) 93M->39M(256M) 11.731ms
[2026-05-11T15:36:16.109+0100][0.153s][info][gc,cpu         ] GC(1) User=0.05s Sys=0.00s Real=0.01s
[2026-05-11T15:36:16.221+0100][0.265s][info][gc,start       ] GC(2) Pause Young (Normal) (G1 Evacuation Pause)
[2026-05-11T15:36:16.221+0100][0.265s][info][gc,task        ] GC(2) Using 6 workers of 8 for evacuation
[2026-05-11T15:36:16.222+0100][0.265s][info][gc,phases      ] GC(2)   Pre Evacuate Collection Set: 0.13ms
[2026-05-11T15:36:16.222+0100][0.265s][info][gc,phases      ] GC(2)   Merge Heap Roots: 0.04ms
[2026-05-11T15:36:16.222+0100][0.265s][info][gc,phases      ] GC(2)   Evacuate Collection Set: 0.11ms
[2026-05-11T15:36:16.222+0100][0.265s][info][gc,phases      ] GC(2)   Post Evacuate Collection Set: 0.11ms
[2026-05-11T15:36:16.222+0100][0.265s][info][gc,phases      ] GC(2)   Other: 0.05ms
[2026-05-11T15:36:16.222+0100][0.265s][info][gc,heap        ] GC(2) Eden regions: 84->0(124)
[2026-05-11T15:36:16.222+0100][0.265s][info][gc,heap        ] GC(2) Survivor regions: 0->1(11)
[2026-05-11T15:36:16.222+0100][0.265s][info][gc,heap        ] GC(2) Old regions: 41->41
[2026-05-11T15:36:16.222+0100][0.265s][info][gc,heap        ] GC(2) Humongous regions: 0->0
[2026-05-11T15:36:16.222+0100][0.265s][info][gc,metaspace   ] GC(2) Metaspace: 2137K(2304K)->2137K(2304K) NonClass: 1983K(2048K)->1983K(2048K) Class: 154K(256K)->154K(256K)
[2026-05-11T15:36:16.222+0100][0.265s][info][gc             ] GC(2) Pause Young (Normal) (G1 Evacuation Pause) 123M->40M(256M) 0.587ms
[2026-05-11T15:36:16.222+0100][0.265s][info][gc,cpu         ] GC(2) User=0.00s Sys=0.00s Real=0.00s
[2026-05-11T15:36:16.280+0100][0.324s][info][gc,start       ] GC(3) Pause Young (Normal) (G1 Evacuation Pause)
[2026-05-11T15:36:16.280+0100][0.324s][info][gc,task        ] GC(3) Using 6 workers of 8 for evacuation
[2026-05-11T15:36:16.289+0100][0.332s][info][gc,phases      ] GC(3)   Pre Evacuate Collection Set: 0.06ms
[2026-05-11T15:36:16.289+0100][0.332s][info][gc,phases      ] GC(3)   Merge Heap Roots: 0.06ms
[2026-05-11T15:36:16.289+0100][0.332s][info][gc,phases      ] GC(3)   Evacuate Collection Set: 7.94ms
[2026-05-11T15:36:16.289+0100][0.332s][info][gc,phases      ] GC(3)   Post Evacuate Collection Set: 0.13ms
[2026-05-11T15:36:16.289+0100][0.332s][info][gc,phases      ] GC(3)   Other: 0.07ms
[2026-05-11T15:36:16.289+0100][0.332s][info][gc,heap        ] GC(3) Eden regions: 124->0(93)
[2026-05-11T15:36:16.289+0100][0.332s][info][gc,heap        ] GC(3) Survivor regions: 1->16(16)
[2026-05-11T15:36:16.289+0100][0.332s][info][gc,heap        ] GC(3) Old regions: 41->67
[2026-05-11T15:36:16.289+0100][0.332s][info][gc,heap        ] GC(3) Humongous regions: 0->0
[2026-05-11T15:36:16.289+0100][0.332s][info][gc,metaspace   ] GC(3) Metaspace: 2137K(2304K)->2137K(2304K) NonClass: 1983K(2048K)->1983K(2048K) Class: 154K(256K)->154K(256K)
[2026-05-11T15:36:16.289+0100][0.332s][info][gc             ] GC(3) Pause Young (Normal) (G1 Evacuation Pause) 164M->80M(256M) 8.457ms
[2026-05-11T15:36:16.289+0100][0.332s][info][gc,cpu         ] GC(3) User=0.03s Sys=0.01s Real=0.00s
[2026-05-11T15:36:16.336+0100][0.379s][info][gc,start       ] GC(4) Pause Full (System.gc())
[2026-05-11T15:36:16.336+0100][0.379s][info][gc,task        ] GC(4) Using 6 workers of 8 for full compaction
[2026-05-11T15:36:16.336+0100][0.379s][info][gc,phases,start] GC(4) Phase 1: Mark live objects
[2026-05-11T15:36:16.339+0100][0.383s][info][gc,phases      ] GC(4) Phase 1: Mark live objects 3.643ms
[2026-05-11T15:36:16.339+0100][0.383s][info][gc,phases,start] GC(4) Phase 2: Prepare compaction
[2026-05-11T15:36:16.340+0100][0.383s][info][gc,phases      ] GC(4) Phase 2: Prepare compaction 0.409ms
[2026-05-11T15:36:16.340+0100][0.383s][info][gc,phases,start] GC(4) Phase 3: Adjust pointers
[2026-05-11T15:36:16.342+0100][0.385s][info][gc,phases      ] GC(4) Phase 3: Adjust pointers 1.661ms
[2026-05-11T15:36:16.342+0100][0.385s][info][gc,phases,start] GC(4) Phase 4: Compact heap
[2026-05-11T15:36:16.342+0100][0.385s][info][gc,phases      ] GC(4) Phase 4: Compact heap 0.374ms
[2026-05-11T15:36:16.342+0100][0.385s][info][gc,phases,start] GC(4) Phase 5: Reset Metadata
[2026-05-11T15:36:16.343+0100][0.386s][info][gc,phases      ] GC(4) Phase 5: Reset Metadata 0.926ms
[2026-05-11T15:36:16.343+0100][0.387s][info][gc,heap        ] GC(4) Eden regions: 46->0(134)
[2026-05-11T15:36:16.343+0100][0.387s][info][gc,heap        ] GC(4) Survivor regions: 16->0(16)
[2026-05-11T15:36:16.343+0100][0.387s][info][gc,heap        ] GC(4) Old regions: 67->42
[2026-05-11T15:36:16.343+0100][0.387s][info][gc,heap        ] GC(4) Humongous regions: 0->0
[2026-05-11T15:36:16.343+0100][0.387s][info][gc,metaspace   ] GC(4) Metaspace: 2269K(2432K)->2269K(2432K) NonClass: 2098K(2176K)->2098K(2176K) Class: 171K(256K)->171K(256K)
[2026-05-11T15:36:16.343+0100][0.387s][info][gc             ] GC(4) Pause Full (System.gc()) 126M->39M(256M) 7.663ms
[2026-05-11T15:36:16.343+0100][0.387s][info][gc,cpu         ] GC(4) User=0.03s Sys=0.00s Real=0.01s
[2026-05-11T15:36:16.452+0100][0.495s][info][gc,start       ] GC(5) Pause Young (Normal) (G1 Evacuation Pause)
[2026-05-11T15:36:16.452+0100][0.495s][info][gc,task        ] GC(5) Using 6 workers of 8 for evacuation
[2026-05-11T15:36:16.454+0100][0.497s][info][gc,phases      ] GC(5)   Pre Evacuate Collection Set: 0.06ms
[2026-05-11T15:36:16.454+0100][0.497s][info][gc,phases      ] GC(5)   Merge Heap Roots: 0.03ms
[2026-05-11T15:36:16.454+0100][0.497s][info][gc,phases      ] GC(5)   Evacuate Collection Set: 1.32ms
[2026-05-11T15:36:16.454+0100][0.497s][info][gc,phases      ] GC(5)   Post Evacuate Collection Set: 0.15ms
[2026-05-11T15:36:16.454+0100][0.497s][info][gc,phases      ] GC(5)   Other: 0.05ms
[2026-05-11T15:36:16.454+0100][0.497s][info][gc,heap        ] GC(5) Eden regions: 134->0(139)
[2026-05-11T15:36:16.454+0100][0.497s][info][gc,heap        ] GC(5) Survivor regions: 0->8(17)
[2026-05-11T15:36:16.454+0100][0.497s][info][gc,heap        ] GC(5) Old regions: 42->42
[2026-05-11T15:36:16.454+0100][0.497s][info][gc,heap        ] GC(5) Humongous regions: 0->0
[2026-05-11T15:36:16.454+0100][0.497s][info][gc,metaspace   ] GC(5) Metaspace: 2269K(2432K)->2269K(2432K) NonClass: 2098K(2176K)->2098K(2176K) Class: 171K(256K)->171K(256K)
[2026-05-11T15:36:16.454+0100][0.497s][info][gc             ] GC(5) Pause Young (Normal) (G1 Evacuation Pause) 173M->47M(256M) 1.787ms
[2026-05-11T15:36:16.454+0100][0.497s][info][gc,cpu         ] GC(5) User=0.01s Sys=0.00s Real=0.00s
[2026-05-11T15:36:16.473+0100][0.516s][info][gc,start       ] GC(6) Pause Full (System.gc())
[2026-05-11T15:36:16.473+0100][0.516s][info][gc,task        ] GC(6) Using 6 workers of 8 for full compaction
[2026-05-11T15:36:16.473+0100][0.516s][info][gc,phases,start] GC(6) Phase 1: Mark live objects
[2026-05-11T15:36:16.476+0100][0.520s][info][gc,phases      ] GC(6) Phase 1: Mark live objects 3.602ms
[2026-05-11T15:36:16.476+0100][0.520s][info][gc,phases,start] GC(6) Phase 2: Prepare compaction
[2026-05-11T15:36:16.477+0100][0.520s][info][gc,phases      ] GC(6) Phase 2: Prepare compaction 0.216ms
[2026-05-11T15:36:16.477+0100][0.520s][info][gc,phases,start] GC(6) Phase 3: Adjust pointers
[2026-05-11T15:36:16.478+0100][0.522s][info][gc,phases      ] GC(6) Phase 3: Adjust pointers 1.669ms
[2026-05-11T15:36:16.478+0100][0.522s][info][gc,phases,start] GC(6) Phase 4: Compact heap
[2026-05-11T15:36:16.479+0100][0.522s][info][gc,phases      ] GC(6) Phase 4: Compact heap 0.306ms
[2026-05-11T15:36:16.479+0100][0.522s][info][gc,phases,start] GC(6) Phase 5: Reset Metadata
[2026-05-11T15:36:16.480+0100][0.523s][info][gc,phases      ] GC(6) Phase 5: Reset Metadata 0.980ms
[2026-05-11T15:36:16.480+0100][0.523s][info][gc,heap        ] GC(6) Eden regions: 121->0(147)
[2026-05-11T15:36:16.480+0100][0.523s][info][gc,heap        ] GC(6) Survivor regions: 8->0(17)
[2026-05-11T15:36:16.480+0100][0.523s][info][gc,heap        ] GC(6) Old regions: 42->42
[2026-05-11T15:36:16.480+0100][0.523s][info][gc,heap        ] GC(6) Humongous regions: 0->0
[2026-05-11T15:36:16.480+0100][0.523s][info][gc,metaspace   ] GC(6) Metaspace: 2273K(2432K)->2273K(2432K) NonClass: 2102K(2176K)->2102K(2176K) Class: 171K(256K)->171K(256K)
[2026-05-11T15:36:16.480+0100][0.523s][info][gc             ] GC(6) Pause Full (System.gc()) 168M->39M(256M) 7.361ms
[2026-05-11T15:36:16.480+0100][0.524s][info][gc,cpu         ] GC(6) User=0.04s Sys=0.00s Real=0.01s
[2026-05-11T15:36:16.563+0100][0.606s][info][gc,start       ] GC(7) Pause Young (Normal) (G1 Evacuation Pause)
[2026-05-11T15:36:16.563+0100][0.606s][info][gc,task        ] GC(7) Using 8 workers of 8 for evacuation
[2026-05-11T15:36:16.566+0100][0.610s][info][gc,phases      ] GC(7)   Pre Evacuate Collection Set: 0.08ms
[2026-05-11T15:36:16.566+0100][0.610s][info][gc,phases      ] GC(7)   Merge Heap Roots: 0.05ms
[2026-05-11T15:36:16.566+0100][0.610s][info][gc,phases      ] GC(7)   Evacuate Collection Set: 3.28ms
[2026-05-11T15:36:16.566+0100][0.610s][info][gc,phases      ] GC(7)   Post Evacuate Collection Set: 0.17ms
[2026-05-11T15:36:16.566+0100][0.610s][info][gc,phases      ] GC(7)   Other: 0.11ms
[2026-05-11T15:36:16.566+0100][0.610s][info][gc,heap        ] GC(7) Eden regions: 147->0(128)
[2026-05-11T15:36:16.566+0100][0.610s][info][gc,heap        ] GC(7) Survivor regions: 0->19(19)
[2026-05-11T15:36:16.566+0100][0.610s][info][gc,heap        ] GC(7) Old regions: 42->43
[2026-05-11T15:36:16.566+0100][0.610s][info][gc,heap        ] GC(7) Humongous regions: 0->0
[2026-05-11T15:36:16.566+0100][0.610s][info][gc,metaspace   ] GC(7) Metaspace: 2273K(2432K)->2273K(2432K) NonClass: 2102K(2176K)->2102K(2176K) Class: 171K(256K)->171K(256K)
[2026-05-11T15:36:16.566+0100][0.610s][info][gc             ] GC(7) Pause Young (Normal) (G1 Evacuation Pause) 186M->59M(256M) 3.865ms
[2026-05-11T15:36:16.566+0100][0.610s][info][gc,cpu         ] GC(7) User=0.01s Sys=0.01s Real=0.00s
[2026-05-11T15:36:16.579+0100][0.622s][info][gc,start       ] GC(8) Pause Full (System.gc())
[2026-05-11T15:36:16.579+0100][0.622s][info][gc,task        ] GC(8) Using 7 workers of 8 for full compaction
[2026-05-11T15:36:16.579+0100][0.622s][info][gc,phases,start] GC(8) Phase 1: Mark live objects
[2026-05-11T15:36:16.583+0100][0.627s][info][gc,phases      ] GC(8) Phase 1: Mark live objects 4.210ms
[2026-05-11T15:36:16.583+0100][0.627s][info][gc,phases,start] GC(8) Phase 2: Prepare compaction
[2026-05-11T15:36:16.583+0100][0.627s][info][gc,phases      ] GC(8) Phase 2: Prepare compaction 0.227ms
[2026-05-11T15:36:16.583+0100][0.627s][info][gc,phases,start] GC(8) Phase 3: Adjust pointers
[2026-05-11T15:36:16.585+0100][0.629s][info][gc,phases      ] GC(8) Phase 3: Adjust pointers 1.627ms
[2026-05-11T15:36:16.585+0100][0.629s][info][gc,phases,start] GC(8) Phase 4: Compact heap
[2026-05-11T15:36:16.585+0100][0.629s][info][gc,phases      ] GC(8) Phase 4: Compact heap 0.284ms
[2026-05-11T15:36:16.585+0100][0.629s][info][gc,phases,start] GC(8) Phase 5: Reset Metadata
[2026-05-11T15:36:16.586+0100][0.630s][info][gc,phases      ] GC(8) Phase 5: Reset Metadata 0.977ms
[2026-05-11T15:36:16.587+0100][0.630s][info][gc,heap        ] GC(8) Eden regions: 111->0(148)
[2026-05-11T15:36:16.587+0100][0.630s][info][gc,heap        ] GC(8) Survivor regions: 19->0(19)
[2026-05-11T15:36:16.587+0100][0.630s][info][gc,heap        ] GC(8) Old regions: 43->42
[2026-05-11T15:36:16.587+0100][0.630s][info][gc,heap        ] GC(8) Humongous regions: 0->0
[2026-05-11T15:36:16.587+0100][0.630s][info][gc,metaspace   ] GC(8) Metaspace: 2310K(2496K)->2310K(2496K) NonClass: 2139K(2240K)->2139K(2240K) Class: 171K(256K)->171K(256K)
[2026-05-11T15:36:16.587+0100][0.630s][info][gc             ] GC(8) Pause Full (System.gc()) 170M->39M(256M) 7.909ms
[2026-05-11T15:36:16.587+0100][0.630s][info][gc,cpu         ] GC(8) User=0.04s Sys=0.00s Real=0.01s
[2026-05-11T15:36:16.671+0100][0.714s][info][gc,start       ] GC(9) Pause Young (Normal) (G1 Evacuation Pause)
[2026-05-11T15:36:16.671+0100][0.714s][info][gc,task        ] GC(9) Using 8 workers of 8 for evacuation
[2026-05-11T15:36:16.672+0100][0.716s][info][gc,phases      ] GC(9)   Pre Evacuate Collection Set: 0.07ms
[2026-05-11T15:36:16.672+0100][0.716s][info][gc,phases      ] GC(9)   Merge Heap Roots: 0.06ms
[2026-05-11T15:36:16.672+0100][0.716s][info][gc,phases      ] GC(9)   Evacuate Collection Set: 1.25ms
[2026-05-11T15:36:16.672+0100][0.716s][info][gc,phases      ] GC(9)   Post Evacuate Collection Set: 0.22ms
[2026-05-11T15:36:16.673+0100][0.716s][info][gc,phases      ] GC(9)   Other: 0.05ms
[2026-05-11T15:36:16.673+0100][0.716s][info][gc,heap        ] GC(9) Eden regions: 148->0(178)
[2026-05-11T15:36:16.673+0100][0.716s][info][gc,heap        ] GC(9) Survivor regions: 0->15(19)
[2026-05-11T15:36:16.673+0100][0.716s][info][gc,heap        ] GC(9) Old regions: 42->42
[2026-05-11T15:36:16.673+0100][0.716s][info][gc,heap        ] GC(9) Humongous regions: 0->0
[2026-05-11T15:36:16.673+0100][0.716s][info][gc,metaspace   ] GC(9) Metaspace: 2311K(2496K)->2311K(2496K) NonClass: 2140K(2240K)->2140K(2240K) Class: 171K(256K)->171K(256K)
[2026-05-11T15:36:16.673+0100][0.716s][info][gc             ] GC(9) Pause Young (Normal) (G1 Evacuation Pause) 187M->54M(323M) 1.823ms
[2026-05-11T15:36:16.673+0100][0.716s][info][gc,cpu         ] GC(9) User=0.01s Sys=0.00s Real=0.00s
[2026-05-11T15:36:16.722+0100][0.765s][info][gc,start       ] GC(10) Pause Full (System.gc())
[2026-05-11T15:36:16.722+0100][0.765s][info][gc,task        ] GC(10) Using 7 workers of 8 for full compaction
[2026-05-11T15:36:16.722+0100][0.766s][info][gc,phases,start] GC(10) Phase 1: Mark live objects
[2026-05-11T15:36:16.726+0100][0.769s][info][gc,phases      ] GC(10) Phase 1: Mark live objects 3.568ms
[2026-05-11T15:36:16.726+0100][0.769s][info][gc,phases,start] GC(10) Phase 2: Prepare compaction
[2026-05-11T15:36:16.726+0100][0.769s][info][gc,phases      ] GC(10) Phase 2: Prepare compaction 0.321ms
[2026-05-11T15:36:16.726+0100][0.769s][info][gc,phases,start] GC(10) Phase 3: Adjust pointers
[2026-05-11T15:36:16.728+0100][0.771s][info][gc,phases      ] GC(10) Phase 3: Adjust pointers 1.644ms
[2026-05-11T15:36:16.728+0100][0.771s][info][gc,phases,start] GC(10) Phase 4: Compact heap
[2026-05-11T15:36:16.728+0100][0.771s][info][gc,phases      ] GC(10) Phase 4: Compact heap 0.300ms
[2026-05-11T15:36:16.728+0100][0.772s][info][gc,phases,start] GC(10) Phase 5: Reset Metadata
[2026-05-11T15:36:16.729+0100][0.773s][info][gc,phases      ] GC(10) Phase 5: Reset Metadata 0.974ms
[2026-05-11T15:36:16.729+0100][0.773s][info][gc,heap        ] GC(10) Eden regions: 117->0(153)
[2026-05-11T15:36:16.729+0100][0.773s][info][gc,heap        ] GC(10) Survivor regions: 15->0(19)
[2026-05-11T15:36:16.729+0100][0.773s][info][gc,heap        ] GC(10) Old regions: 42->43
[2026-05-11T15:36:16.729+0100][0.773s][info][gc,heap        ] GC(10) Humongous regions: 0->0
[2026-05-11T15:36:16.729+0100][0.773s][info][gc,metaspace   ] GC(10) Metaspace: 2493K(2624K)->2493K(2624K) NonClass: 2309K(2368K)->2309K(2368K) Class: 184K(256K)->184K(256K)
[2026-05-11T15:36:16.729+0100][0.773s][info][gc             ] GC(10) Pause Full (System.gc()) 171M->39M(256M) 7.462ms
[2026-05-11T15:36:16.729+0100][0.773s][info][gc,cpu         ] GC(10) User=0.04s Sys=0.00s Real=0.00s
[2026-05-11T15:36:16.840+0100][0.884s][info][gc,start       ] GC(11) Pause Young (Normal) (G1 Evacuation Pause)
[2026-05-11T15:36:16.840+0100][0.884s][info][gc,task        ] GC(11) Using 6 workers of 8 for evacuation
[2026-05-11T15:36:16.845+0100][0.888s][info][gc,phases      ] GC(11)   Pre Evacuate Collection Set: 0.08ms
[2026-05-11T15:36:16.845+0100][0.888s][info][gc,phases      ] GC(11)   Merge Heap Roots: 0.05ms
[2026-05-11T15:36:16.845+0100][0.888s][info][gc,phases      ] GC(11)   Evacuate Collection Set: 4.16ms
[2026-05-11T15:36:16.845+0100][0.888s][info][gc,phases      ] GC(11)   Post Evacuate Collection Set: 0.16ms
[2026-05-11T15:36:16.845+0100][0.888s][info][gc,phases      ] GC(11)   Other: 0.07ms
[2026-05-11T15:36:16.845+0100][0.888s][info][gc,heap        ] GC(11) Eden regions: 153->0(125)
[2026-05-11T15:36:16.845+0100][0.888s][info][gc,heap        ] GC(11) Survivor regions: 0->20(20)
[2026-05-11T15:36:16.845+0100][0.888s][info][gc,heap        ] GC(11) Old regions: 43->48
[2026-05-11T15:36:16.845+0100][0.888s][info][gc,heap        ] GC(11) Humongous regions: 0->0
[2026-05-11T15:36:16.845+0100][0.888s][info][gc,metaspace   ] GC(11) Metaspace: 2495K(2624K)->2495K(2624K) NonClass: 2310K(2368K)->2310K(2368K) Class: 185K(256K)->185K(256K)
[2026-05-11T15:36:16.845+0100][0.888s][info][gc             ] GC(11) Pause Young (Normal) (G1 Evacuation Pause) 192M->63M(256M) 4.704ms
[2026-05-11T15:36:16.845+0100][0.888s][info][gc,cpu         ] GC(11) User=0.02s Sys=0.00s Real=0.00s
[2026-05-11T15:36:16.860+0100][0.904s][info][gc,start       ] GC(12) Pause Full (System.gc())
[2026-05-11T15:36:16.860+0100][0.904s][info][gc,task        ] GC(12) Using 6 workers of 8 for full compaction
[2026-05-11T15:36:16.860+0100][0.904s][info][gc,phases,start] GC(12) Phase 1: Mark live objects
[2026-05-11T15:36:16.864+0100][0.908s][info][gc,phases      ] GC(12) Phase 1: Mark live objects 3.656ms
[2026-05-11T15:36:16.864+0100][0.908s][info][gc,phases,start] GC(12) Phase 2: Prepare compaction
[2026-05-11T15:36:16.864+0100][0.908s][info][gc,phases      ] GC(12) Phase 2: Prepare compaction 0.227ms
[2026-05-11T15:36:16.864+0100][0.908s][info][gc,phases,start] GC(12) Phase 3: Adjust pointers
[2026-05-11T15:36:16.866+0100][0.910s][info][gc,phases      ] GC(12) Phase 3: Adjust pointers 1.674ms
[2026-05-11T15:36:16.866+0100][0.910s][info][gc,phases,start] GC(12) Phase 4: Compact heap
[2026-05-11T15:36:16.866+0100][0.910s][info][gc,phases      ] GC(12) Phase 4: Compact heap 0.304ms
[2026-05-11T15:36:16.866+0100][0.910s][info][gc,phases,start] GC(12) Phase 5: Reset Metadata
[2026-05-11T15:36:16.867+0100][0.911s][info][gc,phases      ] GC(12) Phase 5: Reset Metadata 0.997ms
[2026-05-11T15:36:16.868+0100][0.911s][info][gc,heap        ] GC(12) Eden regions: 103->0(149)
[2026-05-11T15:36:16.868+0100][0.911s][info][gc,heap        ] GC(12) Survivor regions: 20->0(20)
[2026-05-11T15:36:16.868+0100][0.911s][info][gc,heap        ] GC(12) Old regions: 48->44
[2026-05-11T15:36:16.868+0100][0.911s][info][gc,heap        ] GC(12) Humongous regions: 0->0
[2026-05-11T15:36:16.868+0100][0.911s][info][gc,metaspace   ] GC(12) Metaspace: 2497K(2624K)->2497K(2624K) NonClass: 2311K(2368K)->2311K(2368K) Class: 185K(256K)->185K(256K)
[2026-05-11T15:36:16.868+0100][0.911s][info][gc             ] GC(12) Pause Full (System.gc()) 166M->39M(256M) 7.481ms
[2026-05-11T15:36:16.868+0100][0.911s][info][gc,cpu         ] GC(12) User=0.04s Sys=0.00s Real=0.00s
[2026-05-11T15:36:16.954+0100][0.998s][info][gc,start       ] GC(13) Pause Young (Normal) (G1 Evacuation Pause)
[2026-05-11T15:36:16.954+0100][0.998s][info][gc,task        ] GC(13) Using 8 workers of 8 for evacuation
[2026-05-11T15:36:16.957+0100][1.000s][info][gc,phases      ] GC(13)   Pre Evacuate Collection Set: 0.08ms
[2026-05-11T15:36:16.957+0100][1.000s][info][gc,phases      ] GC(13)   Merge Heap Roots: 0.02ms
[2026-05-11T15:36:16.957+0100][1.001s][info][gc,phases      ] GC(13)   Evacuate Collection Set: 2.28ms
[2026-05-11T15:36:16.957+0100][1.001s][info][gc,phases      ] GC(13)   Post Evacuate Collection Set: 0.15ms
[2026-05-11T15:36:16.957+0100][1.001s][info][gc,phases      ] GC(13)   Other: 0.05ms
[2026-05-11T15:36:16.957+0100][1.001s][info][gc,heap        ] GC(13) Eden regions: 149->0(132)
[2026-05-11T15:36:16.957+0100][1.001s][info][gc,heap        ] GC(13) Survivor regions: 0->19(19)
[2026-05-11T15:36:16.957+0100][1.001s][info][gc,heap        ] GC(13) Old regions: 44->45
[2026-05-11T15:36:16.957+0100][1.001s][info][gc,heap        ] GC(13) Humongous regions: 0->0
[2026-05-11T15:36:16.957+0100][1.001s][info][gc,metaspace   ] GC(13) Metaspace: 2502K(2688K)->2502K(2688K) NonClass: 2317K(2432K)->2317K(2432K) Class: 185K(256K)->185K(256K)
[2026-05-11T15:36:16.957+0100][1.001s][info][gc             ] GC(13) Pause Young (Normal) (G1 Evacuation Pause) 188M->59M(256M) 2.787ms
[2026-05-11T15:36:16.957+0100][1.001s][info][gc,cpu         ] GC(13) User=0.01s Sys=0.01s Real=0.00s
[2026-05-11T15:36:16.969+0100][1.012s][info][gc,start       ] GC(14) Pause Full (System.gc())
[2026-05-11T15:36:16.969+0100][1.012s][info][gc,task        ] GC(14) Using 7 workers of 8 for full compaction
[2026-05-11T15:36:16.969+0100][1.012s][info][gc,phases,start] GC(14) Phase 1: Mark live objects
[2026-05-11T15:36:16.973+0100][1.016s][info][gc,phases      ] GC(14) Phase 1: Mark live objects 3.511ms
[2026-05-11T15:36:16.973+0100][1.016s][info][gc,phases,start] GC(14) Phase 2: Prepare compaction
[2026-05-11T15:36:16.973+0100][1.016s][info][gc,phases      ] GC(14) Phase 2: Prepare compaction 0.261ms
[2026-05-11T15:36:16.973+0100][1.016s][info][gc,phases,start] GC(14) Phase 3: Adjust pointers
[2026-05-11T15:36:16.975+0100][1.018s][info][gc,phases      ] GC(14) Phase 3: Adjust pointers 1.666ms
[2026-05-11T15:36:16.975+0100][1.018s][info][gc,phases,start] GC(14) Phase 4: Compact heap
[2026-05-11T15:36:16.975+0100][1.018s][info][gc,phases      ] GC(14) Phase 4: Compact heap 0.195ms
[2026-05-11T15:36:16.975+0100][1.018s][info][gc,phases,start] GC(14) Phase 5: Reset Metadata
[2026-05-11T15:36:16.976+0100][1.019s][info][gc,phases      ] GC(14) Phase 5: Reset Metadata 0.887ms
[2026-05-11T15:36:16.976+0100][1.019s][info][gc,heap        ] GC(14) Eden regions: 111->0(153)
[2026-05-11T15:36:16.976+0100][1.019s][info][gc,heap        ] GC(14) Survivor regions: 19->0(19)
[2026-05-11T15:36:16.976+0100][1.019s][info][gc,heap        ] GC(14) Old regions: 45->43
[2026-05-11T15:36:16.976+0100][1.019s][info][gc,heap        ] GC(14) Humongous regions: 0->0
[2026-05-11T15:36:16.976+0100][1.019s][info][gc,metaspace   ] GC(14) Metaspace: 2510K(2688K)->2510K(2688K) NonClass: 2324K(2432K)->2324K(2432K) Class: 185K(256K)->185K(256K)
[2026-05-11T15:36:16.976+0100][1.019s][info][gc             ] GC(14) Pause Full (System.gc()) 169M->39M(256M) 7.121ms
[2026-05-11T15:36:16.976+0100][1.020s][info][gc,cpu         ] GC(14) User=0.04s Sys=0.00s Real=0.01s
[2026-05-11T15:36:17.060+0100][1.104s][info][gc,start       ] GC(15) Pause Young (Normal) (G1 Evacuation Pause)
[2026-05-11T15:36:17.061+0100][1.104s][info][gc,task        ] GC(15) Using 8 workers of 8 for evacuation
[2026-05-11T15:36:17.063+0100][1.106s][info][gc,phases      ] GC(15)   Pre Evacuate Collection Set: 0.13ms
[2026-05-11T15:36:17.063+0100][1.106s][info][gc,phases      ] GC(15)   Merge Heap Roots: 0.04ms
[2026-05-11T15:36:17.063+0100][1.106s][info][gc,phases      ] GC(15)   Evacuate Collection Set: 1.92ms
[2026-05-11T15:36:17.063+0100][1.106s][info][gc,phases      ] GC(15)   Post Evacuate Collection Set: 0.14ms
[2026-05-11T15:36:17.063+0100][1.106s][info][gc,phases      ] GC(15)   Other: 0.06ms
[2026-05-11T15:36:17.063+0100][1.106s][info][gc,heap        ] GC(15) Eden regions: 153->0(135)
[2026-05-11T15:36:17.063+0100][1.106s][info][gc,heap        ] GC(15) Survivor regions: 0->18(20)
[2026-05-11T15:36:17.063+0100][1.106s][info][gc,heap        ] GC(15) Old regions: 43->43
[2026-05-11T15:36:17.063+0100][1.106s][info][gc,heap        ] GC(15) Humongous regions: 0->0
[2026-05-11T15:36:17.063+0100][1.106s][info][gc,metaspace   ] GC(15) Metaspace: 2522K(2688K)->2522K(2688K) NonClass: 2337K(2432K)->2337K(2432K) Class: 185K(256K)->185K(256K)
[2026-05-11T15:36:17.063+0100][1.106s][info][gc             ] GC(15) Pause Young (Normal) (G1 Evacuation Pause) 192M->56M(256M) 2.477ms
[2026-05-11T15:36:17.063+0100][1.106s][info][gc,cpu         ] GC(15) User=0.01s Sys=0.00s Real=0.00s
[2026-05-11T15:36:17.113+0100][1.157s][info][gc,start       ] GC(16) Pause Full (System.gc())
[2026-05-11T15:36:17.113+0100][1.157s][info][gc,task        ] GC(16) Using 7 workers of 8 for full compaction
[2026-05-11T15:36:17.113+0100][1.157s][info][gc,phases,start] GC(16) Phase 1: Mark live objects
[2026-05-11T15:36:17.117+0100][1.160s][info][gc,phases      ] GC(16) Phase 1: Mark live objects 3.578ms
[2026-05-11T15:36:17.117+0100][1.160s][info][gc,phases,start] GC(16) Phase 2: Prepare compaction
[2026-05-11T15:36:17.117+0100][1.161s][info][gc,phases      ] GC(16) Phase 2: Prepare compaction 0.224ms
[2026-05-11T15:36:17.117+0100][1.161s][info][gc,phases,start] GC(16) Phase 3: Adjust pointers
[2026-05-11T15:36:17.119+0100][1.162s][info][gc,phases      ] GC(16) Phase 3: Adjust pointers 1.688ms
[2026-05-11T15:36:17.119+0100][1.162s][info][gc,phases,start] GC(16) Phase 4: Compact heap
[2026-05-11T15:36:17.119+0100][1.163s][info][gc,phases      ] GC(16) Phase 4: Compact heap 0.330ms
[2026-05-11T15:36:17.119+0100][1.163s][info][gc,phases,start] GC(16) Phase 5: Reset Metadata
[2026-05-11T15:36:17.120+0100][1.164s][info][gc,phases      ] GC(16) Phase 5: Reset Metadata 0.887ms
[2026-05-11T15:36:17.120+0100][1.164s][info][gc,heap        ] GC(16) Eden regions: 113->0(153)
[2026-05-11T15:36:17.120+0100][1.164s][info][gc,heap        ] GC(16) Survivor regions: 18->0(20)
[2026-05-11T15:36:17.120+0100][1.164s][info][gc,heap        ] GC(16) Old regions: 43->44
[2026-05-11T15:36:17.120+0100][1.164s][info][gc,heap        ] GC(16) Humongous regions: 0->0
[2026-05-11T15:36:17.120+0100][1.164s][info][gc,metaspace   ] GC(16) Metaspace: 2539K(2688K)->2539K(2688K) NonClass: 2354K(2432K)->2354K(2432K) Class: 185K(256K)->185K(256K)
[2026-05-11T15:36:17.120+0100][1.164s][info][gc             ] GC(16) Pause Full (System.gc()) 169M->39M(256M) 7.285ms
[2026-05-11T15:36:17.120+0100][1.164s][info][gc,cpu         ] GC(16) User=0.03s Sys=0.00s Real=0.01s
[2026-05-11T15:36:17.239+0100][1.282s][info][gc,start       ] GC(17) Pause Young (Normal) (G1 Evacuation Pause)
[2026-05-11T15:36:17.239+0100][1.283s][info][gc,task        ] GC(17) Using 6 workers of 8 for evacuation
[2026-05-11T15:36:17.244+0100][1.287s][info][gc,phases      ] GC(17)   Pre Evacuate Collection Set: 0.09ms
[2026-05-11T15:36:17.244+0100][1.287s][info][gc,phases      ] GC(17)   Merge Heap Roots: 0.05ms
[2026-05-11T15:36:17.244+0100][1.287s][info][gc,phases      ] GC(17)   Evacuate Collection Set: 4.03ms
[2026-05-11T15:36:17.244+0100][1.287s][info][gc,phases      ] GC(17)   Post Evacuate Collection Set: 0.22ms
[2026-05-11T15:36:17.244+0100][1.287s][info][gc,phases      ] GC(17)   Other: 0.05ms
[2026-05-11T15:36:17.244+0100][1.287s][info][gc,heap        ] GC(17) Eden regions: 153->0(172)
[2026-05-11T15:36:17.244+0100][1.287s][info][gc,heap        ] GC(17) Survivor regions: 0->20(20)
[2026-05-11T15:36:17.244+0100][1.287s][info][gc,heap        ] GC(17) Old regions: 44->51
[2026-05-11T15:36:17.244+0100][1.287s][info][gc,heap        ] GC(17) Humongous regions: 0->0
[2026-05-11T15:36:17.244+0100][1.287s][info][gc,metaspace   ] GC(17) Metaspace: 2540K(2688K)->2540K(2688K) NonClass: 2355K(2432K)->2355K(2432K) Class: 185K(256K)->185K(256K)
[2026-05-11T15:36:17.244+0100][1.287s][info][gc             ] GC(17) Pause Young (Normal) (G1 Evacuation Pause) 192M->65M(321M) 4.639ms
[2026-05-11T15:36:17.244+0100][1.287s][info][gc,cpu         ] GC(17) User=0.02s Sys=0.00s Real=0.01s
[2026-05-11T15:36:17.289+0100][1.333s][info][gc,start       ] GC(18) Pause Full (System.gc())
[2026-05-11T15:36:17.289+0100][1.333s][info][gc,task        ] GC(18) Using 7 workers of 8 for full compaction
[2026-05-11T15:36:17.289+0100][1.333s][info][gc,phases,start] GC(18) Phase 1: Mark live objects
[2026-05-11T15:36:17.293+0100][1.337s][info][gc,phases      ] GC(18) Phase 1: Mark live objects 3.670ms
[2026-05-11T15:36:17.293+0100][1.337s][info][gc,phases,start] GC(18) Phase 2: Prepare compaction
[2026-05-11T15:36:17.293+0100][1.337s][info][gc,phases      ] GC(18) Phase 2: Prepare compaction 0.245ms
[2026-05-11T15:36:17.293+0100][1.337s][info][gc,phases,start] GC(18) Phase 3: Adjust pointers
[2026-05-11T15:36:17.295+0100][1.339s][info][gc,phases      ] GC(18) Phase 3: Adjust pointers 1.850ms
[2026-05-11T15:36:17.295+0100][1.339s][info][gc,phases,start] GC(18) Phase 4: Compact heap
[2026-05-11T15:36:17.296+0100][1.339s][info][gc,phases      ] GC(18) Phase 4: Compact heap 0.332ms
[2026-05-11T15:36:17.296+0100][1.339s][info][gc,phases,start] GC(18) Phase 5: Reset Metadata
[2026-05-11T15:36:17.297+0100][1.340s][info][gc,phases      ] GC(18) Phase 5: Reset Metadata 0.987ms
[2026-05-11T15:36:17.297+0100][1.340s][info][gc,heap        ] GC(18) Eden regions: 102->0(151)
[2026-05-11T15:36:17.297+0100][1.340s][info][gc,heap        ] GC(18) Survivor regions: 20->0(20)
[2026-05-11T15:36:17.297+0100][1.340s][info][gc,heap        ] GC(18) Old regions: 51->45
[2026-05-11T15:36:17.297+0100][1.340s][info][gc,heap        ] GC(18) Humongous regions: 0->0
[2026-05-11T15:36:17.297+0100][1.340s][info][gc,metaspace   ] GC(18) Metaspace: 2666K(2816K)->2666K(2816K) NonClass: 2471K(2560K)->2471K(2560K) Class: 194K(256K)->194K(256K)
[2026-05-11T15:36:17.297+0100][1.341s][info][gc             ] GC(18) Pause Full (System.gc()) 167M->39M(256M) 7.733ms
[2026-05-11T15:36:17.297+0100][1.341s][info][gc,cpu         ] GC(18) User=0.04s Sys=0.01s Real=0.01s
[2026-05-11T15:36:17.409+0100][1.453s][info][gc,start       ] GC(19) Pause Young (Normal) (G1 Evacuation Pause)
[2026-05-11T15:36:17.409+0100][1.453s][info][gc,task        ] GC(19) Using 6 workers of 8 for evacuation
[2026-05-11T15:36:17.413+0100][1.456s][info][gc,phases      ] GC(19)   Pre Evacuate Collection Set: 0.08ms
[2026-05-11T15:36:17.413+0100][1.456s][info][gc,phases      ] GC(19)   Merge Heap Roots: 0.02ms
[2026-05-11T15:36:17.413+0100][1.456s][info][gc,phases      ] GC(19)   Evacuate Collection Set: 2.75ms
[2026-05-11T15:36:17.413+0100][1.456s][info][gc,phases      ] GC(19)   Post Evacuate Collection Set: 0.15ms
[2026-05-11T15:36:17.413+0100][1.456s][info][gc,phases      ] GC(19)   Other: 0.05ms
[2026-05-11T15:36:17.413+0100][1.456s][info][gc,heap        ] GC(19) Eden regions: 151->0(129)
[2026-05-11T15:36:17.413+0100][1.456s][info][gc,heap        ] GC(19) Survivor regions: 0->19(19)
[2026-05-11T15:36:17.413+0100][1.456s][info][gc,heap        ] GC(19) Old regions: 45->49
[2026-05-11T15:36:17.413+0100][1.456s][info][gc,heap        ] GC(19) Humongous regions: 0->0
[2026-05-11T15:36:17.413+0100][1.456s][info][gc,metaspace   ] GC(19) Metaspace: 2671K(2816K)->2671K(2816K) NonClass: 2476K(2560K)->2476K(2560K) Class: 194K(256K)->194K(256K)
[2026-05-11T15:36:17.413+0100][1.456s][info][gc             ] GC(19) Pause Young (Normal) (G1 Evacuation Pause) 190M->62M(256M) 3.243ms
[2026-05-11T15:36:17.413+0100][1.456s][info][gc,cpu         ] GC(19) User=0.01s Sys=0.00s Real=0.01s
[2026-05-11T15:36:17.428+0100][1.471s][info][gc,start       ] GC(20) Pause Full (System.gc())
[2026-05-11T15:36:17.428+0100][1.471s][info][gc,task        ] GC(20) Using 6 workers of 8 for full compaction
[2026-05-11T15:36:17.428+0100][1.471s][info][gc,phases,start] GC(20) Phase 1: Mark live objects
[2026-05-11T15:36:17.432+0100][1.475s][info][gc,phases      ] GC(20) Phase 1: Mark live objects 3.750ms
[2026-05-11T15:36:17.432+0100][1.475s][info][gc,phases,start] GC(20) Phase 2: Prepare compaction
[2026-05-11T15:36:17.432+0100][1.475s][info][gc,phases      ] GC(20) Phase 2: Prepare compaction 0.250ms
[2026-05-11T15:36:17.432+0100][1.475s][info][gc,phases,start] GC(20) Phase 3: Adjust pointers
[2026-05-11T15:36:17.434+0100][1.477s][info][gc,phases      ] GC(20) Phase 3: Adjust pointers 1.805ms
[2026-05-11T15:36:17.434+0100][1.477s][info][gc,phases,start] GC(20) Phase 4: Compact heap
[2026-05-11T15:36:17.434+0100][1.478s][info][gc,phases      ] GC(20) Phase 4: Compact heap 0.315ms
[2026-05-11T15:36:17.434+0100][1.478s][info][gc,phases,start] GC(20) Phase 5: Reset Metadata
[2026-05-11T15:36:17.435+0100][1.479s][info][gc,phases      ] GC(20) Phase 5: Reset Metadata 0.992ms
[2026-05-11T15:36:17.435+0100][1.479s][info][gc,heap        ] GC(20) Eden regions: 105->0(153)
[2026-05-11T15:36:17.435+0100][1.479s][info][gc,heap        ] GC(20) Survivor regions: 19->0(19)
[2026-05-11T15:36:17.435+0100][1.479s][info][gc,heap        ] GC(20) Old regions: 49->43
[2026-05-11T15:36:17.435+0100][1.479s][info][gc,heap        ] GC(20) Humongous regions: 0->0
[2026-05-11T15:36:17.436+0100][1.479s][info][gc,metaspace   ] GC(20) Metaspace: 2672K(2816K)->2672K(2816K) NonClass: 2477K(2560K)->2477K(2560K) Class: 194K(256K)->194K(256K)
[2026-05-11T15:36:17.436+0100][1.479s][info][gc             ] GC(20) Pause Full (System.gc()) 167M->39M(256M) 7.736ms
[2026-05-11T15:36:17.436+0100][1.479s][info][gc,cpu         ] GC(20) User=0.04s Sys=0.00s Real=0.01s
[2026-05-11T15:36:17.517+0100][1.561s][info][gc,start       ] GC(21) Pause Young (Normal) (G1 Evacuation Pause)
[2026-05-11T15:36:17.518+0100][1.561s][info][gc,task        ] GC(21) Using 8 workers of 8 for evacuation
[2026-05-11T15:36:17.521+0100][1.564s][info][gc,phases      ] GC(21)   Pre Evacuate Collection Set: 0.08ms
[2026-05-11T15:36:17.521+0100][1.564s][info][gc,phases      ] GC(21)   Merge Heap Roots: 0.03ms
[2026-05-11T15:36:17.521+0100][1.564s][info][gc,phases      ] GC(21)   Evacuate Collection Set: 2.77ms
[2026-05-11T15:36:17.521+0100][1.564s][info][gc,phases      ] GC(21)   Post Evacuate Collection Set: 0.13ms
[2026-05-11T15:36:17.521+0100][1.564s][info][gc,phases      ] GC(21)   Other: 0.06ms
[2026-05-11T15:36:17.521+0100][1.564s][info][gc,heap        ] GC(21) Eden regions: 153->0(130)
[2026-05-11T15:36:17.521+0100][1.564s][info][gc,heap        ] GC(21) Survivor regions: 0->20(20)
[2026-05-11T15:36:17.521+0100][1.564s][info][gc,heap        ] GC(21) Old regions: 43->47
[2026-05-11T15:36:17.521+0100][1.564s][info][gc,heap        ] GC(21) Humongous regions: 0->0
[2026-05-11T15:36:17.521+0100][1.564s][info][gc,metaspace   ] GC(21) Metaspace: 2675K(2816K)->2675K(2816K) NonClass: 2480K(2560K)->2480K(2560K) Class: 194K(256K)->194K(256K)
[2026-05-11T15:36:17.521+0100][1.564s][info][gc             ] GC(21) Pause Young (Normal) (G1 Evacuation Pause) 192M->63M(256M) 3.260ms
[2026-05-11T15:36:17.521+0100][1.564s][info][gc,cpu         ] GC(21) User=0.02s Sys=0.01s Real=0.01s
[2026-05-11T15:36:17.533+0100][1.576s][info][gc,start       ] GC(22) Pause Full (System.gc())
[2026-05-11T15:36:17.533+0100][1.576s][info][gc,task        ] GC(22) Using 7 workers of 8 for full compaction
[2026-05-11T15:36:17.533+0100][1.576s][info][gc,phases,start] GC(22) Phase 1: Mark live objects
[2026-05-11T15:36:17.537+0100][1.580s][info][gc,phases      ] GC(22) Phase 1: Mark live objects 3.846ms
[2026-05-11T15:36:17.537+0100][1.580s][info][gc,phases,start] GC(22) Phase 2: Prepare compaction
[2026-05-11T15:36:17.537+0100][1.580s][info][gc,phases      ] GC(22) Phase 2: Prepare compaction 0.230ms
[2026-05-11T15:36:17.537+0100][1.580s][info][gc,phases,start] GC(22) Phase 3: Adjust pointers
[2026-05-11T15:36:17.538+0100][1.582s][info][gc,phases      ] GC(22) Phase 3: Adjust pointers 1.656ms
[2026-05-11T15:36:17.538+0100][1.582s][info][gc,phases,start] GC(22) Phase 4: Compact heap
[2026-05-11T15:36:17.539+0100][1.582s][info][gc,phases      ] GC(22) Phase 4: Compact heap 0.340ms
[2026-05-11T15:36:17.539+0100][1.582s][info][gc,phases,start] GC(22) Phase 5: Reset Metadata
[2026-05-11T15:36:17.540+0100][1.583s][info][gc,phases      ] GC(22) Phase 5: Reset Metadata 0.995ms
[2026-05-11T15:36:17.540+0100][1.584s][info][gc,heap        ] GC(22) Eden regions: 107->0(152)
[2026-05-11T15:36:17.540+0100][1.584s][info][gc,heap        ] GC(22) Survivor regions: 20->0(20)
[2026-05-11T15:36:17.540+0100][1.584s][info][gc,heap        ] GC(22) Old regions: 47->45
[2026-05-11T15:36:17.540+0100][1.584s][info][gc,heap        ] GC(22) Humongous regions: 0->0
[2026-05-11T15:36:17.540+0100][1.584s][info][gc,metaspace   ] GC(22) Metaspace: 2687K(2816K)->2687K(2816K) NonClass: 2493K(2560K)->2493K(2560K) Class: 194K(256K)->194K(256K)
[2026-05-11T15:36:17.540+0100][1.584s][info][gc             ] GC(22) Pause Full (System.gc()) 169M->39M(256M) 7.672ms
[2026-05-11T15:36:17.540+0100][1.584s][info][gc,cpu         ] GC(22) User=0.04s Sys=0.00s Real=0.01s
[2026-05-11T15:36:17.626+0100][1.669s][info][gc,start       ] GC(23) Pause Young (Normal) (G1 Evacuation Pause)
[2026-05-11T15:36:17.626+0100][1.669s][info][gc,task        ] GC(23) Using 8 workers of 8 for evacuation
[2026-05-11T15:36:17.628+0100][1.672s][info][gc,phases      ] GC(23)   Pre Evacuate Collection Set: 0.08ms
[2026-05-11T15:36:17.628+0100][1.672s][info][gc,phases      ] GC(23)   Merge Heap Roots: 0.07ms
[2026-05-11T15:36:17.628+0100][1.672s][info][gc,phases      ] GC(23)   Evacuate Collection Set: 1.97ms
[2026-05-11T15:36:17.628+0100][1.672s][info][gc,phases      ] GC(23)   Post Evacuate Collection Set: 0.16ms
[2026-05-11T15:36:17.628+0100][1.672s][info][gc,phases      ] GC(23)   Other: 0.06ms
[2026-05-11T15:36:17.628+0100][1.672s][info][gc,heap        ] GC(23) Eden regions: 152->0(137)
[2026-05-11T15:36:17.628+0100][1.672s][info][gc,heap        ] GC(23) Survivor regions: 0->16(19)
[2026-05-11T15:36:17.628+0100][1.672s][info][gc,heap        ] GC(23) Old regions: 45->45
[2026-05-11T15:36:17.628+0100][1.672s][info][gc,heap        ] GC(23) Humongous regions: 0->0
[2026-05-11T15:36:17.628+0100][1.672s][info][gc,metaspace   ] GC(23) Metaspace: 2706K(2816K)->2706K(2816K) NonClass: 2511K(2560K)->2511K(2560K) Class: 194K(256K)->194K(256K)
[2026-05-11T15:36:17.628+0100][1.672s][info][gc             ] GC(23) Pause Young (Normal) (G1 Evacuation Pause) 191M->54M(256M) 2.522ms
[2026-05-11T15:36:17.628+0100][1.672s][info][gc,cpu         ] GC(23) User=0.02s Sys=0.00s Real=0.00s
[2026-05-11T15:36:18.194+0100][2.237s][info][gc,start       ] GC(24) Pause Young (Normal) (G1 Evacuation Pause)
[2026-05-11T15:36:18.194+0100][2.237s][info][gc,task        ] GC(24) Using 7 workers of 8 for evacuation
[2026-05-11T15:36:18.200+0100][2.244s][info][gc,phases      ] GC(24)   Pre Evacuate Collection Set: 0.12ms
[2026-05-11T15:36:18.200+0100][2.244s][info][gc,phases      ] GC(24)   Merge Heap Roots: 0.04ms
[2026-05-11T15:36:18.200+0100][2.244s][info][gc,phases      ] GC(24)   Evacuate Collection Set: 5.71ms
[2026-05-11T15:36:18.200+0100][2.244s][info][gc,phases      ] GC(24)   Post Evacuate Collection Set: 0.40ms
[2026-05-11T15:36:18.200+0100][2.244s][info][gc,phases      ] GC(24)   Other: 0.06ms
[2026-05-11T15:36:18.200+0100][2.244s][info][gc,heap        ] GC(24) Eden regions: 137->0(74)
[2026-05-11T15:36:18.200+0100][2.244s][info][gc,heap        ] GC(24) Survivor regions: 16->20(20)
[2026-05-11T15:36:18.200+0100][2.244s][info][gc,heap        ] GC(24) Old regions: 45->66
[2026-05-11T15:36:18.200+0100][2.244s][info][gc,heap        ] GC(24) Humongous regions: 11->11
[2026-05-11T15:36:18.200+0100][2.244s][info][gc,metaspace   ] GC(24) Metaspace: 5973K(6144K)->5973K(6144K) NonClass: 5529K(5632K)->5529K(5632K) Class: 444K(512K)->444K(512K)
[2026-05-11T15:36:18.200+0100][2.244s][info][gc             ] GC(24) Pause Young (Normal) (G1 Evacuation Pause) 202M->90M(256M) 6.508ms
[2026-05-11T15:36:18.200+0100][2.244s][info][gc,cpu         ] GC(24) User=0.04s Sys=0.00s Real=0.01s
[2026-05-11T15:36:19.377+0100][3.420s][info][gc,exit        ] Heap
[2026-05-11T15:36:19.377+0100][3.420s][info][gc,exit        ]  garbage-first heap   total reserved 524288K, committed 262144K, used 120000K [0x0000000460000000, 0x0000000480000000)
[2026-05-11T15:36:19.377+0100][3.420s][info][gc,exit        ]   region size 1024K, 43 young (44032K), 20 survivors (20480K)
[2026-05-11T15:36:19.377+0100][3.420s][info][gc,exit        ]  Metaspace       used 6217K, committed 6336K, reserved 1114112K
[2026-05-11T15:36:19.377+0100][3.420s][info][gc,exit        ]   class space    used 461K, committed 512K, reserved 1048576K
