[2026-05-11T15:36:23.685+0100][0.005s][info][gc,init] Initializing The Z Garbage Collector
[2026-05-11T15:36:23.685+0100][0.005s][info][gc,init] Version: 25.0.1+8-LTS (release)
[2026-05-11T15:36:23.685+0100][0.005s][info][gc,init] NUMA Support: Disabled
[2026-05-11T15:36:23.685+0100][0.005s][info][gc,init] CPUs: 8 total, 8 available
[2026-05-11T15:36:23.685+0100][0.005s][info][gc,init] Memory: 16384M
[2026-05-11T15:36:23.685+0100][0.005s][info][gc,init] Large Page Support: Disabled
[2026-05-11T15:36:23.685+0100][0.005s][info][gc,init] Address Space Size: unlimited
[2026-05-11T15:36:23.685+0100][0.005s][info][gc,init] Reserved Space Type: Contiguous/Unrestricted/Complete
[2026-05-11T15:36:23.685+0100][0.005s][info][gc,init] Reserved Space Size: 8G
[2026-05-11T15:36:23.685+0100][0.005s][info][gc,init] Min Capacity: 256M
[2026-05-11T15:36:23.685+0100][0.005s][info][gc,init] Initial Capacity: 256M
[2026-05-11T15:36:23.685+0100][0.005s][info][gc,init] Max Capacity: 512M
[2026-05-11T15:36:23.685+0100][0.005s][info][gc,init] Soft Max Capacity: 512M
[2026-05-11T15:36:23.685+0100][0.005s][info][gc,init] Page Size Medium: Range [2M, 16M]
[2026-05-11T15:36:23.685+0100][0.005s][info][gc,init] Pre-touch: Disabled
[2026-05-11T15:36:23.685+0100][0.005s][info][gc,init] Uncommit: Enabled
[2026-05-11T15:36:23.685+0100][0.005s][info][gc,init] Uncommit Delay: 300s
[2026-05-11T15:36:23.685+0100][0.005s][info][gc,init] GC Workers for Old Generation: 2 (dynamic)
[2026-05-11T15:36:23.685+0100][0.006s][info][gc,init] GC Workers for Young Generation: 2 (dynamic)
[2026-05-11T15:36:23.685+0100][0.006s][info][gc,init] GC Workers Max: 2 (dynamic)
[2026-05-11T15:36:23.686+0100][0.006s][info][gc,init] Runtime Workers: 5
[2026-05-11T15:36:23.686+0100][0.006s][info][gc     ] Using The Z Garbage Collector
[2026-05-11T15:36:23.688+0100][0.008s][info][gc,metaspace] CDS archive(s) mapped at: [0x000001f800000000-0x000001f800d94000-0x000001f800d94000), size 14237696, SharedBaseAddress: 0x000001f800000000, ArchiveRelocationMode: 1.
[2026-05-11T15:36:23.688+0100][0.008s][info][gc,metaspace] Compressed class space mapped at: 0x000001f801000000-0x000001f841000000, reserved size: 1073741824
[2026-05-11T15:36:23.688+0100][0.008s][info][gc,metaspace] UseCompressedClassPointers 1, UseCompactObjectHeaders 0
[2026-05-11T15:36:23.688+0100][0.008s][info][gc,metaspace] Narrow klass pointer bits 32, Max shift 3
[2026-05-11T15:36:23.688+0100][0.008s][info][gc,metaspace] Narrow klass base: 0x000001f800000000, Narrow klass shift: 0
[2026-05-11T15:36:23.688+0100][0.008s][info][gc,metaspace] Encoding Range: [0x000001f800000000 - 0x000001f900000000), (4294967296 bytes)
[2026-05-11T15:36:23.688+0100][0.008s][info][gc,metaspace] Klass Range:    [0x000001f800004000 - 0x000001f841000000), (1090502656 bytes)
[2026-05-11T15:36:23.688+0100][0.009s][info][gc,metaspace] Klass ID Range:  [16384 - 1090519033) (1090502649)
[2026-05-11T15:36:23.688+0100][0.009s][info][gc,metaspace] Protection zone: [0x000001f800000000 - 0x000001f800004000), (16384 bytes)
[2026-05-11T15:36:23.757+0100][0.077s][info][gc          ] GC(0) Major Collection (Warmup)
[2026-05-11T15:36:23.757+0100][0.077s][info][gc,task     ] GC(0) Using 2 Workers for Young Generation
[2026-05-11T15:36:23.757+0100][0.077s][info][gc,task     ] GC(0) Using 1 Workers for Old Generation
[2026-05-11T15:36:23.757+0100][0.077s][info][gc,phases   ] GC(0) Y: Young Generation
[2026-05-11T15:36:23.757+0100][0.077s][info][gc,phases   ] GC(0) Y: Pause Mark Start (Major) 0.009ms
[2026-05-11T15:36:23.764+0100][0.084s][info][gc,phases   ] GC(0) Y: Concurrent Mark 7.004ms
[2026-05-11T15:36:23.764+0100][0.084s][info][gc,phases   ] GC(0) Y: Pause Mark End 0.008ms
[2026-05-11T15:36:23.764+0100][0.084s][info][gc,phases   ] GC(0) Y: Concurrent Mark Free 0.001ms
[2026-05-11T15:36:23.764+0100][0.084s][info][gc,phases   ] GC(0) Y: Concurrent Reset Relocation Set 0.000ms
[2026-05-11T15:36:23.764+0100][0.084s][info][gc,reloc    ] GC(0) Y: Using tenuring threshold: 1 (Computed)
[2026-05-11T15:36:23.765+0100][0.085s][info][gc,phases   ] GC(0) Y: Concurrent Select Relocation Set 0.338ms
[2026-05-11T15:36:23.765+0100][0.085s][info][gc,phases   ] GC(0) Y: Pause Relocate Start 0.003ms
[2026-05-11T15:36:23.767+0100][0.087s][info][gc,phases   ] GC(0) Y: Concurrent Relocate 2.026ms
[2026-05-11T15:36:23.767+0100][0.087s][info][gc,alloc    ] GC(0) Y:                         Mark Start        Mark End      Relocate Start    Relocate End   
[2026-05-11T15:36:23.767+0100][0.087s][info][gc,alloc    ] GC(0) Y: Allocation Stalls:          0                0                0                0         
[2026-05-11T15:36:23.767+0100][0.087s][info][gc,load     ] GC(0) Y: Load: 3.25 (41%) / 3.41 (43%) / 2.48 (31%)
[2026-05-11T15:36:23.767+0100][0.087s][info][gc,mmu      ] GC(0) Y: MMU: 2ms/99.5%, 5ms/99.8%, 10ms/99.8%, 20ms/99.9%, 50ms/100.0%, 100ms/100.0%
[2026-05-11T15:36:23.767+0100][0.087s][info][gc,marking  ] GC(0) Y: Mark: 2 stripe(s), 10 proactive flush(es), 1 terminate flush(es), 0 completion(s), 0 continuation(s) 
[2026-05-11T15:36:23.767+0100][0.087s][info][gc,nmethod  ] GC(0) Y: NMethods: 283 registered, 0 unregistered
[2026-05-11T15:36:23.767+0100][0.087s][info][gc,metaspace] GC(0) Y: Metaspace: 1M used, 1M committed, 1088M reserved
[2026-05-11T15:36:23.767+0100][0.087s][info][gc,reloc    ] GC(0) Y:                        Candidates     Selected     In-Place         Size        Empty    Relocated 
[2026-05-11T15:36:23.767+0100][0.087s][info][gc,reloc    ] GC(0) Y: Small Pages:                   18            2            0          36M           0M           2M 
[2026-05-11T15:36:23.767+0100][0.087s][info][gc,reloc    ] GC(0) Y: Medium Pages:                   1            0            0          16M           0M           0M 
[2026-05-11T15:36:23.767+0100][0.087s][info][gc,reloc    ] GC(0) Y: Large Pages:                    0            0            0           0M           0M           0M 
[2026-05-11T15:36:23.767+0100][0.087s][info][gc,reloc    ] GC(0) Y: Forwarding Usage: 1M
[2026-05-11T15:36:23.767+0100][0.087s][info][gc,reloc    ] GC(0) Y: Age Table:
[2026-05-11T15:36:23.767+0100][0.087s][info][gc,reloc    ] GC(0) Y:                    Live             Garbage             Small              Medium             Large        
[2026-05-11T15:36:23.767+0100][0.087s][info][gc,reloc    ] GC(0) Y: Eden              26M (5%)           25M (5%)          18 / 2              1 / 0              0 / 0        
[2026-05-11T15:36:23.767+0100][0.087s][info][gc,heap     ] GC(0) Y: Min Capacity: 256M(50%)
[2026-05-11T15:36:23.767+0100][0.087s][info][gc,heap     ] GC(0) Y: Max Capacity: 512M(100%)
[2026-05-11T15:36:23.767+0100][0.087s][info][gc,heap     ] GC(0) Y: Soft Max Capacity: 512M(100%)
[2026-05-11T15:36:23.767+0100][0.087s][info][gc,heap     ] GC(0) Y: Heap Statistics:
[2026-05-11T15:36:23.767+0100][0.087s][info][gc,heap     ] GC(0) Y:                Mark Start          Mark End        Relocate Start      Relocate End           High               Low         
[2026-05-11T15:36:23.767+0100][0.087s][info][gc,heap     ] GC(0) Y:  Capacity:      256M (50%)         256M (50%)         256M (50%)         256M (50%)         256M (50%)         256M (50%)    
[2026-05-11T15:36:23.767+0100][0.087s][info][gc,heap     ] GC(0) Y:      Free:      460M (90%)         432M (84%)         430M (84%)         422M (82%)         460M (90%)         418M (82%)    
[2026-05-11T15:36:23.767+0100][0.087s][info][gc,heap     ] GC(0) Y:      Used:       52M (10%)          80M (16%)          82M (16%)          90M (18%)          94M (18%)          52M (10%)    
[2026-05-11T15:36:23.767+0100][0.087s][info][gc,heap     ] GC(0) Y: Young Generation Statistics:
[2026-05-11T15:36:23.767+0100][0.087s][info][gc,heap     ] GC(0) Y:                Mark Start          Mark End        Relocate Start      Relocate End    
[2026-05-11T15:36:23.767+0100][0.087s][info][gc,heap     ] GC(0) Y:      Used:       52M (10%)          80M (16%)          82M (16%)          90M (18%)    
[2026-05-11T15:36:23.767+0100][0.087s][info][gc,heap     ] GC(0) Y:      Live:         -                26M (5%)           26M (5%)           26M (5%)     
[2026-05-11T15:36:23.767+0100][0.087s][info][gc,heap     ] GC(0) Y:   Garbage:         -                25M (5%)           25M (5%)           21M (4%)     
[2026-05-11T15:36:23.767+0100][0.087s][info][gc,heap     ] GC(0) Y: Allocated:         -                28M (5%)           30M (6%)           42M (8%)     
[2026-05-11T15:36:23.767+0100][0.087s][info][gc,heap     ] GC(0) Y: Reclaimed:         -                  -                 0M (0%)            4M (1%)     
[2026-05-11T15:36:23.767+0100][0.087s][info][gc,heap     ] GC(0) Y:  Promoted:         -                  -                 0M (0%)            0M (0%)     
[2026-05-11T15:36:23.767+0100][0.087s][info][gc,heap     ] GC(0) Y: Compacted:         -                  -                  -                 5M (1%)     
[2026-05-11T15:36:23.767+0100][0.087s][info][gc,phases   ] GC(0) Y: Young Generation 52M(10%)->90M(18%) 0.010s
[2026-05-11T15:36:23.767+0100][0.087s][info][gc,phases   ] GC(0) O: Old Generation
[2026-05-11T15:36:23.767+0100][0.087s][info][gc,phases   ] GC(0) O: Concurrent Mark 0.184ms
[2026-05-11T15:36:23.767+0100][0.087s][info][gc,phases   ] GC(0) O: Pause Mark End 0.007ms
[2026-05-11T15:36:23.767+0100][0.087s][info][gc,phases   ] GC(0) O: Concurrent Mark Free 0.000ms
[2026-05-11T15:36:23.768+0100][0.088s][info][gc,phases   ] GC(0) O: Concurrent Process Non-Strong 0.713ms
[2026-05-11T15:36:23.768+0100][0.088s][info][gc,phases   ] GC(0) O: Concurrent Reset Relocation Set 0.000ms
[2026-05-11T15:36:23.768+0100][0.088s][info][gc,phases   ] GC(0) O: Concurrent Select Relocation Set 0.046ms
[2026-05-11T15:36:23.768+0100][0.088s][info][gc,task     ] GC(0) O: Using 2 Workers for Old Generation
[2026-05-11T15:36:23.768+0100][0.088s][info][gc,task     ] GC(0) O: Using 1 Workers for Old Generation
[2026-05-11T15:36:23.768+0100][0.089s][info][gc,phases   ] GC(0) O: Concurrent Remap Roots 0.248ms
[2026-05-11T15:36:23.768+0100][0.089s][info][gc,phases   ] GC(0) O: Pause Relocate Start 0.004ms
[2026-05-11T15:36:23.768+0100][0.089s][info][gc,phases   ] GC(0) O: Concurrent Relocate 0.017ms
[2026-05-11T15:36:23.768+0100][0.089s][info][gc,alloc    ] GC(0) O:                         Mark Start        Mark End      Relocate Start    Relocate End   
[2026-05-11T15:36:23.768+0100][0.089s][info][gc,alloc    ] GC(0) O: Allocation Stalls:          0                0                0                0         
[2026-05-11T15:36:23.768+0100][0.089s][info][gc,load     ] GC(0) O: Load: 3.25 (41%) / 3.41 (43%) / 2.48 (31%)
[2026-05-11T15:36:23.768+0100][0.089s][info][gc,mmu      ] GC(0) O: MMU: 2ms/99.4%, 5ms/99.6%, 10ms/99.8%, 20ms/99.8%, 50ms/99.9%, 100ms/100.0%
[2026-05-11T15:36:23.768+0100][0.089s][info][gc,marking  ] GC(0) O: Mark: 1 stripe(s), 1 proactive flush(es), 1 terminate flush(es), 0 completion(s), 0 continuation(s) 
[2026-05-11T15:36:23.768+0100][0.089s][info][gc,nmethod  ] GC(0) O: NMethods: 262 registered, 21 unregistered
[2026-05-11T15:36:23.768+0100][0.089s][info][gc,metaspace] GC(0) O: Metaspace: 1M used, 1M committed, 1088M reserved
[2026-05-11T15:36:23.768+0100][0.089s][info][gc,ref      ] GC(0) O:                       Encountered   Discovered     Enqueued 
[2026-05-11T15:36:23.769+0100][0.089s][info][gc,ref      ] GC(0) O: Soft References:               62            0            0 
[2026-05-11T15:36:23.769+0100][0.089s][info][gc,ref      ] GC(0) O: Weak References:              121            0            0 
[2026-05-11T15:36:23.769+0100][0.089s][info][gc,ref      ] GC(0) O: Final References:               6            0            0 
[2026-05-11T15:36:23.769+0100][0.089s][info][gc,ref      ] GC(0) O: Phantom References:             7            0            0 
[2026-05-11T15:36:23.769+0100][0.089s][info][gc,heap     ] GC(0) O: Min Capacity: 256M(50%)
[2026-05-11T15:36:23.769+0100][0.089s][info][gc,heap     ] GC(0) O: Max Capacity: 512M(100%)
[2026-05-11T15:36:23.769+0100][0.089s][info][gc,heap     ] GC(0) O: Soft Max Capacity: 512M(100%)
[2026-05-11T15:36:23.769+0100][0.089s][info][gc,heap     ] GC(0) O: Heap Statistics:
[2026-05-11T15:36:23.769+0100][0.089s][info][gc,heap     ] GC(0) O:                Mark Start          Mark End        Relocate Start      Relocate End           High               Low         
[2026-05-11T15:36:23.769+0100][0.089s][info][gc,heap     ] GC(0) O:  Capacity:      256M (50%)         256M (50%)         256M (50%)         256M (50%)         256M (50%)         256M (50%)    
[2026-05-11T15:36:23.769+0100][0.089s][info][gc,heap     ] GC(0) O:      Free:      460M (90%)         420M (82%)         416M (81%)         416M (81%)         460M (90%)         416M (81%)    
[2026-05-11T15:36:23.769+0100][0.089s][info][gc,heap     ] GC(0) O:      Used:       52M (10%)          92M (18%)          96M (19%)          96M (19%)          96M (19%)          52M (10%)    
[2026-05-11T15:36:23.769+0100][0.089s][info][gc,heap     ] GC(0) O: Old Generation Statistics:
[2026-05-11T15:36:23.769+0100][0.089s][info][gc,heap     ] GC(0) O:                Mark Start          Mark End        Relocate Start      Relocate End    
[2026-05-11T15:36:23.769+0100][0.089s][info][gc,heap     ] GC(0) O:      Used:        0M (0%)            0M (0%)            0M (0%)            0M (0%)     
[2026-05-11T15:36:23.769+0100][0.089s][info][gc,heap     ] GC(0) O:      Live:         -                 0M (0%)            0M (0%)            0M (0%)     
[2026-05-11T15:36:23.769+0100][0.089s][info][gc,heap     ] GC(0) O:   Garbage:         -                 0M (0%)            0M (0%)            0M (0%)     
[2026-05-11T15:36:23.769+0100][0.089s][info][gc,heap     ] GC(0) O: Allocated:         -                 0M (0%)            0M (0%)            0M (0%)     
[2026-05-11T15:36:23.769+0100][0.089s][info][gc,heap     ] GC(0) O: Reclaimed:         -                  -                 0M (0%)            0M (0%)     
[2026-05-11T15:36:23.769+0100][0.089s][info][gc,heap     ] GC(0) O: Compacted:         -                  -                  -                 0M (0%)     
[2026-05-11T15:36:23.769+0100][0.089s][info][gc,phases   ] GC(0) O: Old Generation 92M(18%)->96M(19%) 0.001s
[2026-05-11T15:36:23.769+0100][0.089s][info][gc          ] GC(0) Major Collection (Warmup) 52M(10%)->98M(19%) 0.012s
[2026-05-11T15:36:23.771+0100][0.091s][info][gc          ] GC(1) Major Collection (Warmup)
[2026-05-11T15:36:23.771+0100][0.091s][info][gc,task     ] GC(1) Using 2 Workers for Young Generation
[2026-05-11T15:36:23.771+0100][0.091s][info][gc,task     ] GC(1) Using 1 Workers for Old Generation
[2026-05-11T15:36:23.771+0100][0.091s][info][gc,phases   ] GC(1) Y: Young Generation
[2026-05-11T15:36:23.771+0100][0.091s][info][gc,phases   ] GC(1) Y: Pause Mark Start (Major) 0.004ms
[2026-05-11T15:36:23.795+0100][0.115s][info][gc,phases   ] GC(1) Y: Concurrent Mark 24.440ms
[2026-05-11T15:36:23.795+0100][0.116s][info][gc,phases   ] GC(1) Y: Pause Mark End 0.008ms
[2026-05-11T15:36:23.795+0100][0.116s][info][gc,phases   ] GC(1) Y: Concurrent Mark Free 0.001ms
[2026-05-11T15:36:23.795+0100][0.116s][info][gc,phases   ] GC(1) Y: Concurrent Reset Relocation Set 0.005ms
[2026-05-11T15:36:23.795+0100][0.116s][info][gc,reloc    ] GC(1) Y: Using tenuring threshold: 1 (Computed)
[2026-05-11T15:36:23.800+0100][0.120s][info][gc,phases   ] GC(1) Y: Concurrent Select Relocation Set 4.221ms
[2026-05-11T15:36:23.800+0100][0.120s][info][gc,phases   ] GC(1) Y: Pause Relocate Start 0.005ms
[2026-05-11T15:36:23.808+0100][0.129s][info][gc,phases   ] GC(1) Y: Concurrent Relocate 8.593ms
[2026-05-11T15:36:23.808+0100][0.129s][info][gc,alloc    ] GC(1) Y:                         Mark Start        Mark End      Relocate Start    Relocate End   
[2026-05-11T15:36:23.808+0100][0.129s][info][gc,alloc    ] GC(1) Y: Allocation Stalls:          0                0                0                0         
[2026-05-11T15:36:23.808+0100][0.129s][info][gc,load     ] GC(1) Y: Load: 3.25 (41%) / 3.41 (43%) / 2.48 (31%)
[2026-05-11T15:36:23.808+0100][0.129s][info][gc,mmu      ] GC(1) Y: MMU: 2ms/99.4%, 5ms/99.6%, 10ms/99.7%, 20ms/99.8%, 50ms/99.9%, 100ms/100.0%
[2026-05-11T15:36:23.808+0100][0.129s][info][gc,marking  ] GC(1) Y: Mark: 2 stripe(s), 10 proactive flush(es), 1 terminate flush(es), 0 completion(s), 0 continuation(s) 
[2026-05-11T15:36:23.809+0100][0.129s][info][gc,nmethod  ] GC(1) Y: NMethods: 363 registered, 21 unregistered
[2026-05-11T15:36:23.809+0100][0.129s][info][gc,metaspace] GC(1) Y: Metaspace: 2M used, 2M committed, 1088M reserved
[2026-05-11T15:36:23.809+0100][0.129s][info][gc,reloc    ] GC(1) Y:                        Candidates     Selected     In-Place         Size        Empty    Relocated 
[2026-05-11T15:36:23.809+0100][0.129s][info][gc,reloc    ] GC(1) Y: Small Pages:                   45            4            0          90M           0M           2M 
[2026-05-11T15:36:23.809+0100][0.129s][info][gc,reloc    ] GC(1) Y: Medium Pages:                   1            0            0          16M           0M           0M 
[2026-05-11T15:36:23.809+0100][0.129s][info][gc,reloc    ] GC(1) Y: Large Pages:                    0            0            0           0M           0M           0M 
[2026-05-11T15:36:23.809+0100][0.129s][info][gc,reloc    ] GC(1) Y: Forwarding Usage: 2M
[2026-05-11T15:36:23.809+0100][0.129s][info][gc,reloc    ] GC(1) Y: Age Table:
[2026-05-11T15:36:23.809+0100][0.129s][info][gc,reloc    ] GC(1) Y:                    Live             Garbage             Small              Medium             Large        
[2026-05-11T15:36:23.809+0100][0.129s][info][gc,reloc    ] GC(1) Y: Eden              34M (7%)           19M (4%)          27 / 2              0 / 0              0 / 0        
[2026-05-11T15:36:23.809+0100][0.129s][info][gc,reloc    ] GC(1) Y: Survivor 1        26M (5%)           25M (5%)          18 / 2              1 / 0              0 / 0        
[2026-05-11T15:36:23.809+0100][0.129s][info][gc,heap     ] GC(1) Y: Min Capacity: 256M(50%)
[2026-05-11T15:36:23.809+0100][0.129s][info][gc,heap     ] GC(1) Y: Max Capacity: 512M(100%)
[2026-05-11T15:36:23.809+0100][0.129s][info][gc,heap     ] GC(1) Y: Soft Max Capacity: 512M(100%)
[2026-05-11T15:36:23.809+0100][0.129s][info][gc,heap     ] GC(1) Y: Heap Statistics:
[2026-05-11T15:36:23.809+0100][0.129s][info][gc,heap     ] GC(1) Y:                Mark Start          Mark End        Relocate Start      Relocate End           High               Low         
[2026-05-11T15:36:23.809+0100][0.129s][info][gc,heap     ] GC(1) Y:  Capacity:      256M (50%)         256M (50%)         256M (50%)         256M (50%)         256M (50%)         256M (50%)    
[2026-05-11T15:36:23.809+0100][0.129s][info][gc,heap     ] GC(1) Y:      Free:      406M (79%)         388M (76%)         388M (76%)         388M (76%)         406M (79%)         382M (75%)    
[2026-05-11T15:36:23.809+0100][0.129s][info][gc,heap     ] GC(1) Y:      Used:      106M (21%)         124M (24%)         124M (24%)         124M (24%)         130M (25%)         106M (21%)    
[2026-05-11T15:36:23.809+0100][0.129s][info][gc,heap     ] GC(1) Y: Young Generation Statistics:
[2026-05-11T15:36:23.809+0100][0.129s][info][gc,heap     ] GC(1) Y:                Mark Start          Mark End        Relocate Start      Relocate End    
[2026-05-11T15:36:23.809+0100][0.129s][info][gc,heap     ] GC(1) Y:      Used:      106M (21%)         124M (24%)          78M (15%)          72M (14%)    
[2026-05-11T15:36:23.809+0100][0.129s][info][gc,heap     ] GC(1) Y:      Live:         -                60M (12%)          35M (7%)           34M (7%)     
[2026-05-11T15:36:23.809+0100][0.129s][info][gc,heap     ] GC(1) Y:   Garbage:         -                45M (9%)           24M (5%)           15M (3%)     
[2026-05-11T15:36:23.809+0100][0.129s][info][gc,heap     ] GC(1) Y: Allocated:         -                18M (4%)           18M (4%)           22M (4%)     
[2026-05-11T15:36:23.809+0100][0.129s][info][gc,heap     ] GC(1) Y: Reclaimed:         -                  -                21M (4%)           29M (6%)     
[2026-05-11T15:36:23.809+0100][0.129s][info][gc,heap     ] GC(1) Y:  Promoted:         -                  -                24M (5%)           26M (5%)     
[2026-05-11T15:36:23.809+0100][0.129s][info][gc,heap     ] GC(1) Y: Compacted:         -                  -                  -                 3M (1%)     
[2026-05-11T15:36:23.809+0100][0.129s][info][gc,phases   ] GC(1) Y: Young Generation 106M(21%)->124M(24%) 0.038s
[2026-05-11T15:36:23.809+0100][0.129s][info][gc,phases   ] GC(1) O: Old Generation
[2026-05-11T15:36:23.809+0100][0.129s][info][gc,phases   ] GC(1) O: Concurrent Mark 0.191ms
[2026-05-11T15:36:23.809+0100][0.129s][info][gc,phases   ] GC(1) O: Pause Mark End 0.008ms
[2026-05-11T15:36:23.809+0100][0.129s][info][gc,phases   ] GC(1) O: Concurrent Mark Free 0.000ms
[2026-05-11T15:36:23.810+0100][0.130s][info][gc,phases   ] GC(1) O: Concurrent Process Non-Strong 0.687ms
[2026-05-11T15:36:23.810+0100][0.130s][info][gc,phases   ] GC(1) O: Concurrent Reset Relocation Set 0.000ms
[2026-05-11T15:36:23.810+0100][0.130s][info][gc,phases   ] GC(1) O: Concurrent Select Relocation Set 0.059ms
[2026-05-11T15:36:23.810+0100][0.130s][info][gc,task     ] GC(1) O: Using 2 Workers for Old Generation
[2026-05-11T15:36:23.810+0100][0.130s][info][gc,task     ] GC(1) O: Using 1 Workers for Old Generation
[2026-05-11T15:36:23.810+0100][0.131s][info][gc,phases   ] GC(1) O: Concurrent Remap Roots 0.569ms
[2026-05-11T15:36:23.810+0100][0.131s][info][gc,phases   ] GC(1) O: Pause Relocate Start 0.004ms
[2026-05-11T15:36:23.810+0100][0.131s][info][gc,phases   ] GC(1) O: Concurrent Relocate 0.017ms
[2026-05-11T15:36:23.810+0100][0.131s][info][gc,alloc    ] GC(1) O:                         Mark Start        Mark End      Relocate Start    Relocate End   
[2026-05-11T15:36:23.810+0100][0.131s][info][gc,alloc    ] GC(1) O: Allocation Stalls:          0                0                0                0         
[2026-05-11T15:36:23.810+0100][0.131s][info][gc,load     ] GC(1) O: Load: 3.25 (41%) / 3.41 (43%) / 2.48 (31%)
[2026-05-11T15:36:23.810+0100][0.131s][info][gc,mmu      ] GC(1) O: MMU: 2ms/99.4%, 5ms/99.6%, 10ms/99.7%, 20ms/99.8%, 50ms/99.9%, 100ms/99.9%
[2026-05-11T15:36:23.810+0100][0.131s][info][gc,marking  ] GC(1) O: Mark: 1 stripe(s), 1 proactive flush(es), 1 terminate flush(es), 0 completion(s), 0 continuation(s) 
[2026-05-11T15:36:23.810+0100][0.131s][info][gc,nmethod  ] GC(1) O: NMethods: 363 registered, 21 unregistered
[2026-05-11T15:36:23.810+0100][0.131s][info][gc,metaspace] GC(1) O: Metaspace: 2M used, 2M committed, 1088M reserved
[2026-05-11T15:36:23.810+0100][0.131s][info][gc,ref      ] GC(1) O:                       Encountered   Discovered     Enqueued 
[2026-05-11T15:36:23.810+0100][0.131s][info][gc,ref      ] GC(1) O: Soft References:               62            0            0 
[2026-05-11T15:36:23.810+0100][0.131s][info][gc,ref      ] GC(1) O: Weak References:              121            0            0 
[2026-05-11T15:36:23.810+0100][0.131s][info][gc,ref      ] GC(1) O: Final References:               6            0            0 
[2026-05-11T15:36:23.810+0100][0.131s][info][gc,ref      ] GC(1) O: Phantom References:             7            0            0 
[2026-05-11T15:36:23.810+0100][0.131s][info][gc,heap     ] GC(1) O: Min Capacity: 256M(50%)
[2026-05-11T15:36:23.810+0100][0.131s][info][gc,heap     ] GC(1) O: Max Capacity: 512M(100%)
[2026-05-11T15:36:23.810+0100][0.131s][info][gc,heap     ] GC(1) O: Soft Max Capacity: 512M(100%)
[2026-05-11T15:36:23.810+0100][0.131s][info][gc,heap     ] GC(1) O: Heap Statistics:
[2026-05-11T15:36:23.811+0100][0.131s][info][gc,heap     ] GC(1) O:                Mark Start          Mark End        Relocate Start      Relocate End           High               Low         
[2026-05-11T15:36:23.811+0100][0.131s][info][gc,heap     ] GC(1) O:  Capacity:      256M (50%)         256M (50%)         256M (50%)         256M (50%)         256M (50%)         256M (50%)    
[2026-05-11T15:36:23.811+0100][0.131s][info][gc,heap     ] GC(1) O:      Free:      406M (79%)         388M (76%)         388M (76%)         388M (76%)         406M (79%)         382M (75%)    
[2026-05-11T15:36:23.811+0100][0.131s][info][gc,heap     ] GC(1) O:      Used:      106M (21%)         124M (24%)         124M (24%)         124M (24%)         130M (25%)         106M (21%)    
[2026-05-11T15:36:23.811+0100][0.131s][info][gc,heap     ] GC(1) O: Old Generation Statistics:
[2026-05-11T15:36:23.811+0100][0.131s][info][gc,heap     ] GC(1) O:                Mark Start          Mark End        Relocate Start      Relocate End    
[2026-05-11T15:36:23.811+0100][0.131s][info][gc,heap     ] GC(1) O:      Used:        0M (0%)           52M (10%)          52M (10%)          52M (10%)    
[2026-05-11T15:36:23.811+0100][0.131s][info][gc,heap     ] GC(1) O:      Live:         -                 0M (0%)            0M (0%)            0M (0%)     
[2026-05-11T15:36:23.811+0100][0.131s][info][gc,heap     ] GC(1) O:   Garbage:         -                 0M (0%)            0M (0%)            0M (0%)     
[2026-05-11T15:36:23.811+0100][0.131s][info][gc,heap     ] GC(1) O: Allocated:         -                52M (10%)          52M (10%)          52M (10%)    
[2026-05-11T15:36:23.811+0100][0.131s][info][gc,heap     ] GC(1) O: Reclaimed:         -                  -                 0M (0%)            0M (0%)     
[2026-05-11T15:36:23.811+0100][0.131s][info][gc,heap     ] GC(1) O: Compacted:         -                  -                  -                 0M (0%)     
[2026-05-11T15:36:23.811+0100][0.131s][info][gc,phases   ] GC(1) O: Old Generation 124M(24%)->124M(24%) 0.002s
[2026-05-11T15:36:23.811+0100][0.131s][info][gc          ] GC(1) Major Collection (Warmup) 106M(21%)->124M(24%) 0.040s
[2026-05-11T15:36:23.828+0100][0.149s][info][gc          ] GC(2) Major Collection (Warmup)
[2026-05-11T15:36:23.828+0100][0.149s][info][gc,task     ] GC(2) Using 2 Workers for Young Generation
[2026-05-11T15:36:23.828+0100][0.149s][info][gc,task     ] GC(2) Using 1 Workers for Old Generation
[2026-05-11T15:36:23.828+0100][0.149s][info][gc,phases   ] GC(2) Y: Young Generation
[2026-05-11T15:36:23.829+0100][0.149s][info][gc,phases   ] GC(2) Y: Pause Mark Start (Major) 0.008ms
[2026-05-11T15:36:23.857+0100][0.178s][info][gc,phases   ] GC(2) Y: Concurrent Mark 28.582ms
[2026-05-11T15:36:23.857+0100][0.178s][info][gc,phases   ] GC(2) Y: Pause Mark End 0.009ms
[2026-05-11T15:36:23.857+0100][0.178s][info][gc,phases   ] GC(2) Y: Concurrent Mark Free 0.000ms
[2026-05-11T15:36:23.857+0100][0.178s][info][gc,phases   ] GC(2) Y: Concurrent Reset Relocation Set 0.012ms
[2026-05-11T15:36:23.857+0100][0.178s][info][gc,reloc    ] GC(2) Y: Using tenuring threshold: 1 (Computed)
[2026-05-11T15:36:23.863+0100][0.184s][info][gc,phases   ] GC(2) Y: Concurrent Select Relocation Set 5.975ms
[2026-05-11T15:36:23.864+0100][0.184s][info][gc,phases   ] GC(2) Y: Pause Relocate Start 0.007ms
[2026-05-11T15:36:23.871+0100][0.191s][info][gc,phases   ] GC(2) Y: Concurrent Relocate 7.529ms
[2026-05-11T15:36:23.871+0100][0.191s][info][gc,alloc    ] GC(2) Y:                         Mark Start        Mark End      Relocate Start    Relocate End   
[2026-05-11T15:36:23.871+0100][0.191s][info][gc,alloc    ] GC(2) Y: Allocation Stalls:          0                0                0                0         
[2026-05-11T15:36:23.871+0100][0.191s][info][gc,load     ] GC(2) Y: Load: 3.25 (41%) / 3.41 (43%) / 2.48 (31%)
[2026-05-11T15:36:23.871+0100][0.191s][info][gc,mmu      ] GC(2) Y: MMU: 2ms/99.4%, 5ms/99.6%, 10ms/99.7%, 20ms/99.8%, 50ms/99.9%, 100ms/99.9%
[2026-05-11T15:36:23.871+0100][0.191s][info][gc,marking  ] GC(2) Y: Mark: 2 stripe(s), 10 proactive flush(es), 1 terminate flush(es), 0 completion(s), 0 continuation(s) 
[2026-05-11T15:36:23.871+0100][0.191s][info][gc,nmethod  ] GC(2) Y: NMethods: 363 registered, 21 unregistered
[2026-05-11T15:36:23.871+0100][0.191s][info][gc,metaspace] GC(2) Y: Metaspace: 2M used, 2M committed, 1088M reserved
[2026-05-11T15:36:23.871+0100][0.191s][info][gc,reloc    ] GC(2) Y:                        Candidates     Selected     In-Place         Size        Empty    Relocated 
[2026-05-11T15:36:23.871+0100][0.191s][info][gc,reloc    ] GC(2) Y: Small Pages:                   52            2            0         104M           0M           1M 
[2026-05-11T15:36:23.871+0100][0.191s][info][gc,reloc    ] GC(2) Y: Medium Pages:                   0            0            0           0M           0M           0M 
[2026-05-11T15:36:23.871+0100][0.191s][info][gc,reloc    ] GC(2) Y: Large Pages:                    0            0            0           0M           0M           0M 
[2026-05-11T15:36:23.871+0100][0.191s][info][gc,reloc    ] GC(2) Y: Forwarding Usage: 1M
[2026-05-11T15:36:23.871+0100][0.191s][info][gc,reloc    ] GC(2) Y: Age Table:
[2026-05-11T15:36:23.871+0100][0.191s][info][gc,reloc    ] GC(2) Y:                    Live             Garbage             Small              Medium             Large        
[2026-05-11T15:36:23.871+0100][0.191s][info][gc,reloc    ] GC(2) Y: Eden              49M (10%)           2M (1%)          26 / 0              0 / 0              0 / 0        
[2026-05-11T15:36:23.871+0100][0.191s][info][gc,reloc    ] GC(2) Y: Survivor 1        34M (7%)           17M (3%)          26 / 2              0 / 0              0 / 0        
[2026-05-11T15:36:23.871+0100][0.191s][info][gc,heap     ] GC(2) Y: Min Capacity: 256M(50%)
[2026-05-11T15:36:23.871+0100][0.191s][info][gc,heap     ] GC(2) Y: Max Capacity: 512M(100%)
[2026-05-11T15:36:23.871+0100][0.191s][info][gc,heap     ] GC(2) Y: Soft Max Capacity: 512M(100%)
[2026-05-11T15:36:23.871+0100][0.191s][info][gc,heap     ] GC(2) Y: Heap Statistics:
[2026-05-11T15:36:23.871+0100][0.191s][info][gc,heap     ] GC(2) Y:                Mark Start          Mark End        Relocate Start      Relocate End           High               Low         
[2026-05-11T15:36:23.871+0100][0.191s][info][gc,heap     ] GC(2) Y:  Capacity:      256M (50%)         256M (50%)         256M (50%)         256M (50%)         256M (50%)         256M (50%)    
[2026-05-11T15:36:23.871+0100][0.191s][info][gc,heap     ] GC(2) Y:      Free:      356M (70%)         338M (66%)         338M (66%)         342M (67%)         356M (70%)         334M (65%)    
[2026-05-11T15:36:23.871+0100][0.191s][info][gc,heap     ] GC(2) Y:      Used:      156M (30%)         174M (34%)         174M (34%)         170M (33%)         178M (35%)         156M (30%)    
[2026-05-11T15:36:23.871+0100][0.191s][info][gc,heap     ] GC(2) Y: Young Generation Statistics:
[2026-05-11T15:36:23.871+0100][0.191s][info][gc,heap     ] GC(2) Y:                Mark Start          Mark End        Relocate Start      Relocate End    
[2026-05-11T15:36:23.871+0100][0.192s][info][gc,heap     ] GC(2) Y:      Used:      104M (20%)         122M (24%)          76M (15%)          68M (13%)    
[2026-05-11T15:36:23.871+0100][0.192s][info][gc,heap     ] GC(2) Y:      Live:         -                83M (16%)          52M (10%)          49M (10%)    
[2026-05-11T15:36:23.871+0100][0.192s][info][gc,heap     ] GC(2) Y:   Garbage:         -                20M (4%)            5M (1%)            0M (0%)     
[2026-05-11T15:36:23.871+0100][0.192s][info][gc,heap     ] GC(2) Y: Allocated:         -                18M (4%)           18M (4%)           18M (4%)     
[2026-05-11T15:36:23.871+0100][0.192s][info][gc,heap     ] GC(2) Y: Reclaimed:         -                  -                14M (3%)           19M (4%)     
[2026-05-11T15:36:23.871+0100][0.192s][info][gc,heap     ] GC(2) Y:  Promoted:         -                  -                31M (6%)           34M (7%)     
[2026-05-11T15:36:23.871+0100][0.192s][info][gc,heap     ] GC(2) Y: Compacted:         -                  -                  -                 1M (0%)     
[2026-05-11T15:36:23.871+0100][0.192s][info][gc,phases   ] GC(2) Y: Young Generation 156M(30%)->170M(33%) 0.043s
[2026-05-11T15:36:23.871+0100][0.192s][info][gc,phases   ] GC(2) O: Old Generation
[2026-05-11T15:36:23.873+0100][0.193s][info][gc          ] GC(3) Minor Collection (Allocation Rate)
[2026-05-11T15:36:23.873+0100][0.193s][info][gc,task     ] GC(3) Using 2 Workers for Young Generation
[2026-05-11T15:36:23.873+0100][0.193s][info][gc,phases   ] GC(3) y: Young Generation
[2026-05-11T15:36:23.873+0100][0.193s][info][gc,phases   ] GC(3) y: Pause Mark Start 0.005ms
[2026-05-11T15:36:23.877+0100][0.197s][info][gc,phases   ] GC(3) y: Concurrent Mark 3.940ms
[2026-05-11T15:36:23.877+0100][0.197s][info][gc,phases   ] GC(3) y: Pause Mark End 0.007ms
[2026-05-11T15:36:23.877+0100][0.197s][info][gc,phases   ] GC(3) y: Concurrent Mark Free 0.001ms
[2026-05-11T15:36:23.877+0100][0.197s][info][gc,phases   ] GC(3) y: Concurrent Reset Relocation Set 0.016ms
[2026-05-11T15:36:23.877+0100][0.197s][info][gc,reloc    ] GC(3) y: Using tenuring threshold: 2 (Computed)
[2026-05-11T15:36:23.877+0100][0.197s][info][gc,phases   ] GC(3) y: Concurrent Select Relocation Set 0.101ms
[2026-05-11T15:36:23.877+0100][0.197s][info][gc,phases   ] GC(3) y: Pause Relocate Start 0.002ms
[2026-05-11T15:36:23.877+0100][0.198s][info][gc,phases   ] GC(3) y: Concurrent Relocate 0.138ms
[2026-05-11T15:36:23.877+0100][0.198s][info][gc,alloc    ] GC(3) y:                         Mark Start        Mark End      Relocate Start    Relocate End   
[2026-05-11T15:36:23.877+0100][0.198s][info][gc,alloc    ] GC(3) y: Allocation Stalls:          0                0                0                0         
[2026-05-11T15:36:23.877+0100][0.198s][info][gc,load     ] GC(3) y: Load: 3.25 (41%) / 3.41 (43%) / 2.48 (31%)
[2026-05-11T15:36:23.877+0100][0.198s][info][gc,mmu      ] GC(3) y: MMU: 2ms/99.4%, 5ms/99.6%, 10ms/99.7%, 20ms/99.8%, 50ms/99.9%, 100ms/99.9%
[2026-05-11T15:36:23.877+0100][0.198s][info][gc,marking  ] GC(3) y: Mark: 2 stripe(s), 1 proactive flush(es), 1 terminate flush(es), 0 completion(s), 0 continuation(s) 
[2026-05-11T15:36:23.877+0100][0.198s][info][gc,nmethod  ] GC(3) y: NMethods: 363 registered, 21 unregistered
[2026-05-11T15:36:23.877+0100][0.198s][info][gc,metaspace] GC(3) y: Metaspace: 2M used, 2M committed, 1088M reserved
[2026-05-11T15:36:23.877+0100][0.198s][info][gc,reloc    ] GC(3) y:                        Candidates     Selected     In-Place         Size        Empty    Relocated 
[2026-05-11T15:36:23.877+0100][0.198s][info][gc,reloc    ] GC(3) y: Small Pages:                   34            2            0          68M          62M           0M 
[2026-05-11T15:36:23.877+0100][0.198s][info][gc,reloc    ] GC(3) y: Medium Pages:                   0            0            0           0M           0M           0M 
[2026-05-11T15:36:23.877+0100][0.198s][info][gc,reloc    ] GC(3) y: Large Pages:                    0            0            0           0M           0M           0M 
[2026-05-11T15:36:23.877+0100][0.198s][info][gc,reloc    ] GC(3) y: Forwarding Usage: 0M
[2026-05-11T15:36:23.877+0100][0.198s][info][gc,reloc    ] GC(3) y: Age Table:
[2026-05-11T15:36:23.877+0100][0.198s][info][gc,reloc    ] GC(3) y:                    Live             Garbage             Small              Medium             Large        
[2026-05-11T15:36:23.877+0100][0.198s][info][gc,reloc    ] GC(3) y: Eden                -                18M (4%)           9 / 0              0 / 0              0 / 0        
[2026-05-11T15:36:23.877+0100][0.198s][info][gc,reloc    ] GC(3) y: Survivor 1         0M (0%)           49M (10%)         25 / 2              0 / 0              0 / 0        
[2026-05-11T15:36:23.877+0100][0.198s][info][gc,heap     ] GC(3) y: Min Capacity: 256M(50%)
[2026-05-11T15:36:23.877+0100][0.198s][info][gc,heap     ] GC(3) y: Max Capacity: 512M(100%)
[2026-05-11T15:36:23.877+0100][0.198s][info][gc,heap     ] GC(3) y: Soft Max Capacity: 512M(100%)
[2026-05-11T15:36:23.877+0100][0.198s][info][gc,heap     ] GC(3) y: Heap Statistics:
[2026-05-11T15:36:23.877+0100][0.198s][info][gc,heap     ] GC(3) y:                Mark Start          Mark End        Relocate Start      Relocate End           High               Low         
[2026-05-11T15:36:23.877+0100][0.198s][info][gc,heap     ] GC(3) y:  Capacity:      256M (50%)         256M (50%)         256M (50%)         256M (50%)         256M (50%)         256M (50%)    
[2026-05-11T15:36:23.877+0100][0.198s][info][gc,heap     ] GC(3) y:      Free:      342M (67%)         342M (67%)         404M (79%)         406M (79%)         406M (79%)         342M (67%)    
[2026-05-11T15:36:23.877+0100][0.198s][info][gc,heap     ] GC(3) y:      Used:      170M (33%)         170M (33%)         108M (21%)         106M (21%)         170M (33%)         106M (21%)    
[2026-05-11T15:36:23.877+0100][0.198s][info][gc,heap     ] GC(3) y: Young Generation Statistics:
[2026-05-11T15:36:23.877+0100][0.198s][info][gc,heap     ] GC(3) y:                Mark Start          Mark End        Relocate Start      Relocate End    
[2026-05-11T15:36:23.877+0100][0.198s][info][gc,heap     ] GC(3) y:      Used:       68M (13%)          68M (13%)           6M (1%)            4M (1%)     
[2026-05-11T15:36:23.877+0100][0.198s][info][gc,heap     ] GC(3) y:      Live:         -                 0M (0%)            0M (0%)            0M (0%)     
[2026-05-11T15:36:23.877+0100][0.198s][info][gc,heap     ] GC(3) y:   Garbage:         -                67M (13%)           5M (1%)            0M (0%)     
[2026-05-11T15:36:23.878+0100][0.198s][info][gc,heap     ] GC(3) y: Allocated:         -                 0M (0%)            0M (0%)            3M (1%)     
[2026-05-11T15:36:23.878+0100][0.198s][info][gc,heap     ] GC(3) y: Reclaimed:         -                  -                62M (12%)          67M (13%)    
[2026-05-11T15:36:23.878+0100][0.198s][info][gc,heap     ] GC(3) y:  Promoted:         -                  -                 0M (0%)            0M (0%)     
[2026-05-11T15:36:23.878+0100][0.198s][info][gc,heap     ] GC(3) y: Compacted:         -                  -                  -                 0M (0%)     
[2026-05-11T15:36:23.878+0100][0.198s][info][gc,phases   ] GC(3) y: Young Generation 170M(33%)->106M(21%) 0.004s
[2026-05-11T15:36:23.878+0100][0.198s][info][gc          ] GC(3) Minor Collection (Allocation Rate) 170M(33%)->106M(21%) 0.005s
[2026-05-11T15:36:23.889+0100][0.209s][info][gc,phases   ] GC(2) O: Concurrent Mark 17.611ms
[2026-05-11T15:36:23.889+0100][0.209s][info][gc,phases   ] GC(2) O: Pause Mark End 0.008ms
[2026-05-11T15:36:23.889+0100][0.209s][info][gc,phases   ] GC(2) O: Concurrent Mark Free 0.001ms
[2026-05-11T15:36:23.890+0100][0.210s][info][gc,phases   ] GC(2) O: Concurrent Process Non-Strong 0.725ms
[2026-05-11T15:36:23.890+0100][0.210s][info][gc,phases   ] GC(2) O: Concurrent Reset Relocation Set 0.000ms
[2026-05-11T15:36:23.890+0100][0.211s][info][gc,phases   ] GC(2) O: Concurrent Select Relocation Set 0.539ms
[2026-05-11T15:36:23.890+0100][0.211s][info][gc,task     ] GC(2) O: Using 2 Workers for Old Generation
[2026-05-11T15:36:23.891+0100][0.211s][info][gc,task     ] GC(2) O: Using 1 Workers for Old Generation
[2026-05-11T15:36:23.891+0100][0.211s][info][gc,phases   ] GC(2) O: Concurrent Remap Roots 0.293ms
[2026-05-11T15:36:23.891+0100][0.211s][info][gc,phases   ] GC(2) O: Pause Relocate Start 0.005ms
[2026-05-11T15:36:23.899+0100][0.219s][info][gc,phases   ] GC(2) O: Concurrent Relocate 7.889ms
[2026-05-11T15:36:23.899+0100][0.219s][info][gc,alloc    ] GC(2) O:                         Mark Start        Mark End      Relocate Start    Relocate End   
[2026-05-11T15:36:23.899+0100][0.219s][info][gc,alloc    ] GC(2) O: Allocation Stalls:          0                0                0                0         
[2026-05-11T15:36:23.899+0100][0.219s][info][gc,load     ] GC(2) O: Load: 3.25 (41%) / 3.41 (43%) / 2.48 (31%)
[2026-05-11T15:36:23.899+0100][0.219s][info][gc,mmu      ] GC(2) O: MMU: 2ms/99.4%, 5ms/99.6%, 10ms/99.7%, 20ms/99.8%, 50ms/99.9%, 100ms/99.9%
[2026-05-11T15:36:23.899+0100][0.219s][info][gc,marking  ] GC(2) O: Mark: 1 stripe(s), 2 proactive flush(es), 1 terminate flush(es), 0 completion(s), 0 continuation(s) 
[2026-05-11T15:36:23.899+0100][0.219s][info][gc,nmethod  ] GC(2) O: NMethods: 353 registered, 31 unregistered
[2026-05-11T15:36:23.899+0100][0.219s][info][gc,metaspace] GC(2) O: Metaspace: 2M used, 2M committed, 1088M reserved
[2026-05-11T15:36:23.899+0100][0.219s][info][gc,ref      ] GC(2) O:                       Encountered   Discovered     Enqueued 
[2026-05-11T15:36:23.899+0100][0.219s][info][gc,ref      ] GC(2) O: Soft References:               94            0            0 
[2026-05-11T15:36:23.899+0100][0.219s][info][gc,ref      ] GC(2) O: Weak References:              261           65            9 
[2026-05-11T15:36:23.899+0100][0.219s][info][gc,ref      ] GC(2) O: Final References:               6            0            0 
[2026-05-11T15:36:23.899+0100][0.219s][info][gc,ref      ] GC(2) O: Phantom References:             7            7            5 
[2026-05-11T15:36:23.899+0100][0.219s][info][gc,reloc    ] GC(2) O:                        Candidates     Selected     In-Place         Size        Empty    Relocated 
[2026-05-11T15:36:23.899+0100][0.219s][info][gc,reloc    ] GC(2) O: Small Pages:                   18            4            0          36M           0M           3M 
[2026-05-11T15:36:23.899+0100][0.219s][info][gc,reloc    ] GC(2) O: Medium Pages:                   1            0            0          16M          16M           0M 
[2026-05-11T15:36:23.899+0100][0.219s][info][gc,reloc    ] GC(2) O: Large Pages:                    0            0            0           0M           0M           0M 
[2026-05-11T15:36:23.899+0100][0.219s][info][gc,reloc    ] GC(2) O: Forwarding Usage: 4M
[2026-05-11T15:36:23.899+0100][0.219s][info][gc,heap     ] GC(2) O: Min Capacity: 256M(50%)
[2026-05-11T15:36:23.899+0100][0.219s][info][gc,heap     ] GC(2) O: Max Capacity: 512M(100%)
[2026-05-11T15:36:23.899+0100][0.219s][info][gc,heap     ] GC(2) O: Soft Max Capacity: 512M(100%)
[2026-05-11T15:36:23.899+0100][0.219s][info][gc,heap     ] GC(2) O: Heap Statistics:
[2026-05-11T15:36:23.899+0100][0.219s][info][gc,heap     ] GC(2) O:                Mark Start          Mark End        Relocate Start      Relocate End           High               Low         
[2026-05-11T15:36:23.899+0100][0.219s][info][gc,heap     ] GC(2) O:  Capacity:      256M (50%)         256M (50%)         256M (50%)         256M (50%)         256M (50%)         256M (50%)    
[2026-05-11T15:36:23.899+0100][0.219s][info][gc,heap     ] GC(2) O:      Free:      356M (70%)         406M (79%)         420M (82%)         428M (84%)         428M (84%)         334M (65%)    
[2026-05-11T15:36:23.899+0100][0.219s][info][gc,heap     ] GC(2) O:      Used:      156M (30%)         106M (21%)          92M (18%)          84M (16%)         178M (35%)          84M (16%)    
[2026-05-11T15:36:23.899+0100][0.219s][info][gc,heap     ] GC(2) O: Old Generation Statistics:
[2026-05-11T15:36:23.899+0100][0.219s][info][gc,heap     ] GC(2) O:                Mark Start          Mark End        Relocate Start      Relocate End    
[2026-05-11T15:36:23.899+0100][0.219s][info][gc,heap     ] GC(2) O:      Used:       52M (10%)         102M (20%)          86M (17%)          78M (15%)    
[2026-05-11T15:36:23.899+0100][0.219s][info][gc,heap     ] GC(2) O:      Live:         -                25M (5%)           25M (5%)           25M (5%)     
[2026-05-11T15:36:23.899+0100][0.219s][info][gc,heap     ] GC(2) O:   Garbage:         -                26M (5%)           10M (2%)            1M (0%)     
[2026-05-11T15:36:23.899+0100][0.219s][info][gc,heap     ] GC(2) O: Allocated:         -                50M (10%)          50M (10%)          51M (10%)    
[2026-05-11T15:36:23.899+0100][0.219s][info][gc,heap     ] GC(2) O: Reclaimed:         -                  -                16M (3%)           25M (5%)     
[2026-05-11T15:36:23.899+0100][0.219s][info][gc,heap     ] GC(2) O: Compacted:         -                  -                  -                10M (2%)     
[2026-05-11T15:36:23.899+0100][0.219s][info][gc,phases   ] GC(2) O: Old Generation 170M(33%)->84M(16%) 0.027s
[2026-05-11T15:36:23.899+0100][0.219s][info][gc          ] GC(2) Major Collection (Warmup) 156M(30%)->84M(16%) 0.070s
[2026-05-11T15:36:23.899+0100][0.219s][info][gc          ] GC(4) Major Collection (System.gc())
[2026-05-11T15:36:23.899+0100][0.219s][info][gc,task     ] GC(4) Using 2 Workers for Young Generation
[2026-05-11T15:36:23.899+0100][0.219s][info][gc,task     ] GC(4) Using 2 Workers for Old Generation
[2026-05-11T15:36:23.899+0100][0.219s][info][gc,phases   ] GC(4) Y: Young Generation (Promote All)
[2026-05-11T15:36:23.899+0100][0.219s][info][gc,phases   ] GC(4) Y: Pause Mark Start 0.004ms
[2026-05-11T15:36:23.899+0100][0.220s][info][gc,phases   ] GC(4) Y: Concurrent Mark 0.576ms
[2026-05-11T15:36:23.899+0100][0.220s][info][gc,phases   ] GC(4) Y: Pause Mark End 0.007ms
[2026-05-11T15:36:23.899+0100][0.220s][info][gc,phases   ] GC(4) Y: Concurrent Mark Free 0.001ms
[2026-05-11T15:36:23.899+0100][0.220s][info][gc,phases   ] GC(4) Y: Concurrent Reset Relocation Set 0.001ms
[2026-05-11T15:36:23.900+0100][0.220s][info][gc,reloc    ] GC(4) Y: Using tenuring threshold: 0 (Promote All)
[2026-05-11T15:36:23.900+0100][0.220s][info][gc,phases   ] GC(4) Y: Concurrent Select Relocation Set 0.117ms
[2026-05-11T15:36:23.900+0100][0.220s][info][gc,phases   ] GC(4) Y: Pause Relocate Start 0.002ms
[2026-05-11T15:36:23.900+0100][0.220s][info][gc,phases   ] GC(4) Y: Concurrent Relocate 0.162ms
[2026-05-11T15:36:23.900+0100][0.220s][info][gc,alloc    ] GC(4) Y:                         Mark Start        Mark End      Relocate Start    Relocate End   
[2026-05-11T15:36:23.900+0100][0.220s][info][gc,alloc    ] GC(4) Y: Allocation Stalls:          0                0                0                0         
[2026-05-11T15:36:23.900+0100][0.220s][info][gc,load     ] GC(4) Y: Load: 3.25 (41%) / 3.41 (43%) / 2.48 (31%)
[2026-05-11T15:36:23.900+0100][0.220s][info][gc,mmu      ] GC(4) Y: MMU: 2ms/99.4%, 5ms/99.6%, 10ms/99.7%, 20ms/99.8%, 50ms/99.9%, 100ms/99.9%
[2026-05-11T15:36:23.900+0100][0.220s][info][gc,marking  ] GC(4) Y: Mark: 2 stripe(s), 1 proactive flush(es), 1 terminate flush(es), 0 completion(s), 0 continuation(s) 
[2026-05-11T15:36:23.900+0100][0.220s][info][gc,nmethod  ] GC(4) Y: NMethods: 353 registered, 31 unregistered
[2026-05-11T15:36:23.900+0100][0.220s][info][gc,metaspace] GC(4) Y: Metaspace: 2M used, 2M committed, 1088M reserved
[2026-05-11T15:36:23.900+0100][0.220s][info][gc,reloc    ] GC(4) Y:                        Candidates     Selected     In-Place         Size        Empty    Relocated 
[2026-05-11T15:36:23.900+0100][0.220s][info][gc,reloc    ] GC(4) Y: Small Pages:                    3            1            0           6M           2M           0M 
[2026-05-11T15:36:23.900+0100][0.220s][info][gc,reloc    ] GC(4) Y: Medium Pages:                   0            0            0           0M           0M           0M 
[2026-05-11T15:36:23.900+0100][0.220s][info][gc,reloc    ] GC(4) Y: Large Pages:                    0            0            0           0M           0M           0M 
[2026-05-11T15:36:23.900+0100][0.220s][info][gc,reloc    ] GC(4) Y: Forwarding Usage: 0M
[2026-05-11T15:36:23.900+0100][0.220s][info][gc,reloc    ] GC(4) Y: Age Table:
[2026-05-11T15:36:23.900+0100][0.220s][info][gc,reloc    ] GC(4) Y:                    Live             Garbage             Small              Medium             Large        
[2026-05-11T15:36:23.900+0100][0.220s][info][gc,reloc    ] GC(4) Y: Eden                -                 2M (0%)           1 / 0              0 / 0              0 / 0        
[2026-05-11T15:36:23.900+0100][0.220s][info][gc,reloc    ] GC(4) Y: Survivor 1          -                 0M (0%)           0 / 0              0 / 0              0 / 0        
[2026-05-11T15:36:23.900+0100][0.220s][info][gc,reloc    ] GC(4) Y: Survivor 2         0M (0%)            3M (1%)           2 / 1              0 / 0              0 / 0        
[2026-05-11T15:36:23.900+0100][0.220s][info][gc,heap     ] GC(4) Y: Min Capacity: 256M(50%)
[2026-05-11T15:36:23.900+0100][0.220s][info][gc,heap     ] GC(4) Y: Max Capacity: 512M(100%)
[2026-05-11T15:36:23.900+0100][0.220s][info][gc,heap     ] GC(4) Y: Soft Max Capacity: 512M(100%)
[2026-05-11T15:36:23.900+0100][0.220s][info][gc,heap     ] GC(4) Y: Heap Statistics:
[2026-05-11T15:36:23.900+0100][0.220s][info][gc,heap     ] GC(4) Y:                Mark Start          Mark End        Relocate Start      Relocate End           High               Low         
[2026-05-11T15:36:23.900+0100][0.220s][info][gc,heap     ] GC(4) Y:  Capacity:      256M (50%)         256M (50%)         256M (50%)         256M (50%)         256M (50%)         256M (50%)    
[2026-05-11T15:36:23.900+0100][0.220s][info][gc,heap     ] GC(4) Y:      Free:      428M (84%)         428M (84%)         430M (84%)         432M (84%)         432M (84%)         428M (84%)    
[2026-05-11T15:36:23.900+0100][0.220s][info][gc,heap     ] GC(4) Y:      Used:       84M (16%)          84M (16%)          82M (16%)          80M (16%)          84M (16%)          80M (16%)    
[2026-05-11T15:36:23.900+0100][0.220s][info][gc,heap     ] GC(4) Y: Young Generation Statistics:
[2026-05-11T15:36:23.900+0100][0.220s][info][gc,heap     ] GC(4) Y:                Mark Start          Mark End        Relocate Start      Relocate End    
[2026-05-11T15:36:23.900+0100][0.220s][info][gc,heap     ] GC(4) Y:      Used:        6M (1%)            6M (1%)            4M (1%)            0M (0%)     
[2026-05-11T15:36:23.900+0100][0.220s][info][gc,heap     ] GC(4) Y:      Live:         -                 0M (0%)            0M (0%)            0M (0%)     
[2026-05-11T15:36:23.900+0100][0.220s][info][gc,heap     ] GC(4) Y:   Garbage:         -                 5M (1%)            3M (1%)            0M (0%)     
[2026-05-11T15:36:23.900+0100][0.220s][info][gc,heap     ] GC(4) Y: Allocated:         -                 0M (0%)            0M (0%)            0M (0%)     
[2026-05-11T15:36:23.900+0100][0.220s][info][gc,heap     ] GC(4) Y: Reclaimed:         -                  -                 2M (0%)            5M (1%)     
[2026-05-11T15:36:23.900+0100][0.220s][info][gc,heap     ] GC(4) Y:  Promoted:         -                  -                 0M (0%)            0M (0%)     
[2026-05-11T15:36:23.900+0100][0.220s][info][gc,heap     ] GC(4) Y: Compacted:         -                  -                  -                 0M (0%)     
[2026-05-11T15:36:23.900+0100][0.220s][info][gc,phases   ] GC(4) Y: Young Generation (Promote All) 84M(16%)->80M(16%) 0.001s
[2026-05-11T15:36:23.900+0100][0.220s][info][gc,phases   ] GC(4) Y: Young Generation (Collect Roots)
[2026-05-11T15:36:23.900+0100][0.220s][info][gc,phases   ] GC(4) Y: Pause Mark Start (Major) 0.002ms
[2026-05-11T15:36:23.900+0100][0.221s][info][gc,phases   ] GC(4) Y: Concurrent Mark 0.390ms
[2026-05-11T15:36:23.900+0100][0.221s][info][gc,phases   ] GC(4) Y: Pause Mark End 0.002ms
[2026-05-11T15:36:23.900+0100][0.221s][info][gc,phases   ] GC(4) Y: Concurrent Mark Free 0.000ms
[2026-05-11T15:36:23.900+0100][0.221s][info][gc,phases   ] GC(4) Y: Concurrent Reset Relocation Set 0.000ms
[2026-05-11T15:36:23.900+0100][0.221s][info][gc,reloc    ] GC(4) Y: Using tenuring threshold: 0 (Computed)
[2026-05-11T15:36:23.900+0100][0.221s][info][gc,phases   ] GC(4) Y: Concurrent Select Relocation Set 0.024ms
[2026-05-11T15:36:23.900+0100][0.221s][info][gc,phases   ] GC(4) Y: Pause Relocate Start 0.001ms
[2026-05-11T15:36:23.901+0100][0.221s][info][gc,phases   ] GC(4) Y: Concurrent Relocate 0.015ms
[2026-05-11T15:36:23.901+0100][0.221s][info][gc,alloc    ] GC(4) Y:                         Mark Start        Mark End      Relocate Start    Relocate End   
[2026-05-11T15:36:23.901+0100][0.221s][info][gc,alloc    ] GC(4) Y: Allocation Stalls:          0                0                0                0         
[2026-05-11T15:36:23.901+0100][0.221s][info][gc,load     ] GC(4) Y: Load: 3.25 (41%) / 3.41 (43%) / 2.48 (31%)
[2026-05-11T15:36:23.901+0100][0.221s][info][gc,mmu      ] GC(4) Y: MMU: 2ms/99.1%, 5ms/99.6%, 10ms/99.7%, 20ms/99.8%, 50ms/99.9%, 100ms/99.9%
[2026-05-11T15:36:23.901+0100][0.221s][info][gc,marking  ] GC(4) Y: Mark: 2 stripe(s), 1 proactive flush(es), 1 terminate flush(es), 0 completion(s), 0 continuation(s) 
[2026-05-11T15:36:23.901+0100][0.221s][info][gc,nmethod  ] GC(4) Y: NMethods: 353 registered, 31 unregistered
[2026-05-11T15:36:23.901+0100][0.221s][info][gc,metaspace] GC(4) Y: Metaspace: 2M used, 2M committed, 1088M reserved
[2026-05-11T15:36:23.901+0100][0.221s][info][gc,heap     ] GC(4) Y: Min Capacity: 256M(50%)
[2026-05-11T15:36:23.901+0100][0.221s][info][gc,heap     ] GC(4) Y: Max Capacity: 512M(100%)
[2026-05-11T15:36:23.901+0100][0.221s][info][gc,heap     ] GC(4) Y: Soft Max Capacity: 512M(100%)
[2026-05-11T15:36:23.901+0100][0.221s][info][gc,heap     ] GC(4) Y: Heap Statistics:
[2026-05-11T15:36:23.901+0100][0.221s][info][gc,heap     ] GC(4) Y:                Mark Start          Mark End        Relocate Start      Relocate End           High               Low         
[2026-05-11T15:36:23.901+0100][0.221s][info][gc,heap     ] GC(4) Y:  Capacity:      256M (50%)         256M (50%)         256M (50%)         256M (50%)         256M (50%)         256M (50%)    
[2026-05-11T15:36:23.901+0100][0.221s][info][gc,heap     ] GC(4) Y:      Free:      432M (84%)         432M (84%)         432M (84%)         432M (84%)         432M (84%)         432M (84%)    
[2026-05-11T15:36:23.901+0100][0.221s][info][gc,heap     ] GC(4) Y:      Used:       80M (16%)          80M (16%)          80M (16%)          80M (16%)          80M (16%)          80M (16%)    
[2026-05-11T15:36:23.901+0100][0.221s][info][gc,heap     ] GC(4) Y: Young Generation Statistics:
[2026-05-11T15:36:23.901+0100][0.221s][info][gc,heap     ] GC(4) Y:                Mark Start          Mark End        Relocate Start      Relocate End    
[2026-05-11T15:36:23.901+0100][0.221s][info][gc,heap     ] GC(4) Y:      Used:        0M (0%)            0M (0%)            0M (0%)            0M (0%)     
[2026-05-11T15:36:23.901+0100][0.221s][info][gc,heap     ] GC(4) Y:      Live:         -                 0M (0%)            0M (0%)            0M (0%)     
[2026-05-11T15:36:23.901+0100][0.221s][info][gc,heap     ] GC(4) Y:   Garbage:         -                 0M (0%)            0M (0%)            0M (0%)     
[2026-05-11T15:36:23.901+0100][0.221s][info][gc,heap     ] GC(4) Y: Allocated:         -                 0M (0%)            0M (0%)            0M (0%)     
[2026-05-11T15:36:23.901+0100][0.221s][info][gc,heap     ] GC(4) Y: Reclaimed:         -                  -                 0M (0%)            0M (0%)     
[2026-05-11T15:36:23.901+0100][0.221s][info][gc,heap     ] GC(4) Y:  Promoted:         -                  -                 0M (0%)            0M (0%)     
[2026-05-11T15:36:23.901+0100][0.221s][info][gc,heap     ] GC(4) Y: Compacted:         -                  -                  -                 0M (0%)     
[2026-05-11T15:36:23.901+0100][0.221s][info][gc,phases   ] GC(4) Y: Young Generation (Collect Roots) 80M(16%)->80M(16%) 0.001s
[2026-05-11T15:36:23.901+0100][0.221s][info][gc,phases   ] GC(4) O: Old Generation
[2026-05-11T15:36:23.922+0100][0.242s][info][gc,phases   ] GC(4) O: Concurrent Mark 21.107ms
[2026-05-11T15:36:23.922+0100][0.242s][info][gc,phases   ] GC(4) O: Pause Mark End 0.013ms
[2026-05-11T15:36:23.922+0100][0.242s][info][gc,phases   ] GC(4) O: Concurrent Mark Free 0.009ms
[2026-05-11T15:36:23.922+0100][0.242s][info][gc,phases   ] GC(4) O: Concurrent Process Non-Strong 0.399ms
[2026-05-11T15:36:23.922+0100][0.242s][info][gc,phases   ] GC(4) O: Concurrent Reset Relocation Set 0.001ms
[2026-05-11T15:36:23.923+0100][0.243s][info][gc,phases   ] GC(4) O: Concurrent Select Relocation Set 0.712ms
[2026-05-11T15:36:23.923+0100][0.243s][info][gc,task     ] GC(4) O: Using 2 Workers for Old Generation
[2026-05-11T15:36:23.923+0100][0.243s][info][gc,task     ] GC(4) O: Using 2 Workers for Old Generation
[2026-05-11T15:36:23.923+0100][0.243s][info][gc,phases   ] GC(4) O: Concurrent Remap Roots 0.211ms
[2026-05-11T15:36:23.923+0100][0.243s][info][gc,phases   ] GC(4) O: Pause Relocate Start 0.002ms
[2026-05-11T15:36:23.935+0100][0.256s][info][gc,phases   ] GC(4) O: Concurrent Relocate 12.045ms
[2026-05-11T15:36:23.935+0100][0.256s][info][gc,alloc    ] GC(4) O:                         Mark Start        Mark End      Relocate Start    Relocate End   
[2026-05-11T15:36:23.935+0100][0.256s][info][gc,alloc    ] GC(4) O: Allocation Stalls:          0                0                0                0         
[2026-05-11T15:36:23.935+0100][0.256s][info][gc,load     ] GC(4) O: Load: 3.25 (41%) / 3.41 (43%) / 2.48 (31%)
[2026-05-11T15:36:23.935+0100][0.256s][info][gc,mmu      ] GC(4) O: MMU: 2ms/99.1%, 5ms/99.6%, 10ms/99.7%, 20ms/99.8%, 50ms/99.9%, 100ms/99.9%
[2026-05-11T15:36:23.935+0100][0.256s][info][gc,marking  ] GC(4) O: Mark: 2 stripe(s), 2 proactive flush(es), 1 terminate flush(es), 0 completion(s), 0 continuation(s) 
[2026-05-11T15:36:23.935+0100][0.256s][info][gc,nmethod  ] GC(4) O: NMethods: 353 registered, 31 unregistered
[2026-05-11T15:36:23.935+0100][0.256s][info][gc,metaspace] GC(4) O: Metaspace: 2M used, 2M committed, 1088M reserved
[2026-05-11T15:36:23.935+0100][0.256s][info][gc,ref      ] GC(4) O:                       Encountered   Discovered     Enqueued 
[2026-05-11T15:36:23.935+0100][0.256s][info][gc,ref      ] GC(4) O: Soft References:               78            0            0 
[2026-05-11T15:36:23.935+0100][0.256s][info][gc,ref      ] GC(4) O: Weak References:              182           76           18 
[2026-05-11T15:36:23.935+0100][0.256s][info][gc,ref      ] GC(4) O: Final References:               6            6            0 
[2026-05-11T15:36:23.935+0100][0.256s][info][gc,ref      ] GC(4) O: Phantom References:             2            1            0 
[2026-05-11T15:36:23.935+0100][0.256s][info][gc,reloc    ] GC(4) O:                        Candidates     Selected     In-Place         Size        Empty    Relocated 
[2026-05-11T15:36:23.935+0100][0.256s][info][gc,reloc    ] GC(4) O: Small Pages:                   40            7            0          80M           0M           8M 
[2026-05-11T15:36:23.935+0100][0.256s][info][gc,reloc    ] GC(4) O: Medium Pages:                   0            0            0           0M           0M           0M 
[2026-05-11T15:36:23.935+0100][0.256s][info][gc,reloc    ] GC(4) O: Large Pages:                    0            0            0           0M           0M           0M 
[2026-05-11T15:36:23.935+0100][0.256s][info][gc,reloc    ] GC(4) O: Forwarding Usage: 11M
[2026-05-11T15:36:23.935+0100][0.256s][info][gc,heap     ] GC(4) O: Min Capacity: 256M(50%)
[2026-05-11T15:36:23.935+0100][0.256s][info][gc,heap     ] GC(4) O: Max Capacity: 512M(100%)
[2026-05-11T15:36:23.935+0100][0.256s][info][gc,heap     ] GC(4) O: Soft Max Capacity: 512M(100%)
[2026-05-11T15:36:23.935+0100][0.256s][info][gc,heap     ] GC(4) O: Heap Statistics:
[2026-05-11T15:36:23.935+0100][0.256s][info][gc,heap     ] GC(4) O:                Mark Start          Mark End        Relocate Start      Relocate End           High               Low         
[2026-05-11T15:36:23.935+0100][0.256s][info][gc,heap     ] GC(4) O:  Capacity:      256M (50%)         256M (50%)         256M (50%)         256M (50%)         256M (50%)         256M (50%)    
[2026-05-11T15:36:23.935+0100][0.256s][info][gc,heap     ] GC(4) O:      Free:      432M (84%)         432M (84%)         432M (84%)         448M (88%)         448M (88%)         428M (84%)    
[2026-05-11T15:36:23.935+0100][0.256s][info][gc,heap     ] GC(4) O:      Used:       80M (16%)          80M (16%)          80M (16%)          64M (12%)          84M (16%)          64M (12%)    
[2026-05-11T15:36:23.935+0100][0.256s][info][gc,heap     ] GC(4) O: Old Generation Statistics:
[2026-05-11T15:36:23.935+0100][0.256s][info][gc,heap     ] GC(4) O:                Mark Start          Mark End        Relocate Start      Relocate End    
[2026-05-11T15:36:23.935+0100][0.256s][info][gc,heap     ] GC(4) O:      Used:       80M (16%)          80M (16%)          80M (16%)          64M (12%)    
[2026-05-11T15:36:23.935+0100][0.256s][info][gc,heap     ] GC(4) O:      Live:         -                59M (12%)          59M (12%)          59M (12%)    
[2026-05-11T15:36:23.935+0100][0.256s][info][gc,heap     ] GC(4) O:   Garbage:         -                20M (4%)           20M (4%)            1M (0%)     
[2026-05-11T15:36:23.935+0100][0.256s][info][gc,heap     ] GC(4) O: Allocated:         -                 0M (0%)            0M (0%)            2M (1%)     
[2026-05-11T15:36:23.935+0100][0.256s][info][gc,heap     ] GC(4) O: Reclaimed:         -                  -                 0M (0%)           18M (4%)     
[2026-05-11T15:36:23.935+0100][0.256s][info][gc,heap     ] GC(4) O: Compacted:         -                  -                  -                31M (6%)     
[2026-05-11T15:36:23.935+0100][0.256s][info][gc,phases   ] GC(4) O: Old Generation 80M(16%)->64M(12%) 0.035s
[2026-05-11T15:36:23.936+0100][0.256s][info][gc          ] GC(4) Major Collection (System.gc()) 84M(16%)->64M(12%) 0.037s
[2026-05-11T15:36:24.076+0100][0.397s][info][gc          ] GC(5) Minor Collection (Allocation Rate)
[2026-05-11T15:36:24.077+0100][0.397s][info][gc,task     ] GC(5) Using 2 Workers for Young Generation
[2026-05-11T15:36:24.077+0100][0.397s][info][gc,phases   ] GC(5) y: Young Generation
[2026-05-11T15:36:24.077+0100][0.397s][info][gc,phases   ] GC(5) y: Pause Mark Start 0.005ms
[2026-05-11T15:36:24.078+0100][0.398s][info][gc,phases   ] GC(5) y: Concurrent Mark 0.981ms
[2026-05-11T15:36:24.078+0100][0.398s][info][gc,phases   ] GC(5) y: Pause Mark End 0.006ms
[2026-05-11T15:36:24.078+0100][0.398s][info][gc,phases   ] GC(5) y: Concurrent Mark Free 0.001ms
[2026-05-11T15:36:24.078+0100][0.398s][info][gc,phases   ] GC(5) y: Concurrent Reset Relocation Set 0.000ms
[2026-05-11T15:36:24.078+0100][0.398s][info][gc,reloc    ] GC(5) y: Using tenuring threshold: 1 (Computed)
[2026-05-11T15:36:24.078+0100][0.398s][info][gc,phases   ] GC(5) y: Concurrent Select Relocation Set 0.109ms
[2026-05-11T15:36:24.078+0100][0.398s][info][gc,phases   ] GC(5) y: Pause Relocate Start 0.004ms
[2026-05-11T15:36:24.078+0100][0.398s][info][gc,phases   ] GC(5) y: Concurrent Relocate 0.080ms
[2026-05-11T15:36:24.078+0100][0.398s][info][gc,alloc    ] GC(5) y:                         Mark Start        Mark End      Relocate Start    Relocate End   
[2026-05-11T15:36:24.078+0100][0.398s][info][gc,alloc    ] GC(5) y: Allocation Stalls:          0                0                0                0         
[2026-05-11T15:36:24.078+0100][0.398s][info][gc,load     ] GC(5) y: Load: 3.25 (41%) / 3.41 (43%) / 2.48 (31%)
[2026-05-11T15:36:24.078+0100][0.398s][info][gc,mmu      ] GC(5) y: MMU: 2ms/99.1%, 5ms/99.6%, 10ms/99.7%, 20ms/99.8%, 50ms/99.9%, 100ms/99.9%
[2026-05-11T15:36:24.078+0100][0.398s][info][gc,marking  ] GC(5) y: Mark: 2 stripe(s), 3 proactive flush(es), 1 terminate flush(es), 0 completion(s), 0 continuation(s) 
[2026-05-11T15:36:24.078+0100][0.398s][info][gc,nmethod  ] GC(5) y: NMethods: 371 registered, 31 unregistered
[2026-05-11T15:36:24.078+0100][0.398s][info][gc,metaspace] GC(5) y: Metaspace: 2M used, 2M committed, 1088M reserved
[2026-05-11T15:36:24.078+0100][0.398s][info][gc,reloc    ] GC(5) y:                        Candidates     Selected     In-Place         Size        Empty    Relocated 
[2026-05-11T15:36:24.078+0100][0.398s][info][gc,reloc    ] GC(5) y: Small Pages:                  106            1            0         212M         200M           0M 
[2026-05-11T15:36:24.078+0100][0.398s][info][gc,reloc    ] GC(5) y: Medium Pages:                   0            0            0           0M           0M           0M 
[2026-05-11T15:36:24.078+0100][0.398s][info][gc,reloc    ] GC(5) y: Large Pages:                    0            0            0           0M           0M           0M 
[2026-05-11T15:36:24.078+0100][0.398s][info][gc,reloc    ] GC(5) y: Forwarding Usage: 0M
[2026-05-11T15:36:24.078+0100][0.398s][info][gc,reloc    ] GC(5) y: Age Table:
[2026-05-11T15:36:24.078+0100][0.398s][info][gc,reloc    ] GC(5) y:                    Live             Garbage             Small              Medium             Large        
[2026-05-11T15:36:24.078+0100][0.398s][info][gc,reloc    ] GC(5) y: Eden               8M (2%)          203M (40%)        106 / 1              0 / 0              0 / 0        
[2026-05-11T15:36:24.078+0100][0.398s][info][gc,heap     ] GC(5) y: Min Capacity: 256M(50%)
[2026-05-11T15:36:24.078+0100][0.398s][info][gc,heap     ] GC(5) y: Max Capacity: 512M(100%)
[2026-05-11T15:36:24.078+0100][0.398s][info][gc,heap     ] GC(5) y: Soft Max Capacity: 512M(100%)
[2026-05-11T15:36:24.078+0100][0.398s][info][gc,heap     ] GC(5) y: Heap Statistics:
[2026-05-11T15:36:24.078+0100][0.398s][info][gc,heap     ] GC(5) y:                Mark Start          Mark End        Relocate Start      Relocate End           High               Low         
[2026-05-11T15:36:24.078+0100][0.398s][info][gc,heap     ] GC(5) y:  Capacity:      276M (54%)         276M (54%)         276M (54%)         276M (54%)         276M (54%)         276M (54%)    
[2026-05-11T15:36:24.078+0100][0.398s][info][gc,heap     ] GC(5) y:      Free:      236M (46%)         236M (46%)         436M (85%)         436M (85%)         436M (85%)         236M (46%)    
[2026-05-11T15:36:24.078+0100][0.398s][info][gc,heap     ] GC(5) y:      Used:      276M (54%)         276M (54%)          76M (15%)          76M (15%)         276M (54%)          76M (15%)    
[2026-05-11T15:36:24.078+0100][0.398s][info][gc,heap     ] GC(5) y: Young Generation Statistics:
[2026-05-11T15:36:24.078+0100][0.398s][info][gc,heap     ] GC(5) y:                Mark Start          Mark End        Relocate Start      Relocate End    
[2026-05-11T15:36:24.078+0100][0.398s][info][gc,heap     ] GC(5) y:      Used:      212M (41%)         212M (41%)          12M (2%)           12M (2%)     
[2026-05-11T15:36:24.078+0100][0.398s][info][gc,heap     ] GC(5) y:      Live:         -                 8M (2%)            8M (2%)            8M (2%)     
[2026-05-11T15:36:24.078+0100][0.398s][info][gc,heap     ] GC(5) y:   Garbage:         -               203M (40%)           3M (1%)            0M (0%)     
[2026-05-11T15:36:24.078+0100][0.398s][info][gc,heap     ] GC(5) y: Allocated:         -                 0M (0%)            0M (0%)            3M (1%)     
[2026-05-11T15:36:24.078+0100][0.398s][info][gc,heap     ] GC(5) y: Reclaimed:         -                  -               200M (39%)         203M (40%)    
[2026-05-11T15:36:24.078+0100][0.398s][info][gc,heap     ] GC(5) y:  Promoted:         -                  -                 0M (0%)            0M (0%)     
[2026-05-11T15:36:24.078+0100][0.398s][info][gc,heap     ] GC(5) y: Compacted:         -                  -                  -                 0M (0%)     
[2026-05-11T15:36:24.078+0100][0.398s][info][gc,phases   ] GC(5) y: Young Generation 276M(54%)->76M(15%) 0.002s
[2026-05-11T15:36:24.078+0100][0.398s][info][gc          ] GC(5) Minor Collection (Allocation Rate) 276M(54%)->76M(15%) 0.002s
[2026-05-11T15:36:24.166+0100][0.486s][info][gc          ] GC(6) Minor Collection (Allocation Rate)
[2026-05-11T15:36:24.166+0100][0.486s][info][gc,task     ] GC(6) Using 2 Workers for Young Generation
[2026-05-11T15:36:24.166+0100][0.486s][info][gc,phases   ] GC(6) y: Young Generation
[2026-05-11T15:36:24.166+0100][0.486s][info][gc,phases   ] GC(6) y: Pause Mark Start 0.005ms
[2026-05-11T15:36:24.181+0100][0.502s][info][gc,phases   ] GC(6) y: Concurrent Mark 15.169ms
[2026-05-11T15:36:24.181+0100][0.502s][info][gc,phases   ] GC(6) y: Pause Mark End 0.009ms
[2026-05-11T15:36:24.181+0100][0.502s][info][gc,phases   ] GC(6) y: Concurrent Mark Free 0.001ms
[2026-05-11T15:36:24.181+0100][0.502s][info][gc,phases   ] GC(6) y: Concurrent Reset Relocation Set 0.000ms
[2026-05-11T15:36:24.181+0100][0.502s][info][gc,reloc    ] GC(6) y: Using tenuring threshold: 2 (Computed)
[2026-05-11T15:36:24.181+0100][0.502s][info][gc,phases   ] GC(6) y: Concurrent Select Relocation Set 0.104ms
[2026-05-11T15:36:24.182+0100][0.502s][info][gc,phases   ] GC(6) y: Pause Relocate Start 0.006ms
[2026-05-11T15:36:24.182+0100][0.502s][info][gc,phases   ] GC(6) y: Concurrent Relocate 0.636ms
[2026-05-11T15:36:24.182+0100][0.502s][info][gc,alloc    ] GC(6) y:                         Mark Start        Mark End      Relocate Start    Relocate End   
[2026-05-11T15:36:24.182+0100][0.502s][info][gc,alloc    ] GC(6) y: Allocation Stalls:          0                0                0                0         
[2026-05-11T15:36:24.182+0100][0.502s][info][gc,load     ] GC(6) y: Load: 3.25 (41%) / 3.41 (43%) / 2.48 (31%)
[2026-05-11T15:36:24.182+0100][0.502s][info][gc,mmu      ] GC(6) y: MMU: 2ms/99.1%, 5ms/99.6%, 10ms/99.7%, 20ms/99.8%, 50ms/99.9%, 100ms/99.9%
[2026-05-11T15:36:24.182+0100][0.502s][info][gc,marking  ] GC(6) y: Mark: 2 stripe(s), 1 proactive flush(es), 1 terminate flush(es), 0 completion(s), 0 continuation(s) 
[2026-05-11T15:36:24.182+0100][0.502s][info][gc,nmethod  ] GC(6) y: NMethods: 472 registered, 31 unregistered
[2026-05-11T15:36:24.182+0100][0.502s][info][gc,metaspace] GC(6) y: Metaspace: 2M used, 2M committed, 1088M reserved
[2026-05-11T15:36:24.182+0100][0.502s][info][gc,reloc    ] GC(6) y:                        Candidates     Selected     In-Place         Size        Empty    Relocated 
[2026-05-11T15:36:24.182+0100][0.503s][info][gc,reloc    ] GC(6) y: Small Pages:                  103            1            0         206M         136M           1M 
[2026-05-11T15:36:24.182+0100][0.503s][info][gc,reloc    ] GC(6) y: Medium Pages:                   0            0            0           0M           0M           0M 
[2026-05-11T15:36:24.182+0100][0.503s][info][gc,reloc    ] GC(6) y: Large Pages:                    0            0            0           0M           0M           0M 
[2026-05-11T15:36:24.182+0100][0.503s][info][gc,reloc    ] GC(6) y: Forwarding Usage: 0M
[2026-05-11T15:36:24.182+0100][0.503s][info][gc,reloc    ] GC(6) y: Age Table:
[2026-05-11T15:36:24.182+0100][0.503s][info][gc,reloc    ] GC(6) y:                    Live             Garbage             Small              Medium             Large        
[2026-05-11T15:36:24.182+0100][0.503s][info][gc,reloc    ] GC(6) y: Eden              66M (13%)         127M (25%)         97 / 1              0 / 0              0 / 0        
[2026-05-11T15:36:24.182+0100][0.503s][info][gc,reloc    ] GC(6) y: Survivor 1         0M (0%)           11M (2%)           6 / 0              0 / 0              0 / 0        
[2026-05-11T15:36:24.182+0100][0.503s][info][gc,heap     ] GC(6) y: Min Capacity: 256M(50%)
[2026-05-11T15:36:24.182+0100][0.503s][info][gc,heap     ] GC(6) y: Max Capacity: 512M(100%)
[2026-05-11T15:36:24.182+0100][0.503s][info][gc,heap     ] GC(6) y: Soft Max Capacity: 512M(100%)
[2026-05-11T15:36:24.182+0100][0.503s][info][gc,heap     ] GC(6) y: Heap Statistics:
[2026-05-11T15:36:24.182+0100][0.503s][info][gc,heap     ] GC(6) y:                Mark Start          Mark End        Relocate Start      Relocate End           High               Low         
[2026-05-11T15:36:24.182+0100][0.503s][info][gc,heap     ] GC(6) y:  Capacity:      276M (54%)         276M (54%)         276M (54%)         276M (54%)         276M (54%)         276M (54%)    
[2026-05-11T15:36:24.182+0100][0.503s][info][gc,heap     ] GC(6) y:      Free:      242M (47%)         240M (47%)         376M (73%)         376M (73%)         376M (73%)         238M (46%)    
[2026-05-11T15:36:24.182+0100][0.503s][info][gc,heap     ] GC(6) y:      Used:      270M (53%)         272M (53%)         136M (27%)         136M (27%)         274M (54%)         136M (27%)    
[2026-05-11T15:36:24.182+0100][0.503s][info][gc,heap     ] GC(6) y: Young Generation Statistics:
[2026-05-11T15:36:24.182+0100][0.503s][info][gc,heap     ] GC(6) y:                Mark Start          Mark End        Relocate Start      Relocate End    
[2026-05-11T15:36:24.182+0100][0.503s][info][gc,heap     ] GC(6) y:      Used:      206M (40%)         208M (41%)          72M (14%)          72M (14%)    
[2026-05-11T15:36:24.182+0100][0.503s][info][gc,heap     ] GC(6) y:      Live:         -                66M (13%)          66M (13%)          66M (13%)    
[2026-05-11T15:36:24.182+0100][0.503s][info][gc,heap     ] GC(6) y:   Garbage:         -               139M (27%)           3M (1%)            1M (0%)     
[2026-05-11T15:36:24.182+0100][0.503s][info][gc,heap     ] GC(6) y: Allocated:         -                 2M (0%)            2M (0%)            4M (1%)     
[2026-05-11T15:36:24.182+0100][0.503s][info][gc,heap     ] GC(6) y: Reclaimed:         -                  -               136M (27%)         138M (27%)    
[2026-05-11T15:36:24.182+0100][0.503s][info][gc,heap     ] GC(6) y:  Promoted:         -                  -                 0M (0%)            0M (0%)     
[2026-05-11T15:36:24.182+0100][0.503s][info][gc,heap     ] GC(6) y: Compacted:         -                  -                  -                 1M (0%)     
[2026-05-11T15:36:24.182+0100][0.503s][info][gc,phases   ] GC(6) y: Young Generation 270M(53%)->136M(27%) 0.016s
[2026-05-11T15:36:24.182+0100][0.503s][info][gc          ] GC(6) Minor Collection (Allocation Rate) 270M(53%)->136M(27%) 0.016s
[2026-05-11T15:36:24.182+0100][0.503s][info][gc          ] GC(7) Major Collection (System.gc())
[2026-05-11T15:36:24.182+0100][0.503s][info][gc,task     ] GC(7) Using 2 Workers for Young Generation
[2026-05-11T15:36:24.182+0100][0.503s][info][gc,task     ] GC(7) Using 2 Workers for Old Generation
[2026-05-11T15:36:24.182+0100][0.503s][info][gc,phases   ] GC(7) Y: Young Generation (Promote All)
[2026-05-11T15:36:24.182+0100][0.503s][info][gc,phases   ] GC(7) Y: Pause Mark Start 0.003ms
[2026-05-11T15:36:24.199+0100][0.520s][info][gc,phases   ] GC(7) Y: Concurrent Mark 16.862ms
[2026-05-11T15:36:24.201+0100][0.521s][info][gc,phases   ] GC(7) Y: Pause Mark End 0.011ms
[2026-05-11T15:36:24.201+0100][0.521s][info][gc,phases   ] GC(7) Y: Concurrent Mark Free 0.001ms
[2026-05-11T15:36:24.201+0100][0.521s][info][gc,phases   ] GC(7) Y: Concurrent Reset Relocation Set 0.001ms
[2026-05-11T15:36:24.201+0100][0.521s][info][gc,reloc    ] GC(7) Y: Using tenuring threshold: 0 (Promote All)
[2026-05-11T15:36:24.211+0100][0.531s][info][gc,phases   ] GC(7) Y: Concurrent Select Relocation Set 9.943ms
[2026-05-11T15:36:24.211+0100][0.531s][info][gc,phases   ] GC(7) Y: Pause Relocate Start 0.008ms
[2026-05-11T15:36:24.225+0100][0.545s][info][gc,phases   ] GC(7) Y: Concurrent Relocate 14.263ms
[2026-05-11T15:36:24.225+0100][0.545s][info][gc,alloc    ] GC(7) Y:                         Mark Start        Mark End      Relocate Start    Relocate End   
[2026-05-11T15:36:24.225+0100][0.545s][info][gc,alloc    ] GC(7) Y: Allocation Stalls:          0                0                0                0         
[2026-05-11T15:36:24.225+0100][0.545s][info][gc,load     ] GC(7) Y: Load: 3.25 (41%) / 3.41 (43%) / 2.48 (31%)
[2026-05-11T15:36:24.225+0100][0.545s][info][gc,mmu      ] GC(7) Y: MMU: 2ms/99.1%, 5ms/99.6%, 10ms/99.7%, 20ms/99.8%, 50ms/99.9%, 100ms/99.9%
[2026-05-11T15:36:24.225+0100][0.545s][info][gc,marking  ] GC(7) Y: Mark: 2 stripe(s), 1 proactive flush(es), 1 terminate flush(es), 0 completion(s), 0 continuation(s) 
[2026-05-11T15:36:24.225+0100][0.545s][info][gc,nmethod  ] GC(7) Y: NMethods: 472 registered, 31 unregistered
[2026-05-11T15:36:24.225+0100][0.545s][info][gc,metaspace] GC(7) Y: Metaspace: 2M used, 2M committed, 1088M reserved
[2026-05-11T15:36:24.225+0100][0.545s][info][gc,reloc    ] GC(7) Y:                        Candidates     Selected     In-Place         Size        Empty    Relocated 
[2026-05-11T15:36:24.225+0100][0.545s][info][gc,reloc    ] GC(7) Y: Small Pages:                   36            1            0          72M           0M           1M 
[2026-05-11T15:36:24.225+0100][0.545s][info][gc,reloc    ] GC(7) Y: Medium Pages:                   0            0            0           0M           0M           0M 
[2026-05-11T15:36:24.225+0100][0.545s][info][gc,reloc    ] GC(7) Y: Large Pages:                    0            0            0           0M           0M           0M 
[2026-05-11T15:36:24.225+0100][0.545s][info][gc,reloc    ] GC(7) Y: Forwarding Usage: 0M
[2026-05-11T15:36:24.225+0100][0.545s][info][gc,reloc    ] GC(7) Y: Age Table:
[2026-05-11T15:36:24.225+0100][0.545s][info][gc,reloc    ] GC(7) Y:                    Live             Garbage             Small              Medium             Large        
[2026-05-11T15:36:24.225+0100][0.545s][info][gc,reloc    ] GC(7) Y: Eden               1M (0%)            0M (0%)           1 / 0              0 / 0              0 / 0        
[2026-05-11T15:36:24.225+0100][0.545s][info][gc,reloc    ] GC(7) Y: Survivor 1        66M (13%)           1M (0%)          34 / 1              0 / 0              0 / 0        
[2026-05-11T15:36:24.225+0100][0.545s][info][gc,reloc    ] GC(7) Y: Survivor 2         0M (0%)            1M (0%)           1 / 0              0 / 0              0 / 0        
[2026-05-11T15:36:24.225+0100][0.545s][info][gc,heap     ] GC(7) Y: Min Capacity: 256M(50%)
[2026-05-11T15:36:24.225+0100][0.545s][info][gc,heap     ] GC(7) Y: Max Capacity: 512M(100%)
[2026-05-11T15:36:24.225+0100][0.545s][info][gc,heap     ] GC(7) Y: Soft Max Capacity: 512M(100%)
[2026-05-11T15:36:24.225+0100][0.545s][info][gc,heap     ] GC(7) Y: Heap Statistics:
[2026-05-11T15:36:24.225+0100][0.545s][info][gc,heap     ] GC(7) Y:                Mark Start          Mark End        Relocate Start      Relocate End           High               Low         
[2026-05-11T15:36:24.225+0100][0.545s][info][gc,heap     ] GC(7) Y:  Capacity:      276M (54%)         276M (54%)         276M (54%)         276M (54%)         276M (54%)         276M (54%)    
[2026-05-11T15:36:24.225+0100][0.545s][info][gc,heap     ] GC(7) Y:      Free:      376M (73%)         376M (73%)         376M (73%)         376M (73%)         376M (73%)         372M (73%)    
[2026-05-11T15:36:24.225+0100][0.545s][info][gc,heap     ] GC(7) Y:      Used:      136M (27%)         136M (27%)         136M (27%)         136M (27%)         140M (27%)         136M (27%)    
[2026-05-11T15:36:24.225+0100][0.545s][info][gc,heap     ] GC(7) Y: Young Generation Statistics:
[2026-05-11T15:36:24.225+0100][0.545s][info][gc,heap     ] GC(7) Y:                Mark Start          Mark End        Relocate Start      Relocate End    
[2026-05-11T15:36:24.225+0100][0.545s][info][gc,heap     ] GC(7) Y:      Used:       72M (14%)          72M (14%)           4M (1%)            0M (0%)     
[2026-05-11T15:36:24.225+0100][0.545s][info][gc,heap     ] GC(7) Y:      Live:         -                67M (13%)           1M (0%)            0M (0%)     
[2026-05-11T15:36:24.225+0100][0.545s][info][gc,heap     ] GC(7) Y:   Garbage:         -                 4M (1%)            2M (1%)            0M (0%)     
[2026-05-11T15:36:24.225+0100][0.545s][info][gc,heap     ] GC(7) Y: Allocated:         -                 0M (0%)            0M (0%)            0M (0%)     
[2026-05-11T15:36:24.225+0100][0.545s][info][gc,heap     ] GC(7) Y: Reclaimed:         -                  -                 1M (0%)            4M (1%)     
[2026-05-11T15:36:24.225+0100][0.545s][info][gc,heap     ] GC(7) Y:  Promoted:         -                  -                66M (13%)          67M (13%)    
[2026-05-11T15:36:24.225+0100][0.545s][info][gc,heap     ] GC(7) Y: Compacted:         -                  -                  -                 0M (0%)     
[2026-05-11T15:36:24.225+0100][0.545s][info][gc,phases   ] GC(7) Y: Young Generation (Promote All) 136M(27%)->136M(27%) 0.043s
[2026-05-11T15:36:24.225+0100][0.545s][info][gc,phases   ] GC(7) Y: Young Generation (Collect Roots)
[2026-05-11T15:36:24.225+0100][0.545s][info][gc,phases   ] GC(7) Y: Pause Mark Start (Major) 0.007ms
[2026-05-11T15:36:24.226+0100][0.546s][info][gc,phases   ] GC(7) Y: Concurrent Mark 0.449ms
[2026-05-11T15:36:24.226+0100][0.546s][info][gc,phases   ] GC(7) Y: Pause Mark End 0.006ms
[2026-05-11T15:36:24.226+0100][0.546s][info][gc,phases   ] GC(7) Y: Concurrent Mark Free 0.000ms
[2026-05-11T15:36:24.226+0100][0.546s][info][gc,phases   ] GC(7) Y: Concurrent Reset Relocation Set 0.025ms
[2026-05-11T15:36:24.226+0100][0.546s][info][gc,reloc    ] GC(7) Y: Using tenuring threshold: 0 (Computed)
[2026-05-11T15:36:24.226+0100][0.546s][info][gc,phases   ] GC(7) Y: Concurrent Select Relocation Set 0.031ms
[2026-05-11T15:36:24.226+0100][0.546s][info][gc,phases   ] GC(7) Y: Pause Relocate Start 0.001ms
[2026-05-11T15:36:24.226+0100][0.546s][info][gc,phases   ] GC(7) Y: Concurrent Relocate 0.019ms
[2026-05-11T15:36:24.226+0100][0.546s][info][gc,alloc    ] GC(7) Y:                         Mark Start        Mark End      Relocate Start    Relocate End   
[2026-05-11T15:36:24.226+0100][0.546s][info][gc,alloc    ] GC(7) Y: Allocation Stalls:          0                0                0                0         
[2026-05-11T15:36:24.226+0100][0.546s][info][gc,load     ] GC(7) Y: Load: 3.25 (41%) / 3.41 (43%) / 2.48 (31%)
[2026-05-11T15:36:24.226+0100][0.546s][info][gc,mmu      ] GC(7) Y: MMU: 2ms/99.1%, 5ms/99.6%, 10ms/99.7%, 20ms/99.8%, 50ms/99.9%, 100ms/99.9%
[2026-05-11T15:36:24.226+0100][0.546s][info][gc,marking  ] GC(7) Y: Mark: 2 stripe(s), 1 proactive flush(es), 1 terminate flush(es), 0 completion(s), 0 continuation(s) 
[2026-05-11T15:36:24.226+0100][0.546s][info][gc,nmethod  ] GC(7) Y: NMethods: 472 registered, 31 unregistered
[2026-05-11T15:36:24.226+0100][0.546s][info][gc,metaspace] GC(7) Y: Metaspace: 2M used, 2M committed, 1088M reserved
[2026-05-11T15:36:24.226+0100][0.546s][info][gc,heap     ] GC(7) Y: Min Capacity: 256M(50%)
[2026-05-11T15:36:24.226+0100][0.546s][info][gc,heap     ] GC(7) Y: Max Capacity: 512M(100%)
[2026-05-11T15:36:24.226+0100][0.546s][info][gc,heap     ] GC(7) Y: Soft Max Capacity: 512M(100%)
[2026-05-11T15:36:24.226+0100][0.546s][info][gc,heap     ] GC(7) Y: Heap Statistics:
[2026-05-11T15:36:24.226+0100][0.546s][info][gc,heap     ] GC(7) Y:                Mark Start          Mark End        Relocate Start      Relocate End           High               Low         
[2026-05-11T15:36:24.226+0100][0.546s][info][gc,heap     ] GC(7) Y:  Capacity:      276M (54%)         276M (54%)         276M (54%)         276M (54%)         276M (54%)         276M (54%)    
[2026-05-11T15:36:24.226+0100][0.546s][info][gc,heap     ] GC(7) Y:      Free:      376M (73%)         376M (73%)         376M (73%)         376M (73%)         376M (73%)         376M (73%)    
[2026-05-11T15:36:24.226+0100][0.546s][info][gc,heap     ] GC(7) Y:      Used:      136M (27%)         136M (27%)         136M (27%)         136M (27%)         136M (27%)         136M (27%)    
[2026-05-11T15:36:24.226+0100][0.546s][info][gc,heap     ] GC(7) Y: Young Generation Statistics:
[2026-05-11T15:36:24.226+0100][0.546s][info][gc,heap     ] GC(7) Y:                Mark Start          Mark End        Relocate Start      Relocate End    
[2026-05-11T15:36:24.226+0100][0.546s][info][gc,heap     ] GC(7) Y:      Used:        0M (0%)            0M (0%)            0M (0%)            0M (0%)     
[2026-05-11T15:36:24.226+0100][0.546s][info][gc,heap     ] GC(7) Y:      Live:         -                 0M (0%)            0M (0%)            0M (0%)     
[2026-05-11T15:36:24.226+0100][0.546s][info][gc,heap     ] GC(7) Y:   Garbage:         -                 0M (0%)            0M (0%)            0M (0%)     
[2026-05-11T15:36:24.226+0100][0.546s][info][gc,heap     ] GC(7) Y: Allocated:         -                 0M (0%)            0M (0%)            0M (0%)     
[2026-05-11T15:36:24.226+0100][0.546s][info][gc,heap     ] GC(7) Y: Reclaimed:         -                  -                 0M (0%)            0M (0%)     
[2026-05-11T15:36:24.226+0100][0.546s][info][gc,heap     ] GC(7) Y:  Promoted:         -                  -                 0M (0%)            0M (0%)     
[2026-05-11T15:36:24.226+0100][0.546s][info][gc,heap     ] GC(7) Y: Compacted:         -                  -                  -                 0M (0%)     
[2026-05-11T15:36:24.226+0100][0.546s][info][gc,phases   ] GC(7) Y: Young Generation (Collect Roots) 136M(27%)->136M(27%) 0.001s
[2026-05-11T15:36:24.226+0100][0.546s][info][gc,phases   ] GC(7) O: Old Generation
[2026-05-11T15:36:24.245+0100][0.566s][info][gc,phases   ] GC(7) O: Concurrent Mark 19.412ms
[2026-05-11T15:36:24.245+0100][0.566s][info][gc,phases   ] GC(7) O: Pause Mark End 0.009ms
[2026-05-11T15:36:24.246+0100][0.566s][info][gc,phases   ] GC(7) O: Concurrent Mark Free 0.000ms
[2026-05-11T15:36:24.246+0100][0.566s][info][gc,phases   ] GC(7) O: Concurrent Process Non-Strong 0.439ms
[2026-05-11T15:36:24.246+0100][0.566s][info][gc,phases   ] GC(7) O: Concurrent Reset Relocation Set 0.006ms
[2026-05-11T15:36:24.246+0100][0.566s][info][gc,phases   ] GC(7) O: Concurrent Select Relocation Set 0.083ms
[2026-05-11T15:36:24.246+0100][0.566s][info][gc,task     ] GC(7) O: Using 2 Workers for Old Generation
[2026-05-11T15:36:24.246+0100][0.567s][info][gc,task     ] GC(7) O: Using 2 Workers for Old Generation
[2026-05-11T15:36:24.246+0100][0.567s][info][gc,phases   ] GC(7) O: Concurrent Remap Roots 0.304ms
[2026-05-11T15:36:24.246+0100][0.567s][info][gc,phases   ] GC(7) O: Pause Relocate Start 0.002ms
[2026-05-11T15:36:24.247+0100][0.567s][info][gc,phases   ] GC(7) O: Concurrent Relocate 0.746ms
[2026-05-11T15:36:24.247+0100][0.567s][info][gc,alloc    ] GC(7) O:                         Mark Start        Mark End      Relocate Start    Relocate End   
[2026-05-11T15:36:24.247+0100][0.567s][info][gc,alloc    ] GC(7) O: Allocation Stalls:          0                0                0                0         
[2026-05-11T15:36:24.247+0100][0.567s][info][gc,load     ] GC(7) O: Load: 3.25 (41%) / 3.41 (43%) / 2.48 (31%)
[2026-05-11T15:36:24.247+0100][0.567s][info][gc,mmu      ] GC(7) O: MMU: 2ms/99.1%, 5ms/99.6%, 10ms/99.7%, 20ms/99.8%, 50ms/99.9%, 100ms/99.9%
[2026-05-11T15:36:24.247+0100][0.567s][info][gc,marking  ] GC(7) O: Mark: 2 stripe(s), 5 proactive flush(es), 1 terminate flush(es), 0 completion(s), 0 continuation(s) 
[2026-05-11T15:36:24.247+0100][0.567s][info][gc,nmethod  ] GC(7) O: NMethods: 449 registered, 54 unregistered
[2026-05-11T15:36:24.247+0100][0.567s][info][gc,metaspace] GC(7) O: Metaspace: 2M used, 2M committed, 1088M reserved
[2026-05-11T15:36:24.247+0100][0.567s][info][gc,ref      ] GC(7) O:                       Encountered   Discovered     Enqueued 
[2026-05-11T15:36:24.247+0100][0.567s][info][gc,ref      ] GC(7) O: Soft References:              120            0            0 
[2026-05-11T15:36:24.247+0100][0.567s][info][gc,ref      ] GC(7) O: Weak References:              218           89            8 
[2026-05-11T15:36:24.247+0100][0.567s][info][gc,ref      ] GC(7) O: Final References:               6            6            0 
[2026-05-11T15:36:24.247+0100][0.567s][info][gc,ref      ] GC(7) O: Phantom References:             2            2            0 
[2026-05-11T15:36:24.247+0100][0.567s][info][gc,reloc    ] GC(7) O:                        Candidates     Selected     In-Place         Size        Empty    Relocated 
[2026-05-11T15:36:24.247+0100][0.567s][info][gc,reloc    ] GC(7) O: Small Pages:                   68            5            0         136M          64M           1M 
[2026-05-11T15:36:24.247+0100][0.568s][info][gc,reloc    ] GC(7) O: Medium Pages:                   0            0            0           0M           0M           0M 
[2026-05-11T15:36:24.247+0100][0.568s][info][gc,reloc    ] GC(7) O: Large Pages:                    0            0            0           0M           0M           0M 
[2026-05-11T15:36:24.247+0100][0.568s][info][gc,reloc    ] GC(7) O: Forwarding Usage: 0M
[2026-05-11T15:36:24.247+0100][0.568s][info][gc,heap     ] GC(7) O: Min Capacity: 256M(50%)
[2026-05-11T15:36:24.247+0100][0.568s][info][gc,heap     ] GC(7) O: Max Capacity: 512M(100%)
[2026-05-11T15:36:24.247+0100][0.568s][info][gc,heap     ] GC(7) O: Soft Max Capacity: 512M(100%)
[2026-05-11T15:36:24.247+0100][0.568s][info][gc,heap     ] GC(7) O: Heap Statistics:
[2026-05-11T15:36:24.247+0100][0.568s][info][gc,heap     ] GC(7) O:                Mark Start          Mark End        Relocate Start      Relocate End           High               Low         
[2026-05-11T15:36:24.247+0100][0.568s][info][gc,heap     ] GC(7) O:  Capacity:      276M (54%)         276M (54%)         276M (54%)         276M (54%)         276M (54%)         276M (54%)    
[2026-05-11T15:36:24.247+0100][0.568s][info][gc,heap     ] GC(7) O:      Free:      376M (73%)         376M (73%)         440M (86%)         448M (88%)         448M (88%)         376M (73%)    
[2026-05-11T15:36:24.247+0100][0.568s][info][gc,heap     ] GC(7) O:      Used:      136M (27%)         136M (27%)          72M (14%)          64M (12%)         136M (27%)          64M (12%)    
[2026-05-11T15:36:24.247+0100][0.568s][info][gc,heap     ] GC(7) O: Old Generation Statistics:
[2026-05-11T15:36:24.247+0100][0.568s][info][gc,heap     ] GC(7) O:                Mark Start          Mark End        Relocate Start      Relocate End    
[2026-05-11T15:36:24.247+0100][0.568s][info][gc,heap     ] GC(7) O:      Used:      136M (27%)         136M (27%)          72M (14%)          64M (12%)    
[2026-05-11T15:36:24.247+0100][0.568s][info][gc,heap     ] GC(7) O:      Live:         -                60M (12%)          60M (12%)          60M (12%)    
[2026-05-11T15:36:24.247+0100][0.568s][info][gc,heap     ] GC(7) O:   Garbage:         -                75M (15%)          11M (2%)            1M (0%)     
[2026-05-11T15:36:24.247+0100][0.568s][info][gc,heap     ] GC(7) O: Allocated:         -                 0M (0%)            0M (0%)            2M (0%)     
[2026-05-11T15:36:24.247+0100][0.568s][info][gc,heap     ] GC(7) O: Reclaimed:         -                  -                64M (12%)          74M (15%)    
[2026-05-11T15:36:24.247+0100][0.568s][info][gc,heap     ] GC(7) O: Compacted:         -                  -                  -                 1M (0%)     
[2026-05-11T15:36:24.247+0100][0.568s][info][gc,phases   ] GC(7) O: Old Generation 136M(27%)->64M(12%) 0.021s
[2026-05-11T15:36:24.247+0100][0.568s][info][gc          ] GC(7) Major Collection (System.gc()) 136M(27%)->64M(12%) 0.065s
[2026-05-11T15:36:24.359+0100][0.680s][info][gc          ] GC(8) Minor Collection (Allocation Rate)
[2026-05-11T15:36:24.359+0100][0.680s][info][gc,task     ] GC(8) Using 2 Workers for Young Generation
[2026-05-11T15:36:24.359+0100][0.680s][info][gc,phases   ] GC(8) y: Young Generation
[2026-05-11T15:36:24.360+0100][0.680s][info][gc,phases   ] GC(8) y: Pause Mark Start 0.005ms
[2026-05-11T15:36:24.413+0100][0.733s][info][gc,phases   ] GC(8) y: Concurrent Mark 52.959ms
[2026-05-11T15:36:24.413+0100][0.733s][info][gc,phases   ] GC(8) y: Pause Mark End 0.008ms
[2026-05-11T15:36:24.413+0100][0.733s][info][gc,phases   ] GC(8) y: Concurrent Mark Free 0.000ms
[2026-05-11T15:36:24.413+0100][0.733s][info][gc,phases   ] GC(8) y: Concurrent Reset Relocation Set 0.000ms
[2026-05-11T15:36:24.413+0100][0.733s][info][gc,reloc    ] GC(8) y: Using tenuring threshold: 1 (Computed)
[2026-05-11T15:36:24.413+0100][0.733s][info][gc,phases   ] GC(8) y: Concurrent Select Relocation Set 0.058ms
[2026-05-11T15:36:24.413+0100][0.733s][info][gc,phases   ] GC(8) y: Pause Relocate Start 0.006ms
[2026-05-11T15:36:24.413+0100][0.733s][info][gc,phases   ] GC(8) y: Concurrent Relocate 0.020ms
[2026-05-11T15:36:24.413+0100][0.733s][info][gc,alloc    ] GC(8) y:                         Mark Start        Mark End      Relocate Start    Relocate End   
[2026-05-11T15:36:24.413+0100][0.733s][info][gc,alloc    ] GC(8) y: Allocation Stalls:          0                0                0                0         
[2026-05-11T15:36:24.413+0100][0.733s][info][gc,load     ] GC(8) y: Load: 3.71 (46%) / 3.50 (44%) / 2.52 (31%)
[2026-05-11T15:36:24.413+0100][0.733s][info][gc,mmu      ] GC(8) y: MMU: 2ms/99.1%, 5ms/99.6%, 10ms/99.7%, 20ms/99.8%, 50ms/99.9%, 100ms/99.9%
[2026-05-11T15:36:24.413+0100][0.733s][info][gc,marking  ] GC(8) y: Mark: 2 stripe(s), 1 proactive flush(es), 1 terminate flush(es), 0 completion(s), 0 continuation(s) 
[2026-05-11T15:36:24.413+0100][0.733s][info][gc,nmethod  ] GC(8) y: NMethods: 461 registered, 54 unregistered
[2026-05-11T15:36:24.413+0100][0.733s][info][gc,metaspace] GC(8) y: Metaspace: 2M used, 2M committed, 1088M reserved
[2026-05-11T15:36:24.413+0100][0.733s][info][gc,reloc    ] GC(8) y:                        Candidates     Selected     In-Place         Size        Empty    Relocated 
[2026-05-11T15:36:24.413+0100][0.733s][info][gc,reloc    ] GC(8) y: Small Pages:                  116            0            0         232M           0M           0M 
[2026-05-11T15:36:24.413+0100][0.733s][info][gc,reloc    ] GC(8) y: Medium Pages:                   0            0            0           0M           0M           0M 
[2026-05-11T15:36:24.413+0100][0.733s][info][gc,reloc    ] GC(8) y: Large Pages:                    0            0            0           0M           0M           0M 
[2026-05-11T15:36:24.413+0100][0.733s][info][gc,reloc    ] GC(8) y: Forwarding Usage: 0M
[2026-05-11T15:36:24.413+0100][0.733s][info][gc,reloc    ] GC(8) y: Age Table:
[2026-05-11T15:36:24.413+0100][0.733s][info][gc,reloc    ] GC(8) y:                    Live             Garbage             Small              Medium             Large        
[2026-05-11T15:36:24.413+0100][0.733s][info][gc,reloc    ] GC(8) y: Eden             229M (45%)           2M (1%)         116 / 0              0 / 0              0 / 0        
[2026-05-11T15:36:24.413+0100][0.733s][info][gc,heap     ] GC(8) y: Min Capacity: 256M(50%)
[2026-05-11T15:36:24.413+0100][0.733s][info][gc,heap     ] GC(8) y: Max Capacity: 512M(100%)
[2026-05-11T15:36:24.413+0100][0.733s][info][gc,heap     ] GC(8) y: Soft Max Capacity: 512M(100%)
[2026-05-11T15:36:24.413+0100][0.733s][info][gc,heap     ] GC(8) y: Heap Statistics:
[2026-05-11T15:36:24.413+0100][0.733s][info][gc,heap     ] GC(8) y:                Mark Start          Mark End        Relocate Start      Relocate End           High               Low         
[2026-05-11T15:36:24.413+0100][0.733s][info][gc,heap     ] GC(8) y:  Capacity:      296M (58%)         472M (92%)         472M (92%)         472M (92%)         472M (92%)         296M (58%)    
[2026-05-11T15:36:24.413+0100][0.733s][info][gc,heap     ] GC(8) y:      Free:      216M (42%)          40M (8%)           40M (8%)           40M (8%)          216M (42%)          40M (8%)     
[2026-05-11T15:36:24.413+0100][0.733s][info][gc,heap     ] GC(8) y:      Used:      296M (58%)         472M (92%)         472M (92%)         472M (92%)         472M (92%)         296M (58%)    
[2026-05-11T15:36:24.413+0100][0.733s][info][gc,heap     ] GC(8) y: Young Generation Statistics:
[2026-05-11T15:36:24.413+0100][0.733s][info][gc,heap     ] GC(8) y:                Mark Start          Mark End        Relocate Start      Relocate End    
[2026-05-11T15:36:24.413+0100][0.733s][info][gc,heap     ] GC(8) y:      Used:      232M (45%)         408M (80%)         408M (80%)         408M (80%)    
[2026-05-11T15:36:24.413+0100][0.733s][info][gc,heap     ] GC(8) y:      Live:         -               229M (45%)         229M (45%)         229M (45%)    
[2026-05-11T15:36:24.413+0100][0.733s][info][gc,heap     ] GC(8) y:   Garbage:         -                 2M (1%)            2M (1%)            2M (1%)     
[2026-05-11T15:36:24.413+0100][0.733s][info][gc,heap     ] GC(8) y: Allocated:         -               176M (34%)         176M (34%)         176M (34%)    
[2026-05-11T15:36:24.413+0100][0.733s][info][gc,heap     ] GC(8) y: Reclaimed:         -                  -                 0M (0%)            0M (0%)     
[2026-05-11T15:36:24.413+0100][0.733s][info][gc,heap     ] GC(8) y:  Promoted:         -                  -                 0M (0%)            0M (0%)     
[2026-05-11T15:36:24.413+0100][0.733s][info][gc,heap     ] GC(8) y: Compacted:         -                  -                  -                 0M (0%)     
[2026-05-11T15:36:24.413+0100][0.733s][info][gc,phases   ] GC(8) y: Young Generation 296M(58%)->472M(92%) 0.053s
[2026-05-11T15:36:24.413+0100][0.733s][info][gc          ] GC(8) Minor Collection (Allocation Rate) 296M(58%)->472M(92%) 0.054s
[2026-05-11T15:36:24.413+0100][0.733s][info][gc          ] GC(9) Major Collection (System.gc())
[2026-05-11T15:36:24.413+0100][0.733s][info][gc,task     ] GC(9) Using 2 Workers for Young Generation
[2026-05-11T15:36:24.413+0100][0.733s][info][gc,task     ] GC(9) Using 2 Workers for Old Generation
[2026-05-11T15:36:24.413+0100][0.733s][info][gc,phases   ] GC(9) Y: Young Generation (Promote All)
[2026-05-11T15:36:24.413+0100][0.733s][info][gc,phases   ] GC(9) Y: Pause Mark Start 0.002ms
[2026-05-11T15:36:24.512+0100][0.832s][info][gc,phases   ] GC(9) Y: Concurrent Mark 98.932ms
[2026-05-11T15:36:24.512+0100][0.832s][info][gc,phases   ] GC(9) Y: Pause Mark End 0.008ms
[2026-05-11T15:36:24.512+0100][0.832s][info][gc,phases   ] GC(9) Y: Concurrent Mark Free 0.000ms
[2026-05-11T15:36:24.512+0100][0.832s][info][gc,phases   ] GC(9) Y: Concurrent Reset Relocation Set 0.000ms
[2026-05-11T15:36:24.512+0100][0.832s][info][gc,reloc    ] GC(9) Y: Using tenuring threshold: 0 (Promote All)
[2026-05-11T15:36:24.567+0100][0.887s][info][gc,phases   ] GC(9) Y: Concurrent Select Relocation Set 54.840ms
[2026-05-11T15:36:24.567+0100][0.887s][info][gc,phases   ] GC(9) Y: Pause Relocate Start 0.007ms
[2026-05-11T15:36:24.646+0100][0.966s][info][gc,phases   ] GC(9) Y: Concurrent Relocate 78.753ms
[2026-05-11T15:36:24.646+0100][0.966s][info][gc,alloc    ] GC(9) Y:                         Mark Start        Mark End      Relocate Start    Relocate End   
[2026-05-11T15:36:24.646+0100][0.966s][info][gc,alloc    ] GC(9) Y: Allocation Stalls:          0                0                0                0         
[2026-05-11T15:36:24.646+0100][0.966s][info][gc,load     ] GC(9) Y: Load: 3.71 (46%) / 3.50 (44%) / 2.52 (31%)
[2026-05-11T15:36:24.646+0100][0.966s][info][gc,mmu      ] GC(9) Y: MMU: 2ms/99.1%, 5ms/99.6%, 10ms/99.7%, 20ms/99.8%, 50ms/99.9%, 100ms/99.9%
[2026-05-11T15:36:24.646+0100][0.966s][info][gc,marking  ] GC(9) Y: Mark: 2 stripe(s), 1 proactive flush(es), 1 terminate flush(es), 0 completion(s), 0 continuation(s) 
[2026-05-11T15:36:24.646+0100][0.966s][info][gc,nmethod  ] GC(9) Y: NMethods: 461 registered, 54 unregistered
[2026-05-11T15:36:24.646+0100][0.966s][info][gc,metaspace] GC(9) Y: Metaspace: 2M used, 2M committed, 1088M reserved
[2026-05-11T15:36:24.646+0100][0.966s][info][gc,reloc    ] GC(9) Y:                        Candidates     Selected     In-Place         Size        Empty    Relocated 
[2026-05-11T15:36:24.646+0100][0.966s][info][gc,reloc    ] GC(9) Y: Small Pages:                  204            0            0         408M           0M           0M 
[2026-05-11T15:36:24.646+0100][0.966s][info][gc,reloc    ] GC(9) Y: Medium Pages:                   0            0            0           0M           0M           0M 
[2026-05-11T15:36:24.646+0100][0.966s][info][gc,reloc    ] GC(9) Y: Large Pages:                    0            0            0           0M           0M           0M 
[2026-05-11T15:36:24.646+0100][0.966s][info][gc,reloc    ] GC(9) Y: Forwarding Usage: 0M
[2026-05-11T15:36:24.646+0100][0.966s][info][gc,reloc    ] GC(9) Y: Age Table:
[2026-05-11T15:36:24.646+0100][0.966s][info][gc,reloc    ] GC(9) Y:                    Live             Garbage             Small              Medium             Large        
[2026-05-11T15:36:24.646+0100][0.966s][info][gc,reloc    ] GC(9) Y: Eden             173M (34%)           2M (1%)          88 / 0              0 / 0              0 / 0        
[2026-05-11T15:36:24.646+0100][0.966s][info][gc,reloc    ] GC(9) Y: Survivor 1       229M (45%)           2M (1%)         116 / 0              0 / 0              0 / 0        
[2026-05-11T15:36:24.646+0100][0.966s][info][gc,heap     ] GC(9) Y: Min Capacity: 256M(50%)
[2026-05-11T15:36:24.646+0100][0.966s][info][gc,heap     ] GC(9) Y: Max Capacity: 512M(100%)
[2026-05-11T15:36:24.646+0100][0.966s][info][gc,heap     ] GC(9) Y: Soft Max Capacity: 512M(100%)
[2026-05-11T15:36:24.646+0100][0.966s][info][gc,heap     ] GC(9) Y: Heap Statistics:
[2026-05-11T15:36:24.646+0100][0.966s][info][gc,heap     ] GC(9) Y:                Mark Start          Mark End        Relocate Start      Relocate End           High               Low         
[2026-05-11T15:36:24.646+0100][0.966s][info][gc,heap     ] GC(9) Y:  Capacity:      472M (92%)         472M (92%)         472M (92%)         472M (92%)         472M (92%)         472M (92%)    
[2026-05-11T15:36:24.646+0100][0.966s][info][gc,heap     ] GC(9) Y:      Free:       40M (8%)           40M (8%)           40M (8%)           40M (8%)           40M (8%)           40M (8%)     
[2026-05-11T15:36:24.646+0100][0.966s][info][gc,heap     ] GC(9) Y:      Used:      472M (92%)         472M (92%)         472M (92%)         472M (92%)         472M (92%)         472M (92%)    
[2026-05-11T15:36:24.646+0100][0.966s][info][gc,heap     ] GC(9) Y: Young Generation Statistics:
[2026-05-11T15:36:24.646+0100][0.966s][info][gc,heap     ] GC(9) Y:                Mark Start          Mark End        Relocate Start      Relocate End    
[2026-05-11T15:36:24.646+0100][0.966s][info][gc,heap     ] GC(9) Y:      Used:      408M (80%)         408M (80%)           0M (0%)            0M (0%)     
[2026-05-11T15:36:24.646+0100][0.966s][info][gc,heap     ] GC(9) Y:      Live:         -               402M (79%)           0M (0%)            0M (0%)     
[2026-05-11T15:36:24.646+0100][0.966s][info][gc,heap     ] GC(9) Y:   Garbage:         -                 5M (1%)            0M (0%)            0M (0%)     
[2026-05-11T15:36:24.646+0100][0.966s][info][gc,heap     ] GC(9) Y: Allocated:         -                 0M (0%)            0M (0%)            0M (0%)     
[2026-05-11T15:36:24.646+0100][0.966s][info][gc,heap     ] GC(9) Y: Reclaimed:         -                  -                 5M (1%)            5M (1%)     
[2026-05-11T15:36:24.646+0100][0.966s][info][gc,heap     ] GC(9) Y:  Promoted:         -                  -               402M (79%)         402M (79%)    
[2026-05-11T15:36:24.646+0100][0.966s][info][gc,heap     ] GC(9) Y: Compacted:         -                  -                  -                 0M (0%)     
[2026-05-11T15:36:24.646+0100][0.966s][info][gc,phases   ] GC(9) Y: Young Generation (Promote All) 472M(92%)->472M(92%) 0.233s
[2026-05-11T15:36:24.646+0100][0.966s][info][gc,phases   ] GC(9) Y: Young Generation (Collect Roots)
[2026-05-11T15:36:24.646+0100][0.966s][info][gc,phases   ] GC(9) Y: Pause Mark Start (Major) 0.008ms
[2026-05-11T15:36:24.647+0100][0.967s][info][gc,phases   ] GC(9) Y: Concurrent Mark 0.694ms
[2026-05-11T15:36:24.647+0100][0.967s][info][gc,phases   ] GC(9) Y: Pause Mark End 0.006ms
[2026-05-11T15:36:24.647+0100][0.967s][info][gc,phases   ] GC(9) Y: Concurrent Mark Free 0.001ms
[2026-05-11T15:36:24.647+0100][0.967s][info][gc,phases   ] GC(9) Y: Concurrent Reset Relocation Set 0.113ms
[2026-05-11T15:36:24.647+0100][0.967s][info][gc,reloc    ] GC(9) Y: Using tenuring threshold: 0 (Computed)
[2026-05-11T15:36:24.647+0100][0.967s][info][gc,phases   ] GC(9) Y: Concurrent Select Relocation Set 0.060ms
[2026-05-11T15:36:24.647+0100][0.967s][info][gc,phases   ] GC(9) Y: Pause Relocate Start 0.002ms
[2026-05-11T15:36:24.647+0100][0.967s][info][gc,phases   ] GC(9) Y: Concurrent Relocate 0.027ms
[2026-05-11T15:36:24.647+0100][0.967s][info][gc,alloc    ] GC(9) Y:                         Mark Start        Mark End      Relocate Start    Relocate End   
[2026-05-11T15:36:24.647+0100][0.967s][info][gc,alloc    ] GC(9) Y: Allocation Stalls:          0                0                0                0         
[2026-05-11T15:36:24.647+0100][0.967s][info][gc,load     ] GC(9) Y: Load: 3.71 (46%) / 3.50 (44%) / 2.52 (31%)
[2026-05-11T15:36:24.647+0100][0.967s][info][gc,mmu      ] GC(9) Y: MMU: 2ms/99.1%, 5ms/99.6%, 10ms/99.7%, 20ms/99.8%, 50ms/99.9%, 100ms/99.9%
[2026-05-11T15:36:24.647+0100][0.967s][info][gc,marking  ] GC(9) Y: Mark: 2 stripe(s), 1 proactive flush(es), 1 terminate flush(es), 0 completion(s), 0 continuation(s) 
[2026-05-11T15:36:24.647+0100][0.967s][info][gc,nmethod  ] GC(9) Y: NMethods: 461 registered, 54 unregistered
[2026-05-11T15:36:24.647+0100][0.967s][info][gc,metaspace] GC(9) Y: Metaspace: 2M used, 2M committed, 1088M reserved
[2026-05-11T15:36:24.647+0100][0.967s][info][gc,heap     ] GC(9) Y: Min Capacity: 256M(50%)
[2026-05-11T15:36:24.647+0100][0.967s][info][gc,heap     ] GC(9) Y: Max Capacity: 512M(100%)
[2026-05-11T15:36:24.647+0100][0.967s][info][gc,heap     ] GC(9) Y: Soft Max Capacity: 512M(100%)
[2026-05-11T15:36:24.647+0100][0.967s][info][gc,heap     ] GC(9) Y: Heap Statistics:
[2026-05-11T15:36:24.647+0100][0.967s][info][gc,heap     ] GC(9) Y:                Mark Start          Mark End        Relocate Start      Relocate End           High               Low         
[2026-05-11T15:36:24.647+0100][0.967s][info][gc,heap     ] GC(9) Y:  Capacity:      472M (92%)         472M (92%)         472M (92%)         472M (92%)         472M (92%)         472M (92%)    
[2026-05-11T15:36:24.647+0100][0.967s][info][gc,heap     ] GC(9) Y:      Free:       40M (8%)           40M (8%)           40M (8%)           40M (8%)           40M (8%)           40M (8%)     
[2026-05-11T15:36:24.647+0100][0.967s][info][gc,heap     ] GC(9) Y:      Used:      472M (92%)         472M (92%)         472M (92%)         472M (92%)         472M (92%)         472M (92%)    
[2026-05-11T15:36:24.647+0100][0.967s][info][gc,heap     ] GC(9) Y: Young Generation Statistics:
[2026-05-11T15:36:24.647+0100][0.967s][info][gc,heap     ] GC(9) Y:                Mark Start          Mark End        Relocate Start      Relocate End    
[2026-05-11T15:36:24.647+0100][0.967s][info][gc,heap     ] GC(9) Y:      Used:        0M (0%)            0M (0%)            0M (0%)            0M (0%)     
[2026-05-11T15:36:24.647+0100][0.967s][info][gc,heap     ] GC(9) Y:      Live:         -                 0M (0%)            0M (0%)            0M (0%)     
[2026-05-11T15:36:24.647+0100][0.967s][info][gc,heap     ] GC(9) Y:   Garbage:         -                 0M (0%)            0M (0%)            0M (0%)     
[2026-05-11T15:36:24.647+0100][0.967s][info][gc,heap     ] GC(9) Y: Allocated:         -                 0M (0%)            0M (0%)            0M (0%)     
[2026-05-11T15:36:24.647+0100][0.967s][info][gc,heap     ] GC(9) Y: Reclaimed:         -                  -                 0M (0%)            0M (0%)     
[2026-05-11T15:36:24.647+0100][0.967s][info][gc,heap     ] GC(9) Y:  Promoted:         -                  -                 0M (0%)            0M (0%)     
[2026-05-11T15:36:24.647+0100][0.967s][info][gc,heap     ] GC(9) Y: Compacted:         -                  -                  -                 0M (0%)     
[2026-05-11T15:36:24.647+0100][0.967s][info][gc,phases   ] GC(9) Y: Young Generation (Collect Roots) 472M(92%)->472M(92%) 0.001s
[2026-05-11T15:36:24.647+0100][0.967s][info][gc,phases   ] GC(9) O: Old Generation
[2026-05-11T15:36:24.668+0100][0.988s][info][gc,phases   ] GC(9) O: Concurrent Mark 20.525ms
[2026-05-11T15:36:24.668+0100][0.988s][info][gc,phases   ] GC(9) O: Pause Mark End 0.008ms
[2026-05-11T15:36:24.668+0100][0.988s][info][gc,phases   ] GC(9) O: Concurrent Mark Free 0.000ms
[2026-05-11T15:36:24.668+0100][0.989s][info][gc,phases   ] GC(9) O: Concurrent Process Non-Strong 0.495ms
[2026-05-11T15:36:24.668+0100][0.989s][info][gc,phases   ] GC(9) O: Concurrent Reset Relocation Set 0.001ms
[2026-05-11T15:36:24.669+0100][0.989s][info][gc,phases   ] GC(9) O: Concurrent Select Relocation Set 0.390ms
[2026-05-11T15:36:24.669+0100][0.989s][info][gc,task     ] GC(9) O: Using 2 Workers for Old Generation
[2026-05-11T15:36:24.669+0100][0.989s][info][gc,task     ] GC(9) O: Using 2 Workers for Old Generation
[2026-05-11T15:36:24.669+0100][0.989s][info][gc,phases   ] GC(9) O: Concurrent Remap Roots 0.343ms
[2026-05-11T15:36:24.669+0100][0.989s][info][gc,phases   ] GC(9) O: Pause Relocate Start 0.005ms
[2026-05-11T15:36:24.670+0100][0.990s][info][gc,phases   ] GC(9) O: Concurrent Relocate 0.808ms
[2026-05-11T15:36:24.670+0100][0.990s][info][gc,alloc    ] GC(9) O:                         Mark Start        Mark End      Relocate Start    Relocate End   
[2026-05-11T15:36:24.670+0100][0.990s][info][gc,alloc    ] GC(9) O: Allocation Stalls:          0                0                0                0         
[2026-05-11T15:36:24.670+0100][0.990s][info][gc,load     ] GC(9) O: Load: 3.71 (46%) / 3.50 (44%) / 2.52 (31%)
[2026-05-11T15:36:24.670+0100][0.990s][info][gc,mmu      ] GC(9) O: MMU: 2ms/99.1%, 5ms/99.6%, 10ms/99.7%, 20ms/99.8%, 50ms/99.9%, 100ms/99.9%
[2026-05-11T15:36:24.670+0100][0.990s][info][gc,marking  ] GC(9) O: Mark: 2 stripe(s), 10 proactive flush(es), 1 terminate flush(es), 0 completion(s), 0 continuation(s) 
[2026-05-11T15:36:24.670+0100][0.990s][info][gc,nmethod  ] GC(9) O: NMethods: 459 registered, 56 unregistered
[2026-05-11T15:36:24.670+0100][0.990s][info][gc,metaspace] GC(9) O: Metaspace: 2M used, 2M committed, 1088M reserved
[2026-05-11T15:36:24.670+0100][0.990s][info][gc,ref      ] GC(9) O:                       Encountered   Discovered     Enqueued 
[2026-05-11T15:36:24.670+0100][0.990s][info][gc,ref      ] GC(9) O: Soft References:              120            0            0 
[2026-05-11T15:36:24.670+0100][0.990s][info][gc,ref      ] GC(9) O: Weak References:              210           70            0 
[2026-05-11T15:36:24.670+0100][0.990s][info][gc,ref      ] GC(9) O: Final References:               6            6            0 
[2026-05-11T15:36:24.670+0100][0.990s][info][gc,ref      ] GC(9) O: Phantom References:             2            1            0 
[2026-05-11T15:36:24.670+0100][0.990s][info][gc,reloc    ] GC(9) O:                        Candidates     Selected     In-Place         Size        Empty    Relocated 
[2026-05-11T15:36:24.670+0100][0.990s][info][gc,reloc    ] GC(9) O: Small Pages:                  236            2            0         472M         406M           1M 
[2026-05-11T15:36:24.670+0100][0.990s][info][gc,reloc    ] GC(9) O: Medium Pages:                   0            0            0           0M           0M           0M 
[2026-05-11T15:36:24.670+0100][0.990s][info][gc,reloc    ] GC(9) O: Large Pages:                    0            0            0           0M           0M           0M 
[2026-05-11T15:36:24.670+0100][0.990s][info][gc,reloc    ] GC(9) O: Forwarding Usage: 0M
[2026-05-11T15:36:24.670+0100][0.990s][info][gc,heap     ] GC(9) O: Min Capacity: 256M(50%)
[2026-05-11T15:36:24.670+0100][0.990s][info][gc,heap     ] GC(9) O: Max Capacity: 512M(100%)
[2026-05-11T15:36:24.670+0100][0.990s][info][gc,heap     ] GC(9) O: Soft Max Capacity: 512M(100%)
[2026-05-11T15:36:24.670+0100][0.990s][info][gc,heap     ] GC(9) O: Heap Statistics:
[2026-05-11T15:36:24.670+0100][0.990s][info][gc,heap     ] GC(9) O:                Mark Start          Mark End        Relocate Start      Relocate End           High               Low         
[2026-05-11T15:36:24.670+0100][0.990s][info][gc,heap     ] GC(9) O:  Capacity:      472M (92%)         472M (92%)         472M (92%)         472M (92%)         472M (92%)         472M (92%)    
[2026-05-11T15:36:24.670+0100][0.990s][info][gc,heap     ] GC(9) O:      Free:       40M (8%)           40M (8%)          446M (87%)         448M (88%)         448M (88%)          40M (8%)     
[2026-05-11T15:36:24.670+0100][0.990s][info][gc,heap     ] GC(9) O:      Used:      472M (92%)         472M (92%)          66M (13%)          64M (12%)         472M (92%)          64M (12%)    
[2026-05-11T15:36:24.670+0100][0.990s][info][gc,heap     ] GC(9) O: Old Generation Statistics:
[2026-05-11T15:36:24.670+0100][0.990s][info][gc,heap     ] GC(9) O:                Mark Start          Mark End        Relocate Start      Relocate End    
[2026-05-11T15:36:24.670+0100][0.990s][info][gc,heap     ] GC(9) O:      Used:      472M (92%)         472M (92%)          66M (13%)          64M (12%)    
[2026-05-11T15:36:24.670+0100][0.990s][info][gc,heap     ] GC(9) O:      Live:         -                60M (12%)          60M (12%)          60M (12%)    
[2026-05-11T15:36:24.670+0100][0.990s][info][gc,heap     ] GC(9) O:   Garbage:         -               411M (80%)           5M (1%)            1M (0%)     
[2026-05-11T15:36:24.670+0100][0.990s][info][gc,heap     ] GC(9) O: Allocated:         -                 0M (0%)            0M (0%)            2M (0%)     
[2026-05-11T15:36:24.670+0100][0.990s][info][gc,heap     ] GC(9) O: Reclaimed:         -                  -               406M (79%)         410M (80%)    
[2026-05-11T15:36:24.670+0100][0.990s][info][gc,heap     ] GC(9) O: Compacted:         -                  -                  -                 1M (0%)     
[2026-05-11T15:36:24.670+0100][0.990s][info][gc,phases   ] GC(9) O: Old Generation 472M(92%)->64M(12%) 0.023s
[2026-05-11T15:36:24.670+0100][0.990s][info][gc          ] GC(9) Major Collection (System.gc()) 472M(92%)->64M(12%) 0.257s
[2026-05-11T15:36:24.741+0100][1.061s][info][gc          ] GC(10) Major Collection (Allocation Rate)
[2026-05-11T15:36:24.741+0100][1.061s][info][gc,task     ] GC(10) Using 2 Workers for Young Generation
[2026-05-11T15:36:24.741+0100][1.061s][info][gc,task     ] GC(10) Using 1 Workers for Old Generation
[2026-05-11T15:36:24.741+0100][1.061s][info][gc,phases   ] GC(10) Y: Young Generation
[2026-05-11T15:36:24.741+0100][1.061s][info][gc,phases   ] GC(10) Y: Pause Mark Start (Major) 0.007ms
[2026-05-11T15:36:24.755+0100][1.075s][info][gc,phases   ] GC(10) Y: Concurrent Mark 13.805ms
[2026-05-11T15:36:24.755+0100][1.075s][info][gc,phases   ] GC(10) Y: Pause Mark End 0.009ms
[2026-05-11T15:36:24.755+0100][1.075s][info][gc,phases   ] GC(10) Y: Concurrent Mark Free 0.001ms
[2026-05-11T15:36:24.755+0100][1.075s][info][gc,phases   ] GC(10) Y: Concurrent Reset Relocation Set 0.000ms
[2026-05-11T15:36:24.755+0100][1.075s][info][gc,reloc    ] GC(10) Y: Using tenuring threshold: 1 (Computed)
[2026-05-11T15:36:24.755+0100][1.075s][info][gc,phases   ] GC(10) Y: Concurrent Select Relocation Set 0.116ms
[2026-05-11T15:36:24.756+0100][1.076s][info][gc,phases   ] GC(10) Y: Pause Relocate Start 0.003ms
[2026-05-11T15:36:24.756+0100][1.076s][info][gc,phases   ] GC(10) Y: Concurrent Relocate 0.023ms
[2026-05-11T15:36:24.756+0100][1.076s][info][gc,alloc    ] GC(10) Y:                         Mark Start        Mark End      Relocate Start    Relocate End   
[2026-05-11T15:36:24.756+0100][1.076s][info][gc,alloc    ] GC(10) Y: Allocation Stalls:          0                0                0                0         
[2026-05-11T15:36:24.756+0100][1.076s][info][gc,load     ] GC(10) Y: Load: 3.71 (46%) / 3.50 (44%) / 2.52 (31%)
[2026-05-11T15:36:24.756+0100][1.076s][info][gc,mmu      ] GC(10) Y: MMU: 2ms/99.1%, 5ms/99.6%, 10ms/99.7%, 20ms/99.8%, 50ms/99.9%, 100ms/99.9%
[2026-05-11T15:36:24.756+0100][1.076s][info][gc,marking  ] GC(10) Y: Mark: 2 stripe(s), 10 proactive flush(es), 1 terminate flush(es), 0 completion(s), 0 continuation(s) 
[2026-05-11T15:36:24.756+0100][1.076s][info][gc,nmethod  ] GC(10) Y: NMethods: 460 registered, 56 unregistered
[2026-05-11T15:36:24.756+0100][1.076s][info][gc,metaspace] GC(10) Y: Metaspace: 2M used, 2M committed, 1088M reserved
[2026-05-11T15:36:24.756+0100][1.076s][info][gc,reloc    ] GC(10) Y:                        Candidates     Selected     In-Place         Size        Empty    Relocated 
[2026-05-11T15:36:24.756+0100][1.076s][info][gc,reloc    ] GC(10) Y: Small Pages:                   16            0            0          32M           0M           0M 
[2026-05-11T15:36:24.756+0100][1.076s][info][gc,reloc    ] GC(10) Y: Medium Pages:                   0            0            0           0M           0M           0M 
[2026-05-11T15:36:24.756+0100][1.076s][info][gc,reloc    ] GC(10) Y: Large Pages:                    0            0            0           0M           0M           0M 
[2026-05-11T15:36:24.756+0100][1.076s][info][gc,reloc    ] GC(10) Y: Forwarding Usage: 0M
[2026-05-11T15:36:24.756+0100][1.076s][info][gc,reloc    ] GC(10) Y: Age Table:
[2026-05-11T15:36:24.756+0100][1.076s][info][gc,reloc    ] GC(10) Y:                    Live             Garbage             Small              Medium             Large        
[2026-05-11T15:36:24.756+0100][1.076s][info][gc,reloc    ] GC(10) Y: Eden              29M (6%)            2M (0%)          16 / 0              0 / 0              0 / 0        
[2026-05-11T15:36:24.756+0100][1.076s][info][gc,heap     ] GC(10) Y: Min Capacity: 256M(50%)
[2026-05-11T15:36:24.756+0100][1.076s][info][gc,heap     ] GC(10) Y: Max Capacity: 512M(100%)
[2026-05-11T15:36:24.756+0100][1.076s][info][gc,heap     ] GC(10) Y: Soft Max Capacity: 512M(100%)
[2026-05-11T15:36:24.756+0100][1.076s][info][gc,heap     ] GC(10) Y: Heap Statistics:
[2026-05-11T15:36:24.756+0100][1.076s][info][gc,heap     ] GC(10) Y:                Mark Start          Mark End        Relocate Start      Relocate End           High               Low         
[2026-05-11T15:36:24.756+0100][1.076s][info][gc,heap     ] GC(10) Y:  Capacity:      472M (92%)         472M (92%)         472M (92%)         472M (92%)         472M (92%)         472M (92%)    
[2026-05-11T15:36:24.756+0100][1.076s][info][gc,heap     ] GC(10) Y:      Free:      416M (81%)         242M (47%)         232M (45%)         232M (45%)         416M (81%)         232M (45%)    
[2026-05-11T15:36:24.756+0100][1.076s][info][gc,heap     ] GC(10) Y:      Used:       96M (19%)         270M (53%)         280M (55%)         280M (55%)         280M (55%)          96M (19%)    
[2026-05-11T15:36:24.756+0100][1.076s][info][gc,heap     ] GC(10) Y: Young Generation Statistics:
[2026-05-11T15:36:24.756+0100][1.076s][info][gc,heap     ] GC(10) Y:                Mark Start          Mark End        Relocate Start      Relocate End    
[2026-05-11T15:36:24.756+0100][1.076s][info][gc,heap     ] GC(10) Y:      Used:       32M (6%)          206M (40%)         216M (42%)         216M (42%)    
[2026-05-11T15:36:24.756+0100][1.076s][info][gc,heap     ] GC(10) Y:      Live:         -                29M (6%)           29M (6%)           29M (6%)     
[2026-05-11T15:36:24.756+0100][1.076s][info][gc,heap     ] GC(10) Y:   Garbage:         -                 2M (0%)            2M (0%)            2M (0%)     
[2026-05-11T15:36:24.756+0100][1.076s][info][gc,heap     ] GC(10) Y: Allocated:         -               174M (34%)         184M (36%)         184M (36%)    
[2026-05-11T15:36:24.756+0100][1.076s][info][gc,heap     ] GC(10) Y: Reclaimed:         -                  -                 0M (0%)            0M (0%)     
[2026-05-11T15:36:24.756+0100][1.076s][info][gc,heap     ] GC(10) Y:  Promoted:         -                  -                 0M (0%)            0M (0%)     
[2026-05-11T15:36:24.756+0100][1.076s][info][gc,heap     ] GC(10) Y: Compacted:         -                  -                  -                 0M (0%)     
[2026-05-11T15:36:24.756+0100][1.076s][info][gc,phases   ] GC(10) Y: Young Generation 96M(19%)->280M(55%) 0.015s
[2026-05-11T15:36:24.756+0100][1.076s][info][gc,phases   ] GC(10) O: Old Generation
[2026-05-11T15:36:24.762+0100][1.082s][info][gc          ] GC(11) Minor Collection (Allocation Rate)
[2026-05-11T15:36:24.762+0100][1.082s][info][gc,task     ] GC(11) Using 1 Workers for Young Generation
[2026-05-11T15:36:24.762+0100][1.082s][info][gc,phases   ] GC(11) y: Young Generation
[2026-05-11T15:36:24.762+0100][1.082s][info][gc,phases   ] GC(11) y: Pause Mark Start 0.006ms
[2026-05-11T15:36:24.795+0100][1.115s][info][gc,phases   ] GC(10) O: Concurrent Mark 38.891ms
[2026-05-11T15:36:24.795+0100][1.115s][info][gc,phases   ] GC(10) O: Pause Mark End 0.010ms
[2026-05-11T15:36:24.795+0100][1.115s][info][gc,phases   ] GC(10) O: Concurrent Mark Free 0.001ms
[2026-05-11T15:36:24.796+0100][1.116s][info][gc,phases   ] GC(10) O: Concurrent Process Non-Strong 0.826ms
[2026-05-11T15:36:24.796+0100][1.116s][info][gc,phases   ] GC(10) O: Concurrent Reset Relocation Set 0.000ms
[2026-05-11T15:36:24.796+0100][1.116s][info][gc,phases   ] GC(10) O: Concurrent Select Relocation Set 0.032ms
[2026-05-11T15:36:24.864+0100][1.184s][info][gc,phases   ] GC(11) y: Concurrent Mark 101.809ms
[2026-05-11T15:36:24.864+0100][1.184s][info][gc,phases   ] GC(11) y: Pause Mark End 0.008ms
[2026-05-11T15:36:24.864+0100][1.184s][info][gc,phases   ] GC(11) y: Concurrent Mark Free 0.000ms
[2026-05-11T15:36:24.864+0100][1.184s][info][gc,phases   ] GC(11) y: Concurrent Reset Relocation Set 0.000ms
[2026-05-11T15:36:24.864+0100][1.184s][info][gc,reloc    ] GC(11) y: Using tenuring threshold: 2 (Computed)
[2026-05-11T15:36:24.864+0100][1.184s][info][gc,phases   ] GC(11) y: Concurrent Select Relocation Set 0.052ms
[2026-05-11T15:36:24.864+0100][1.184s][info][gc,phases   ] GC(11) y: Pause Relocate Start 0.001ms
[2026-05-11T15:36:24.864+0100][1.185s][info][gc,phases   ] GC(11) y: Concurrent Relocate 0.225ms
[2026-05-11T15:36:24.864+0100][1.185s][info][gc,alloc    ] GC(11) y:                         Mark Start        Mark End      Relocate Start    Relocate End   
[2026-05-11T15:36:24.864+0100][1.185s][info][gc,alloc    ] GC(11) y: Allocation Stalls:          0                0                0                0         
[2026-05-11T15:36:24.864+0100][1.185s][info][gc,load     ] GC(11) y: Load: 3.71 (46%) / 3.50 (44%) / 2.52 (31%)
[2026-05-11T15:36:24.864+0100][1.185s][info][gc,mmu      ] GC(11) y: MMU: 2ms/99.1%, 5ms/99.6%, 10ms/99.7%, 20ms/99.8%, 50ms/99.9%, 100ms/99.9%
[2026-05-11T15:36:24.864+0100][1.185s][info][gc,marking  ] GC(11) y: Mark: 1 stripe(s), 2 proactive flush(es), 1 terminate flush(es), 0 completion(s), 0 continuation(s) 
[2026-05-11T15:36:24.864+0100][1.185s][info][gc,nmethod  ] GC(11) y: NMethods: 519 registered, 56 unregistered
[2026-05-11T15:36:24.864+0100][1.185s][info][gc,metaspace] GC(11) y: Metaspace: 2M used, 2M committed, 1088M reserved
[2026-05-11T15:36:24.864+0100][1.185s][info][gc,reloc    ] GC(11) y:                        Candidates     Selected     In-Place         Size        Empty    Relocated 
[2026-05-11T15:36:24.864+0100][1.185s][info][gc,reloc    ] GC(11) y: Small Pages:                  112            1            0         224M           0M           0M 
[2026-05-11T15:36:24.864+0100][1.185s][info][gc,reloc    ] GC(11) y: Medium Pages:                   0            0            0           0M           0M           0M 
[2026-05-11T15:36:24.864+0100][1.185s][info][gc,reloc    ] GC(11) y: Large Pages:                    0            0            0           0M           0M           0M 
[2026-05-11T15:36:24.864+0100][1.185s][info][gc,reloc    ] GC(11) y: Forwarding Usage: 0M
[2026-05-11T15:36:24.864+0100][1.185s][info][gc,reloc    ] GC(11) y: Age Table:
[2026-05-11T15:36:24.864+0100][1.185s][info][gc,reloc    ] GC(11) y:                    Live             Garbage             Small              Medium             Large        
[2026-05-11T15:36:24.864+0100][1.185s][info][gc,reloc    ] GC(11) y: Eden             188M (37%)           3M (1%)          96 / 1              0 / 0              0 / 0        
[2026-05-11T15:36:24.864+0100][1.185s][info][gc,reloc    ] GC(11) y: Survivor 1        29M (6%)            2M (0%)          16 / 0              0 / 0              0 / 0        
[2026-05-11T15:36:24.864+0100][1.185s][info][gc,heap     ] GC(11) y: Min Capacity: 256M(50%)
[2026-05-11T15:36:24.864+0100][1.185s][info][gc,heap     ] GC(11) y: Max Capacity: 512M(100%)
[2026-05-11T15:36:24.864+0100][1.185s][info][gc,heap     ] GC(11) y: Soft Max Capacity: 512M(100%)
[2026-05-11T15:36:24.864+0100][1.185s][info][gc,heap     ] GC(11) y: Heap Statistics:
[2026-05-11T15:36:24.864+0100][1.185s][info][gc,heap     ] GC(11) y:                Mark Start          Mark End        Relocate Start      Relocate End           High               Low         
[2026-05-11T15:36:24.864+0100][1.185s][info][gc,heap     ] GC(11) y:  Capacity:      472M (92%)         476M (93%)         476M (93%)         478M (93%)         478M (93%)         472M (92%)    
[2026-05-11T15:36:24.864+0100][1.185s][info][gc,heap     ] GC(11) y:      Free:      224M (44%)          36M (7%)           36M (7%)           36M (7%)          224M (44%)          34M (7%)     
[2026-05-11T15:36:24.864+0100][1.185s][info][gc,heap     ] GC(11) y:      Used:      288M (56%)         476M (93%)         476M (93%)         476M (93%)         478M (93%)         288M (56%)    
[2026-05-11T15:36:24.865+0100][1.185s][info][gc,heap     ] GC(11) y: Young Generation Statistics:
[2026-05-11T15:36:24.865+0100][1.185s][info][gc,heap     ] GC(11) y:                Mark Start          Mark End        Relocate Start      Relocate End    
[2026-05-11T15:36:24.865+0100][1.185s][info][gc,heap     ] GC(11) y:      Used:      224M (44%)         412M (80%)         412M (80%)         412M (80%)    
[2026-05-11T15:36:24.865+0100][1.185s][info][gc,heap     ] GC(11) y:      Live:         -               217M (43%)         217M (43%)         217M (43%)    
[2026-05-11T15:36:24.865+0100][1.185s][info][gc,heap     ] GC(11) y:   Garbage:         -                 6M (1%)            6M (1%)            3M (1%)     
[2026-05-11T15:36:24.865+0100][1.185s][info][gc,heap     ] GC(11) y: Allocated:         -               188M (37%)         188M (37%)         191M (37%)    
[2026-05-11T15:36:24.865+0100][1.185s][info][gc,heap     ] GC(11) y: Reclaimed:         -                  -                 0M (0%)            3M (1%)     
[2026-05-11T15:36:24.865+0100][1.185s][info][gc,heap     ] GC(11) y:  Promoted:         -                  -                 0M (0%)            0M (0%)     
[2026-05-11T15:36:24.865+0100][1.185s][info][gc,heap     ] GC(11) y: Compacted:         -                  -                  -                 0M (0%)     
[2026-05-11T15:36:24.865+0100][1.185s][info][gc,phases   ] GC(11) y: Young Generation 282M(55%)->476M(93%) 0.103s
[2026-05-11T15:36:24.865+0100][1.185s][info][gc          ] GC(11) Minor Collection (Allocation Rate) 282M(55%)->476M(93%) 0.103s
[2026-05-11T15:36:24.865+0100][1.185s][info][gc,task     ] GC(10) O: Using 2 Workers for Old Generation
[2026-05-11T15:36:24.865+0100][1.185s][info][gc,task     ] GC(10) O: Using 1 Workers for Old Generation
[2026-05-11T15:36:24.865+0100][1.185s][info][gc,phases   ] GC(10) O: Concurrent Remap Roots 0.390ms
[2026-05-11T15:36:24.865+0100][1.185s][info][gc,phases   ] GC(10) O: Pause Relocate Start 0.002ms
[2026-05-11T15:36:24.865+0100][1.185s][info][gc          ] GC(12) Minor Collection (Allocation Rate)
[2026-05-11T15:36:24.865+0100][1.185s][info][gc,task     ] GC(12) Using 1 Workers for Young Generation
[2026-05-11T15:36:24.865+0100][1.185s][info][gc,phases   ] GC(12) y: Young Generation
[2026-05-11T15:36:24.865+0100][1.186s][info][gc,phases   ] GC(12) y: Pause Mark Start 0.006ms
[2026-05-11T15:36:24.866+0100][1.186s][info][gc,phases   ] GC(10) O: Concurrent Relocate 1.209ms
[2026-05-11T15:36:24.877+0100][1.197s][info][gc,task     ] Adjusting Workers for Young Generation: 1 -> 2
[2026-05-11T15:36:24.975+0100][1.295s][info][gc,phases   ] GC(12) y: Concurrent Mark 109.687ms
[2026-05-11T15:36:24.975+0100][1.295s][info][gc,phases   ] GC(12) y: Pause Mark End 0.013ms
[2026-05-11T15:36:24.975+0100][1.295s][info][gc,phases   ] GC(12) y: Concurrent Mark Free 0.000ms
[2026-05-11T15:36:24.975+0100][1.295s][info][gc,phases   ] GC(12) y: Concurrent Reset Relocation Set 0.000ms
[2026-05-11T15:36:24.975+0100][1.295s][info][gc,reloc    ] GC(12) y: Using tenuring threshold: 1 (Computed)
[2026-05-11T15:36:25.004+0100][1.324s][info][gc,phases   ] GC(12) y: Concurrent Select Relocation Set 28.831ms
[2026-05-11T15:36:25.004+0100][1.324s][info][gc,phases   ] GC(12) y: Pause Relocate Start 0.007ms
[2026-05-11T15:36:25.049+0100][1.369s][info][gc,phases   ] GC(12) y: Concurrent Relocate 44.873ms
[2026-05-11T15:36:25.049+0100][1.369s][info][gc,alloc    ] GC(12) y:                         Mark Start        Mark End      Relocate Start    Relocate End   
[2026-05-11T15:36:25.049+0100][1.369s][info][gc,alloc    ] GC(12) y: Allocation Stalls:          0                0                0                0         
[2026-05-11T15:36:25.049+0100][1.369s][info][gc,load     ] GC(12) y: Load: 3.71 (46%) / 3.50 (44%) / 2.52 (31%)
[2026-05-11T15:36:25.049+0100][1.369s][info][gc,mmu      ] GC(12) y: MMU: 2ms/99.1%, 5ms/99.6%, 10ms/99.7%, 20ms/99.8%, 50ms/99.9%, 100ms/99.9%
[2026-05-11T15:36:25.049+0100][1.369s][info][gc,marking  ] GC(12) y: Mark: 1 stripe(s), 1 proactive flush(es), 1 terminate flush(es), 0 completion(s), 0 continuation(s) 
[2026-05-11T15:36:25.049+0100][1.369s][info][gc,nmethod  ] GC(12) y: NMethods: 519 registered, 56 unregistered
[2026-05-11T15:36:25.049+0100][1.369s][info][gc,metaspace] GC(12) y: Metaspace: 2M used, 2M committed, 1088M reserved
[2026-05-11T15:36:25.049+0100][1.369s][info][gc,reloc    ] GC(12) y:                        Candidates     Selected     In-Place         Size        Empty    Relocated 
[2026-05-11T15:36:25.049+0100][1.369s][info][gc,reloc    ] GC(12) y: Small Pages:                  206            1            0         412M           0M           0M 
[2026-05-11T15:36:25.049+0100][1.369s][info][gc,reloc    ] GC(12) y: Medium Pages:                   0            0            0           0M           0M           0M 
[2026-05-11T15:36:25.049+0100][1.369s][info][gc,reloc    ] GC(12) y: Large Pages:                    0            0            0           0M           0M           0M 
[2026-05-11T15:36:25.049+0100][1.369s][info][gc,reloc    ] GC(12) y: Forwarding Usage: 0M
[2026-05-11T15:36:25.049+0100][1.369s][info][gc,reloc    ] GC(12) y: Age Table:
[2026-05-11T15:36:25.049+0100][1.369s][info][gc,reloc    ] GC(12) y:                    Live             Garbage             Small              Medium             Large        
[2026-05-11T15:36:25.049+0100][1.369s][info][gc,reloc    ] GC(12) y: Eden             184M (36%)           3M (1%)          94 / 0              0 / 0              0 / 0        
[2026-05-11T15:36:25.049+0100][1.369s][info][gc,reloc    ] GC(12) y: Survivor 1       188M (37%)           3M (1%)          96 / 1              0 / 0              0 / 0        
[2026-05-11T15:36:25.049+0100][1.369s][info][gc,reloc    ] GC(12) y: Survivor 2        29M (6%)            2M (0%)          16 / 0              0 / 0              0 / 0        
[2026-05-11T15:36:25.049+0100][1.369s][info][gc,heap     ] GC(12) y: Min Capacity: 256M(50%)
[2026-05-11T15:36:25.049+0100][1.369s][info][gc,heap     ] GC(12) y: Max Capacity: 512M(100%)
[2026-05-11T15:36:25.049+0100][1.369s][info][gc,heap     ] GC(12) y: Soft Max Capacity: 512M(100%)
[2026-05-11T15:36:25.049+0100][1.369s][info][gc,heap     ] GC(12) y: Heap Statistics:
[2026-05-11T15:36:25.049+0100][1.369s][info][gc,heap     ] GC(12) y:                Mark Start          Mark End        Relocate Start      Relocate End           High               Low         
[2026-05-11T15:36:25.049+0100][1.369s][info][gc,heap     ] GC(12) y:  Capacity:      478M (93%)         478M (93%)         478M (93%)         478M (93%)         478M (93%)         478M (93%)    
[2026-05-11T15:36:25.049+0100][1.369s][info][gc,heap     ] GC(12) y:      Free:       36M (7%)           38M (7%)           38M (7%)           38M (7%)           38M (7%)           34M (7%)     
[2026-05-11T15:36:25.049+0100][1.369s][info][gc,heap     ] GC(12) y:      Used:      476M (93%)         474M (93%)         474M (93%)         474M (93%)         478M (93%)         474M (93%)    
[2026-05-11T15:36:25.049+0100][1.369s][info][gc,heap     ] GC(12) y: Young Generation Statistics:
[2026-05-11T15:36:25.049+0100][1.369s][info][gc,heap     ] GC(12) y:                Mark Start          Mark End        Relocate Start      Relocate End    
[2026-05-11T15:36:25.049+0100][1.369s][info][gc,heap     ] GC(12) y:      Used:      412M (80%)         412M (80%)         192M (38%)         188M (37%)    
[2026-05-11T15:36:25.049+0100][1.369s][info][gc,heap     ] GC(12) y:      Live:         -               402M (79%)         185M (36%)         184M (36%)    
[2026-05-11T15:36:25.049+0100][1.369s][info][gc,heap     ] GC(12) y:   Garbage:         -                 9M (2%)            6M (1%)            3M (1%)     
[2026-05-11T15:36:25.049+0100][1.369s][info][gc,heap     ] GC(12) y: Allocated:         -                 0M (0%)            0M (0%)            0M (0%)     
[2026-05-11T15:36:25.049+0100][1.369s][info][gc,heap     ] GC(12) y: Reclaimed:         -                  -                 3M (1%)            6M (1%)     
[2026-05-11T15:36:25.049+0100][1.369s][info][gc,heap     ] GC(12) y:  Promoted:         -                  -               216M (42%)         217M (43%)    
[2026-05-11T15:36:25.049+0100][1.369s][info][gc,heap     ] GC(12) y: Compacted:         -                  -                  -                 0M (0%)     
[2026-05-11T15:36:25.049+0100][1.369s][info][gc,phases   ] GC(12) y: Young Generation 476M(93%)->474M(93%) 0.184s
[2026-05-11T15:36:25.049+0100][1.369s][info][gc          ] GC(12) Minor Collection (Allocation Rate) 476M(93%)->474M(93%) 0.184s
[2026-05-11T15:36:25.049+0100][1.369s][info][gc,alloc    ] GC(10) O:                         Mark Start        Mark End      Relocate Start    Relocate End   
[2026-05-11T15:36:25.049+0100][1.369s][info][gc,alloc    ] GC(10) O: Allocation Stalls:          0                0                0                0         
[2026-05-11T15:36:25.049+0100][1.369s][info][gc,load     ] GC(10) O: Load: 3.71 (46%) / 3.50 (44%) / 2.52 (31%)
[2026-05-11T15:36:25.049+0100][1.369s][info][gc,mmu      ] GC(10) O: MMU: 2ms/99.1%, 5ms/99.6%, 10ms/99.7%, 20ms/99.8%, 50ms/99.9%, 100ms/99.9%
[2026-05-11T15:36:25.049+0100][1.369s][info][gc,marking  ] GC(10) O: Mark: 1 stripe(s), 2 proactive flush(es), 1 terminate flush(es), 0 completion(s), 0 continuation(s) 
[2026-05-11T15:36:25.049+0100][1.369s][info][gc,nmethod  ] GC(10) O: NMethods: 519 registered, 56 unregistered
[2026-05-11T15:36:25.049+0100][1.369s][info][gc,metaspace] GC(10) O: Metaspace: 2M used, 2M committed, 1088M reserved
[2026-05-11T15:36:25.049+0100][1.369s][info][gc,ref      ] GC(10) O:                       Encountered   Discovered     Enqueued 
[2026-05-11T15:36:25.049+0100][1.369s][info][gc,ref      ] GC(10) O: Soft References:              120            0            0 
[2026-05-11T15:36:25.049+0100][1.369s][info][gc,ref      ] GC(10) O: Weak References:              210          167            0 
[2026-05-11T15:36:25.049+0100][1.369s][info][gc,ref      ] GC(10) O: Final References:               6            6            0 
[2026-05-11T15:36:25.049+0100][1.369s][info][gc,ref      ] GC(10) O: Phantom References:             2            2            0 
[2026-05-11T15:36:25.049+0100][1.370s][info][gc,reloc    ] GC(10) O:                        Candidates     Selected     In-Place         Size        Empty    Relocated 
[2026-05-11T15:36:25.049+0100][1.370s][info][gc,reloc    ] GC(10) O: Small Pages:                   32            1            0          64M           0M           1M 
[2026-05-11T15:36:25.049+0100][1.370s][info][gc,reloc    ] GC(10) O: Medium Pages:                   0            0            0           0M           0M           0M 
[2026-05-11T15:36:25.049+0100][1.370s][info][gc,reloc    ] GC(10) O: Large Pages:                    0            0            0           0M           0M           0M 
[2026-05-11T15:36:25.049+0100][1.370s][info][gc,reloc    ] GC(10) O: Forwarding Usage: 0M
[2026-05-11T15:36:25.049+0100][1.370s][info][gc,heap     ] GC(10) O: Min Capacity: 256M(50%)
[2026-05-11T15:36:25.049+0100][1.370s][info][gc,heap     ] GC(10) O: Max Capacity: 512M(100%)
[2026-05-11T15:36:25.049+0100][1.370s][info][gc,heap     ] GC(10) O: Soft Max Capacity: 512M(100%)
[2026-05-11T15:36:25.049+0100][1.370s][info][gc,heap     ] GC(10) O: Heap Statistics:
[2026-05-11T15:36:25.049+0100][1.370s][info][gc,heap     ] GC(10) O:                Mark Start          Mark End        Relocate Start      Relocate End           High               Low         
[2026-05-11T15:36:25.049+0100][1.370s][info][gc,heap     ] GC(10) O:  Capacity:      472M (92%)         476M (93%)         478M (93%)         478M (93%)         478M (93%)         472M (92%)    
[2026-05-11T15:36:25.049+0100][1.370s][info][gc,heap     ] GC(10) O:      Free:      416M (81%)          36M (7%)           36M (7%)           38M (7%)          416M (81%)          34M (7%)     
[2026-05-11T15:36:25.049+0100][1.370s][info][gc,heap     ] GC(10) O:      Used:       96M (19%)         476M (93%)         476M (93%)         474M (93%)         478M (93%)          96M (19%)    
[2026-05-11T15:36:25.049+0100][1.370s][info][gc,heap     ] GC(10) O: Old Generation Statistics:
[2026-05-11T15:36:25.049+0100][1.370s][info][gc,heap     ] GC(10) O:                Mark Start          Mark End        Relocate Start      Relocate End    
[2026-05-11T15:36:25.049+0100][1.370s][info][gc,heap     ] GC(10) O:      Used:       64M (12%)          64M (12%)          64M (12%)          62M (12%)    
[2026-05-11T15:36:25.049+0100][1.370s][info][gc,heap     ] GC(10) O:      Live:         -                60M (12%)          60M (12%)          60M (12%)    
[2026-05-11T15:36:25.049+0100][1.370s][info][gc,heap     ] GC(10) O:   Garbage:         -                 3M (1%)            3M (1%)            1M (0%)     
[2026-05-11T15:36:25.049+0100][1.370s][info][gc,heap     ] GC(10) O: Allocated:         -                 0M (0%)            0M (0%)            0M (0%)     
[2026-05-11T15:36:25.049+0100][1.370s][info][gc,heap     ] GC(10) O: Reclaimed:         -                  -                 0M (0%)            2M (0%)     
[2026-05-11T15:36:25.049+0100][1.370s][info][gc,heap     ] GC(10) O: Compacted:         -                  -                  -                 1M (0%)     
[2026-05-11T15:36:25.049+0100][1.370s][info][gc,phases   ] GC(10) O: Old Generation 280M(55%)->474M(93%) 0.293s
[2026-05-11T15:36:25.049+0100][1.370s][info][gc          ] GC(10) Major Collection (Allocation Rate) 92M(18%)->474M(93%) 0.309s
[2026-05-11T15:36:25.049+0100][1.370s][info][gc          ] GC(13) Major Collection (System.gc())
[2026-05-11T15:36:25.049+0100][1.370s][info][gc,task     ] GC(13) Using 2 Workers for Young Generation
[2026-05-11T15:36:25.049+0100][1.370s][info][gc,task     ] GC(13) Using 2 Workers for Old Generation
[2026-05-11T15:36:25.049+0100][1.370s][info][gc,phases   ] GC(13) Y: Young Generation (Promote All)
[2026-05-11T15:36:25.049+0100][1.370s][info][gc,phases   ] GC(13) Y: Pause Mark Start 0.004ms
[2026-05-11T15:36:25.100+0100][1.420s][info][gc,phases   ] GC(13) Y: Concurrent Mark 50.281ms
[2026-05-11T15:36:25.100+0100][1.420s][info][gc,phases   ] GC(13) Y: Pause Mark End 0.008ms
[2026-05-11T15:36:25.100+0100][1.420s][info][gc,phases   ] GC(13) Y: Concurrent Mark Free 0.001ms
[2026-05-11T15:36:25.100+0100][1.420s][info][gc,phases   ] GC(13) Y: Concurrent Reset Relocation Set 0.061ms
[2026-05-11T15:36:25.100+0100][1.420s][info][gc,reloc    ] GC(13) Y: Using tenuring threshold: 0 (Promote All)
[2026-05-11T15:36:25.126+0100][1.447s][info][gc,phases   ] GC(13) Y: Concurrent Select Relocation Set 26.442ms
[2026-05-11T15:36:25.126+0100][1.447s][info][gc,phases   ] GC(13) Y: Pause Relocate Start 0.007ms
[2026-05-11T15:36:25.162+0100][1.482s][info][gc,phases   ] GC(13) Y: Concurrent Relocate 35.418ms
[2026-05-11T15:36:25.162+0100][1.482s][info][gc,alloc    ] GC(13) Y:                         Mark Start        Mark End      Relocate Start    Relocate End   
[2026-05-11T15:36:25.162+0100][1.482s][info][gc,alloc    ] GC(13) Y: Allocation Stalls:          0                0                0                0         
[2026-05-11T15:36:25.162+0100][1.482s][info][gc,load     ] GC(13) Y: Load: 3.71 (46%) / 3.50 (44%) / 2.52 (31%)
[2026-05-11T15:36:25.162+0100][1.482s][info][gc,mmu      ] GC(13) Y: MMU: 2ms/99.1%, 5ms/99.6%, 10ms/99.7%, 20ms/99.8%, 50ms/99.9%, 100ms/99.9%
[2026-05-11T15:36:25.162+0100][1.482s][info][gc,marking  ] GC(13) Y: Mark: 2 stripe(s), 1 proactive flush(es), 1 terminate flush(es), 0 completion(s), 0 continuation(s) 
[2026-05-11T15:36:25.162+0100][1.482s][info][gc,nmethod  ] GC(13) Y: NMethods: 519 registered, 56 unregistered
[2026-05-11T15:36:25.162+0100][1.482s][info][gc,metaspace] GC(13) Y: Metaspace: 2M used, 2M committed, 1088M reserved
[2026-05-11T15:36:25.162+0100][1.482s][info][gc,reloc    ] GC(13) Y:                        Candidates     Selected     In-Place         Size        Empty    Relocated 
[2026-05-11T15:36:25.162+0100][1.482s][info][gc,reloc    ] GC(13) Y: Small Pages:                   94            0            0         188M           0M           0M 
[2026-05-11T15:36:25.162+0100][1.482s][info][gc,reloc    ] GC(13) Y: Medium Pages:                   0            0            0           0M           0M           0M 
[2026-05-11T15:36:25.162+0100][1.482s][info][gc,reloc    ] GC(13) Y: Large Pages:                    0            0            0           0M           0M           0M 
[2026-05-11T15:36:25.162+0100][1.482s][info][gc,reloc    ] GC(13) Y: Forwarding Usage: 0M
[2026-05-11T15:36:25.162+0100][1.482s][info][gc,reloc    ] GC(13) Y: Age Table:
[2026-05-11T15:36:25.162+0100][1.482s][info][gc,reloc    ] GC(13) Y:                    Live             Garbage             Small              Medium             Large        
[2026-05-11T15:36:25.162+0100][1.482s][info][gc,reloc    ] GC(13) Y: Eden                -                 0M (0%)           0 / 0              0 / 0              0 / 0        
[2026-05-11T15:36:25.162+0100][1.482s][info][gc,reloc    ] GC(13) Y: Survivor 1       184M (36%)           3M (1%)          94 / 0              0 / 0              0 / 0        
[2026-05-11T15:36:25.162+0100][1.482s][info][gc,heap     ] GC(13) Y: Min Capacity: 256M(50%)
[2026-05-11T15:36:25.162+0100][1.482s][info][gc,heap     ] GC(13) Y: Max Capacity: 512M(100%)
[2026-05-11T15:36:25.162+0100][1.482s][info][gc,heap     ] GC(13) Y: Soft Max Capacity: 512M(100%)
[2026-05-11T15:36:25.162+0100][1.482s][info][gc,heap     ] GC(13) Y: Heap Statistics:
[2026-05-11T15:36:25.162+0100][1.482s][info][gc,heap     ] GC(13) Y:                Mark Start          Mark End        Relocate Start      Relocate End           High               Low         
[2026-05-11T15:36:25.162+0100][1.482s][info][gc,heap     ] GC(13) Y:  Capacity:      478M (93%)         478M (93%)         478M (93%)         478M (93%)         478M (93%)         478M (93%)    
[2026-05-11T15:36:25.162+0100][1.482s][info][gc,heap     ] GC(13) Y:      Free:       38M (7%)           38M (7%)           38M (7%)           38M (7%)           38M (7%)           38M (7%)     
[2026-05-11T15:36:25.162+0100][1.482s][info][gc,heap     ] GC(13) Y:      Used:      474M (93%)         474M (93%)         474M (93%)         474M (93%)         474M (93%)         474M (93%)    
[2026-05-11T15:36:25.162+0100][1.482s][info][gc,heap     ] GC(13) Y: Young Generation Statistics:
[2026-05-11T15:36:25.162+0100][1.482s][info][gc,heap     ] GC(13) Y:                Mark Start          Mark End        Relocate Start      Relocate End    
[2026-05-11T15:36:25.162+0100][1.482s][info][gc,heap     ] GC(13) Y:      Used:      188M (37%)         188M (37%)           0M (0%)            0M (0%)     
[2026-05-11T15:36:25.162+0100][1.482s][info][gc,heap     ] GC(13) Y:      Live:         -               184M (36%)           0M (0%)            0M (0%)     
[2026-05-11T15:36:25.162+0100][1.482s][info][gc,heap     ] GC(13) Y:   Garbage:         -                 3M (1%)            0M (0%)            0M (0%)     
[2026-05-11T15:36:25.162+0100][1.482s][info][gc,heap     ] GC(13) Y: Allocated:         -                 0M (0%)            0M (0%)            0M (0%)     
[2026-05-11T15:36:25.162+0100][1.482s][info][gc,heap     ] GC(13) Y: Reclaimed:         -                  -                 3M (1%)            3M (1%)     
[2026-05-11T15:36:25.162+0100][1.482s][info][gc,heap     ] GC(13) Y:  Promoted:         -                  -               184M (36%)         184M (36%)    
[2026-05-11T15:36:25.162+0100][1.482s][info][gc,heap     ] GC(13) Y: Compacted:         -                  -                  -                 0M (0%)     
[2026-05-11T15:36:25.162+0100][1.482s][info][gc,phases   ] GC(13) Y: Young Generation (Promote All) 474M(93%)->474M(93%) 0.112s
[2026-05-11T15:36:25.162+0100][1.482s][info][gc,phases   ] GC(13) Y: Young Generation (Collect Roots)
[2026-05-11T15:36:25.162+0100][1.482s][info][gc,phases   ] GC(13) Y: Pause Mark Start (Major) 0.008ms
[2026-05-11T15:36:25.166+0100][1.487s][info][gc,phases   ] GC(13) Y: Concurrent Mark 4.393ms
[2026-05-11T15:36:25.167+0100][1.487s][info][gc,phases   ] GC(13) Y: Pause Mark End 0.012ms
[2026-05-11T15:36:25.167+0100][1.487s][info][gc,phases   ] GC(13) Y: Concurrent Mark Free 0.000ms
[2026-05-11T15:36:25.167+0100][1.487s][info][gc,phases   ] GC(13) Y: Concurrent Reset Relocation Set 0.056ms
[2026-05-11T15:36:25.167+0100][1.487s][info][gc,reloc    ] GC(13) Y: Using tenuring threshold: 0 (Computed)
[2026-05-11T15:36:25.167+0100][1.487s][info][gc,phases   ] GC(13) Y: Concurrent Select Relocation Set 0.030ms
[2026-05-11T15:36:25.167+0100][1.487s][info][gc,phases   ] GC(13) Y: Pause Relocate Start 0.002ms
[2026-05-11T15:36:25.167+0100][1.487s][info][gc,phases   ] GC(13) Y: Concurrent Relocate 0.016ms
[2026-05-11T15:36:25.167+0100][1.487s][info][gc,alloc    ] GC(13) Y:                         Mark Start        Mark End      Relocate Start    Relocate End   
[2026-05-11T15:36:25.167+0100][1.487s][info][gc,alloc    ] GC(13) Y: Allocation Stalls:          0                0                0                0         
[2026-05-11T15:36:25.167+0100][1.487s][info][gc,load     ] GC(13) Y: Load: 3.71 (46%) / 3.50 (44%) / 2.52 (31%)
[2026-05-11T15:36:25.167+0100][1.487s][info][gc,mmu      ] GC(13) Y: MMU: 2ms/99.1%, 5ms/99.6%, 10ms/99.7%, 20ms/99.8%, 50ms/99.9%, 100ms/99.9%
[2026-05-11T15:36:25.167+0100][1.487s][info][gc,marking  ] GC(13) Y: Mark: 2 stripe(s), 1 proactive flush(es), 1 terminate flush(es), 0 completion(s), 0 continuation(s) 
[2026-05-11T15:36:25.167+0100][1.487s][info][gc,nmethod  ] GC(13) Y: NMethods: 519 registered, 56 unregistered
[2026-05-11T15:36:25.167+0100][1.487s][info][gc,metaspace] GC(13) Y: Metaspace: 2M used, 2M committed, 1088M reserved
[2026-05-11T15:36:25.167+0100][1.487s][info][gc,heap     ] GC(13) Y: Min Capacity: 256M(50%)
[2026-05-11T15:36:25.167+0100][1.487s][info][gc,heap     ] GC(13) Y: Max Capacity: 512M(100%)
[2026-05-11T15:36:25.167+0100][1.487s][info][gc,heap     ] GC(13) Y: Soft Max Capacity: 512M(100%)
[2026-05-11T15:36:25.167+0100][1.487s][info][gc,heap     ] GC(13) Y: Heap Statistics:
[2026-05-11T15:36:25.167+0100][1.487s][info][gc,heap     ] GC(13) Y:                Mark Start          Mark End        Relocate Start      Relocate End           High               Low         
[2026-05-11T15:36:25.167+0100][1.487s][info][gc,heap     ] GC(13) Y:  Capacity:      478M (93%)         478M (93%)         478M (93%)         478M (93%)         478M (93%)         478M (93%)    
[2026-05-11T15:36:25.167+0100][1.487s][info][gc,heap     ] GC(13) Y:      Free:       38M (7%)           38M (7%)           38M (7%)           38M (7%)           38M (7%)           38M (7%)     
[2026-05-11T15:36:25.167+0100][1.487s][info][gc,heap     ] GC(13) Y:      Used:      474M (93%)         474M (93%)         474M (93%)         474M (93%)         474M (93%)         474M (93%)    
[2026-05-11T15:36:25.167+0100][1.487s][info][gc,heap     ] GC(13) Y: Young Generation Statistics:
[2026-05-11T15:36:25.167+0100][1.487s][info][gc,heap     ] GC(13) Y:                Mark Start          Mark End        Relocate Start      Relocate End    
[2026-05-11T15:36:25.167+0100][1.487s][info][gc,heap     ] GC(13) Y:      Used:        0M (0%)            0M (0%)            0M (0%)            0M (0%)     
[2026-05-11T15:36:25.167+0100][1.487s][info][gc,heap     ] GC(13) Y:      Live:         -                 0M (0%)            0M (0%)            0M (0%)     
[2026-05-11T15:36:25.167+0100][1.487s][info][gc,heap     ] GC(13) Y:   Garbage:         -                 0M (0%)            0M (0%)            0M (0%)     
[2026-05-11T15:36:25.167+0100][1.487s][info][gc,heap     ] GC(13) Y: Allocated:         -                 0M (0%)            0M (0%)            0M (0%)     
[2026-05-11T15:36:25.167+0100][1.487s][info][gc,heap     ] GC(13) Y: Reclaimed:         -                  -                 0M (0%)            0M (0%)     
[2026-05-11T15:36:25.167+0100][1.487s][info][gc,heap     ] GC(13) Y:  Promoted:         -                  -                 0M (0%)            0M (0%)     
[2026-05-11T15:36:25.167+0100][1.487s][info][gc,heap     ] GC(13) Y: Compacted:         -                  -                  -                 0M (0%)     
[2026-05-11T15:36:25.167+0100][1.487s][info][gc,phases   ] GC(13) Y: Young Generation (Collect Roots) 474M(93%)->474M(93%) 0.005s
[2026-05-11T15:36:25.167+0100][1.487s][info][gc,phases   ] GC(13) O: Old Generation
[2026-05-11T15:36:25.187+0100][1.507s][info][gc,phases   ] GC(13) O: Concurrent Mark 20.252ms
[2026-05-11T15:36:25.187+0100][1.507s][info][gc,phases   ] GC(13) O: Pause Mark End 0.010ms
[2026-05-11T15:36:25.187+0100][1.507s][info][gc,phases   ] GC(13) O: Concurrent Mark Free 0.000ms
[2026-05-11T15:36:25.188+0100][1.508s][info][gc,phases   ] GC(13) O: Concurrent Process Non-Strong 0.458ms
[2026-05-11T15:36:25.188+0100][1.508s][info][gc,phases   ] GC(13) O: Concurrent Reset Relocation Set 0.001ms
[2026-05-11T15:36:25.188+0100][1.508s][info][gc,phases   ] GC(13) O: Concurrent Select Relocation Set 0.112ms
[2026-05-11T15:36:25.188+0100][1.508s][info][gc,task     ] GC(13) O: Using 2 Workers for Old Generation
[2026-05-11T15:36:25.188+0100][1.508s][info][gc,task     ] GC(13) O: Using 2 Workers for Old Generation
[2026-05-11T15:36:25.188+0100][1.508s][info][gc,phases   ] GC(13) O: Concurrent Remap Roots 0.246ms
[2026-05-11T15:36:25.188+0100][1.508s][info][gc,phases   ] GC(13) O: Pause Relocate Start 0.003ms
[2026-05-11T15:36:25.189+0100][1.509s][info][gc,phases   ] GC(13) O: Concurrent Relocate 1.037ms
[2026-05-11T15:36:25.189+0100][1.509s][info][gc,alloc    ] GC(13) O:                         Mark Start        Mark End      Relocate Start    Relocate End   
[2026-05-11T15:36:25.189+0100][1.509s][info][gc,alloc    ] GC(13) O: Allocation Stalls:          0                0                0                0         
[2026-05-11T15:36:25.189+0100][1.509s][info][gc,load     ] GC(13) O: Load: 3.71 (46%) / 3.50 (44%) / 2.52 (31%)
[2026-05-11T15:36:25.189+0100][1.509s][info][gc,mmu      ] GC(13) O: MMU: 2ms/99.1%, 5ms/99.6%, 10ms/99.7%, 20ms/99.8%, 50ms/99.9%, 100ms/99.9%
[2026-05-11T15:36:25.189+0100][1.509s][info][gc,marking  ] GC(13) O: Mark: 2 stripe(s), 9 proactive flush(es), 1 terminate flush(es), 0 completion(s), 0 continuation(s) 
[2026-05-11T15:36:25.189+0100][1.509s][info][gc,nmethod  ] GC(13) O: NMethods: 519 registered, 56 unregistered
[2026-05-11T15:36:25.189+0100][1.509s][info][gc,metaspace] GC(13) O: Metaspace: 2M used, 2M committed, 1088M reserved
[2026-05-11T15:36:25.189+0100][1.509s][info][gc,ref      ] GC(13) O:                       Encountered   Discovered     Enqueued 
[2026-05-11T15:36:25.189+0100][1.509s][info][gc,ref      ] GC(13) O: Soft References:              120            0            0 
[2026-05-11T15:36:25.189+0100][1.509s][info][gc,ref      ] GC(13) O: Weak References:              210          104            0 
[2026-05-11T15:36:25.189+0100][1.509s][info][gc,ref      ] GC(13) O: Final References:               6            6            0 
[2026-05-11T15:36:25.189+0100][1.509s][info][gc,ref      ] GC(13) O: Phantom References:             2            1            0 
[2026-05-11T15:36:25.189+0100][1.509s][info][gc,reloc    ] GC(13) O:                        Candidates     Selected     In-Place         Size        Empty    Relocated 
[2026-05-11T15:36:25.189+0100][1.509s][info][gc,reloc    ] GC(13) O: Small Pages:                  237            2            0         474M         408M           1M 
[2026-05-11T15:36:25.189+0100][1.509s][info][gc,reloc    ] GC(13) O: Medium Pages:                   0            0            0           0M           0M           0M 
[2026-05-11T15:36:25.189+0100][1.509s][info][gc,reloc    ] GC(13) O: Large Pages:                    0            0            0           0M           0M           0M 
[2026-05-11T15:36:25.189+0100][1.509s][info][gc,reloc    ] GC(13) O: Forwarding Usage: 0M
[2026-05-11T15:36:25.189+0100][1.509s][info][gc,heap     ] GC(13) O: Min Capacity: 256M(50%)
[2026-05-11T15:36:25.189+0100][1.509s][info][gc,heap     ] GC(13) O: Max Capacity: 512M(100%)
[2026-05-11T15:36:25.189+0100][1.509s][info][gc,heap     ] GC(13) O: Soft Max Capacity: 512M(100%)
[2026-05-11T15:36:25.189+0100][1.509s][info][gc,heap     ] GC(13) O: Heap Statistics:
[2026-05-11T15:36:25.189+0100][1.509s][info][gc,heap     ] GC(13) O:                Mark Start          Mark End        Relocate Start      Relocate End           High               Low         
[2026-05-11T15:36:25.189+0100][1.509s][info][gc,heap     ] GC(13) O:  Capacity:      478M (93%)         478M (93%)         478M (93%)         478M (93%)         478M (93%)         478M (93%)    
[2026-05-11T15:36:25.189+0100][1.509s][info][gc,heap     ] GC(13) O:      Free:       38M (7%)           38M (7%)          446M (87%)         450M (88%)         450M (88%)          38M (7%)     
[2026-05-11T15:36:25.189+0100][1.509s][info][gc,heap     ] GC(13) O:      Used:      474M (93%)         474M (93%)          66M (13%)          62M (12%)         474M (93%)          62M (12%)    
[2026-05-11T15:36:25.189+0100][1.509s][info][gc,heap     ] GC(13) O: Old Generation Statistics:
[2026-05-11T15:36:25.189+0100][1.509s][info][gc,heap     ] GC(13) O:                Mark Start          Mark End        Relocate Start      Relocate End    
[2026-05-11T15:36:25.189+0100][1.509s][info][gc,heap     ] GC(13) O:      Used:      474M (93%)         474M (93%)          66M (13%)          62M (12%)    
[2026-05-11T15:36:25.189+0100][1.509s][info][gc,heap     ] GC(13) O:      Live:         -                60M (12%)          60M (12%)          60M (12%)    
[2026-05-11T15:36:25.189+0100][1.509s][info][gc,heap     ] GC(13) O:   Garbage:         -               413M (81%)           5M (1%)            1M (0%)     
[2026-05-11T15:36:25.189+0100][1.509s][info][gc,heap     ] GC(13) O: Allocated:         -                 0M (0%)            0M (0%)            0M (0%)     
[2026-05-11T15:36:25.189+0100][1.509s][info][gc,heap     ] GC(13) O: Reclaimed:         -                  -               408M (80%)         412M (81%)    
[2026-05-11T15:36:25.189+0100][1.509s][info][gc,heap     ] GC(13) O: Compacted:         -                  -                  -                 1M (0%)     
[2026-05-11T15:36:25.189+0100][1.509s][info][gc,phases   ] GC(13) O: Old Generation 474M(93%)->62M(12%) 0.022s
[2026-05-11T15:36:25.189+0100][1.509s][info][gc          ] GC(13) Major Collection (System.gc()) 474M(93%)->62M(12%) 0.140s
[2026-05-11T15:36:25.262+0100][1.582s][info][gc          ] GC(14) Major Collection (Allocation Rate)
[2026-05-11T15:36:25.262+0100][1.582s][info][gc,task     ] GC(14) Using 2 Workers for Young Generation
[2026-05-11T15:36:25.262+0100][1.582s][info][gc,task     ] GC(14) Using 1 Workers for Old Generation
[2026-05-11T15:36:25.262+0100][1.582s][info][gc,phases   ] GC(14) Y: Young Generation
[2026-05-11T15:36:25.262+0100][1.582s][info][gc,phases   ] GC(14) Y: Pause Mark Start (Major) 0.013ms
[2026-05-11T15:36:25.280+0100][1.600s][info][gc,phases   ] GC(14) Y: Concurrent Mark 18.067ms
[2026-05-11T15:36:25.281+0100][1.601s][info][gc,phases   ] GC(14) Y: Pause Mark End 0.011ms
[2026-05-11T15:36:25.281+0100][1.601s][info][gc,phases   ] GC(14) Y: Concurrent Mark Free 0.005ms
[2026-05-11T15:36:25.281+0100][1.601s][info][gc,phases   ] GC(14) Y: Concurrent Reset Relocation Set 0.001ms
[2026-05-11T15:36:25.281+0100][1.601s][info][gc,reloc    ] GC(14) Y: Using tenuring threshold: 1 (Computed)
[2026-05-11T15:36:25.281+0100][1.602s][info][gc,phases   ] GC(14) Y: Concurrent Select Relocation Set 0.084ms
[2026-05-11T15:36:25.281+0100][1.602s][info][gc,phases   ] GC(14) Y: Pause Relocate Start 0.003ms
[2026-05-11T15:36:25.281+0100][1.602s][info][gc,phases   ] GC(14) Y: Concurrent Relocate 0.040ms
[2026-05-11T15:36:25.281+0100][1.602s][info][gc,alloc    ] GC(14) Y:                         Mark Start        Mark End      Relocate Start    Relocate End   
[2026-05-11T15:36:25.281+0100][1.602s][info][gc,alloc    ] GC(14) Y: Allocation Stalls:          0                0                0                0         
[2026-05-11T15:36:25.281+0100][1.602s][info][gc,load     ] GC(14) Y: Load: 3.71 (46%) / 3.50 (44%) / 2.52 (31%)
[2026-05-11T15:36:25.281+0100][1.602s][info][gc,mmu      ] GC(14) Y: MMU: 2ms/99.1%, 5ms/99.6%, 10ms/99.7%, 20ms/99.8%, 50ms/99.9%, 100ms/99.9%
[2026-05-11T15:36:25.281+0100][1.602s][info][gc,marking  ] GC(14) Y: Mark: 2 stripe(s), 10 proactive flush(es), 1 terminate flush(es), 0 completion(s), 0 continuation(s) 
[2026-05-11T15:36:25.281+0100][1.602s][info][gc,nmethod  ] GC(14) Y: NMethods: 527 registered, 56 unregistered
[2026-05-11T15:36:25.281+0100][1.602s][info][gc,metaspace] GC(14) Y: Metaspace: 2M used, 2M committed, 1088M reserved
[2026-05-11T15:36:25.281+0100][1.602s][info][gc,reloc    ] GC(14) Y:                        Candidates     Selected     In-Place         Size        Empty    Relocated 
[2026-05-11T15:36:25.281+0100][1.602s][info][gc,reloc    ] GC(14) Y: Small Pages:                   20            0            0          40M           0M           0M 
[2026-05-11T15:36:25.281+0100][1.602s][info][gc,reloc    ] GC(14) Y: Medium Pages:                   0            0            0           0M           0M           0M 
[2026-05-11T15:36:25.282+0100][1.602s][info][gc,reloc    ] GC(14) Y: Large Pages:                    0            0            0           0M           0M           0M 
[2026-05-11T15:36:25.282+0100][1.602s][info][gc,reloc    ] GC(14) Y: Forwarding Usage: 0M
[2026-05-11T15:36:25.282+0100][1.602s][info][gc,reloc    ] GC(14) Y: Age Table:
[2026-05-11T15:36:25.282+0100][1.602s][info][gc,reloc    ] GC(14) Y:                    Live             Garbage             Small              Medium             Large        
[2026-05-11T15:36:25.282+0100][1.602s][info][gc,reloc    ] GC(14) Y: Eden              38M (7%)            1M (0%)          20 / 0              0 / 0              0 / 0        
[2026-05-11T15:36:25.282+0100][1.602s][info][gc,heap     ] GC(14) Y: Min Capacity: 256M(50%)
[2026-05-11T15:36:25.282+0100][1.602s][info][gc,heap     ] GC(14) Y: Max Capacity: 512M(100%)
[2026-05-11T15:36:25.282+0100][1.602s][info][gc,heap     ] GC(14) Y: Soft Max Capacity: 512M(100%)
[2026-05-11T15:36:25.282+0100][1.602s][info][gc,heap     ] GC(14) Y: Heap Statistics:
[2026-05-11T15:36:25.282+0100][1.602s][info][gc,heap     ] GC(14) Y:                Mark Start          Mark End        Relocate Start      Relocate End           High               Low         
[2026-05-11T15:36:25.282+0100][1.602s][info][gc,heap     ] GC(14) Y:  Capacity:      478M (93%)         478M (93%)         478M (93%)         478M (93%)         478M (93%)         478M (93%)    
[2026-05-11T15:36:25.282+0100][1.602s][info][gc,heap     ] GC(14) Y:      Free:      410M (80%)         226M (44%)         226M (44%)         226M (44%)         410M (80%)         226M (44%)    
[2026-05-11T15:36:25.282+0100][1.602s][info][gc,heap     ] GC(14) Y:      Used:      102M (20%)         286M (56%)         286M (56%)         286M (56%)         286M (56%)         102M (20%)    
[2026-05-11T15:36:25.282+0100][1.602s][info][gc,heap     ] GC(14) Y: Young Generation Statistics:
[2026-05-11T15:36:25.282+0100][1.602s][info][gc,heap     ] GC(14) Y:                Mark Start          Mark End        Relocate Start      Relocate End    
[2026-05-11T15:36:25.282+0100][1.602s][info][gc,heap     ] GC(14) Y:      Used:       40M (8%)          224M (44%)         224M (44%)         224M (44%)    
[2026-05-11T15:36:25.282+0100][1.602s][info][gc,heap     ] GC(14) Y:      Live:         -                38M (7%)           38M (7%)           38M (7%)     
[2026-05-11T15:36:25.282+0100][1.602s][info][gc,heap     ] GC(14) Y:   Garbage:         -                 1M (0%)            1M (0%)            1M (0%)     
[2026-05-11T15:36:25.282+0100][1.602s][info][gc,heap     ] GC(14) Y: Allocated:         -               184M (36%)         184M (36%)         184M (36%)    
[2026-05-11T15:36:25.282+0100][1.602s][info][gc,heap     ] GC(14) Y: Reclaimed:         -                  -                 0M (0%)            0M (0%)     
[2026-05-11T15:36:25.282+0100][1.602s][info][gc,heap     ] GC(14) Y:  Promoted:         -                  -                 0M (0%)            0M (0%)     
[2026-05-11T15:36:25.282+0100][1.602s][info][gc,heap     ] GC(14) Y: Compacted:         -                  -                  -                 0M (0%)     
[2026-05-11T15:36:25.282+0100][1.602s][info][gc,phases   ] GC(14) Y: Young Generation 102M(20%)->286M(56%) 0.020s
[2026-05-11T15:36:25.282+0100][1.602s][info][gc,phases   ] GC(14) O: Old Generation
[2026-05-11T15:36:25.283+0100][1.603s][info][gc          ] GC(15) Minor Collection (Allocation Rate)
[2026-05-11T15:36:25.283+0100][1.603s][info][gc,task     ] GC(15) Using 1 Workers for Young Generation
[2026-05-11T15:36:25.283+0100][1.603s][info][gc,phases   ] GC(15) y: Young Generation
[2026-05-11T15:36:25.283+0100][1.603s][info][gc,phases   ] GC(15) y: Pause Mark Start 0.006ms
[2026-05-11T15:36:25.317+0100][1.637s][info][gc,phases   ] GC(14) O: Concurrent Mark 35.583ms
[2026-05-11T15:36:25.317+0100][1.638s][info][gc,phases   ] GC(14) O: Pause Mark End 0.010ms
[2026-05-11T15:36:25.317+0100][1.638s][info][gc,phases   ] GC(14) O: Concurrent Mark Free 0.000ms
[2026-05-11T15:36:25.318+0100][1.638s][info][gc,phases   ] GC(14) O: Concurrent Process Non-Strong 0.586ms
[2026-05-11T15:36:25.318+0100][1.638s][info][gc,phases   ] GC(14) O: Concurrent Reset Relocation Set 0.000ms
[2026-05-11T15:36:25.318+0100][1.638s][info][gc,phases   ] GC(14) O: Concurrent Select Relocation Set 0.021ms
[2026-05-11T15:36:25.396+0100][1.717s][info][gc,phases   ] GC(15) y: Concurrent Mark 113.042ms
[2026-05-11T15:36:25.396+0100][1.717s][info][gc,phases   ] GC(15) y: Pause Mark End 0.008ms
[2026-05-11T15:36:25.396+0100][1.717s][info][gc,phases   ] GC(15) y: Concurrent Mark Free 0.001ms
[2026-05-11T15:36:25.396+0100][1.717s][info][gc,phases   ] GC(15) y: Concurrent Reset Relocation Set 0.000ms
[2026-05-11T15:36:25.397+0100][1.717s][info][gc,reloc    ] GC(15) y: Using tenuring threshold: 1 (Computed)
[2026-05-11T15:36:25.406+0100][1.726s][info][gc,phases   ] GC(15) y: Concurrent Select Relocation Set 9.364ms
[2026-05-11T15:36:25.406+0100][1.726s][info][gc,phases   ] GC(15) y: Pause Relocate Start 0.006ms
[2026-05-11T15:36:25.423+0100][1.744s][info][gc,phases   ] GC(15) y: Concurrent Relocate 17.413ms
[2026-05-11T15:36:25.423+0100][1.744s][info][gc,alloc    ] GC(15) y:                         Mark Start        Mark End      Relocate Start    Relocate End   
[2026-05-11T15:36:25.423+0100][1.744s][info][gc,alloc    ] GC(15) y: Allocation Stalls:          0                0                0                0         
[2026-05-11T15:36:25.423+0100][1.744s][info][gc,load     ] GC(15) y: Load: 3.71 (46%) / 3.50 (44%) / 2.52 (31%)
[2026-05-11T15:36:25.423+0100][1.744s][info][gc,mmu      ] GC(15) y: MMU: 2ms/99.1%, 5ms/99.6%, 10ms/99.7%, 20ms/99.8%, 50ms/99.9%, 100ms/99.9%
[2026-05-11T15:36:25.423+0100][1.744s][info][gc,marking  ] GC(15) y: Mark: 1 stripe(s), 2 proactive flush(es), 1 terminate flush(es), 0 completion(s), 0 continuation(s) 
[2026-05-11T15:36:25.423+0100][1.744s][info][gc,nmethod  ] GC(15) y: NMethods: 593 registered, 56 unregistered
[2026-05-11T15:36:25.423+0100][1.744s][info][gc,metaspace] GC(15) y: Metaspace: 2M used, 2M committed, 1088M reserved
[2026-05-11T15:36:25.423+0100][1.744s][info][gc,reloc    ] GC(15) y:                        Candidates     Selected     In-Place         Size        Empty    Relocated 
[2026-05-11T15:36:25.423+0100][1.744s][info][gc,reloc    ] GC(15) y: Small Pages:                  127            1            0         254M           0M           0M 
[2026-05-11T15:36:25.423+0100][1.744s][info][gc,reloc    ] GC(15) y: Medium Pages:                   0            0            0           0M           0M           0M 
[2026-05-11T15:36:25.423+0100][1.744s][info][gc,reloc    ] GC(15) y: Large Pages:                    0            0            0           0M           0M           0M 
[2026-05-11T15:36:25.423+0100][1.744s][info][gc,reloc    ] GC(15) y: Forwarding Usage: 0M
[2026-05-11T15:36:25.423+0100][1.744s][info][gc,reloc    ] GC(15) y: Age Table:
[2026-05-11T15:36:25.423+0100][1.744s][info][gc,reloc    ] GC(15) y:                    Live             Garbage             Small              Medium             Large        
[2026-05-11T15:36:25.423+0100][1.744s][info][gc,reloc    ] GC(15) y: Eden             206M (40%)           7M (1%)         107 / 0              0 / 0              0 / 0        
[2026-05-11T15:36:25.423+0100][1.744s][info][gc,reloc    ] GC(15) y: Survivor 1        38M (7%)            1M (0%)          20 / 1              0 / 0              0 / 0        
[2026-05-11T15:36:25.423+0100][1.744s][info][gc,heap     ] GC(15) y: Min Capacity: 256M(50%)
[2026-05-11T15:36:25.423+0100][1.744s][info][gc,heap     ] GC(15) y: Max Capacity: 512M(100%)
[2026-05-11T15:36:25.423+0100][1.744s][info][gc,heap     ] GC(15) y: Soft Max Capacity: 512M(100%)
[2026-05-11T15:36:25.424+0100][1.744s][info][gc,heap     ] GC(15) y: Heap Statistics:
[2026-05-11T15:36:25.424+0100][1.744s][info][gc,heap     ] GC(15) y:                Mark Start          Mark End        Relocate Start      Relocate End           High               Low         
[2026-05-11T15:36:25.424+0100][1.744s][info][gc,heap     ] GC(15) y:  Capacity:      478M (93%)         478M (93%)         478M (93%)         480M (94%)         480M (94%)         478M (93%)    
[2026-05-11T15:36:25.424+0100][1.744s][info][gc,heap     ] GC(15) y:      Free:      196M (38%)          34M (7%)           34M (7%)           34M (7%)          196M (38%)          32M (6%)     
[2026-05-11T15:36:25.424+0100][1.744s][info][gc,heap     ] GC(15) y:      Used:      316M (62%)         478M (93%)         478M (93%)         478M (93%)         480M (94%)         316M (62%)    
[2026-05-11T15:36:25.424+0100][1.744s][info][gc,heap     ] GC(15) y: Young Generation Statistics:
[2026-05-11T15:36:25.424+0100][1.744s][info][gc,heap     ] GC(15) y:                Mark Start          Mark End        Relocate Start      Relocate End    
[2026-05-11T15:36:25.424+0100][1.744s][info][gc,heap     ] GC(15) y:      Used:      254M (50%)         416M (81%)         378M (74%)         376M (73%)    
[2026-05-11T15:36:25.424+0100][1.744s][info][gc,heap     ] GC(15) y:      Live:         -               245M (48%)         207M (41%)         206M (40%)    
[2026-05-11T15:36:25.424+0100][1.744s][info][gc,heap     ] GC(15) y:   Garbage:         -                 8M (2%)            8M (2%)            5M (1%)     
[2026-05-11T15:36:25.424+0100][1.744s][info][gc,heap     ] GC(15) y: Allocated:         -               162M (32%)         162M (32%)         163M (32%)    
[2026-05-11T15:36:25.424+0100][1.744s][info][gc,heap     ] GC(15) y: Reclaimed:         -                  -                 0M (0%)            3M (1%)     
[2026-05-11T15:36:25.424+0100][1.744s][info][gc,heap     ] GC(15) y:  Promoted:         -                  -                37M (7%)           38M (7%)     
[2026-05-11T15:36:25.424+0100][1.744s][info][gc,heap     ] GC(15) y: Compacted:         -                  -                  -                 0M (0%)     
[2026-05-11T15:36:25.424+0100][1.744s][info][gc,phases   ] GC(15) y: Young Generation 314M(61%)->478M(93%) 0.140s
[2026-05-11T15:36:25.424+0100][1.744s][info][gc          ] GC(15) Minor Collection (Allocation Rate) 314M(61%)->478M(93%) 0.141s
[2026-05-11T15:36:25.424+0100][1.744s][info][gc,task     ] GC(14) O: Using 2 Workers for Old Generation
[2026-05-11T15:36:25.424+0100][1.744s][info][gc,task     ] GC(14) O: Using 1 Workers for Old Generation
[2026-05-11T15:36:25.424+0100][1.745s][info][gc,phases   ] GC(14) O: Concurrent Remap Roots 0.682ms
[2026-05-11T15:36:25.424+0100][1.745s][info][gc,phases   ] GC(14) O: Pause Relocate Start 0.004ms
[2026-05-11T15:36:25.424+0100][1.745s][info][gc          ] GC(16) Minor Collection (Allocation Rate)
[2026-05-11T15:36:25.424+0100][1.745s][info][gc,task     ] GC(16) Using 1 Workers for Young Generation
[2026-05-11T15:36:25.424+0100][1.745s][info][gc,phases   ] GC(16) y: Young Generation
[2026-05-11T15:36:25.424+0100][1.745s][info][gc,phases   ] GC(14) O: Concurrent Relocate 0.020ms
[2026-05-11T15:36:25.424+0100][1.745s][info][gc,phases   ] GC(16) y: Pause Mark Start 0.003ms
[2026-05-11T15:36:25.435+0100][1.756s][info][gc,task     ] Adjusting Workers for Young Generation: 1 -> 2
[2026-05-11T15:36:25.509+0100][1.829s][info][gc,phases   ] GC(16) y: Concurrent Mark 84.688ms
[2026-05-11T15:36:25.509+0100][1.829s][info][gc,phases   ] GC(16) y: Pause Mark End 0.008ms
[2026-05-11T15:36:25.509+0100][1.829s][info][gc,phases   ] GC(16) y: Concurrent Mark Free 0.001ms
[2026-05-11T15:36:25.509+0100][1.829s][info][gc,phases   ] GC(16) y: Concurrent Reset Relocation Set 0.012ms
[2026-05-11T15:36:25.509+0100][1.829s][info][gc,reloc    ] GC(16) y: Using tenuring threshold: 1 (Computed)
[2026-05-11T15:36:25.538+0100][1.858s][info][gc,phases   ] GC(16) y: Concurrent Select Relocation Set 28.562ms
[2026-05-11T15:36:25.538+0100][1.858s][info][gc,phases   ] GC(16) y: Pause Relocate Start 0.007ms
[2026-05-11T15:36:25.580+0100][1.900s][info][gc,phases   ] GC(16) y: Concurrent Relocate 42.131ms
[2026-05-11T15:36:25.580+0100][1.900s][info][gc,alloc    ] GC(16) y:                         Mark Start        Mark End      Relocate Start    Relocate End   
[2026-05-11T15:36:25.580+0100][1.900s][info][gc,alloc    ] GC(16) y: Allocation Stalls:          0                0                0                0         
[2026-05-11T15:36:25.580+0100][1.900s][info][gc,load     ] GC(16) y: Load: 3.71 (46%) / 3.50 (44%) / 2.52 (31%)
[2026-05-11T15:36:25.580+0100][1.900s][info][gc,mmu      ] GC(16) y: MMU: 2ms/99.1%, 5ms/99.6%, 10ms/99.7%, 20ms/99.8%, 50ms/99.9%, 100ms/99.9%
[2026-05-11T15:36:25.580+0100][1.900s][info][gc,marking  ] GC(16) y: Mark: 1 stripe(s), 1 proactive flush(es), 1 terminate flush(es), 0 completion(s), 0 continuation(s) 
[2026-05-11T15:36:25.580+0100][1.900s][info][gc,nmethod  ] GC(16) y: NMethods: 593 registered, 56 unregistered
[2026-05-11T15:36:25.580+0100][1.900s][info][gc,metaspace] GC(16) y: Metaspace: 2M used, 2M committed, 1088M reserved
[2026-05-11T15:36:25.580+0100][1.900s][info][gc,reloc    ] GC(16) y:                        Candidates     Selected     In-Place         Size        Empty    Relocated 
[2026-05-11T15:36:25.580+0100][1.900s][info][gc,reloc    ] GC(16) y: Small Pages:                  188            4            0         376M          62M           0M 
[2026-05-11T15:36:25.580+0100][1.900s][info][gc,reloc    ] GC(16) y: Medium Pages:                   0            0            0           0M           0M           0M 
[2026-05-11T15:36:25.580+0100][1.900s][info][gc,reloc    ] GC(16) y: Large Pages:                    0            0            0           0M           0M           0M 
[2026-05-11T15:36:25.580+0100][1.900s][info][gc,reloc    ] GC(16) y: Forwarding Usage: 0M
[2026-05-11T15:36:25.580+0100][1.900s][info][gc,reloc    ] GC(16) y: Age Table:
[2026-05-11T15:36:25.580+0100][1.900s][info][gc,reloc    ] GC(16) y:                    Live             Garbage             Small              Medium             Large        
[2026-05-11T15:36:25.580+0100][1.900s][info][gc,reloc    ] GC(16) y: Eden              90M (18%)          71M (14%)         81 / 3              0 / 0              0 / 0        
[2026-05-11T15:36:25.580+0100][1.900s][info][gc,reloc    ] GC(16) y: Survivor 1       206M (40%)           7M (1%)         107 / 1              0 / 0              0 / 0        
[2026-05-11T15:36:25.580+0100][1.900s][info][gc,heap     ] GC(16) y: Min Capacity: 256M(50%)
[2026-05-11T15:36:25.580+0100][1.900s][info][gc,heap     ] GC(16) y: Max Capacity: 512M(100%)
[2026-05-11T15:36:25.580+0100][1.900s][info][gc,heap     ] GC(16) y: Soft Max Capacity: 512M(100%)
[2026-05-11T15:36:25.580+0100][1.900s][info][gc,heap     ] GC(16) y: Heap Statistics:
[2026-05-11T15:36:25.580+0100][1.900s][info][gc,heap     ] GC(16) y:                Mark Start          Mark End        Relocate Start      Relocate End           High               Low         
[2026-05-11T15:36:25.580+0100][1.900s][info][gc,heap     ] GC(16) y:  Capacity:      480M (94%)         480M (94%)         480M (94%)         480M (94%)         480M (94%)         480M (94%)    
[2026-05-11T15:36:25.580+0100][1.900s][info][gc,heap     ] GC(16) y:      Free:       34M (7%)           34M (7%)           96M (19%)         100M (20%)         100M (20%)          34M (7%)     
[2026-05-11T15:36:25.580+0100][1.900s][info][gc,heap     ] GC(16) y:      Used:      478M (93%)         478M (93%)         416M (81%)         412M (80%)         478M (93%)         412M (80%)    
[2026-05-11T15:36:25.580+0100][1.900s][info][gc,heap     ] GC(16) y: Young Generation Statistics:
[2026-05-11T15:36:25.580+0100][1.900s][info][gc,heap     ] GC(16) y:                Mark Start          Mark End        Relocate Start      Relocate End    
[2026-05-11T15:36:25.580+0100][1.900s][info][gc,heap     ] GC(16) y:      Used:      376M (73%)         376M (73%)         102M (20%)          96M (19%)    
[2026-05-11T15:36:25.580+0100][1.900s][info][gc,heap     ] GC(16) y:      Live:         -               296M (58%)          90M (18%)          90M (18%)    
[2026-05-11T15:36:25.580+0100][1.900s][info][gc,heap     ] GC(16) y:   Garbage:         -                79M (15%)          11M (2%)            2M (0%)     
[2026-05-11T15:36:25.580+0100][1.900s][info][gc,heap     ] GC(16) y: Allocated:         -                 0M (0%)            0M (0%)            3M (1%)     
[2026-05-11T15:36:25.580+0100][1.900s][info][gc,heap     ] GC(16) y: Reclaimed:         -                  -                67M (13%)          76M (15%)    
[2026-05-11T15:36:25.580+0100][1.900s][info][gc,heap     ] GC(16) y:  Promoted:         -                  -               206M (40%)         206M (40%)    
[2026-05-11T15:36:25.580+0100][1.900s][info][gc,heap     ] GC(16) y: Compacted:         -                  -                  -                 0M (0%)     
[2026-05-11T15:36:25.580+0100][1.900s][info][gc,phases   ] GC(16) y: Young Generation 478M(93%)->412M(80%) 0.156s
[2026-05-11T15:36:25.580+0100][1.900s][info][gc          ] GC(16) Minor Collection (Allocation Rate) 478M(93%)->412M(80%) 0.156s
[2026-05-11T15:36:25.580+0100][1.900s][info][gc,alloc    ] GC(14) O:                         Mark Start        Mark End      Relocate Start    Relocate End   
[2026-05-11T15:36:25.580+0100][1.900s][info][gc,alloc    ] GC(14) O: Allocation Stalls:          0                0                0                0         
[2026-05-11T15:36:25.580+0100][1.900s][info][gc,load     ] GC(14) O: Load: 3.71 (46%) / 3.50 (44%) / 2.52 (31%)
[2026-05-11T15:36:25.580+0100][1.900s][info][gc,mmu      ] GC(14) O: MMU: 2ms/99.1%, 5ms/99.6%, 10ms/99.7%, 20ms/99.8%, 50ms/99.9%, 100ms/99.9%
[2026-05-11T15:36:25.580+0100][1.900s][info][gc,marking  ] GC(14) O: Mark: 1 stripe(s), 2 proactive flush(es), 1 terminate flush(es), 0 completion(s), 0 continuation(s) 
[2026-05-11T15:36:25.580+0100][1.900s][info][gc,nmethod  ] GC(14) O: NMethods: 593 registered, 56 unregistered
[2026-05-11T15:36:25.580+0100][1.900s][info][gc,metaspace] GC(14) O: Metaspace: 2M used, 2M committed, 1088M reserved
[2026-05-11T15:36:25.580+0100][1.900s][info][gc,ref      ] GC(14) O:                       Encountered   Discovered     Enqueued 
[2026-05-11T15:36:25.580+0100][1.900s][info][gc,ref      ] GC(14) O: Soft References:              120            0            0 
[2026-05-11T15:36:25.580+0100][1.900s][info][gc,ref      ] GC(14) O: Weak References:              210          167            0 
[2026-05-11T15:36:25.580+0100][1.900s][info][gc,ref      ] GC(14) O: Final References:               6            6            0 
[2026-05-11T15:36:25.580+0100][1.900s][info][gc,ref      ] GC(14) O: Phantom References:             2            1            0 
[2026-05-11T15:36:25.580+0100][1.900s][info][gc,reloc    ] GC(14) O:                        Candidates     Selected     In-Place         Size        Empty    Relocated 
[2026-05-11T15:36:25.580+0100][1.900s][info][gc,reloc    ] GC(14) O: Small Pages:                   31            0            0          62M           0M           0M 
[2026-05-11T15:36:25.580+0100][1.901s][info][gc,reloc    ] GC(14) O: Medium Pages:                   0            0            0           0M           0M           0M 
[2026-05-11T15:36:25.580+0100][1.901s][info][gc,reloc    ] GC(14) O: Large Pages:                    0            0            0           0M           0M           0M 
[2026-05-11T15:36:25.580+0100][1.901s][info][gc,reloc    ] GC(14) O: Forwarding Usage: 0M
[2026-05-11T15:36:25.580+0100][1.901s][info][gc,heap     ] GC(14) O: Min Capacity: 256M(50%)
[2026-05-11T15:36:25.580+0100][1.901s][info][gc,heap     ] GC(14) O: Max Capacity: 512M(100%)
[2026-05-11T15:36:25.580+0100][1.901s][info][gc,heap     ] GC(14) O: Soft Max Capacity: 512M(100%)
[2026-05-11T15:36:25.580+0100][1.901s][info][gc,heap     ] GC(14) O: Heap Statistics:
[2026-05-11T15:36:25.580+0100][1.901s][info][gc,heap     ] GC(14) O:                Mark Start          Mark End        Relocate Start      Relocate End           High               Low         
[2026-05-11T15:36:25.580+0100][1.901s][info][gc,heap     ] GC(14) O:  Capacity:      478M (93%)         478M (93%)         480M (94%)         480M (94%)         480M (94%)         478M (93%)    
[2026-05-11T15:36:25.580+0100][1.901s][info][gc,heap     ] GC(14) O:      Free:      410M (80%)          84M (16%)          34M (7%)           34M (7%)          410M (80%)          32M (6%)     
[2026-05-11T15:36:25.580+0100][1.901s][info][gc,heap     ] GC(14) O:      Used:      102M (20%)         428M (84%)         478M (93%)         478M (93%)         480M (94%)         102M (20%)    
[2026-05-11T15:36:25.580+0100][1.901s][info][gc,heap     ] GC(14) O: Old Generation Statistics:
[2026-05-11T15:36:25.580+0100][1.901s][info][gc,heap     ] GC(14) O:                Mark Start          Mark End        Relocate Start      Relocate End    
[2026-05-11T15:36:25.580+0100][1.901s][info][gc,heap     ] GC(14) O:      Used:       62M (12%)          62M (12%)         102M (20%)         102M (20%)    
[2026-05-11T15:36:25.580+0100][1.901s][info][gc,heap     ] GC(14) O:      Live:         -                60M (12%)          60M (12%)          60M (12%)    
[2026-05-11T15:36:25.580+0100][1.901s][info][gc,heap     ] GC(14) O:   Garbage:         -                 1M (0%)            1M (0%)            1M (0%)     
[2026-05-11T15:36:25.580+0100][1.901s][info][gc,heap     ] GC(14) O: Allocated:         -                 0M (0%)           40M (8%)           40M (8%)     
[2026-05-11T15:36:25.580+0100][1.901s][info][gc,heap     ] GC(14) O: Reclaimed:         -                  -                 0M (0%)            0M (0%)     
[2026-05-11T15:36:25.580+0100][1.901s][info][gc,heap     ] GC(14) O: Compacted:         -                  -                  -                 0M (0%)     
[2026-05-11T15:36:25.580+0100][1.901s][info][gc,phases   ] GC(14) O: Old Generation 288M(56%)->478M(93%) 0.299s
[2026-05-11T15:36:25.580+0100][1.901s][info][gc          ] GC(14) Major Collection (Allocation Rate) 96M(19%)->412M(80%) 0.319s
[2026-05-11T15:36:25.580+0100][1.901s][info][gc          ] GC(17) Major Collection (System.gc())
[2026-05-11T15:36:25.580+0100][1.901s][info][gc,task     ] GC(17) Using 2 Workers for Young Generation
[2026-05-11T15:36:25.580+0100][1.901s][info][gc,task     ] GC(17) Using 2 Workers for Old Generation
[2026-05-11T15:36:25.580+0100][1.901s][info][gc,phases   ] GC(17) Y: Young Generation (Promote All)
[2026-05-11T15:36:25.580+0100][1.901s][info][gc,phases   ] GC(17) Y: Pause Mark Start 0.004ms
[2026-05-11T15:36:25.608+0100][1.928s][info][gc,phases   ] GC(17) Y: Concurrent Mark 27.477ms
[2026-05-11T15:36:25.608+0100][1.928s][info][gc,phases   ] GC(17) Y: Pause Mark End 0.008ms
[2026-05-11T15:36:25.608+0100][1.928s][info][gc,phases   ] GC(17) Y: Concurrent Mark Free 0.002ms
[2026-05-11T15:36:25.608+0100][1.928s][info][gc,phases   ] GC(17) Y: Concurrent Reset Relocation Set 0.065ms
[2026-05-11T15:36:25.608+0100][1.928s][info][gc,reloc    ] GC(17) Y: Using tenuring threshold: 0 (Promote All)
[2026-05-11T15:36:25.621+0100][1.941s][info][gc,phases   ] GC(17) Y: Concurrent Select Relocation Set 12.840ms
[2026-05-11T15:36:25.621+0100][1.941s][info][gc,phases   ] GC(17) Y: Pause Relocate Start 0.007ms
[2026-05-11T15:36:25.639+0100][1.959s][info][gc,phases   ] GC(17) Y: Concurrent Relocate 17.770ms
[2026-05-11T15:36:25.639+0100][1.959s][info][gc,alloc    ] GC(17) Y:                         Mark Start        Mark End      Relocate Start    Relocate End   
[2026-05-11T15:36:25.639+0100][1.959s][info][gc,alloc    ] GC(17) Y: Allocation Stalls:          0                0                0                0         
[2026-05-11T15:36:25.639+0100][1.959s][info][gc,load     ] GC(17) Y: Load: 3.71 (46%) / 3.50 (44%) / 2.52 (31%)
[2026-05-11T15:36:25.639+0100][1.959s][info][gc,mmu      ] GC(17) Y: MMU: 2ms/99.1%, 5ms/99.6%, 10ms/99.7%, 20ms/99.8%, 50ms/99.9%, 100ms/99.9%
[2026-05-11T15:36:25.639+0100][1.959s][info][gc,marking  ] GC(17) Y: Mark: 2 stripe(s), 1 proactive flush(es), 1 terminate flush(es), 0 completion(s), 0 continuation(s) 
[2026-05-11T15:36:25.639+0100][1.959s][info][gc,nmethod  ] GC(17) Y: NMethods: 593 registered, 56 unregistered
[2026-05-11T15:36:25.639+0100][1.959s][info][gc,metaspace] GC(17) Y: Metaspace: 2M used, 2M committed, 1088M reserved
[2026-05-11T15:36:25.639+0100][1.959s][info][gc,reloc    ] GC(17) Y:                        Candidates     Selected     In-Place         Size        Empty    Relocated 
[2026-05-11T15:36:25.639+0100][1.959s][info][gc,reloc    ] GC(17) Y: Small Pages:                   48            1            0          96M           0M           0M 
[2026-05-11T15:36:25.639+0100][1.959s][info][gc,reloc    ] GC(17) Y: Medium Pages:                   0            0            0           0M           0M           0M 
[2026-05-11T15:36:25.639+0100][1.959s][info][gc,reloc    ] GC(17) Y: Large Pages:                    0            0            0           0M           0M           0M 
[2026-05-11T15:36:25.639+0100][1.959s][info][gc,reloc    ] GC(17) Y: Forwarding Usage: 0M
[2026-05-11T15:36:25.639+0100][1.959s][info][gc,reloc    ] GC(17) Y: Age Table:
[2026-05-11T15:36:25.639+0100][1.959s][info][gc,reloc    ] GC(17) Y:                    Live             Garbage             Small              Medium             Large        
[2026-05-11T15:36:25.639+0100][1.959s][info][gc,reloc    ] GC(17) Y: Eden                -                 0M (0%)           0 / 0              0 / 0              0 / 0        
[2026-05-11T15:36:25.639+0100][1.959s][info][gc,reloc    ] GC(17) Y: Survivor 1        90M (18%)           5M (1%)          48 / 1              0 / 0              0 / 0        
[2026-05-11T15:36:25.639+0100][1.959s][info][gc,heap     ] GC(17) Y: Min Capacity: 256M(50%)
[2026-05-11T15:36:25.639+0100][1.959s][info][gc,heap     ] GC(17) Y: Max Capacity: 512M(100%)
[2026-05-11T15:36:25.639+0100][1.959s][info][gc,heap     ] GC(17) Y: Soft Max Capacity: 512M(100%)
[2026-05-11T15:36:25.639+0100][1.959s][info][gc,heap     ] GC(17) Y: Heap Statistics:
[2026-05-11T15:36:25.639+0100][1.959s][info][gc,heap     ] GC(17) Y:                Mark Start          Mark End        Relocate Start      Relocate End           High               Low         
[2026-05-11T15:36:25.639+0100][1.959s][info][gc,heap     ] GC(17) Y:  Capacity:      480M (94%)         480M (94%)         480M (94%)         480M (94%)         480M (94%)         480M (94%)    
[2026-05-11T15:36:25.639+0100][1.959s][info][gc,heap     ] GC(17) Y:      Free:      100M (20%)         100M (20%)         100M (20%)         100M (20%)         100M (20%)          96M (19%)    
[2026-05-11T15:36:25.639+0100][1.959s][info][gc,heap     ] GC(17) Y:      Used:      412M (80%)         412M (80%)         412M (80%)         412M (80%)         416M (81%)         412M (80%)    
[2026-05-11T15:36:25.639+0100][1.959s][info][gc,heap     ] GC(17) Y: Young Generation Statistics:
[2026-05-11T15:36:25.639+0100][1.959s][info][gc,heap     ] GC(17) Y:                Mark Start          Mark End        Relocate Start      Relocate End    
[2026-05-11T15:36:25.639+0100][1.959s][info][gc,heap     ] GC(17) Y:      Used:       96M (19%)          96M (19%)           4M (1%)            0M (0%)     
[2026-05-11T15:36:25.639+0100][1.959s][info][gc,heap     ] GC(17) Y:      Live:         -                90M (18%)           0M (0%)            0M (0%)     
[2026-05-11T15:36:25.639+0100][1.959s][info][gc,heap     ] GC(17) Y:   Garbage:         -                 5M (1%)            3M (1%)            0M (0%)     
[2026-05-11T15:36:25.639+0100][1.959s][info][gc,heap     ] GC(17) Y: Allocated:         -                 0M (0%)            0M (0%)            0M (0%)     
[2026-05-11T15:36:25.639+0100][1.959s][info][gc,heap     ] GC(17) Y: Reclaimed:         -                  -                 2M (0%)            5M (1%)     
[2026-05-11T15:36:25.639+0100][1.959s][info][gc,heap     ] GC(17) Y:  Promoted:         -                  -                89M (18%)          90M (18%)    
[2026-05-11T15:36:25.639+0100][1.959s][info][gc,heap     ] GC(17) Y: Compacted:         -                  -                  -                 0M (0%)     
[2026-05-11T15:36:25.639+0100][1.959s][info][gc,phases   ] GC(17) Y: Young Generation (Promote All) 412M(80%)->412M(80%) 0.058s
[2026-05-11T15:36:25.639+0100][1.959s][info][gc,phases   ] GC(17) Y: Young Generation (Collect Roots)
[2026-05-11T15:36:25.639+0100][1.959s][info][gc,phases   ] GC(17) Y: Pause Mark Start (Major) 0.011ms
[2026-05-11T15:36:25.642+0100][1.962s][info][gc,phases   ] GC(17) Y: Concurrent Mark 2.934ms
[2026-05-11T15:36:25.642+0100][1.962s][info][gc,phases   ] GC(17) Y: Pause Mark End 0.007ms
[2026-05-11T15:36:25.642+0100][1.962s][info][gc,phases   ] GC(17) Y: Concurrent Mark Free 0.000ms
[2026-05-11T15:36:25.642+0100][1.962s][info][gc,phases   ] GC(17) Y: Concurrent Reset Relocation Set 0.035ms
[2026-05-11T15:36:25.642+0100][1.962s][info][gc,reloc    ] GC(17) Y: Using tenuring threshold: 0 (Computed)
[2026-05-11T15:36:25.642+0100][1.962s][info][gc,phases   ] GC(17) Y: Concurrent Select Relocation Set 0.042ms
[2026-05-11T15:36:25.642+0100][1.962s][info][gc,phases   ] GC(17) Y: Pause Relocate Start 0.001ms
[2026-05-11T15:36:25.642+0100][1.962s][info][gc,phases   ] GC(17) Y: Concurrent Relocate 0.014ms
[2026-05-11T15:36:25.642+0100][1.962s][info][gc,alloc    ] GC(17) Y:                         Mark Start        Mark End      Relocate Start    Relocate End   
[2026-05-11T15:36:25.642+0100][1.962s][info][gc,alloc    ] GC(17) Y: Allocation Stalls:          0                0                0                0         
[2026-05-11T15:36:25.642+0100][1.962s][info][gc,load     ] GC(17) Y: Load: 3.71 (46%) / 3.50 (44%) / 2.52 (31%)
[2026-05-11T15:36:25.642+0100][1.962s][info][gc,mmu      ] GC(17) Y: MMU: 2ms/99.1%, 5ms/99.6%, 10ms/99.7%, 20ms/99.8%, 50ms/99.9%, 100ms/99.9%
[2026-05-11T15:36:25.642+0100][1.963s][info][gc,marking  ] GC(17) Y: Mark: 2 stripe(s), 1 proactive flush(es), 1 terminate flush(es), 0 completion(s), 0 continuation(s) 
[2026-05-11T15:36:25.642+0100][1.963s][info][gc,nmethod  ] GC(17) Y: NMethods: 593 registered, 56 unregistered
[2026-05-11T15:36:25.642+0100][1.963s][info][gc,metaspace] GC(17) Y: Metaspace: 2M used, 2M committed, 1088M reserved
[2026-05-11T15:36:25.642+0100][1.963s][info][gc,heap     ] GC(17) Y: Min Capacity: 256M(50%)
[2026-05-11T15:36:25.642+0100][1.963s][info][gc,heap     ] GC(17) Y: Max Capacity: 512M(100%)
[2026-05-11T15:36:25.642+0100][1.963s][info][gc,heap     ] GC(17) Y: Soft Max Capacity: 512M(100%)
[2026-05-11T15:36:25.642+0100][1.963s][info][gc,heap     ] GC(17) Y: Heap Statistics:
[2026-05-11T15:36:25.642+0100][1.963s][info][gc,heap     ] GC(17) Y:                Mark Start          Mark End        Relocate Start      Relocate End           High               Low         
[2026-05-11T15:36:25.642+0100][1.963s][info][gc,heap     ] GC(17) Y:  Capacity:      480M (94%)         480M (94%)         480M (94%)         480M (94%)         480M (94%)         480M (94%)    
[2026-05-11T15:36:25.642+0100][1.963s][info][gc,heap     ] GC(17) Y:      Free:      100M (20%)         100M (20%)         100M (20%)         100M (20%)         100M (20%)         100M (20%)    
[2026-05-11T15:36:25.642+0100][1.963s][info][gc,heap     ] GC(17) Y:      Used:      412M (80%)         412M (80%)         412M (80%)         412M (80%)         412M (80%)         412M (80%)    
[2026-05-11T15:36:25.642+0100][1.963s][info][gc,heap     ] GC(17) Y: Young Generation Statistics:
[2026-05-11T15:36:25.642+0100][1.963s][info][gc,heap     ] GC(17) Y:                Mark Start          Mark End        Relocate Start      Relocate End    
[2026-05-11T15:36:25.642+0100][1.963s][info][gc,heap     ] GC(17) Y:      Used:        0M (0%)            0M (0%)            0M (0%)            0M (0%)     
[2026-05-11T15:36:25.642+0100][1.963s][info][gc,heap     ] GC(17) Y:      Live:         -                 0M (0%)            0M (0%)            0M (0%)     
[2026-05-11T15:36:25.642+0100][1.963s][info][gc,heap     ] GC(17) Y:   Garbage:         -                 0M (0%)            0M (0%)            0M (0%)     
[2026-05-11T15:36:25.642+0100][1.963s][info][gc,heap     ] GC(17) Y: Allocated:         -                 0M (0%)            0M (0%)            0M (0%)     
[2026-05-11T15:36:25.642+0100][1.963s][info][gc,heap     ] GC(17) Y: Reclaimed:         -                  -                 0M (0%)            0M (0%)     
[2026-05-11T15:36:25.642+0100][1.963s][info][gc,heap     ] GC(17) Y:  Promoted:         -                  -                 0M (0%)            0M (0%)     
[2026-05-11T15:36:25.642+0100][1.963s][info][gc,heap     ] GC(17) Y: Compacted:         -                  -                  -                 0M (0%)     
[2026-05-11T15:36:25.642+0100][1.963s][info][gc,phases   ] GC(17) Y: Young Generation (Collect Roots) 412M(80%)->412M(80%) 0.003s
[2026-05-11T15:36:25.642+0100][1.963s][info][gc,phases   ] GC(17) O: Old Generation
[2026-05-11T15:36:25.662+0100][1.982s][info][gc,phases   ] GC(17) O: Concurrent Mark 19.540ms
[2026-05-11T15:36:25.662+0100][1.982s][info][gc,phases   ] GC(17) O: Pause Mark End 0.011ms
[2026-05-11T15:36:25.662+0100][1.982s][info][gc,phases   ] GC(17) O: Concurrent Mark Free 0.001ms
[2026-05-11T15:36:25.663+0100][1.983s][info][gc,phases   ] GC(17) O: Concurrent Process Non-Strong 0.555ms
[2026-05-11T15:36:25.663+0100][1.983s][info][gc,phases   ] GC(17) O: Concurrent Reset Relocation Set 0.000ms
[2026-05-11T15:36:25.663+0100][1.983s][info][gc,phases   ] GC(17) O: Concurrent Select Relocation Set 0.103ms
[2026-05-11T15:36:25.663+0100][1.983s][info][gc,task     ] GC(17) O: Using 2 Workers for Old Generation
[2026-05-11T15:36:25.663+0100][1.983s][info][gc,task     ] GC(17) O: Using 2 Workers for Old Generation
[2026-05-11T15:36:25.663+0100][1.983s][info][gc,phases   ] GC(17) O: Concurrent Remap Roots 0.268ms
[2026-05-11T15:36:25.663+0100][1.983s][info][gc,phases   ] GC(17) O: Pause Relocate Start 0.002ms
[2026-05-11T15:36:25.664+0100][1.984s][info][gc,phases   ] GC(17) O: Concurrent Relocate 0.992ms
[2026-05-11T15:36:25.664+0100][1.984s][info][gc,alloc    ] GC(17) O:                         Mark Start        Mark End      Relocate Start    Relocate End   
[2026-05-11T15:36:25.664+0100][1.984s][info][gc,alloc    ] GC(17) O: Allocation Stalls:          0                0                0                0         
[2026-05-11T15:36:25.664+0100][1.984s][info][gc,load     ] GC(17) O: Load: 3.71 (46%) / 3.50 (44%) / 2.52 (31%)
[2026-05-11T15:36:25.664+0100][1.984s][info][gc,mmu      ] GC(17) O: MMU: 2ms/99.1%, 5ms/99.6%, 10ms/99.7%, 20ms/99.8%, 50ms/99.9%, 100ms/99.9%
[2026-05-11T15:36:25.664+0100][1.984s][info][gc,marking  ] GC(17) O: Mark: 2 stripe(s), 1 proactive flush(es), 1 terminate flush(es), 0 completion(s), 0 continuation(s) 
[2026-05-11T15:36:25.664+0100][1.984s][info][gc,nmethod  ] GC(17) O: NMethods: 587 registered, 62 unregistered
[2026-05-11T15:36:25.664+0100][1.984s][info][gc,metaspace] GC(17) O: Metaspace: 2M used, 2M committed, 1088M reserved
[2026-05-11T15:36:25.664+0100][1.984s][info][gc,ref      ] GC(17) O:                       Encountered   Discovered     Enqueued 
[2026-05-11T15:36:25.664+0100][1.984s][info][gc,ref      ] GC(17) O: Soft References:              126            0            0 
[2026-05-11T15:36:25.664+0100][1.984s][info][gc,ref      ] GC(17) O: Weak References:              265          151           10 
[2026-05-11T15:36:25.664+0100][1.984s][info][gc,ref      ] GC(17) O: Final References:               6            6            0 
[2026-05-11T15:36:25.664+0100][1.984s][info][gc,ref      ] GC(17) O: Phantom References:             2            1            0 
[2026-05-11T15:36:25.664+0100][1.984s][info][gc,reloc    ] GC(17) O:                        Candidates     Selected     In-Place         Size        Empty    Relocated 
[2026-05-11T15:36:25.664+0100][1.984s][info][gc,reloc    ] GC(17) O: Small Pages:                  206            3            0         412M         344M           1M 
[2026-05-11T15:36:25.664+0100][1.984s][info][gc,reloc    ] GC(17) O: Medium Pages:                   0            0            0           0M           0M           0M 
[2026-05-11T15:36:25.664+0100][1.984s][info][gc,reloc    ] GC(17) O: Large Pages:                    0            0            0           0M           0M           0M 
[2026-05-11T15:36:25.664+0100][1.984s][info][gc,reloc    ] GC(17) O: Forwarding Usage: 0M
[2026-05-11T15:36:25.664+0100][1.984s][info][gc,heap     ] GC(17) O: Min Capacity: 256M(50%)
[2026-05-11T15:36:25.664+0100][1.984s][info][gc,heap     ] GC(17) O: Max Capacity: 512M(100%)
[2026-05-11T15:36:25.664+0100][1.984s][info][gc,heap     ] GC(17) O: Soft Max Capacity: 512M(100%)
[2026-05-11T15:36:25.664+0100][1.984s][info][gc,heap     ] GC(17) O: Heap Statistics:
[2026-05-11T15:36:25.664+0100][1.984s][info][gc,heap     ] GC(17) O:                Mark Start          Mark End        Relocate Start      Relocate End           High               Low         
[2026-05-11T15:36:25.664+0100][1.984s][info][gc,heap     ] GC(17) O:  Capacity:      480M (94%)         480M (94%)         480M (94%)         480M (94%)         480M (94%)         480M (94%)    
[2026-05-11T15:36:25.664+0100][1.984s][info][gc,heap     ] GC(17) O:      Free:      100M (20%)         100M (20%)         444M (87%)         448M (88%)         448M (88%)         100M (20%)    
[2026-05-11T15:36:25.664+0100][1.984s][info][gc,heap     ] GC(17) O:      Used:      412M (80%)         412M (80%)          68M (13%)          64M (12%)         412M (80%)          64M (12%)    
[2026-05-11T15:36:25.664+0100][1.984s][info][gc,heap     ] GC(17) O: Old Generation Statistics:
[2026-05-11T15:36:25.664+0100][1.984s][info][gc,heap     ] GC(17) O:                Mark Start          Mark End        Relocate Start      Relocate End    
[2026-05-11T15:36:25.664+0100][1.984s][info][gc,heap     ] GC(17) O:      Used:      412M (80%)         412M (80%)          68M (13%)          64M (12%)    
[2026-05-11T15:36:25.664+0100][1.984s][info][gc,heap     ] GC(17) O:      Live:         -                60M (12%)          60M (12%)          60M (12%)    
[2026-05-11T15:36:25.664+0100][1.984s][info][gc,heap     ] GC(17) O:   Garbage:         -               351M (69%)           7M (2%)            1M (0%)     
[2026-05-11T15:36:25.664+0100][1.984s][info][gc,heap     ] GC(17) O: Allocated:         -                 0M (0%)            0M (0%)            2M (0%)     
[2026-05-11T15:36:25.664+0100][1.984s][info][gc,heap     ] GC(17) O: Reclaimed:         -                  -               344M (67%)         350M (68%)    
[2026-05-11T15:36:25.664+0100][1.984s][info][gc,heap     ] GC(17) O: Compacted:         -                  -                  -                 1M (0%)     
[2026-05-11T15:36:25.664+0100][1.984s][info][gc,phases   ] GC(17) O: Old Generation 412M(80%)->64M(12%) 0.022s
[2026-05-11T15:36:25.664+0100][1.984s][info][gc          ] GC(17) Major Collection (System.gc()) 412M(80%)->64M(12%) 0.084s
[2026-05-11T15:36:25.755+0100][2.075s][info][gc          ] GC(18) Major Collection (Allocation Rate)
[2026-05-11T15:36:25.755+0100][2.075s][info][gc,task     ] GC(18) Using 2 Workers for Young Generation
[2026-05-11T15:36:25.755+0100][2.075s][info][gc,task     ] GC(18) Using 1 Workers for Old Generation
[2026-05-11T15:36:25.755+0100][2.075s][info][gc,phases   ] GC(18) Y: Young Generation
[2026-05-11T15:36:25.755+0100][2.075s][info][gc,phases   ] GC(18) Y: Pause Mark Start (Major) 0.005ms
[2026-05-11T15:36:25.767+0100][2.087s][info][gc,phases   ] GC(18) Y: Concurrent Mark 11.909ms
[2026-05-11T15:36:25.767+0100][2.087s][info][gc,phases   ] GC(18) Y: Pause Mark End 0.007ms
[2026-05-11T15:36:25.767+0100][2.087s][info][gc,phases   ] GC(18) Y: Concurrent Mark Free 0.001ms
[2026-05-11T15:36:25.767+0100][2.087s][info][gc,phases   ] GC(18) Y: Concurrent Reset Relocation Set 0.000ms
[2026-05-11T15:36:25.767+0100][2.087s][info][gc,reloc    ] GC(18) Y: Using tenuring threshold: 1 (Computed)
[2026-05-11T15:36:25.767+0100][2.087s][info][gc,phases   ] GC(18) Y: Concurrent Select Relocation Set 0.054ms
[2026-05-11T15:36:25.767+0100][2.087s][info][gc,phases   ] GC(18) Y: Pause Relocate Start 0.004ms
[2026-05-11T15:36:25.767+0100][2.087s][info][gc,phases   ] GC(18) Y: Concurrent Relocate 0.039ms
[2026-05-11T15:36:25.767+0100][2.087s][info][gc,alloc    ] GC(18) Y:                         Mark Start        Mark End      Relocate Start    Relocate End   
[2026-05-11T15:36:25.767+0100][2.087s][info][gc,alloc    ] GC(18) Y: Allocation Stalls:          0                0                0                0         
[2026-05-11T15:36:25.767+0100][2.087s][info][gc,load     ] GC(18) Y: Load: 3.71 (46%) / 3.50 (44%) / 2.52 (31%)
[2026-05-11T15:36:25.767+0100][2.087s][info][gc,mmu      ] GC(18) Y: MMU: 2ms/99.1%, 5ms/99.6%, 10ms/99.7%, 20ms/99.8%, 50ms/99.9%, 100ms/99.9%
[2026-05-11T15:36:25.767+0100][2.087s][info][gc,marking  ] GC(18) Y: Mark: 2 stripe(s), 2 proactive flush(es), 1 terminate flush(es), 0 completion(s), 0 continuation(s) 
[2026-05-11T15:36:25.767+0100][2.087s][info][gc,nmethod  ] GC(18) Y: NMethods: 593 registered, 62 unregistered
[2026-05-11T15:36:25.767+0100][2.087s][info][gc,metaspace] GC(18) Y: Metaspace: 2M used, 2M committed, 1088M reserved
[2026-05-11T15:36:25.767+0100][2.087s][info][gc,reloc    ] GC(18) Y:                        Candidates     Selected     In-Place         Size        Empty    Relocated 
[2026-05-11T15:36:25.767+0100][2.087s][info][gc,reloc    ] GC(18) Y: Small Pages:                   14            0            0          28M           0M           0M 
[2026-05-11T15:36:25.767+0100][2.087s][info][gc,reloc    ] GC(18) Y: Medium Pages:                   0            0            0           0M           0M           0M 
[2026-05-11T15:36:25.767+0100][2.087s][info][gc,reloc    ] GC(18) Y: Large Pages:                    0            0            0           0M           0M           0M 
[2026-05-11T15:36:25.767+0100][2.087s][info][gc,reloc    ] GC(18) Y: Forwarding Usage: 0M
[2026-05-11T15:36:25.767+0100][2.087s][info][gc,reloc    ] GC(18) Y: Age Table:
[2026-05-11T15:36:25.767+0100][2.087s][info][gc,reloc    ] GC(18) Y:                    Live             Garbage             Small              Medium             Large        
[2026-05-11T15:36:25.767+0100][2.087s][info][gc,reloc    ] GC(18) Y: Eden              27M (5%)            0M (0%)          14 / 0              0 / 0              0 / 0        
[2026-05-11T15:36:25.767+0100][2.087s][info][gc,heap     ] GC(18) Y: Min Capacity: 256M(50%)
[2026-05-11T15:36:25.767+0100][2.087s][info][gc,heap     ] GC(18) Y: Max Capacity: 512M(100%)
[2026-05-11T15:36:25.767+0100][2.087s][info][gc,heap     ] GC(18) Y: Soft Max Capacity: 512M(100%)
[2026-05-11T15:36:25.767+0100][2.087s][info][gc,heap     ] GC(18) Y: Heap Statistics:
[2026-05-11T15:36:25.767+0100][2.087s][info][gc,heap     ] GC(18) Y:                Mark Start          Mark End        Relocate Start      Relocate End           High               Low         
[2026-05-11T15:36:25.767+0100][2.087s][info][gc,heap     ] GC(18) Y:  Capacity:      480M (94%)         480M (94%)         480M (94%)         480M (94%)         480M (94%)         480M (94%)    
[2026-05-11T15:36:25.767+0100][2.087s][info][gc,heap     ] GC(18) Y:      Free:      420M (82%)         294M (57%)         294M (57%)         294M (57%)         420M (82%)         294M (57%)    
[2026-05-11T15:36:25.767+0100][2.087s][info][gc,heap     ] GC(18) Y:      Used:       92M (18%)         218M (43%)         218M (43%)         218M (43%)         218M (43%)          92M (18%)    
[2026-05-11T15:36:25.767+0100][2.087s][info][gc,heap     ] GC(18) Y: Young Generation Statistics:
[2026-05-11T15:36:25.767+0100][2.087s][info][gc,heap     ] GC(18) Y:                Mark Start          Mark End        Relocate Start      Relocate End    
[2026-05-11T15:36:25.767+0100][2.087s][info][gc,heap     ] GC(18) Y:      Used:       28M (5%)          154M (30%)         154M (30%)         154M (30%)    
[2026-05-11T15:36:25.767+0100][2.087s][info][gc,heap     ] GC(18) Y:      Live:         -                27M (5%)           27M (5%)           27M (5%)     
[2026-05-11T15:36:25.767+0100][2.087s][info][gc,heap     ] GC(18) Y:   Garbage:         -                 0M (0%)            0M (0%)            0M (0%)     
[2026-05-11T15:36:25.767+0100][2.087s][info][gc,heap     ] GC(18) Y: Allocated:         -               126M (25%)         126M (25%)         126M (25%)    
[2026-05-11T15:36:25.767+0100][2.087s][info][gc,heap     ] GC(18) Y: Reclaimed:         -                  -                 0M (0%)            0M (0%)     
[2026-05-11T15:36:25.767+0100][2.087s][info][gc,heap     ] GC(18) Y:  Promoted:         -                  -                 0M (0%)            0M (0%)     
[2026-05-11T15:36:25.767+0100][2.087s][info][gc,heap     ] GC(18) Y: Compacted:         -                  -                  -                 0M (0%)     
[2026-05-11T15:36:25.767+0100][2.087s][info][gc,phases   ] GC(18) Y: Young Generation 92M(18%)->218M(43%) 0.012s
[2026-05-11T15:36:25.767+0100][2.087s][info][gc,phases   ] GC(18) O: Old Generation
[2026-05-11T15:36:25.770+0100][2.090s][info][gc          ] GC(19) Minor Collection (Allocation Rate)
[2026-05-11T15:36:25.770+0100][2.090s][info][gc,task     ] GC(19) Using 1 Workers for Young Generation
[2026-05-11T15:36:25.770+0100][2.090s][info][gc,phases   ] GC(19) y: Young Generation
[2026-05-11T15:36:25.770+0100][2.090s][info][gc,phases   ] GC(19) y: Pause Mark Start 0.008ms
[2026-05-11T15:36:25.776+0100][2.097s][info][gc,phases   ] GC(19) y: Concurrent Mark 6.177ms
[2026-05-11T15:36:25.777+0100][2.097s][info][gc,phases   ] GC(19) y: Pause Mark End 0.007ms
[2026-05-11T15:36:25.777+0100][2.097s][info][gc,phases   ] GC(19) y: Concurrent Mark Free 0.001ms
[2026-05-11T15:36:25.777+0100][2.097s][info][gc,phases   ] GC(19) y: Concurrent Reset Relocation Set 0.000ms
[2026-05-11T15:36:25.777+0100][2.097s][info][gc,reloc    ] GC(19) y: Using tenuring threshold: 1 (Computed)
[2026-05-11T15:36:25.777+0100][2.097s][info][gc,phases   ] GC(19) y: Concurrent Select Relocation Set 0.085ms
[2026-05-11T15:36:25.777+0100][2.097s][info][gc,phases   ] GC(19) y: Pause Relocate Start 0.002ms
[2026-05-11T15:36:25.777+0100][2.097s][info][gc,phases   ] GC(19) y: Concurrent Relocate 0.386ms
[2026-05-11T15:36:25.777+0100][2.097s][info][gc,alloc    ] GC(19) y:                         Mark Start        Mark End      Relocate Start    Relocate End   
[2026-05-11T15:36:25.777+0100][2.097s][info][gc,alloc    ] GC(19) y: Allocation Stalls:          0                0                0                0         
[2026-05-11T15:36:25.777+0100][2.097s][info][gc,load     ] GC(19) y: Load: 3.71 (46%) / 3.50 (44%) / 2.52 (31%)
[2026-05-11T15:36:25.777+0100][2.097s][info][gc,mmu      ] GC(19) y: MMU: 2ms/99.1%, 5ms/99.6%, 10ms/99.7%, 20ms/99.8%, 50ms/99.9%, 100ms/99.9%
[2026-05-11T15:36:25.777+0100][2.097s][info][gc,marking  ] GC(19) y: Mark: 1 stripe(s), 1 proactive flush(es), 1 terminate flush(es), 0 completion(s), 0 continuation(s) 
[2026-05-11T15:36:25.777+0100][2.097s][info][gc,nmethod  ] GC(19) y: NMethods: 597 registered, 62 unregistered
[2026-05-11T15:36:25.777+0100][2.097s][info][gc,metaspace] GC(19) y: Metaspace: 2M used, 2M committed, 1088M reserved
[2026-05-11T15:36:25.777+0100][2.097s][info][gc,reloc    ] GC(19) y:                        Candidates     Selected     In-Place         Size        Empty    Relocated 
[2026-05-11T15:36:25.777+0100][2.097s][info][gc,reloc    ] GC(19) y: Small Pages:                   79            1            0         158M         134M           0M 
[2026-05-11T15:36:25.777+0100][2.097s][info][gc,reloc    ] GC(19) y: Medium Pages:                   0            0            0           0M           0M           0M 
[2026-05-11T15:36:25.777+0100][2.097s][info][gc,reloc    ] GC(19) y: Large Pages:                    0            0            0           0M           0M           0M 
[2026-05-11T15:36:25.777+0100][2.097s][info][gc,reloc    ] GC(19) y: Forwarding Usage: 0M
[2026-05-11T15:36:25.777+0100][2.097s][info][gc,reloc    ] GC(19) y: Age Table:
[2026-05-11T15:36:25.777+0100][2.097s][info][gc,reloc    ] GC(19) y:                    Live             Garbage             Small              Medium             Large        
[2026-05-11T15:36:25.777+0100][2.097s][info][gc,reloc    ] GC(19) y: Eden              19M (4%)          110M (22%)         65 / 1              0 / 0              0 / 0        
[2026-05-11T15:36:25.777+0100][2.097s][info][gc,reloc    ] GC(19) y: Survivor 1          -                28M (5%)          14 / 0              0 / 0              0 / 0        
[2026-05-11T15:36:25.777+0100][2.097s][info][gc,heap     ] GC(19) y: Min Capacity: 256M(50%)
[2026-05-11T15:36:25.777+0100][2.097s][info][gc,heap     ] GC(19) y: Max Capacity: 512M(100%)
[2026-05-11T15:36:25.777+0100][2.097s][info][gc,heap     ] GC(19) y: Soft Max Capacity: 512M(100%)
[2026-05-11T15:36:25.777+0100][2.097s][info][gc,heap     ] GC(19) y: Heap Statistics:
[2026-05-11T15:36:25.777+0100][2.098s][info][gc,heap     ] GC(19) y:                Mark Start          Mark End        Relocate Start      Relocate End           High               Low         
[2026-05-11T15:36:25.777+0100][2.098s][info][gc,heap     ] GC(19) y:  Capacity:      480M (94%)         480M (94%)         480M (94%)         480M (94%)         480M (94%)         480M (94%)    
[2026-05-11T15:36:25.777+0100][2.098s][info][gc,heap     ] GC(19) y:      Free:      290M (57%)         232M (45%)         366M (71%)         368M (72%)         368M (72%)         232M (45%)    
[2026-05-11T15:36:25.777+0100][2.098s][info][gc,heap     ] GC(19) y:      Used:      222M (43%)         280M (55%)         146M (29%)         144M (28%)         280M (55%)         144M (28%)    
[2026-05-11T15:36:25.777+0100][2.098s][info][gc,heap     ] GC(19) y: Young Generation Statistics:
[2026-05-11T15:36:25.777+0100][2.098s][info][gc,heap     ] GC(19) y:                Mark Start          Mark End        Relocate Start      Relocate End    
[2026-05-11T15:36:25.777+0100][2.098s][info][gc,heap     ] GC(19) y:      Used:      158M (31%)         216M (42%)          82M (16%)          80M (16%)    
[2026-05-11T15:36:25.777+0100][2.098s][info][gc,heap     ] GC(19) y:      Live:         -                19M (4%)           19M (4%)           19M (4%)     
[2026-05-11T15:36:25.777+0100][2.098s][info][gc,heap     ] GC(19) y:   Garbage:         -               138M (27%)           4M (1%)            1M (0%)     
[2026-05-11T15:36:25.777+0100][2.098s][info][gc,heap     ] GC(19) y: Allocated:         -                58M (11%)          58M (11%)          59M (12%)    
[2026-05-11T15:36:25.777+0100][2.098s][info][gc,heap     ] GC(19) y: Reclaimed:         -                  -               134M (26%)         137M (27%)    
[2026-05-11T15:36:25.777+0100][2.098s][info][gc,heap     ] GC(19) y:  Promoted:         -                  -                 0M (0%)            0M (0%)     
[2026-05-11T15:36:25.777+0100][2.098s][info][gc,heap     ] GC(19) y: Compacted:         -                  -                  -                 0M (0%)     
[2026-05-11T15:36:25.777+0100][2.098s][info][gc,phases   ] GC(19) y: Young Generation 222M(43%)->144M(28%) 0.007s
[2026-05-11T15:36:25.777+0100][2.098s][info][gc          ] GC(19) Minor Collection (Allocation Rate) 222M(43%)->144M(28%) 0.007s
[2026-05-11T15:36:25.777+0100][2.098s][info][gc          ] GC(20) Minor Collection (Allocation Rate)
[2026-05-11T15:36:25.777+0100][2.098s][info][gc,task     ] GC(20) Using 1 Workers for Young Generation
[2026-05-11T15:36:25.777+0100][2.098s][info][gc,phases   ] GC(20) y: Young Generation
[2026-05-11T15:36:25.777+0100][2.098s][info][gc,phases   ] GC(20) y: Pause Mark Start 0.003ms
[2026-05-11T15:36:25.782+0100][2.102s][info][gc,phases   ] GC(20) y: Concurrent Mark 4.039ms
[2026-05-11T15:36:25.782+0100][2.102s][info][gc,phases   ] GC(20) y: Pause Mark End 0.011ms
[2026-05-11T15:36:25.782+0100][2.102s][info][gc,phases   ] GC(20) y: Concurrent Mark Free 0.001ms
[2026-05-11T15:36:25.782+0100][2.102s][info][gc,phases   ] GC(20) y: Concurrent Reset Relocation Set 0.001ms
[2026-05-11T15:36:25.782+0100][2.102s][info][gc,reloc    ] GC(20) y: Using tenuring threshold: 1 (Computed)
[2026-05-11T15:36:25.782+0100][2.102s][info][gc,phases   ] GC(20) y: Concurrent Select Relocation Set 0.094ms
[2026-05-11T15:36:25.782+0100][2.102s][info][gc,phases   ] GC(20) y: Pause Relocate Start 0.004ms
[2026-05-11T15:36:25.782+0100][2.102s][info][gc,phases   ] GC(20) y: Concurrent Relocate 0.070ms
[2026-05-11T15:36:25.782+0100][2.102s][info][gc,alloc    ] GC(20) y:                         Mark Start        Mark End      Relocate Start    Relocate End   
[2026-05-11T15:36:25.782+0100][2.102s][info][gc,alloc    ] GC(20) y: Allocation Stalls:          0                0                0                0         
[2026-05-11T15:36:25.782+0100][2.102s][info][gc,load     ] GC(20) y: Load: 3.71 (46%) / 3.50 (44%) / 2.52 (31%)
[2026-05-11T15:36:25.782+0100][2.102s][info][gc,mmu      ] GC(20) y: MMU: 2ms/99.1%, 5ms/99.6%, 10ms/99.7%, 20ms/99.8%, 50ms/99.9%, 100ms/99.9%
[2026-05-11T15:36:25.782+0100][2.102s][info][gc,marking  ] GC(20) y: Mark: 1 stripe(s), 2 proactive flush(es), 1 terminate flush(es), 0 completion(s), 0 continuation(s) 
[2026-05-11T15:36:25.782+0100][2.102s][info][gc,nmethod  ] GC(20) y: NMethods: 597 registered, 62 unregistered
[2026-05-11T15:36:25.782+0100][2.102s][info][gc,metaspace] GC(20) y: Metaspace: 2M used, 2M committed, 1088M reserved
[2026-05-11T15:36:25.782+0100][2.102s][info][gc,reloc    ] GC(20) y:                        Candidates     Selected     In-Place         Size        Empty    Relocated 
[2026-05-11T15:36:25.782+0100][2.102s][info][gc,reloc    ] GC(20) y: Small Pages:                   40            1            0          80M          68M           0M 
[2026-05-11T15:36:25.782+0100][2.102s][info][gc,reloc    ] GC(20) y: Medium Pages:                   0            0            0           0M           0M           0M 
[2026-05-11T15:36:25.782+0100][2.102s][info][gc,reloc    ] GC(20) y: Large Pages:                    0            0            0           0M           0M           0M 
[2026-05-11T15:36:25.782+0100][2.102s][info][gc,reloc    ] GC(20) y: Forwarding Usage: 0M
[2026-05-11T15:36:25.782+0100][2.102s][info][gc,reloc    ] GC(20) y: Age Table:
[2026-05-11T15:36:25.782+0100][2.102s][info][gc,reloc    ] GC(20) y:                    Live             Garbage             Small              Medium             Large        
[2026-05-11T15:36:25.782+0100][2.102s][info][gc,reloc    ] GC(20) y: Eden               8M (2%)           49M (10%)         29 / 1              0 / 0              0 / 0        
[2026-05-11T15:36:25.782+0100][2.102s][info][gc,reloc    ] GC(20) y: Survivor 1          -                22M (4%)          11 / 0              0 / 0              0 / 0        
[2026-05-11T15:36:25.782+0100][2.102s][info][gc,heap     ] GC(20) y: Min Capacity: 256M(50%)
[2026-05-11T15:36:25.782+0100][2.102s][info][gc,heap     ] GC(20) y: Max Capacity: 512M(100%)
[2026-05-11T15:36:25.782+0100][2.102s][info][gc,heap     ] GC(20) y: Soft Max Capacity: 512M(100%)
[2026-05-11T15:36:25.782+0100][2.102s][info][gc,heap     ] GC(20) y: Heap Statistics:
[2026-05-11T15:36:25.782+0100][2.102s][info][gc,heap     ] GC(20) y:                Mark Start          Mark End        Relocate Start      Relocate End           High               Low         
[2026-05-11T15:36:25.782+0100][2.102s][info][gc,heap     ] GC(20) y:  Capacity:      480M (94%)         480M (94%)         480M (94%)         480M (94%)         480M (94%)         480M (94%)    
[2026-05-11T15:36:25.782+0100][2.102s][info][gc,heap     ] GC(20) y:      Free:      368M (72%)         346M (68%)         410M (80%)         410M (80%)         412M (80%)         344M (67%)    
[2026-05-11T15:36:25.782+0100][2.102s][info][gc,heap     ] GC(20) y:      Used:      144M (28%)         166M (32%)         102M (20%)         102M (20%)         168M (33%)         100M (20%)    
[2026-05-11T15:36:25.782+0100][2.102s][info][gc,heap     ] GC(20) y: Young Generation Statistics:
[2026-05-11T15:36:25.782+0100][2.102s][info][gc,heap     ] GC(20) y:                Mark Start          Mark End        Relocate Start      Relocate End    
[2026-05-11T15:36:25.782+0100][2.102s][info][gc,heap     ] GC(20) y:      Used:       80M (16%)         102M (20%)          38M (7%)           38M (7%)     
[2026-05-11T15:36:25.782+0100][2.102s][info][gc,heap     ] GC(20) y:      Live:         -                 8M (2%)            8M (2%)            8M (2%)     
[2026-05-11T15:36:25.782+0100][2.102s][info][gc,heap     ] GC(20) y:   Garbage:         -                71M (14%)           3M (1%)            0M (0%)     
[2026-05-11T15:36:25.782+0100][2.102s][info][gc,heap     ] GC(20) y: Allocated:         -                22M (4%)           26M (5%)           29M (6%)     
[2026-05-11T15:36:25.782+0100][2.102s][info][gc,heap     ] GC(20) y: Reclaimed:         -                  -                68M (13%)          71M (14%)    
[2026-05-11T15:36:25.782+0100][2.102s][info][gc,heap     ] GC(20) y:  Promoted:         -                  -                 0M (0%)            0M (0%)     
[2026-05-11T15:36:25.782+0100][2.102s][info][gc,heap     ] GC(20) y: Compacted:         -                  -                  -                 0M (0%)     
[2026-05-11T15:36:25.782+0100][2.102s][info][gc,phases   ] GC(20) y: Young Generation 144M(28%)->102M(20%) 0.005s
[2026-05-11T15:36:25.782+0100][2.102s][info][gc          ] GC(20) Minor Collection (Allocation Rate) 144M(28%)->104M(20%) 0.005s
[2026-05-11T15:36:25.782+0100][2.102s][info][gc          ] GC(21) Minor Collection (Allocation Rate)
[2026-05-11T15:36:25.782+0100][2.102s][info][gc,task     ] GC(21) Using 1 Workers for Young Generation
[2026-05-11T15:36:25.782+0100][2.102s][info][gc,phases   ] GC(21) y: Young Generation
[2026-05-11T15:36:25.782+0100][2.102s][info][gc,phases   ] GC(21) y: Pause Mark Start 0.003ms
[2026-05-11T15:36:25.798+0100][2.118s][info][gc,phases   ] GC(21) y: Concurrent Mark 15.856ms
[2026-05-11T15:36:25.798+0100][2.119s][info][gc,phases   ] GC(21) y: Pause Mark End 0.007ms
[2026-05-11T15:36:25.798+0100][2.119s][info][gc,phases   ] GC(21) y: Concurrent Mark Free 0.002ms
[2026-05-11T15:36:25.798+0100][2.119s][info][gc,phases   ] GC(21) y: Concurrent Reset Relocation Set 0.002ms
[2026-05-11T15:36:25.798+0100][2.119s][info][gc,reloc    ] GC(21) y: Using tenuring threshold: 2 (Computed)
[2026-05-11T15:36:25.799+0100][2.119s][info][gc,phases   ] GC(21) y: Concurrent Select Relocation Set 0.075ms
[2026-05-11T15:36:25.799+0100][2.119s][info][gc,phases   ] GC(21) y: Pause Relocate Start 0.003ms
[2026-05-11T15:36:25.799+0100][2.119s][info][gc,phases   ] GC(21) y: Concurrent Relocate 0.074ms
[2026-05-11T15:36:25.799+0100][2.119s][info][gc,alloc    ] GC(21) y:                         Mark Start        Mark End      Relocate Start    Relocate End   
[2026-05-11T15:36:25.799+0100][2.119s][info][gc,alloc    ] GC(21) y: Allocation Stalls:          0                0                0                0         
[2026-05-11T15:36:25.799+0100][2.119s][info][gc,load     ] GC(21) y: Load: 3.71 (46%) / 3.50 (44%) / 2.52 (31%)
[2026-05-11T15:36:25.799+0100][2.119s][info][gc,mmu      ] GC(21) y: MMU: 2ms/99.1%, 5ms/99.6%, 10ms/99.7%, 20ms/99.8%, 50ms/99.9%, 100ms/99.9%
[2026-05-11T15:36:25.799+0100][2.119s][info][gc,marking  ] GC(21) y: Mark: 1 stripe(s), 1 proactive flush(es), 1 terminate flush(es), 0 completion(s), 0 continuation(s) 
[2026-05-11T15:36:25.799+0100][2.119s][info][gc,nmethod  ] GC(21) y: NMethods: 598 registered, 62 unregistered
[2026-05-11T15:36:25.799+0100][2.119s][info][gc,metaspace] GC(21) y: Metaspace: 2M used, 2M committed, 1088M reserved
[2026-05-11T15:36:25.799+0100][2.119s][info][gc,reloc    ] GC(21) y:                        Candidates     Selected     In-Place         Size        Empty    Relocated 
[2026-05-11T15:36:25.799+0100][2.119s][info][gc,reloc    ] GC(21) y: Small Pages:                   21            2            0          42M           0M           0M 
[2026-05-11T15:36:25.799+0100][2.119s][info][gc,reloc    ] GC(21) y: Medium Pages:                   0            0            0           0M           0M           0M 
[2026-05-11T15:36:25.799+0100][2.119s][info][gc,reloc    ] GC(21) y: Large Pages:                    0            0            0           0M           0M           0M 
[2026-05-11T15:36:25.799+0100][2.119s][info][gc,reloc    ] GC(21) y: Forwarding Usage: 0M
[2026-05-11T15:36:25.799+0100][2.119s][info][gc,reloc    ] GC(21) y: Age Table:
[2026-05-11T15:36:25.799+0100][2.119s][info][gc,reloc    ] GC(21) y:                    Live             Garbage             Small              Medium             Large        
[2026-05-11T15:36:25.799+0100][2.119s][info][gc,reloc    ] GC(21) y: Eden              27M (5%)            2M (0%)          15 / 0              0 / 0              0 / 0        
[2026-05-11T15:36:25.799+0100][2.119s][info][gc,reloc    ] GC(21) y: Survivor 1         8M (2%)            3M (1%)           6 / 2              0 / 0              0 / 0        
[2026-05-11T15:36:25.799+0100][2.119s][info][gc,heap     ] GC(21) y: Min Capacity: 256M(50%)
[2026-05-11T15:36:25.799+0100][2.119s][info][gc,heap     ] GC(21) y: Max Capacity: 512M(100%)
[2026-05-11T15:36:25.799+0100][2.119s][info][gc,heap     ] GC(21) y: Soft Max Capacity: 512M(100%)
[2026-05-11T15:36:25.799+0100][2.119s][info][gc,heap     ] GC(21) y: Heap Statistics:
[2026-05-11T15:36:25.799+0100][2.119s][info][gc,heap     ] GC(21) y:                Mark Start          Mark End        Relocate Start      Relocate End           High               Low         
[2026-05-11T15:36:25.799+0100][2.119s][info][gc,heap     ] GC(21) y:  Capacity:      480M (94%)         480M (94%)         480M (94%)         480M (94%)         480M (94%)         480M (94%)    
[2026-05-11T15:36:25.799+0100][2.119s][info][gc,heap     ] GC(21) y:      Free:      406M (79%)         290M (57%)         288M (56%)         290M (57%)         406M (79%)         286M (56%)    
[2026-05-11T15:36:25.799+0100][2.119s][info][gc,heap     ] GC(21) y:      Used:      106M (21%)         222M (43%)         224M (44%)         222M (43%)         226M (44%)         106M (21%)    
[2026-05-11T15:36:25.799+0100][2.119s][info][gc,heap     ] GC(21) y: Young Generation Statistics:
[2026-05-11T15:36:25.799+0100][2.119s][info][gc,heap     ] GC(21) y:                Mark Start          Mark End        Relocate Start      Relocate End    
[2026-05-11T15:36:25.799+0100][2.119s][info][gc,heap     ] GC(21) y:      Used:       42M (8%)          158M (31%)         160M (31%)         158M (31%)    
[2026-05-11T15:36:25.799+0100][2.119s][info][gc,heap     ] GC(21) y:      Live:         -                36M (7%)           36M (7%)           36M (7%)     
[2026-05-11T15:36:25.799+0100][2.119s][info][gc,heap     ] GC(21) y:   Garbage:         -                 5M (1%)            5M (1%)            0M (0%)     
[2026-05-11T15:36:25.799+0100][2.119s][info][gc,heap     ] GC(21) y: Allocated:         -               116M (23%)         118M (23%)         121M (24%)    
[2026-05-11T15:36:25.799+0100][2.119s][info][gc,heap     ] GC(21) y: Reclaimed:         -                  -                 0M (0%)            5M (1%)     
[2026-05-11T15:36:25.799+0100][2.119s][info][gc,heap     ] GC(21) y:  Promoted:         -                  -                 0M (0%)            0M (0%)     
[2026-05-11T15:36:25.799+0100][2.119s][info][gc,heap     ] GC(21) y: Compacted:         -                  -                  -                 0M (0%)     
[2026-05-11T15:36:25.799+0100][2.119s][info][gc,phases   ] GC(21) y: Young Generation 104M(20%)->222M(43%) 0.017s
[2026-05-11T15:36:25.799+0100][2.119s][info][gc          ] GC(21) Minor Collection (Allocation Rate) 104M(20%)->222M(43%) 0.017s
[2026-05-11T15:36:25.799+0100][2.119s][info][gc          ] GC(22) Minor Collection (Allocation Rate)
[2026-05-11T15:36:25.799+0100][2.119s][info][gc,task     ] GC(22) Using 1 Workers for Young Generation
[2026-05-11T15:36:25.799+0100][2.119s][info][gc,phases   ] GC(22) y: Young Generation
[2026-05-11T15:36:25.799+0100][2.119s][info][gc,phases   ] GC(22) y: Pause Mark Start 0.003ms
[2026-05-11T15:36:25.804+0100][2.124s][info][gc,phases   ] GC(18) O: Concurrent Mark 36.432ms
[2026-05-11T15:36:25.804+0100][2.124s][info][gc,phases   ] GC(18) O: Pause Mark End 0.009ms
[2026-05-11T15:36:25.804+0100][2.124s][info][gc,phases   ] GC(18) O: Concurrent Mark Free 0.000ms
[2026-05-11T15:36:25.805+0100][2.125s][info][gc,phases   ] GC(18) O: Concurrent Process Non-Strong 0.825ms
[2026-05-11T15:36:25.805+0100][2.125s][info][gc,phases   ] GC(18) O: Concurrent Reset Relocation Set 0.001ms
[2026-05-11T15:36:25.805+0100][2.125s][info][gc,phases   ] GC(18) O: Concurrent Select Relocation Set 0.022ms
[2026-05-11T15:36:25.805+0100][2.125s][info][gc,phases   ] GC(22) y: Concurrent Mark 5.408ms
[2026-05-11T15:36:25.805+0100][2.125s][info][gc,phases   ] GC(22) y: Pause Mark End 0.006ms
[2026-05-11T15:36:25.805+0100][2.125s][info][gc,phases   ] GC(22) y: Concurrent Mark Free 0.000ms
[2026-05-11T15:36:25.805+0100][2.125s][info][gc,phases   ] GC(22) y: Concurrent Reset Relocation Set 0.001ms
[2026-05-11T15:36:25.805+0100][2.125s][info][gc,reloc    ] GC(22) y: Using tenuring threshold: 1 (Computed)
[2026-05-11T15:36:25.805+0100][2.125s][info][gc,phases   ] GC(22) y: Concurrent Select Relocation Set 0.056ms
[2026-05-11T15:36:25.805+0100][2.125s][info][gc,phases   ] GC(22) y: Pause Relocate Start 0.002ms
[2026-05-11T15:36:25.805+0100][2.125s][info][gc,phases   ] GC(22) y: Concurrent Relocate 0.098ms
[2026-05-11T15:36:25.805+0100][2.125s][info][gc,alloc    ] GC(22) y:                         Mark Start        Mark End      Relocate Start    Relocate End   
[2026-05-11T15:36:25.805+0100][2.125s][info][gc,alloc    ] GC(22) y: Allocation Stalls:          0                0                0                0         
[2026-05-11T15:36:25.805+0100][2.125s][info][gc,load     ] GC(22) y: Load: 3.71 (46%) / 3.50 (44%) / 2.52 (31%)
[2026-05-11T15:36:25.805+0100][2.125s][info][gc,mmu      ] GC(22) y: MMU: 2ms/99.1%, 5ms/99.6%, 10ms/99.7%, 20ms/99.8%, 50ms/99.8%, 100ms/99.9%
[2026-05-11T15:36:25.805+0100][2.125s][info][gc,marking  ] GC(22) y: Mark: 1 stripe(s), 1 proactive flush(es), 1 terminate flush(es), 0 completion(s), 0 continuation(s) 
[2026-05-11T15:36:25.805+0100][2.125s][info][gc,nmethod  ] GC(22) y: NMethods: 598 registered, 64 unregistered
[2026-05-11T15:36:25.805+0100][2.125s][info][gc,metaspace] GC(22) y: Metaspace: 2M used, 2M committed, 1088M reserved
[2026-05-11T15:36:25.805+0100][2.125s][info][gc,reloc    ] GC(22) y:                        Candidates     Selected     In-Place         Size        Empty    Relocated 
[2026-05-11T15:36:25.805+0100][2.125s][info][gc,reloc    ] GC(22) y: Small Pages:                   79            2            0         158M         136M           1M 
[2026-05-11T15:36:25.805+0100][2.125s][info][gc,reloc    ] GC(22) y: Medium Pages:                   0            0            0           0M           0M           0M 
[2026-05-11T15:36:25.805+0100][2.125s][info][gc,reloc    ] GC(22) y: Large Pages:                    0            0            0           0M           0M           0M 
[2026-05-11T15:36:25.805+0100][2.125s][info][gc,reloc    ] GC(22) y: Forwarding Usage: 0M
[2026-05-11T15:36:25.805+0100][2.125s][info][gc,reloc    ] GC(22) y: Age Table:
[2026-05-11T15:36:25.805+0100][2.125s][info][gc,reloc    ] GC(22) y:                    Live             Garbage             Small              Medium             Large        
[2026-05-11T15:36:25.805+0100][2.125s][info][gc,reloc    ] GC(22) y: Eden              16M (3%)          101M (20%)         59 / 2              0 / 0              0 / 0        
[2026-05-11T15:36:25.805+0100][2.125s][info][gc,reloc    ] GC(22) y: Survivor 1          -                30M (6%)          15 / 0              0 / 0              0 / 0        
[2026-05-11T15:36:25.805+0100][2.125s][info][gc,reloc    ] GC(22) y: Survivor 2          -                10M (2%)           5 / 0              0 / 0              0 / 0        
[2026-05-11T15:36:25.805+0100][2.125s][info][gc,heap     ] GC(22) y: Min Capacity: 256M(50%)
[2026-05-11T15:36:25.805+0100][2.125s][info][gc,heap     ] GC(22) y: Max Capacity: 512M(100%)
[2026-05-11T15:36:25.805+0100][2.125s][info][gc,heap     ] GC(22) y: Soft Max Capacity: 512M(100%)
[2026-05-11T15:36:25.805+0100][2.125s][info][gc,heap     ] GC(22) y: Heap Statistics:
[2026-05-11T15:36:25.805+0100][2.125s][info][gc,heap     ] GC(22) y:                Mark Start          Mark End        Relocate Start      Relocate End           High               Low         
[2026-05-11T15:36:25.805+0100][2.125s][info][gc,heap     ] GC(22) y:  Capacity:      480M (94%)         480M (94%)         480M (94%)         480M (94%)         480M (94%)         480M (94%)    
[2026-05-11T15:36:25.805+0100][2.125s][info][gc,heap     ] GC(22) y:      Free:      290M (57%)         238M (46%)         374M (73%)         378M (74%)         378M (74%)         238M (46%)    
[2026-05-11T15:36:25.805+0100][2.125s][info][gc,heap     ] GC(22) y:      Used:      222M (43%)         274M (54%)         138M (27%)         134M (26%)         274M (54%)         134M (26%)    
[2026-05-11T15:36:25.805+0100][2.125s][info][gc,heap     ] GC(22) y: Young Generation Statistics:
[2026-05-11T15:36:25.805+0100][2.125s][info][gc,heap     ] GC(22) y:                Mark Start          Mark End        Relocate Start      Relocate End    
[2026-05-11T15:36:25.805+0100][2.125s][info][gc,heap     ] GC(22) y:      Used:      158M (31%)         210M (41%)          74M (14%)          70M (14%)    
[2026-05-11T15:36:25.805+0100][2.125s][info][gc,heap     ] GC(22) y:      Live:         -                16M (3%)           16M (3%)           16M (3%)     
[2026-05-11T15:36:25.805+0100][2.125s][info][gc,heap     ] GC(22) y:   Garbage:         -               141M (28%)           5M (1%)            0M (0%)     
[2026-05-11T15:36:25.805+0100][2.125s][info][gc,heap     ] GC(22) y: Allocated:         -                52M (10%)          52M (10%)          52M (10%)    
[2026-05-11T15:36:25.805+0100][2.125s][info][gc,heap     ] GC(22) y: Reclaimed:         -                  -               136M (27%)         140M (27%)    
[2026-05-11T15:36:25.805+0100][2.125s][info][gc,heap     ] GC(22) y:  Promoted:         -                  -                 0M (0%)            0M (0%)     
[2026-05-11T15:36:25.805+0100][2.125s][info][gc,heap     ] GC(22) y: Compacted:         -                  -                  -                 1M (0%)     
[2026-05-11T15:36:25.805+0100][2.125s][info][gc,phases   ] GC(22) y: Young Generation 222M(43%)->134M(26%) 0.006s
[2026-05-11T15:36:25.805+0100][2.125s][info][gc          ] GC(22) Minor Collection (Allocation Rate) 222M(43%)->134M(26%) 0.006s
[2026-05-11T15:36:25.805+0100][2.125s][info][gc,task     ] GC(18) O: Using 2 Workers for Old Generation
[2026-05-11T15:36:25.805+0100][2.126s][info][gc,task     ] GC(18) O: Using 1 Workers for Old Generation
[2026-05-11T15:36:25.805+0100][2.126s][info][gc,phases   ] GC(18) O: Concurrent Remap Roots 0.384ms
[2026-05-11T15:36:25.805+0100][2.126s][info][gc,phases   ] GC(18) O: Pause Relocate Start 0.002ms
[2026-05-11T15:36:25.805+0100][2.126s][info][gc          ] GC(23) Minor Collection (Allocation Rate)
[2026-05-11T15:36:25.805+0100][2.126s][info][gc,task     ] GC(23) Using 1 Workers for Young Generation
[2026-05-11T15:36:25.805+0100][2.126s][info][gc,phases   ] GC(23) y: Young Generation
[2026-05-11T15:36:25.805+0100][2.126s][info][gc,phases   ] GC(23) y: Pause Mark Start 0.002ms
[2026-05-11T15:36:25.806+0100][2.126s][info][gc,phases   ] GC(23) y: Concurrent Mark 0.675ms
[2026-05-11T15:36:25.807+0100][2.127s][info][gc,phases   ] GC(23) y: Pause Mark End 0.004ms
[2026-05-11T15:36:25.807+0100][2.127s][info][gc,phases   ] GC(18) O: Concurrent Relocate 1.199ms
[2026-05-11T15:36:25.807+0100][2.127s][info][gc,phases   ] GC(23) y: Concurrent Mark Free 0.000ms
[2026-05-11T15:36:25.807+0100][2.127s][info][gc,phases   ] GC(23) y: Concurrent Reset Relocation Set 0.001ms
[2026-05-11T15:36:25.807+0100][2.127s][info][gc,reloc    ] GC(23) y: Using tenuring threshold: 2 (Computed)
[2026-05-11T15:36:25.807+0100][2.127s][info][gc,phases   ] GC(23) y: Concurrent Select Relocation Set 0.043ms
[2026-05-11T15:36:25.807+0100][2.127s][info][gc,phases   ] GC(23) y: Pause Relocate Start 0.003ms
[2026-05-11T15:36:25.807+0100][2.127s][info][gc,phases   ] GC(23) y: Concurrent Relocate 0.010ms
[2026-05-11T15:36:25.807+0100][2.127s][info][gc,alloc    ] GC(23) y:                         Mark Start        Mark End      Relocate Start    Relocate End   
[2026-05-11T15:36:25.807+0100][2.127s][info][gc,alloc    ] GC(23) y: Allocation Stalls:          0                0                0                0         
[2026-05-11T15:36:25.807+0100][2.127s][info][gc,load     ] GC(23) y: Load: 3.71 (46%) / 3.50 (44%) / 2.52 (31%)
[2026-05-11T15:36:25.807+0100][2.127s][info][gc,mmu      ] GC(23) y: MMU: 2ms/98.9%, 5ms/99.4%, 10ms/99.6%, 20ms/99.8%, 50ms/99.8%, 100ms/99.9%
[2026-05-11T15:36:25.807+0100][2.127s][info][gc,marking  ] GC(23) y: Mark: 1 stripe(s), 1 proactive flush(es), 1 terminate flush(es), 0 completion(s), 0 continuation(s) 
[2026-05-11T15:36:25.807+0100][2.127s][info][gc,nmethod  ] GC(23) y: NMethods: 598 registered, 64 unregistered
[2026-05-11T15:36:25.807+0100][2.127s][info][gc,metaspace] GC(23) y: Metaspace: 2M used, 2M committed, 1088M reserved
[2026-05-11T15:36:25.807+0100][2.127s][info][gc,reloc    ] GC(23) y:                        Candidates     Selected     In-Place         Size        Empty    Relocated 
[2026-05-11T15:36:25.807+0100][2.127s][info][gc,reloc    ] GC(23) y: Small Pages:                   35            0            0          70M          68M           0M 
[2026-05-11T15:36:25.807+0100][2.127s][info][gc,reloc    ] GC(23) y: Medium Pages:                   0            0            0           0M           0M           0M 
[2026-05-11T15:36:25.807+0100][2.127s][info][gc,reloc    ] GC(23) y: Large Pages:                    0            0            0           0M           0M           0M 
[2026-05-11T15:36:25.807+0100][2.127s][info][gc,reloc    ] GC(23) y: Forwarding Usage: 0M
[2026-05-11T15:36:25.807+0100][2.127s][info][gc,reloc    ] GC(23) y: Age Table:
[2026-05-11T15:36:25.807+0100][2.127s][info][gc,reloc    ] GC(23) y:                    Live             Garbage             Small              Medium             Large        
[2026-05-11T15:36:25.807+0100][2.127s][info][gc,reloc    ] GC(23) y: Eden                -                52M (10%)         26 / 0              0 / 0              0 / 0        
[2026-05-11T15:36:25.807+0100][2.127s][info][gc,reloc    ] GC(23) y: Survivor 1         0M (0%)           17M (4%)           9 / 0              0 / 0              0 / 0        
[2026-05-11T15:36:25.807+0100][2.127s][info][gc,heap     ] GC(23) y: Min Capacity: 256M(50%)
[2026-05-11T15:36:25.807+0100][2.127s][info][gc,heap     ] GC(23) y: Max Capacity: 512M(100%)
[2026-05-11T15:36:25.807+0100][2.127s][info][gc,heap     ] GC(23) y: Soft Max Capacity: 512M(100%)
[2026-05-11T15:36:25.807+0100][2.127s][info][gc,heap     ] GC(23) y: Heap Statistics:
[2026-05-11T15:36:25.807+0100][2.127s][info][gc,heap     ] GC(23) y:                Mark Start          Mark End        Relocate Start      Relocate End           High               Low         
[2026-05-11T15:36:25.807+0100][2.127s][info][gc,heap     ] GC(23) y:  Capacity:      480M (94%)         480M (94%)         480M (94%)         480M (94%)         480M (94%)         480M (94%)    
[2026-05-11T15:36:25.807+0100][2.127s][info][gc,heap     ] GC(23) y:      Free:      378M (74%)         380M (74%)         448M (88%)         448M (88%)         448M (88%)         376M (73%)    
[2026-05-11T15:36:25.807+0100][2.127s][info][gc,heap     ] GC(23) y:      Used:      134M (26%)         132M (26%)          64M (12%)          64M (12%)         136M (27%)          64M (12%)    
[2026-05-11T15:36:25.807+0100][2.127s][info][gc,heap     ] GC(23) y: Young Generation Statistics:
[2026-05-11T15:36:25.807+0100][2.127s][info][gc,heap     ] GC(23) y:                Mark Start          Mark End        Relocate Start      Relocate End    
[2026-05-11T15:36:25.807+0100][2.127s][info][gc,heap     ] GC(23) y:      Used:       70M (14%)          70M (14%)           2M (0%)            2M (0%)     
[2026-05-11T15:36:25.807+0100][2.127s][info][gc,heap     ] GC(23) y:      Live:         -                 0M (0%)            0M (0%)            0M (0%)     
[2026-05-11T15:36:25.807+0100][2.127s][info][gc,heap     ] GC(23) y:   Garbage:         -                69M (14%)           1M (0%)            1M (0%)     
[2026-05-11T15:36:25.807+0100][2.127s][info][gc,heap     ] GC(23) y: Allocated:         -                 0M (0%)            0M (0%)            0M (0%)     
[2026-05-11T15:36:25.807+0100][2.127s][info][gc,heap     ] GC(23) y: Reclaimed:         -                  -                68M (13%)          68M (13%)    
[2026-05-11T15:36:25.807+0100][2.127s][info][gc,heap     ] GC(23) y:  Promoted:         -                  -                 0M (0%)            0M (0%)     
[2026-05-11T15:36:25.807+0100][2.127s][info][gc,heap     ] GC(23) y: Compacted:         -                  -                  -                 0M (0%)     
[2026-05-11T15:36:25.807+0100][2.127s][info][gc,phases   ] GC(23) y: Young Generation 134M(26%)->64M(12%) 0.001s
[2026-05-11T15:36:25.807+0100][2.127s][info][gc          ] GC(23) Minor Collection (Allocation Rate) 134M(26%)->64M(12%) 0.001s
[2026-05-11T15:36:25.807+0100][2.127s][info][gc,alloc    ] GC(18) O:                         Mark Start        Mark End      Relocate Start    Relocate End   
[2026-05-11T15:36:25.807+0100][2.127s][info][gc,alloc    ] GC(18) O: Allocation Stalls:          0                0                0                0         
[2026-05-11T15:36:25.807+0100][2.127s][info][gc,load     ] GC(18) O: Load: 3.71 (46%) / 3.50 (44%) / 2.52 (31%)
[2026-05-11T15:36:25.807+0100][2.127s][info][gc,mmu      ] GC(18) O: MMU: 2ms/98.9%, 5ms/99.4%, 10ms/99.6%, 20ms/99.8%, 50ms/99.8%, 100ms/99.9%
[2026-05-11T15:36:25.807+0100][2.127s][info][gc,marking  ] GC(18) O: Mark: 1 stripe(s), 2 proactive flush(es), 1 terminate flush(es), 0 completion(s), 0 continuation(s) 
[2026-05-11T15:36:25.807+0100][2.127s][info][gc,nmethod  ] GC(18) O: NMethods: 598 registered, 64 unregistered
[2026-05-11T15:36:25.807+0100][2.127s][info][gc,metaspace] GC(18) O: Metaspace: 2M used, 2M committed, 1088M reserved
[2026-05-11T15:36:25.807+0100][2.127s][info][gc,ref      ] GC(18) O:                       Encountered   Discovered     Enqueued 
[2026-05-11T15:36:25.807+0100][2.127s][info][gc,ref      ] GC(18) O: Soft References:              126            0            0 
[2026-05-11T15:36:25.807+0100][2.127s][info][gc,ref      ] GC(18) O: Weak References:              259          208            0 
[2026-05-11T15:36:25.807+0100][2.127s][info][gc,ref      ] GC(18) O: Final References:               6            6            0 
[2026-05-11T15:36:25.807+0100][2.127s][info][gc,ref      ] GC(18) O: Phantom References:             2            2            0 
[2026-05-11T15:36:25.807+0100][2.127s][info][gc,reloc    ] GC(18) O:                        Candidates     Selected     In-Place         Size        Empty    Relocated 
[2026-05-11T15:36:25.807+0100][2.127s][info][gc,reloc    ] GC(18) O: Small Pages:                   32            1            0          64M           0M           1M 
[2026-05-11T15:36:25.807+0100][2.127s][info][gc,reloc    ] GC(18) O: Medium Pages:                   0            0            0           0M           0M           0M 
[2026-05-11T15:36:25.807+0100][2.127s][info][gc,reloc    ] GC(18) O: Large Pages:                    0            0            0           0M           0M           0M 
[2026-05-11T15:36:25.807+0100][2.127s][info][gc,reloc    ] GC(18) O: Forwarding Usage: 0M
[2026-05-11T15:36:25.807+0100][2.127s][info][gc,heap     ] GC(18) O: Min Capacity: 256M(50%)
[2026-05-11T15:36:25.807+0100][2.127s][info][gc,heap     ] GC(18) O: Max Capacity: 512M(100%)
[2026-05-11T15:36:25.807+0100][2.127s][info][gc,heap     ] GC(18) O: Soft Max Capacity: 512M(100%)
[2026-05-11T15:36:25.807+0100][2.127s][info][gc,heap     ] GC(18) O: Heap Statistics:
[2026-05-11T15:36:25.807+0100][2.127s][info][gc,heap     ] GC(18) O:                Mark Start          Mark End        Relocate Start      Relocate End           High               Low         
[2026-05-11T15:36:25.807+0100][2.127s][info][gc,heap     ] GC(18) O:  Capacity:      480M (94%)         480M (94%)         480M (94%)         480M (94%)         480M (94%)         480M (94%)    
[2026-05-11T15:36:25.807+0100][2.127s][info][gc,heap     ] GC(18) O:      Free:      420M (82%)         238M (46%)         378M (74%)         380M (74%)         420M (82%)         232M (45%)    
[2026-05-11T15:36:25.807+0100][2.127s][info][gc,heap     ] GC(18) O:      Used:       92M (18%)         274M (54%)         134M (26%)         132M (26%)         280M (55%)          92M (18%)    
[2026-05-11T15:36:25.807+0100][2.127s][info][gc,heap     ] GC(18) O: Old Generation Statistics:
[2026-05-11T15:36:25.807+0100][2.127s][info][gc,heap     ] GC(18) O:                Mark Start          Mark End        Relocate Start      Relocate End    
[2026-05-11T15:36:25.807+0100][2.127s][info][gc,heap     ] GC(18) O:      Used:       64M (12%)          64M (12%)          64M (12%)          62M (12%)    
[2026-05-11T15:36:25.807+0100][2.127s][info][gc,heap     ] GC(18) O:      Live:         -                60M (12%)          60M (12%)          60M (12%)    
[2026-05-11T15:36:25.807+0100][2.127s][info][gc,heap     ] GC(18) O:   Garbage:         -                 3M (1%)            3M (1%)            1M (0%)     
[2026-05-11T15:36:25.807+0100][2.127s][info][gc,heap     ] GC(18) O: Allocated:         -                 0M (0%)            0M (0%)            0M (0%)     
[2026-05-11T15:36:25.807+0100][2.127s][info][gc,heap     ] GC(18) O: Reclaimed:         -                  -                 0M (0%)            2M (0%)     
[2026-05-11T15:36:25.807+0100][2.127s][info][gc,heap     ] GC(18) O: Compacted:         -                  -                  -                 1M (0%)     
[2026-05-11T15:36:25.807+0100][2.127s][info][gc,phases   ] GC(18) O: Old Generation 218M(43%)->132M(26%) 0.040s
[2026-05-11T15:36:25.807+0100][2.127s][info][gc          ] GC(18) Major Collection (Allocation Rate) 92M(18%)->64M(12%) 0.053s
[2026-05-11T15:36:25.807+0100][2.127s][info][gc          ] GC(24) Major Collection (System.gc())
[2026-05-11T15:36:25.807+0100][2.127s][info][gc,task     ] GC(24) Using 2 Workers for Young Generation
[2026-05-11T15:36:25.807+0100][2.127s][info][gc,task     ] GC(24) Using 2 Workers for Old Generation
[2026-05-11T15:36:25.807+0100][2.127s][info][gc,phases   ] GC(24) Y: Young Generation (Promote All)
[2026-05-11T15:36:25.807+0100][2.127s][info][gc,phases   ] GC(24) Y: Pause Mark Start 0.002ms
[2026-05-11T15:36:25.808+0100][2.128s][info][gc,phases   ] GC(24) Y: Concurrent Mark 0.537ms
[2026-05-11T15:36:25.808+0100][2.128s][info][gc,phases   ] GC(24) Y: Pause Mark End 0.002ms
[2026-05-11T15:36:25.808+0100][2.128s][info][gc,phases   ] GC(24) Y: Concurrent Mark Free 0.000ms
[2026-05-11T15:36:25.808+0100][2.128s][info][gc,phases   ] GC(24) Y: Concurrent Reset Relocation Set 0.000ms
[2026-05-11T15:36:25.808+0100][2.128s][info][gc,reloc    ] GC(24) Y: Using tenuring threshold: 0 (Promote All)
[2026-05-11T15:36:25.808+0100][2.128s][info][gc,phases   ] GC(24) Y: Concurrent Select Relocation Set 0.048ms
[2026-05-11T15:36:25.808+0100][2.128s][info][gc,phases   ] GC(24) Y: Pause Relocate Start 0.003ms
[2026-05-11T15:36:25.808+0100][2.128s][info][gc,phases   ] GC(24) Y: Concurrent Relocate 0.021ms
[2026-05-11T15:36:25.808+0100][2.128s][info][gc,alloc    ] GC(24) Y:                         Mark Start        Mark End      Relocate Start    Relocate End   
[2026-05-11T15:36:25.808+0100][2.128s][info][gc,alloc    ] GC(24) Y: Allocation Stalls:          0                0                0                0         
[2026-05-11T15:36:25.808+0100][2.128s][info][gc,load     ] GC(24) Y: Load: 3.71 (46%) / 3.50 (44%) / 2.52 (31%)
[2026-05-11T15:36:25.808+0100][2.128s][info][gc,mmu      ] GC(24) Y: MMU: 2ms/98.9%, 5ms/99.3%, 10ms/99.5%, 20ms/99.8%, 50ms/99.8%, 100ms/99.9%
[2026-05-11T15:36:25.808+0100][2.128s][info][gc,marking  ] GC(24) Y: Mark: 2 stripe(s), 1 proactive flush(es), 1 terminate flush(es), 0 completion(s), 0 continuation(s) 
[2026-05-11T15:36:25.808+0100][2.128s][info][gc,nmethod  ] GC(24) Y: NMethods: 598 registered, 64 unregistered
[2026-05-11T15:36:25.808+0100][2.128s][info][gc,metaspace] GC(24) Y: Metaspace: 2M used, 2M committed, 1088M reserved
[2026-05-11T15:36:25.808+0100][2.128s][info][gc,reloc    ] GC(24) Y:                        Candidates     Selected     In-Place         Size        Empty    Relocated 
[2026-05-11T15:36:25.808+0100][2.128s][info][gc,reloc    ] GC(24) Y: Small Pages:                    1            0            0           2M           0M           0M 
[2026-05-11T15:36:25.808+0100][2.128s][info][gc,reloc    ] GC(24) Y: Medium Pages:                   0            0            0           0M           0M           0M 
[2026-05-11T15:36:25.808+0100][2.128s][info][gc,reloc    ] GC(24) Y: Large Pages:                    0            0            0           0M           0M           0M 
[2026-05-11T15:36:25.808+0100][2.128s][info][gc,reloc    ] GC(24) Y: Forwarding Usage: 0M
[2026-05-11T15:36:25.808+0100][2.128s][info][gc,reloc    ] GC(24) Y: Age Table:
[2026-05-11T15:36:25.808+0100][2.128s][info][gc,reloc    ] GC(24) Y:                    Live             Garbage             Small              Medium             Large        
[2026-05-11T15:36:25.808+0100][2.128s][info][gc,reloc    ] GC(24) Y: Eden                -                 0M (0%)           0 / 0              0 / 0              0 / 0        
[2026-05-11T15:36:25.808+0100][2.128s][info][gc,reloc    ] GC(24) Y: Survivor 1          -                 0M (0%)           0 / 0              0 / 0              0 / 0        
[2026-05-11T15:36:25.808+0100][2.128s][info][gc,reloc    ] GC(24) Y: Survivor 2         0M (0%)            1M (0%)           1 / 0              0 / 0              0 / 0        
[2026-05-11T15:36:25.808+0100][2.128s][info][gc,heap     ] GC(24) Y: Min Capacity: 256M(50%)
[2026-05-11T15:36:25.808+0100][2.128s][info][gc,heap     ] GC(24) Y: Max Capacity: 512M(100%)
[2026-05-11T15:36:25.808+0100][2.128s][info][gc,heap     ] GC(24) Y: Soft Max Capacity: 512M(100%)
[2026-05-11T15:36:25.808+0100][2.128s][info][gc,heap     ] GC(24) Y: Heap Statistics:
[2026-05-11T15:36:25.808+0100][2.128s][info][gc,heap     ] GC(24) Y:                Mark Start          Mark End        Relocate Start      Relocate End           High               Low         
[2026-05-11T15:36:25.808+0100][2.128s][info][gc,heap     ] GC(24) Y:  Capacity:      480M (94%)         480M (94%)         480M (94%)         480M (94%)         480M (94%)         480M (94%)    
[2026-05-11T15:36:25.808+0100][2.128s][info][gc,heap     ] GC(24) Y:      Free:      448M (88%)         448M (88%)         448M (88%)         448M (88%)         448M (88%)         448M (88%)    
[2026-05-11T15:36:25.808+0100][2.128s][info][gc,heap     ] GC(24) Y:      Used:       64M (12%)          64M (12%)          64M (12%)          64M (12%)          64M (12%)          64M (12%)    
[2026-05-11T15:36:25.808+0100][2.128s][info][gc,heap     ] GC(24) Y: Young Generation Statistics:
[2026-05-11T15:36:25.808+0100][2.128s][info][gc,heap     ] GC(24) Y:                Mark Start          Mark End        Relocate Start      Relocate End    
[2026-05-11T15:36:25.808+0100][2.128s][info][gc,heap     ] GC(24) Y:      Used:        2M (0%)            2M (0%)            0M (0%)            0M (0%)     
[2026-05-11T15:36:25.808+0100][2.128s][info][gc,heap     ] GC(24) Y:      Live:         -                 0M (0%)            0M (0%)            0M (0%)     
[2026-05-11T15:36:25.808+0100][2.128s][info][gc,heap     ] GC(24) Y:   Garbage:         -                 1M (0%)            0M (0%)            0M (0%)     
[2026-05-11T15:36:25.808+0100][2.128s][info][gc,heap     ] GC(24) Y: Allocated:         -                 0M (0%)            0M (0%)            0M (0%)     
[2026-05-11T15:36:25.808+0100][2.128s][info][gc,heap     ] GC(24) Y: Reclaimed:         -                  -                 1M (0%)            1M (0%)     
[2026-05-11T15:36:25.808+0100][2.128s][info][gc,heap     ] GC(24) Y:  Promoted:         -                  -                 0M (0%)            0M (0%)     
[2026-05-11T15:36:25.808+0100][2.128s][info][gc,heap     ] GC(24) Y: Compacted:         -                  -                  -                 0M (0%)     
[2026-05-11T15:36:25.808+0100][2.128s][info][gc,phases   ] GC(24) Y: Young Generation (Promote All) 64M(12%)->64M(12%) 0.001s
[2026-05-11T15:36:25.808+0100][2.128s][info][gc,phases   ] GC(24) Y: Young Generation (Collect Roots)
[2026-05-11T15:36:25.808+0100][2.128s][info][gc,phases   ] GC(24) Y: Pause Mark Start (Major) 0.002ms
[2026-05-11T15:36:25.808+0100][2.129s][info][gc,phases   ] GC(24) Y: Concurrent Mark 0.388ms
[2026-05-11T15:36:25.808+0100][2.129s][info][gc,phases   ] GC(24) Y: Pause Mark End 0.002ms
[2026-05-11T15:36:25.808+0100][2.129s][info][gc,phases   ] GC(24) Y: Concurrent Mark Free 0.000ms
[2026-05-11T15:36:25.808+0100][2.129s][info][gc,phases   ] GC(24) Y: Concurrent Reset Relocation Set 0.004ms
[2026-05-11T15:36:25.808+0100][2.129s][info][gc,reloc    ] GC(24) Y: Using tenuring threshold: 0 (Computed)
[2026-05-11T15:36:25.808+0100][2.129s][info][gc,phases   ] GC(24) Y: Concurrent Select Relocation Set 0.029ms
[2026-05-11T15:36:25.808+0100][2.129s][info][gc,phases   ] GC(24) Y: Pause Relocate Start 0.001ms
[2026-05-11T15:36:25.808+0100][2.129s][info][gc,phases   ] GC(24) Y: Concurrent Relocate 0.014ms
[2026-05-11T15:36:25.808+0100][2.129s][info][gc,alloc    ] GC(24) Y:                         Mark Start        Mark End      Relocate Start    Relocate End   
[2026-05-11T15:36:25.809+0100][2.129s][info][gc,alloc    ] GC(24) Y: Allocation Stalls:          0                0                0                0         
[2026-05-11T15:36:25.809+0100][2.129s][info][gc,load     ] GC(24) Y: Load: 3.71 (46%) / 3.50 (44%) / 2.52 (31%)
[2026-05-11T15:36:25.809+0100][2.129s][info][gc,mmu      ] GC(24) Y: MMU: 2ms/98.9%, 5ms/99.2%, 10ms/99.5%, 20ms/99.7%, 50ms/99.8%, 100ms/99.9%
[2026-05-11T15:36:25.809+0100][2.129s][info][gc,marking  ] GC(24) Y: Mark: 2 stripe(s), 1 proactive flush(es), 1 terminate flush(es), 0 completion(s), 0 continuation(s) 
[2026-05-11T15:36:25.809+0100][2.129s][info][gc,nmethod  ] GC(24) Y: NMethods: 598 registered, 64 unregistered
[2026-05-11T15:36:25.809+0100][2.129s][info][gc,metaspace] GC(24) Y: Metaspace: 2M used, 2M committed, 1088M reserved
[2026-05-11T15:36:25.809+0100][2.129s][info][gc,heap     ] GC(24) Y: Min Capacity: 256M(50%)
[2026-05-11T15:36:25.809+0100][2.129s][info][gc,heap     ] GC(24) Y: Max Capacity: 512M(100%)
[2026-05-11T15:36:25.809+0100][2.129s][info][gc,heap     ] GC(24) Y: Soft Max Capacity: 512M(100%)
[2026-05-11T15:36:25.809+0100][2.129s][info][gc,heap     ] GC(24) Y: Heap Statistics:
[2026-05-11T15:36:25.809+0100][2.129s][info][gc,heap     ] GC(24) Y:                Mark Start          Mark End        Relocate Start      Relocate End           High               Low         
[2026-05-11T15:36:25.809+0100][2.129s][info][gc,heap     ] GC(24) Y:  Capacity:      480M (94%)         480M (94%)         480M (94%)         480M (94%)         480M (94%)         480M (94%)    
[2026-05-11T15:36:25.809+0100][2.129s][info][gc,heap     ] GC(24) Y:      Free:      448M (88%)         448M (88%)         448M (88%)         448M (88%)         448M (88%)         448M (88%)    
[2026-05-11T15:36:25.809+0100][2.129s][info][gc,heap     ] GC(24) Y:      Used:       64M (12%)          64M (12%)          64M (12%)          64M (12%)          64M (12%)          64M (12%)    
[2026-05-11T15:36:25.809+0100][2.129s][info][gc,heap     ] GC(24) Y: Young Generation Statistics:
[2026-05-11T15:36:25.809+0100][2.129s][info][gc,heap     ] GC(24) Y:                Mark Start          Mark End        Relocate Start      Relocate End    
[2026-05-11T15:36:25.809+0100][2.129s][info][gc,heap     ] GC(24) Y:      Used:        0M (0%)            0M (0%)            0M (0%)            0M (0%)     
[2026-05-11T15:36:25.809+0100][2.129s][info][gc,heap     ] GC(24) Y:      Live:         -                 0M (0%)            0M (0%)            0M (0%)     
[2026-05-11T15:36:25.809+0100][2.129s][info][gc,heap     ] GC(24) Y:   Garbage:         -                 0M (0%)            0M (0%)            0M (0%)     
[2026-05-11T15:36:25.809+0100][2.129s][info][gc,heap     ] GC(24) Y: Allocated:         -                 0M (0%)            0M (0%)            0M (0%)     
[2026-05-11T15:36:25.809+0100][2.129s][info][gc,heap     ] GC(24) Y: Reclaimed:         -                  -                 0M (0%)            0M (0%)     
[2026-05-11T15:36:25.809+0100][2.129s][info][gc,heap     ] GC(24) Y:  Promoted:         -                  -                 0M (0%)            0M (0%)     
[2026-05-11T15:36:25.809+0100][2.129s][info][gc,heap     ] GC(24) Y: Compacted:         -                  -                  -                 0M (0%)     
[2026-05-11T15:36:25.809+0100][2.129s][info][gc,phases   ] GC(24) Y: Young Generation (Collect Roots) 64M(12%)->64M(12%) 0.001s
[2026-05-11T15:36:25.809+0100][2.129s][info][gc,phases   ] GC(24) O: Old Generation
[2026-05-11T15:36:25.828+0100][2.148s][info][gc,phases   ] GC(24) O: Concurrent Mark 19.546ms
[2026-05-11T15:36:25.828+0100][2.148s][info][gc,phases   ] GC(24) O: Pause Mark End 0.008ms
[2026-05-11T15:36:25.828+0100][2.148s][info][gc,phases   ] GC(24) O: Concurrent Mark Free 0.002ms
[2026-05-11T15:36:25.829+0100][2.149s][info][gc,phases   ] GC(24) O: Concurrent Process Non-Strong 0.511ms
[2026-05-11T15:36:25.829+0100][2.149s][info][gc,phases   ] GC(24) O: Concurrent Reset Relocation Set 0.000ms
[2026-05-11T15:36:25.829+0100][2.149s][info][gc,phases   ] GC(24) O: Concurrent Select Relocation Set 0.039ms
[2026-05-11T15:36:25.829+0100][2.149s][info][gc,task     ] GC(24) O: Using 2 Workers for Old Generation
[2026-05-11T15:36:25.829+0100][2.149s][info][gc,task     ] GC(24) O: Using 2 Workers for Old Generation
[2026-05-11T15:36:25.829+0100][2.149s][info][gc,phases   ] GC(24) O: Concurrent Remap Roots 0.279ms
[2026-05-11T15:36:25.829+0100][2.149s][info][gc,phases   ] GC(24) O: Pause Relocate Start 0.002ms
[2026-05-11T15:36:25.830+0100][2.150s][info][gc,phases   ] GC(24) O: Concurrent Relocate 0.864ms
[2026-05-11T15:36:25.830+0100][2.150s][info][gc,alloc    ] GC(24) O:                         Mark Start        Mark End      Relocate Start    Relocate End   
[2026-05-11T15:36:25.830+0100][2.150s][info][gc,alloc    ] GC(24) O: Allocation Stalls:          0                0                0                0         
[2026-05-11T15:36:25.830+0100][2.150s][info][gc,load     ] GC(24) O: Load: 3.71 (46%) / 3.50 (44%) / 2.52 (31%)
[2026-05-11T15:36:25.830+0100][2.150s][info][gc,mmu      ] GC(24) O: MMU: 2ms/98.9%, 5ms/99.2%, 10ms/99.5%, 20ms/99.7%, 50ms/99.8%, 100ms/99.9%
[2026-05-11T15:36:25.830+0100][2.150s][info][gc,marking  ] GC(24) O: Mark: 2 stripe(s), 1 proactive flush(es), 1 terminate flush(es), 0 completion(s), 0 continuation(s) 
[2026-05-11T15:36:25.830+0100][2.150s][info][gc,nmethod  ] GC(24) O: NMethods: 598 registered, 64 unregistered
[2026-05-11T15:36:25.830+0100][2.150s][info][gc,metaspace] GC(24) O: Metaspace: 2M used, 2M committed, 1088M reserved
[2026-05-11T15:36:25.830+0100][2.150s][info][gc,ref      ] GC(24) O:                       Encountered   Discovered     Enqueued 
[2026-05-11T15:36:25.830+0100][2.150s][info][gc,ref      ] GC(24) O: Soft References:              126            0            0 
[2026-05-11T15:36:25.830+0100][2.150s][info][gc,ref      ] GC(24) O: Weak References:              255           84            0 
[2026-05-11T15:36:25.830+0100][2.150s][info][gc,ref      ] GC(24) O: Final References:               6            6            0 
[2026-05-11T15:36:25.830+0100][2.150s][info][gc,ref      ] GC(24) O: Phantom References:             2            0            0 
[2026-05-11T15:36:25.830+0100][2.150s][info][gc,reloc    ] GC(24) O:                        Candidates     Selected     In-Place         Size        Empty    Relocated 
[2026-05-11T15:36:25.830+0100][2.150s][info][gc,reloc    ] GC(24) O: Small Pages:                   32            1            0          64M           0M           1M 
[2026-05-11T15:36:25.830+0100][2.150s][info][gc,reloc    ] GC(24) O: Medium Pages:                   0            0            0           0M           0M           0M 
[2026-05-11T15:36:25.830+0100][2.150s][info][gc,reloc    ] GC(24) O: Large Pages:                    0            0            0           0M           0M           0M 
[2026-05-11T15:36:25.830+0100][2.150s][info][gc,reloc    ] GC(24) O: Forwarding Usage: 1M
[2026-05-11T15:36:25.830+0100][2.150s][info][gc,heap     ] GC(24) O: Min Capacity: 256M(50%)
[2026-05-11T15:36:25.830+0100][2.150s][info][gc,heap     ] GC(24) O: Max Capacity: 512M(100%)
[2026-05-11T15:36:25.830+0100][2.150s][info][gc,heap     ] GC(24) O: Soft Max Capacity: 512M(100%)
[2026-05-11T15:36:25.830+0100][2.150s][info][gc,heap     ] GC(24) O: Heap Statistics:
[2026-05-11T15:36:25.830+0100][2.150s][info][gc,heap     ] GC(24) O:                Mark Start          Mark End        Relocate Start      Relocate End           High               Low         
[2026-05-11T15:36:25.830+0100][2.150s][info][gc,heap     ] GC(24) O:  Capacity:      480M (94%)         480M (94%)         480M (94%)         480M (94%)         480M (94%)         480M (94%)    
[2026-05-11T15:36:25.830+0100][2.150s][info][gc,heap     ] GC(24) O:      Free:      448M (88%)         448M (88%)         448M (88%)         448M (88%)         448M (88%)         444M (87%)    
[2026-05-11T15:36:25.830+0100][2.150s][info][gc,heap     ] GC(24) O:      Used:       64M (12%)          64M (12%)          64M (12%)          64M (12%)          68M (13%)          64M (12%)    
[2026-05-11T15:36:25.830+0100][2.150s][info][gc,heap     ] GC(24) O: Old Generation Statistics:
[2026-05-11T15:36:25.830+0100][2.150s][info][gc,heap     ] GC(24) O:                Mark Start          Mark End        Relocate Start      Relocate End    
[2026-05-11T15:36:25.830+0100][2.150s][info][gc,heap     ] GC(24) O:      Used:       64M (12%)          64M (12%)          64M (12%)          64M (12%)    
[2026-05-11T15:36:25.830+0100][2.150s][info][gc,heap     ] GC(24) O:      Live:         -                60M (12%)          60M (12%)          60M (12%)    
[2026-05-11T15:36:25.830+0100][2.150s][info][gc,heap     ] GC(24) O:   Garbage:         -                 3M (1%)            3M (1%)            1M (0%)     
[2026-05-11T15:36:25.830+0100][2.150s][info][gc,heap     ] GC(24) O: Allocated:         -                 0M (0%)            0M (0%)            2M (0%)     
[2026-05-11T15:36:25.830+0100][2.150s][info][gc,heap     ] GC(24) O: Reclaimed:         -                  -                 0M (0%)            2M (0%)     
[2026-05-11T15:36:25.830+0100][2.150s][info][gc,heap     ] GC(24) O: Compacted:         -                  -                  -                 1M (0%)     
[2026-05-11T15:36:25.830+0100][2.150s][info][gc,phases   ] GC(24) O: Old Generation 64M(12%)->64M(12%) 0.021s
[2026-05-11T15:36:25.830+0100][2.150s][info][gc          ] GC(24) Major Collection (System.gc()) 64M(12%)->64M(12%) 0.023s
[2026-05-11T15:36:25.904+0100][2.224s][info][gc          ] GC(25) Minor Collection (Allocation Rate)
[2026-05-11T15:36:25.904+0100][2.224s][info][gc,task     ] GC(25) Using 2 Workers for Young Generation
[2026-05-11T15:36:25.904+0100][2.224s][info][gc,phases   ] GC(25) y: Young Generation
[2026-05-11T15:36:25.904+0100][2.224s][info][gc,phases   ] GC(25) y: Pause Mark Start 0.005ms
[2026-05-11T15:36:25.912+0100][2.232s][info][gc,phases   ] GC(25) y: Concurrent Mark 8.026ms
[2026-05-11T15:36:25.912+0100][2.232s][info][gc,phases   ] GC(25) y: Pause Mark End 0.007ms
[2026-05-11T15:36:25.912+0100][2.232s][info][gc,phases   ] GC(25) y: Concurrent Mark Free 0.001ms
[2026-05-11T15:36:25.912+0100][2.232s][info][gc,phases   ] GC(25) y: Concurrent Reset Relocation Set 0.000ms
[2026-05-11T15:36:25.912+0100][2.232s][info][gc,reloc    ] GC(25) y: Using tenuring threshold: 1 (Computed)
[2026-05-11T15:36:25.912+0100][2.232s][info][gc,phases   ] GC(25) y: Concurrent Select Relocation Set 0.057ms
[2026-05-11T15:36:25.912+0100][2.232s][info][gc,phases   ] GC(25) y: Pause Relocate Start 0.002ms
[2026-05-11T15:36:25.912+0100][2.232s][info][gc,phases   ] GC(25) y: Concurrent Relocate 0.023ms
[2026-05-11T15:36:25.912+0100][2.232s][info][gc,alloc    ] GC(25) y:                         Mark Start        Mark End      Relocate Start    Relocate End   
[2026-05-11T15:36:25.912+0100][2.232s][info][gc,alloc    ] GC(25) y: Allocation Stalls:          0                0                0                0         
[2026-05-11T15:36:25.912+0100][2.232s][info][gc,load     ] GC(25) y: Load: 3.71 (46%) / 3.50 (44%) / 2.52 (31%)
[2026-05-11T15:36:25.912+0100][2.232s][info][gc,mmu      ] GC(25) y: MMU: 2ms/98.9%, 5ms/99.2%, 10ms/99.5%, 20ms/99.7%, 50ms/99.8%, 100ms/99.9%
[2026-05-11T15:36:25.912+0100][2.232s][info][gc,marking  ] GC(25) y: Mark: 2 stripe(s), 1 proactive flush(es), 1 terminate flush(es), 0 completion(s), 0 continuation(s) 
[2026-05-11T15:36:25.912+0100][2.232s][info][gc,nmethod  ] GC(25) y: NMethods: 607 registered, 64 unregistered
[2026-05-11T15:36:25.912+0100][2.232s][info][gc,metaspace] GC(25) y: Metaspace: 2M used, 2M committed, 1088M reserved
[2026-05-11T15:36:25.912+0100][2.232s][info][gc,reloc    ] GC(25) y:                        Candidates     Selected     In-Place         Size        Empty    Relocated 
[2026-05-11T15:36:25.912+0100][2.232s][info][gc,reloc    ] GC(25) y: Small Pages:                   17            0            0          34M           0M           0M 
[2026-05-11T15:36:25.912+0100][2.232s][info][gc,reloc    ] GC(25) y: Medium Pages:                   0            0            0           0M           0M           0M 
[2026-05-11T15:36:25.912+0100][2.232s][info][gc,reloc    ] GC(25) y: Large Pages:                    0            0            0           0M           0M           0M 
[2026-05-11T15:36:25.912+0100][2.232s][info][gc,reloc    ] GC(25) y: Forwarding Usage: 0M
[2026-05-11T15:36:25.912+0100][2.232s][info][gc,reloc    ] GC(25) y: Age Table:
[2026-05-11T15:36:25.912+0100][2.232s][info][gc,reloc    ] GC(25) y:                    Live             Garbage             Small              Medium             Large        
[2026-05-11T15:36:25.912+0100][2.232s][info][gc,reloc    ] GC(25) y: Eden              32M (6%)            1M (0%)          17 / 0              0 / 0              0 / 0        
[2026-05-11T15:36:25.912+0100][2.232s][info][gc,heap     ] GC(25) y: Min Capacity: 256M(50%)
[2026-05-11T15:36:25.912+0100][2.232s][info][gc,heap     ] GC(25) y: Max Capacity: 512M(100%)
[2026-05-11T15:36:25.912+0100][2.232s][info][gc,heap     ] GC(25) y: Soft Max Capacity: 512M(100%)
[2026-05-11T15:36:25.912+0100][2.232s][info][gc,heap     ] GC(25) y: Heap Statistics:
[2026-05-11T15:36:25.912+0100][2.232s][info][gc,heap     ] GC(25) y:                Mark Start          Mark End        Relocate Start      Relocate End           High               Low         
[2026-05-11T15:36:25.912+0100][2.232s][info][gc,heap     ] GC(25) y:  Capacity:      480M (94%)         480M (94%)         480M (94%)         480M (94%)         480M (94%)         480M (94%)    
[2026-05-11T15:36:25.912+0100][2.232s][info][gc,heap     ] GC(25) y:      Free:      414M (81%)         302M (59%)         302M (59%)         302M (59%)         414M (81%)         302M (59%)    
[2026-05-11T15:36:25.912+0100][2.232s][info][gc,heap     ] GC(25) y:      Used:       98M (19%)         210M (41%)         210M (41%)         210M (41%)         210M (41%)          98M (19%)    
[2026-05-11T15:36:25.912+0100][2.232s][info][gc,heap     ] GC(25) y: Young Generation Statistics:
[2026-05-11T15:36:25.912+0100][2.232s][info][gc,heap     ] GC(25) y:                Mark Start          Mark End        Relocate Start      Relocate End    
[2026-05-11T15:36:25.912+0100][2.232s][info][gc,heap     ] GC(25) y:      Used:       34M (7%)          146M (29%)         146M (29%)         146M (29%)    
[2026-05-11T15:36:25.912+0100][2.233s][info][gc,heap     ] GC(25) y:      Live:         -                32M (6%)           32M (6%)           32M (6%)     
[2026-05-11T15:36:25.912+0100][2.233s][info][gc,heap     ] GC(25) y:   Garbage:         -                 1M (0%)            1M (0%)            1M (0%)     
[2026-05-11T15:36:25.912+0100][2.233s][info][gc,heap     ] GC(25) y: Allocated:         -               112M (22%)         112M (22%)         112M (22%)    
[2026-05-11T15:36:25.912+0100][2.233s][info][gc,heap     ] GC(25) y: Reclaimed:         -                  -                 0M (0%)            0M (0%)     
[2026-05-11T15:36:25.912+0100][2.233s][info][gc,heap     ] GC(25) y:  Promoted:         -                  -                 0M (0%)            0M (0%)     
[2026-05-11T15:36:25.912+0100][2.233s][info][gc,heap     ] GC(25) y: Compacted:         -                  -                  -                 0M (0%)     
[2026-05-11T15:36:25.912+0100][2.233s][info][gc,phases   ] GC(25) y: Young Generation 96M(19%)->210M(41%) 0.008s
[2026-05-11T15:36:25.912+0100][2.233s][info][gc          ] GC(25) Minor Collection (Allocation Rate) 94M(18%)->210M(41%) 0.009s
[2026-05-11T15:36:25.912+0100][2.233s][info][gc          ] GC(26) Minor Collection (Allocation Rate)
[2026-05-11T15:36:25.912+0100][2.233s][info][gc,task     ] GC(26) Using 2 Workers for Young Generation
[2026-05-11T15:36:25.912+0100][2.233s][info][gc,phases   ] GC(26) y: Young Generation
[2026-05-11T15:36:25.912+0100][2.233s][info][gc,phases   ] GC(26) y: Pause Mark Start 0.002ms
[2026-05-11T15:36:25.914+0100][2.234s][info][gc,phases   ] GC(26) y: Concurrent Mark 1.568ms
[2026-05-11T15:36:25.914+0100][2.234s][info][gc,phases   ] GC(26) y: Pause Mark End 0.008ms
[2026-05-11T15:36:25.914+0100][2.234s][info][gc,phases   ] GC(26) y: Concurrent Mark Free 0.001ms
[2026-05-11T15:36:25.914+0100][2.234s][info][gc,phases   ] GC(26) y: Concurrent Reset Relocation Set 0.000ms
[2026-05-11T15:36:25.914+0100][2.234s][info][gc,reloc    ] GC(26) y: Using tenuring threshold: 1 (Computed)
[2026-05-11T15:36:25.914+0100][2.234s][info][gc,phases   ] GC(26) y: Concurrent Select Relocation Set 0.090ms
[2026-05-11T15:36:25.914+0100][2.234s][info][gc,phases   ] GC(26) y: Pause Relocate Start 0.002ms
[2026-05-11T15:36:25.914+0100][2.235s][info][gc,phases   ] GC(26) y: Concurrent Relocate 0.084ms
[2026-05-11T15:36:25.914+0100][2.235s][info][gc,alloc    ] GC(26) y:                         Mark Start        Mark End      Relocate Start    Relocate End   
[2026-05-11T15:36:25.914+0100][2.235s][info][gc,alloc    ] GC(26) y: Allocation Stalls:          0                0                0                0         
[2026-05-11T15:36:25.914+0100][2.235s][info][gc,load     ] GC(26) y: Load: 3.71 (46%) / 3.50 (44%) / 2.52 (31%)
[2026-05-11T15:36:25.914+0100][2.235s][info][gc,mmu      ] GC(26) y: MMU: 2ms/98.9%, 5ms/99.2%, 10ms/99.5%, 20ms/99.7%, 50ms/99.8%, 100ms/99.9%
[2026-05-11T15:36:25.914+0100][2.235s][info][gc,marking  ] GC(26) y: Mark: 2 stripe(s), 2 proactive flush(es), 1 terminate flush(es), 0 completion(s), 0 continuation(s) 
[2026-05-11T15:36:25.914+0100][2.235s][info][gc,nmethod  ] GC(26) y: NMethods: 607 registered, 64 unregistered
[2026-05-11T15:36:25.914+0100][2.235s][info][gc,metaspace] GC(26) y: Metaspace: 2M used, 2M committed, 1088M reserved
[2026-05-11T15:36:25.914+0100][2.235s][info][gc,reloc    ] GC(26) y:                        Candidates     Selected     In-Place         Size        Empty    Relocated 
[2026-05-11T15:36:25.914+0100][2.235s][info][gc,reloc    ] GC(26) y: Small Pages:                   73            2            0         146M         132M           0M 
[2026-05-11T15:36:25.914+0100][2.235s][info][gc,reloc    ] GC(26) y: Medium Pages:                   0            0            0           0M           0M           0M 
[2026-05-11T15:36:25.914+0100][2.235s][info][gc,reloc    ] GC(26) y: Large Pages:                    0            0            0           0M           0M           0M 
[2026-05-11T15:36:25.914+0100][2.235s][info][gc,reloc    ] GC(26) y: Forwarding Usage: 0M
[2026-05-11T15:36:25.914+0100][2.235s][info][gc,reloc    ] GC(26) y: Age Table:
[2026-05-11T15:36:25.914+0100][2.235s][info][gc,reloc    ] GC(26) y:                    Live             Garbage             Small              Medium             Large        
[2026-05-11T15:36:25.914+0100][2.235s][info][gc,reloc    ] GC(26) y: Eden               8M (2%)          103M (20%)         56 / 2              0 / 0              0 / 0        
[2026-05-11T15:36:25.914+0100][2.235s][info][gc,reloc    ] GC(26) y: Survivor 1          -                34M (7%)          17 / 0              0 / 0              0 / 0        
[2026-05-11T15:36:25.914+0100][2.235s][info][gc,heap     ] GC(26) y: Min Capacity: 256M(50%)
[2026-05-11T15:36:25.914+0100][2.235s][info][gc,heap     ] GC(26) y: Max Capacity: 512M(100%)
[2026-05-11T15:36:25.914+0100][2.235s][info][gc,heap     ] GC(26) y: Soft Max Capacity: 512M(100%)
[2026-05-11T15:36:25.914+0100][2.235s][info][gc,heap     ] GC(26) y: Heap Statistics:
[2026-05-11T15:36:25.914+0100][2.235s][info][gc,heap     ] GC(26) y:                Mark Start          Mark End        Relocate Start      Relocate End           High               Low         
[2026-05-11T15:36:25.914+0100][2.235s][info][gc,heap     ] GC(26) y:  Capacity:      480M (94%)         480M (94%)         480M (94%)         480M (94%)         480M (94%)         480M (94%)    
[2026-05-11T15:36:25.914+0100][2.235s][info][gc,heap     ] GC(26) y:      Free:      302M (59%)         302M (59%)         434M (85%)         434M (85%)         434M (85%)         302M (59%)    
[2026-05-11T15:36:25.914+0100][2.235s][info][gc,heap     ] GC(26) y:      Used:      210M (41%)         210M (41%)          78M (15%)          78M (15%)         210M (41%)          78M (15%)    
[2026-05-11T15:36:25.914+0100][2.235s][info][gc,heap     ] GC(26) y: Young Generation Statistics:
[2026-05-11T15:36:25.914+0100][2.235s][info][gc,heap     ] GC(26) y:                Mark Start          Mark End        Relocate Start      Relocate End    
[2026-05-11T15:36:25.914+0100][2.235s][info][gc,heap     ] GC(26) y:      Used:      146M (29%)         146M (29%)          14M (3%)           14M (3%)     
[2026-05-11T15:36:25.914+0100][2.235s][info][gc,heap     ] GC(26) y:      Live:         -                 8M (2%)            8M (2%)            8M (2%)     
[2026-05-11T15:36:25.914+0100][2.235s][info][gc,heap     ] GC(26) y:   Garbage:         -               137M (27%)           5M (1%)            0M (0%)     
[2026-05-11T15:36:25.914+0100][2.235s][info][gc,heap     ] GC(26) y: Allocated:         -                 0M (0%)            0M (0%)            5M (1%)     
[2026-05-11T15:36:25.914+0100][2.235s][info][gc,heap     ] GC(26) y: Reclaimed:         -                  -               132M (26%)         137M (27%)    
[2026-05-11T15:36:25.914+0100][2.235s][info][gc,heap     ] GC(26) y:  Promoted:         -                  -                 0M (0%)            0M (0%)     
[2026-05-11T15:36:25.914+0100][2.235s][info][gc,heap     ] GC(26) y: Compacted:         -                  -                  -                 0M (0%)     
[2026-05-11T15:36:25.914+0100][2.235s][info][gc,phases   ] GC(26) y: Young Generation 210M(41%)->78M(15%) 0.002s
[2026-05-11T15:36:25.914+0100][2.235s][info][gc          ] GC(26) Minor Collection (Allocation Rate) 210M(41%)->78M(15%) 0.002s
[2026-05-11T15:36:25.918+0100][2.238s][info][gc          ] GC(27) Minor Collection (Allocation Rate)
[2026-05-11T15:36:25.918+0100][2.238s][info][gc,task     ] GC(27) Using 2 Workers for Young Generation
[2026-05-11T15:36:25.918+0100][2.238s][info][gc,phases   ] GC(27) y: Young Generation
[2026-05-11T15:36:25.918+0100][2.238s][info][gc,phases   ] GC(27) y: Pause Mark Start 0.008ms
[2026-05-11T15:36:25.922+0100][2.242s][info][gc,phases   ] GC(27) y: Concurrent Mark 3.990ms
[2026-05-11T15:36:25.922+0100][2.242s][info][gc,phases   ] GC(27) y: Pause Mark End 0.009ms
[2026-05-11T15:36:25.922+0100][2.242s][info][gc,phases   ] GC(27) y: Concurrent Mark Free 0.001ms
[2026-05-11T15:36:25.922+0100][2.242s][info][gc,phases   ] GC(27) y: Concurrent Reset Relocation Set 0.001ms
[2026-05-11T15:36:25.922+0100][2.242s][info][gc,reloc    ] GC(27) y: Using tenuring threshold: 2 (Computed)
[2026-05-11T15:36:25.922+0100][2.243s][info][gc,phases   ] GC(27) y: Concurrent Select Relocation Set 0.114ms
[2026-05-11T15:36:25.922+0100][2.243s][info][gc,phases   ] GC(27) y: Pause Relocate Start 0.008ms
[2026-05-11T15:36:25.922+0100][2.243s][info][gc,phases   ] GC(27) y: Concurrent Relocate 0.079ms
[2026-05-11T15:36:25.923+0100][2.243s][info][gc,alloc    ] GC(27) y:                         Mark Start        Mark End      Relocate Start    Relocate End   
[2026-05-11T15:36:25.923+0100][2.243s][info][gc,alloc    ] GC(27) y: Allocation Stalls:          0                0                0                0         
[2026-05-11T15:36:25.923+0100][2.243s][info][gc,load     ] GC(27) y: Load: 3.71 (46%) / 3.50 (44%) / 2.52 (31%)
[2026-05-11T15:36:25.923+0100][2.243s][info][gc,mmu      ] GC(27) y: MMU: 2ms/98.9%, 5ms/99.2%, 10ms/99.5%, 20ms/99.7%, 50ms/99.8%, 100ms/99.9%
[2026-05-11T15:36:25.923+0100][2.243s][info][gc,marking  ] GC(27) y: Mark: 2 stripe(s), 1 proactive flush(es), 1 terminate flush(es), 0 completion(s), 0 continuation(s) 
[2026-05-11T15:36:25.923+0100][2.243s][info][gc,nmethod  ] GC(27) y: NMethods: 611 registered, 64 unregistered
[2026-05-11T15:36:25.923+0100][2.243s][info][gc,metaspace] GC(27) y: Metaspace: 2M used, 2M committed, 1088M reserved
[2026-05-11T15:36:25.923+0100][2.243s][info][gc,reloc    ] GC(27) y:                        Candidates     Selected     In-Place         Size        Empty    Relocated 
[2026-05-11T15:36:25.923+0100][2.243s][info][gc,reloc    ] GC(27) y: Small Pages:                   14            2            0          28M           0M           0M 
[2026-05-11T15:36:25.923+0100][2.243s][info][gc,reloc    ] GC(27) y: Medium Pages:                   0            0            0           0M           0M           0M 
[2026-05-11T15:36:25.923+0100][2.243s][info][gc,reloc    ] GC(27) y: Large Pages:                    0            0            0           0M           0M           0M 
[2026-05-11T15:36:25.923+0100][2.243s][info][gc,reloc    ] GC(27) y: Forwarding Usage: 0M
[2026-05-11T15:36:25.923+0100][2.243s][info][gc,reloc    ] GC(27) y: Age Table:
[2026-05-11T15:36:25.923+0100][2.243s][info][gc,reloc    ] GC(27) y:                    Live             Garbage             Small              Medium             Large        
[2026-05-11T15:36:25.923+0100][2.243s][info][gc,reloc    ] GC(27) y: Eden              12M (3%)            1M (0%)           7 / 0              0 / 0              0 / 0        
[2026-05-11T15:36:25.923+0100][2.243s][info][gc,reloc    ] GC(27) y: Survivor 1         8M (2%)            5M (1%)           7 / 2              0 / 0              0 / 0        
[2026-05-11T15:36:25.923+0100][2.243s][info][gc,heap     ] GC(27) y: Min Capacity: 256M(50%)
[2026-05-11T15:36:25.923+0100][2.243s][info][gc,heap     ] GC(27) y: Max Capacity: 512M(100%)
[2026-05-11T15:36:25.923+0100][2.243s][info][gc,heap     ] GC(27) y: Soft Max Capacity: 512M(100%)
[2026-05-11T15:36:25.923+0100][2.243s][info][gc,heap     ] GC(27) y: Heap Statistics:
[2026-05-11T15:36:25.923+0100][2.243s][info][gc,heap     ] GC(27) y:                Mark Start          Mark End        Relocate Start      Relocate End           High               Low         
[2026-05-11T15:36:25.923+0100][2.243s][info][gc,heap     ] GC(27) y:  Capacity:      480M (94%)         480M (94%)         480M (94%)         480M (94%)         480M (94%)         480M (94%)    
[2026-05-11T15:36:25.923+0100][2.243s][info][gc,heap     ] GC(27) y:      Free:      420M (82%)         364M (71%)         364M (71%)         366M (71%)         420M (82%)         360M (70%)    
[2026-05-11T15:36:25.923+0100][2.243s][info][gc,heap     ] GC(27) y:      Used:       92M (18%)         148M (29%)         148M (29%)         146M (29%)         152M (30%)          92M (18%)    
[2026-05-11T15:36:25.923+0100][2.243s][info][gc,heap     ] GC(27) y: Young Generation Statistics:
[2026-05-11T15:36:25.923+0100][2.243s][info][gc,heap     ] GC(27) y:                Mark Start          Mark End        Relocate Start      Relocate End    
[2026-05-11T15:36:25.923+0100][2.243s][info][gc,heap     ] GC(27) y:      Used:       28M (5%)           84M (16%)          84M (16%)          82M (16%)    
[2026-05-11T15:36:25.923+0100][2.243s][info][gc,heap     ] GC(27) y:      Live:         -                21M (4%)           21M (4%)           21M (4%)     
[2026-05-11T15:36:25.923+0100][2.243s][info][gc,heap     ] GC(27) y:   Garbage:         -                 6M (1%)            6M (1%)            1M (0%)     
[2026-05-11T15:36:25.923+0100][2.243s][info][gc,heap     ] GC(27) y: Allocated:         -                56M (11%)          56M (11%)          59M (12%)    
[2026-05-11T15:36:25.923+0100][2.243s][info][gc,heap     ] GC(27) y: Reclaimed:         -                  -                 0M (0%)            5M (1%)     
[2026-05-11T15:36:25.923+0100][2.243s][info][gc,heap     ] GC(27) y:  Promoted:         -                  -                 0M (0%)            0M (0%)     
[2026-05-11T15:36:25.923+0100][2.243s][info][gc,heap     ] GC(27) y: Compacted:         -                  -                  -                 0M (0%)     
[2026-05-11T15:36:25.923+0100][2.243s][info][gc,phases   ] GC(27) y: Young Generation 92M(18%)->146M(29%) 0.005s
[2026-05-11T15:36:25.923+0100][2.243s][info][gc          ] GC(27) Minor Collection (Allocation Rate) 90M(18%)->146M(29%) 0.005s
[2026-05-11T15:36:25.930+0100][2.250s][info][gc          ] GC(28) Minor Collection (Allocation Rate)
[2026-05-11T15:36:25.930+0100][2.250s][info][gc,task     ] GC(28) Using 2 Workers for Young Generation
[2026-05-11T15:36:25.930+0100][2.250s][info][gc,phases   ] GC(28) y: Young Generation
[2026-05-11T15:36:25.930+0100][2.250s][info][gc,phases   ] GC(28) y: Pause Mark Start 0.006ms
[2026-05-11T15:36:25.946+0100][2.266s][info][gc,phases   ] GC(28) y: Concurrent Mark 15.881ms
[2026-05-11T15:36:25.946+0100][2.266s][info][gc,phases   ] GC(28) y: Pause Mark End 0.010ms
[2026-05-11T15:36:25.946+0100][2.266s][info][gc,phases   ] GC(28) y: Concurrent Mark Free 0.001ms
[2026-05-11T15:36:25.946+0100][2.266s][info][gc,phases   ] GC(28) y: Concurrent Reset Relocation Set 0.001ms
[2026-05-11T15:36:25.946+0100][2.266s][info][gc,reloc    ] GC(28) y: Using tenuring threshold: 1 (Computed)
[2026-05-11T15:36:25.946+0100][2.267s][info][gc,phases   ] GC(28) y: Concurrent Select Relocation Set 0.118ms
[2026-05-11T15:36:25.946+0100][2.267s][info][gc,phases   ] GC(28) y: Pause Relocate Start 0.002ms
[2026-05-11T15:36:25.948+0100][2.268s][info][gc,phases   ] GC(28) y: Concurrent Relocate 1.133ms
[2026-05-11T15:36:25.948+0100][2.268s][info][gc,alloc    ] GC(28) y:                         Mark Start        Mark End      Relocate Start    Relocate End   
[2026-05-11T15:36:25.948+0100][2.268s][info][gc,alloc    ] GC(28) y: Allocation Stalls:          0                0                0                0         
[2026-05-11T15:36:25.948+0100][2.268s][info][gc,load     ] GC(28) y: Load: 3.71 (46%) / 3.50 (44%) / 2.52 (31%)
[2026-05-11T15:36:25.948+0100][2.268s][info][gc,mmu      ] GC(28) y: MMU: 2ms/98.9%, 5ms/99.2%, 10ms/99.5%, 20ms/99.7%, 50ms/99.8%, 100ms/99.9%
[2026-05-11T15:36:25.948+0100][2.268s][info][gc,marking  ] GC(28) y: Mark: 2 stripe(s), 1 proactive flush(es), 1 terminate flush(es), 0 completion(s), 0 continuation(s) 
[2026-05-11T15:36:25.948+0100][2.268s][info][gc,nmethod  ] GC(28) y: NMethods: 629 registered, 64 unregistered
[2026-05-11T15:36:25.948+0100][2.268s][info][gc,metaspace] GC(28) y: Metaspace: 2M used, 2M committed, 1088M reserved
[2026-05-11T15:36:25.948+0100][2.268s][info][gc,reloc    ] GC(28) y:                        Candidates     Selected     In-Place         Size        Empty    Relocated 
[2026-05-11T15:36:25.948+0100][2.268s][info][gc,reloc    ] GC(28) y: Small Pages:                   66            2            0         132M          68M           1M 
[2026-05-11T15:36:25.948+0100][2.268s][info][gc,reloc    ] GC(28) y: Medium Pages:                   0            0            0           0M           0M           0M 
[2026-05-11T15:36:25.948+0100][2.268s][info][gc,reloc    ] GC(28) y: Large Pages:                    0            0            0           0M           0M           0M 
[2026-05-11T15:36:25.948+0100][2.268s][info][gc,reloc    ] GC(28) y: Forwarding Usage: 0M
[2026-05-11T15:36:25.948+0100][2.268s][info][gc,reloc    ] GC(28) y: Age Table:
[2026-05-11T15:36:25.948+0100][2.268s][info][gc,reloc    ] GC(28) y:                    Live             Garbage             Small              Medium             Large        
[2026-05-11T15:36:25.948+0100][2.268s][info][gc,reloc    ] GC(28) y: Eden              58M (11%)          47M (9%)          53 / 1              0 / 0              0 / 0        
[2026-05-11T15:36:25.948+0100][2.268s][info][gc,reloc    ] GC(28) y: Survivor 1          -                14M (3%)           7 / 0              0 / 0              0 / 0        
[2026-05-11T15:36:25.948+0100][2.268s][info][gc,reloc    ] GC(28) y: Survivor 2         0M (0%)           11M (2%)           6 / 1              0 / 0              0 / 0        
[2026-05-11T15:36:25.948+0100][2.268s][info][gc,heap     ] GC(28) y: Min Capacity: 256M(50%)
[2026-05-11T15:36:25.948+0100][2.268s][info][gc,heap     ] GC(28) y: Max Capacity: 512M(100%)
[2026-05-11T15:36:25.948+0100][2.268s][info][gc,heap     ] GC(28) y: Soft Max Capacity: 512M(100%)
[2026-05-11T15:36:25.948+0100][2.268s][info][gc,heap     ] GC(28) y: Heap Statistics:
[2026-05-11T15:36:25.948+0100][2.268s][info][gc,heap     ] GC(28) y:                Mark Start          Mark End        Relocate Start      Relocate End           High               Low         
[2026-05-11T15:36:25.948+0100][2.268s][info][gc,heap     ] GC(28) y:  Capacity:      480M (94%)         480M (94%)         480M (94%)         480M (94%)         480M (94%)         480M (94%)    
[2026-05-11T15:36:25.948+0100][2.268s][info][gc,heap     ] GC(28) y:      Free:      316M (62%)         168M (33%)         236M (46%)         238M (46%)         316M (62%)         168M (33%)    
[2026-05-11T15:36:25.948+0100][2.268s][info][gc,heap     ] GC(28) y:      Used:      196M (38%)         344M (67%)         276M (54%)         274M (54%)         344M (67%)         196M (38%)    
[2026-05-11T15:36:25.948+0100][2.268s][info][gc,heap     ] GC(28) y: Young Generation Statistics:
[2026-05-11T15:36:25.948+0100][2.268s][info][gc,heap     ] GC(28) y:                Mark Start          Mark End        Relocate Start      Relocate End    
[2026-05-11T15:36:25.948+0100][2.268s][info][gc,heap     ] GC(28) y:      Used:      132M (26%)         280M (55%)         212M (41%)         208M (41%)    
[2026-05-11T15:36:25.948+0100][2.268s][info][gc,heap     ] GC(28) y:      Live:         -                58M (11%)          58M (11%)          58M (11%)    
[2026-05-11T15:36:25.948+0100][2.268s][info][gc,heap     ] GC(28) y:   Garbage:         -                73M (14%)           5M (1%)            0M (0%)     
[2026-05-11T15:36:25.948+0100][2.268s][info][gc,heap     ] GC(28) y: Allocated:         -               148M (29%)         148M (29%)         148M (29%)    
[2026-05-11T15:36:25.948+0100][2.268s][info][gc,heap     ] GC(28) y: Reclaimed:         -                  -                68M (13%)          72M (14%)    
[2026-05-11T15:36:25.948+0100][2.268s][info][gc,heap     ] GC(28) y:  Promoted:         -                  -                 0M (0%)            0M (0%)     
[2026-05-11T15:36:25.948+0100][2.268s][info][gc,heap     ] GC(28) y: Compacted:         -                  -                  -                 1M (0%)     
[2026-05-11T15:36:25.948+0100][2.268s][info][gc,phases   ] GC(28) y: Young Generation 196M(38%)->274M(54%) 0.018s
[2026-05-11T15:36:25.948+0100][2.268s][info][gc          ] GC(28) Minor Collection (Allocation Rate) 194M(38%)->274M(54%) 0.018s
[2026-05-11T15:36:25.948+0100][2.268s][info][gc          ] GC(29) Major Collection (System.gc())
[2026-05-11T15:36:25.948+0100][2.268s][info][gc,task     ] GC(29) Using 2 Workers for Young Generation
[2026-05-11T15:36:25.948+0100][2.268s][info][gc,task     ] GC(29) Using 2 Workers for Old Generation
[2026-05-11T15:36:25.948+0100][2.268s][info][gc,phases   ] GC(29) Y: Young Generation (Promote All)
[2026-05-11T15:36:25.948+0100][2.268s][info][gc,phases   ] GC(29) Y: Pause Mark Start 0.004ms
[2026-05-11T15:36:25.948+0100][2.269s][info][gc,phases   ] GC(29) Y: Concurrent Mark 0.471ms
[2026-05-11T15:36:25.948+0100][2.269s][info][gc,phases   ] GC(29) Y: Pause Mark End 0.003ms
[2026-05-11T15:36:25.948+0100][2.269s][info][gc,phases   ] GC(29) Y: Concurrent Mark Free 0.000ms
[2026-05-11T15:36:25.948+0100][2.269s][info][gc,phases   ] GC(29) Y: Concurrent Reset Relocation Set 0.003ms
[2026-05-11T15:36:25.948+0100][2.269s][info][gc,reloc    ] GC(29) Y: Using tenuring threshold: 0 (Promote All)
[2026-05-11T15:36:25.948+0100][2.269s][info][gc,phases   ] GC(29) Y: Concurrent Select Relocation Set 0.068ms
[2026-05-11T15:36:25.948+0100][2.269s][info][gc,phases   ] GC(29) Y: Pause Relocate Start 0.001ms
[2026-05-11T15:36:25.949+0100][2.269s][info][gc,phases   ] GC(29) Y: Concurrent Relocate 0.034ms
[2026-05-11T15:36:25.949+0100][2.269s][info][gc,alloc    ] GC(29) Y:                         Mark Start        Mark End      Relocate Start    Relocate End   
[2026-05-11T15:36:25.949+0100][2.269s][info][gc,alloc    ] GC(29) Y: Allocation Stalls:          0                0                0                0         
[2026-05-11T15:36:25.949+0100][2.269s][info][gc,load     ] GC(29) Y: Load: 3.71 (46%) / 3.50 (44%) / 2.52 (31%)
[2026-05-11T15:36:25.949+0100][2.269s][info][gc,mmu      ] GC(29) Y: MMU: 2ms/98.9%, 5ms/99.2%, 10ms/99.5%, 20ms/99.7%, 50ms/99.8%, 100ms/99.9%
[2026-05-11T15:36:25.949+0100][2.269s][info][gc,marking  ] GC(29) Y: Mark: 2 stripe(s), 1 proactive flush(es), 1 terminate flush(es), 0 completion(s), 0 continuation(s) 
[2026-05-11T15:36:25.949+0100][2.269s][info][gc,nmethod  ] GC(29) Y: NMethods: 629 registered, 64 unregistered
[2026-05-11T15:36:25.949+0100][2.269s][info][gc,metaspace] GC(29) Y: Metaspace: 2M used, 2M committed, 1088M reserved
[2026-05-11T15:36:25.949+0100][2.269s][info][gc,reloc    ] GC(29) Y:                        Candidates     Selected     In-Place         Size        Empty    Relocated 
[2026-05-11T15:36:25.949+0100][2.269s][info][gc,reloc    ] GC(29) Y: Small Pages:                  104            1            0         208M         204M           0M 
[2026-05-11T15:36:25.949+0100][2.269s][info][gc,reloc    ] GC(29) Y: Medium Pages:                   0            0            0           0M           0M           0M 
[2026-05-11T15:36:25.949+0100][2.269s][info][gc,reloc    ] GC(29) Y: Large Pages:                    0            0            0           0M           0M           0M 
[2026-05-11T15:36:25.949+0100][2.269s][info][gc,reloc    ] GC(29) Y: Forwarding Usage: 0M
[2026-05-11T15:36:25.949+0100][2.269s][info][gc,reloc    ] GC(29) Y: Age Table:
[2026-05-11T15:36:25.949+0100][2.269s][info][gc,reloc    ] GC(29) Y:                    Live             Garbage             Small              Medium             Large        
[2026-05-11T15:36:25.949+0100][2.269s][info][gc,reloc    ] GC(29) Y: Eden               0M (0%)          147M (29%)         74 / 1              0 / 0              0 / 0        
[2026-05-11T15:36:25.949+0100][2.269s][info][gc,reloc    ] GC(29) Y: Survivor 1          -                60M (12%)         30 / 0              0 / 0              0 / 0        
[2026-05-11T15:36:25.949+0100][2.269s][info][gc,heap     ] GC(29) Y: Min Capacity: 256M(50%)
[2026-05-11T15:36:25.949+0100][2.269s][info][gc,heap     ] GC(29) Y: Max Capacity: 512M(100%)
[2026-05-11T15:36:25.949+0100][2.269s][info][gc,heap     ] GC(29) Y: Soft Max Capacity: 512M(100%)
[2026-05-11T15:36:25.949+0100][2.269s][info][gc,heap     ] GC(29) Y: Heap Statistics:
[2026-05-11T15:36:25.949+0100][2.269s][info][gc,heap     ] GC(29) Y:                Mark Start          Mark End        Relocate Start      Relocate End           High               Low         
[2026-05-11T15:36:25.949+0100][2.269s][info][gc,heap     ] GC(29) Y:  Capacity:      480M (94%)         480M (94%)         480M (94%)         480M (94%)         480M (94%)         480M (94%)    
[2026-05-11T15:36:25.949+0100][2.269s][info][gc,heap     ] GC(29) Y:      Free:      238M (46%)         238M (46%)         442M (86%)         442M (86%)         442M (86%)         238M (46%)    
[2026-05-11T15:36:25.949+0100][2.269s][info][gc,heap     ] GC(29) Y:      Used:      274M (54%)         274M (54%)          70M (14%)          70M (14%)         274M (54%)          70M (14%)    
[2026-05-11T15:36:25.949+0100][2.269s][info][gc,heap     ] GC(29) Y: Young Generation Statistics:
[2026-05-11T15:36:25.949+0100][2.269s][info][gc,heap     ] GC(29) Y:                Mark Start          Mark End        Relocate Start      Relocate End    
[2026-05-11T15:36:25.949+0100][2.269s][info][gc,heap     ] GC(29) Y:      Used:      208M (41%)         208M (41%)           4M (1%)            0M (0%)     
[2026-05-11T15:36:25.949+0100][2.269s][info][gc,heap     ] GC(29) Y:      Live:         -                 0M (0%)            0M (0%)            0M (0%)     
[2026-05-11T15:36:25.949+0100][2.269s][info][gc,heap     ] GC(29) Y:   Garbage:         -               207M (41%)           3M (1%)            0M (0%)     
[2026-05-11T15:36:25.949+0100][2.269s][info][gc,heap     ] GC(29) Y: Allocated:         -                 0M (0%)            0M (0%)            0M (0%)     
[2026-05-11T15:36:25.949+0100][2.269s][info][gc,heap     ] GC(29) Y: Reclaimed:         -                  -               204M (40%)         207M (41%)    
[2026-05-11T15:36:25.949+0100][2.269s][info][gc,heap     ] GC(29) Y:  Promoted:         -                  -                 0M (0%)            0M (0%)     
[2026-05-11T15:36:25.949+0100][2.269s][info][gc,heap     ] GC(29) Y: Compacted:         -                  -                  -                 0M (0%)     
[2026-05-11T15:36:25.949+0100][2.269s][info][gc,phases   ] GC(29) Y: Young Generation (Promote All) 274M(54%)->70M(14%) 0.001s
[2026-05-11T15:36:25.949+0100][2.269s][info][gc,phases   ] GC(29) Y: Young Generation (Collect Roots)
[2026-05-11T15:36:25.949+0100][2.269s][info][gc,phases   ] GC(29) Y: Pause Mark Start (Major) 0.002ms
[2026-05-11T15:36:25.949+0100][2.269s][info][gc,phases   ] GC(29) Y: Concurrent Mark 0.333ms
[2026-05-11T15:36:25.949+0100][2.269s][info][gc,phases   ] GC(29) Y: Pause Mark End 0.003ms
[2026-05-11T15:36:25.949+0100][2.269s][info][gc,phases   ] GC(29) Y: Concurrent Mark Free 0.000ms
[2026-05-11T15:36:25.949+0100][2.269s][info][gc,phases   ] GC(29) Y: Concurrent Reset Relocation Set 0.000ms
[2026-05-11T15:36:25.949+0100][2.269s][info][gc,reloc    ] GC(29) Y: Using tenuring threshold: 0 (Computed)
[2026-05-11T15:36:25.949+0100][2.269s][info][gc,phases   ] GC(29) Y: Concurrent Select Relocation Set 0.035ms
[2026-05-11T15:36:25.949+0100][2.269s][info][gc,phases   ] GC(29) Y: Pause Relocate Start 0.006ms
[2026-05-11T15:36:25.949+0100][2.269s][info][gc,phases   ] GC(29) Y: Concurrent Relocate 0.042ms
[2026-05-11T15:36:25.949+0100][2.270s][info][gc,alloc    ] GC(29) Y:                         Mark Start        Mark End      Relocate Start    Relocate End   
[2026-05-11T15:36:25.949+0100][2.270s][info][gc,alloc    ] GC(29) Y: Allocation Stalls:          0                0                0                0         
[2026-05-11T15:36:25.949+0100][2.270s][info][gc,load     ] GC(29) Y: Load: 3.71 (46%) / 3.50 (44%) / 2.52 (31%)
[2026-05-11T15:36:25.949+0100][2.270s][info][gc,mmu      ] GC(29) Y: MMU: 2ms/98.9%, 5ms/99.2%, 10ms/99.5%, 20ms/99.7%, 50ms/99.8%, 100ms/99.9%
[2026-05-11T15:36:25.949+0100][2.270s][info][gc,marking  ] GC(29) Y: Mark: 2 stripe(s), 1 proactive flush(es), 1 terminate flush(es), 0 completion(s), 0 continuation(s) 
[2026-05-11T15:36:25.949+0100][2.270s][info][gc,nmethod  ] GC(29) Y: NMethods: 629 registered, 64 unregistered
[2026-05-11T15:36:25.949+0100][2.270s][info][gc,metaspace] GC(29) Y: Metaspace: 2M used, 2M committed, 1088M reserved
[2026-05-11T15:36:25.949+0100][2.270s][info][gc,heap     ] GC(29) Y: Min Capacity: 256M(50%)
[2026-05-11T15:36:25.949+0100][2.270s][info][gc,heap     ] GC(29) Y: Max Capacity: 512M(100%)
[2026-05-11T15:36:25.949+0100][2.270s][info][gc,heap     ] GC(29) Y: Soft Max Capacity: 512M(100%)
[2026-05-11T15:36:25.949+0100][2.270s][info][gc,heap     ] GC(29) Y: Heap Statistics:
[2026-05-11T15:36:25.949+0100][2.270s][info][gc,heap     ] GC(29) Y:                Mark Start          Mark End        Relocate Start      Relocate End           High               Low         
[2026-05-11T15:36:25.949+0100][2.270s][info][gc,heap     ] GC(29) Y:  Capacity:      480M (94%)         480M (94%)         480M (94%)         480M (94%)         480M (94%)         480M (94%)    
[2026-05-11T15:36:25.949+0100][2.270s][info][gc,heap     ] GC(29) Y:      Free:      442M (86%)         442M (86%)         442M (86%)         442M (86%)         442M (86%)         442M (86%)    
[2026-05-11T15:36:25.949+0100][2.270s][info][gc,heap     ] GC(29) Y:      Used:       70M (14%)          70M (14%)          70M (14%)          70M (14%)          70M (14%)          70M (14%)    
[2026-05-11T15:36:25.949+0100][2.270s][info][gc,heap     ] GC(29) Y: Young Generation Statistics:
[2026-05-11T15:36:25.949+0100][2.270s][info][gc,heap     ] GC(29) Y:                Mark Start          Mark End        Relocate Start      Relocate End    
[2026-05-11T15:36:25.949+0100][2.270s][info][gc,heap     ] GC(29) Y:      Used:        0M (0%)            0M (0%)            0M (0%)            0M (0%)     
[2026-05-11T15:36:25.949+0100][2.270s][info][gc,heap     ] GC(29) Y:      Live:         -                 0M (0%)            0M (0%)            0M (0%)     
[2026-05-11T15:36:25.949+0100][2.270s][info][gc,heap     ] GC(29) Y:   Garbage:         -                 0M (0%)            0M (0%)            0M (0%)     
[2026-05-11T15:36:25.949+0100][2.270s][info][gc,heap     ] GC(29) Y: Allocated:         -                 0M (0%)            0M (0%)            0M (0%)     
[2026-05-11T15:36:25.949+0100][2.270s][info][gc,heap     ] GC(29) Y: Reclaimed:         -                  -                 0M (0%)            0M (0%)     
[2026-05-11T15:36:25.949+0100][2.270s][info][gc,heap     ] GC(29) Y:  Promoted:         -                  -                 0M (0%)            0M (0%)     
[2026-05-11T15:36:25.949+0100][2.270s][info][gc,heap     ] GC(29) Y: Compacted:         -                  -                  -                 0M (0%)     
[2026-05-11T15:36:25.949+0100][2.270s][info][gc,phases   ] GC(29) Y: Young Generation (Collect Roots) 70M(14%)->70M(14%) 0.001s
[2026-05-11T15:36:25.949+0100][2.270s][info][gc,phases   ] GC(29) O: Old Generation
[2026-05-11T15:36:25.970+0100][2.290s][info][gc,phases   ] GC(29) O: Concurrent Mark 20.343ms
[2026-05-11T15:36:25.970+0100][2.290s][info][gc,phases   ] GC(29) O: Pause Mark End 0.010ms
[2026-05-11T15:36:25.970+0100][2.290s][info][gc,phases   ] GC(29) O: Concurrent Mark Free 0.001ms
[2026-05-11T15:36:25.970+0100][2.291s][info][gc,phases   ] GC(29) O: Concurrent Process Non-Strong 0.596ms
[2026-05-11T15:36:25.971+0100][2.291s][info][gc,phases   ] GC(29) O: Concurrent Reset Relocation Set 0.001ms
[2026-05-11T15:36:25.971+0100][2.291s][info][gc,phases   ] GC(29) O: Concurrent Select Relocation Set 0.032ms
[2026-05-11T15:36:25.971+0100][2.291s][info][gc,task     ] GC(29) O: Using 2 Workers for Old Generation
[2026-05-11T15:36:25.971+0100][2.291s][info][gc,task     ] GC(29) O: Using 2 Workers for Old Generation
[2026-05-11T15:36:25.971+0100][2.291s][info][gc,phases   ] GC(29) O: Concurrent Remap Roots 0.391ms
[2026-05-11T15:36:25.971+0100][2.291s][info][gc,phases   ] GC(29) O: Pause Relocate Start 0.005ms
[2026-05-11T15:36:25.972+0100][2.292s][info][gc,phases   ] GC(29) O: Concurrent Relocate 0.899ms
[2026-05-11T15:36:25.972+0100][2.292s][info][gc,alloc    ] GC(29) O:                         Mark Start        Mark End      Relocate Start    Relocate End   
[2026-05-11T15:36:25.972+0100][2.292s][info][gc,alloc    ] GC(29) O: Allocation Stalls:          0                0                0                0         
[2026-05-11T15:36:25.972+0100][2.292s][info][gc,load     ] GC(29) O: Load: 3.71 (46%) / 3.50 (44%) / 2.52 (31%)
[2026-05-11T15:36:25.972+0100][2.292s][info][gc,mmu      ] GC(29) O: MMU: 2ms/98.9%, 5ms/99.2%, 10ms/99.5%, 20ms/99.7%, 50ms/99.8%, 100ms/99.9%
[2026-05-11T15:36:25.972+0100][2.292s][info][gc,marking  ] GC(29) O: Mark: 2 stripe(s), 1 proactive flush(es), 1 terminate flush(es), 0 completion(s), 0 continuation(s) 
[2026-05-11T15:36:25.972+0100][2.292s][info][gc,nmethod  ] GC(29) O: NMethods: 628 registered, 65 unregistered
[2026-05-11T15:36:25.972+0100][2.292s][info][gc,metaspace] GC(29) O: Metaspace: 2M used, 2M committed, 1088M reserved
[2026-05-11T15:36:25.972+0100][2.292s][info][gc,ref      ] GC(29) O:                       Encountered   Discovered     Enqueued 
[2026-05-11T15:36:25.972+0100][2.292s][info][gc,ref      ] GC(29) O: Soft References:              126            0            0 
[2026-05-11T15:36:25.972+0100][2.292s][info][gc,ref      ] GC(29) O: Weak References:              255          136            0 
[2026-05-11T15:36:25.972+0100][2.292s][info][gc,ref      ] GC(29) O: Final References:               6            6            0 
[2026-05-11T15:36:25.972+0100][2.292s][info][gc,ref      ] GC(29) O: Phantom References:             2            2            0 
[2026-05-11T15:36:25.972+0100][2.292s][info][gc,reloc    ] GC(29) O:                        Candidates     Selected     In-Place         Size        Empty    Relocated 
[2026-05-11T15:36:25.972+0100][2.292s][info][gc,reloc    ] GC(29) O: Small Pages:                   35            4            0          70M           0M           1M 
[2026-05-11T15:36:25.972+0100][2.292s][info][gc,reloc    ] GC(29) O: Medium Pages:                   0            0            0           0M           0M           0M 
[2026-05-11T15:36:25.972+0100][2.292s][info][gc,reloc    ] GC(29) O: Large Pages:                    0            0            0           0M           0M           0M 
[2026-05-11T15:36:25.972+0100][2.292s][info][gc,reloc    ] GC(29) O: Forwarding Usage: 1M
[2026-05-11T15:36:25.972+0100][2.292s][info][gc,heap     ] GC(29) O: Min Capacity: 256M(50%)
[2026-05-11T15:36:25.972+0100][2.292s][info][gc,heap     ] GC(29) O: Max Capacity: 512M(100%)
[2026-05-11T15:36:25.972+0100][2.292s][info][gc,heap     ] GC(29) O: Soft Max Capacity: 512M(100%)
[2026-05-11T15:36:25.972+0100][2.292s][info][gc,heap     ] GC(29) O: Heap Statistics:
[2026-05-11T15:36:25.972+0100][2.292s][info][gc,heap     ] GC(29) O:                Mark Start          Mark End        Relocate Start      Relocate End           High               Low         
[2026-05-11T15:36:25.972+0100][2.292s][info][gc,heap     ] GC(29) O:  Capacity:      480M (94%)         480M (94%)         480M (94%)         480M (94%)         480M (94%)         480M (94%)    
[2026-05-11T15:36:25.972+0100][2.292s][info][gc,heap     ] GC(29) O:      Free:      442M (86%)         442M (86%)         442M (86%)         448M (88%)         448M (88%)         438M (86%)    
[2026-05-11T15:36:25.972+0100][2.292s][info][gc,heap     ] GC(29) O:      Used:       70M (14%)          70M (14%)          70M (14%)          64M (12%)          74M (14%)          64M (12%)    
[2026-05-11T15:36:25.972+0100][2.292s][info][gc,heap     ] GC(29) O: Old Generation Statistics:
[2026-05-11T15:36:25.972+0100][2.292s][info][gc,heap     ] GC(29) O:                Mark Start          Mark End        Relocate Start      Relocate End    
[2026-05-11T15:36:25.972+0100][2.292s][info][gc,heap     ] GC(29) O:      Used:       70M (14%)          70M (14%)          70M (14%)          64M (12%)    
[2026-05-11T15:36:25.972+0100][2.292s][info][gc,heap     ] GC(29) O:      Live:         -                60M (12%)          60M (12%)          60M (12%)    
[2026-05-11T15:36:25.972+0100][2.292s][info][gc,heap     ] GC(29) O:   Garbage:         -                 9M (2%)            9M (2%)            1M (0%)     
[2026-05-11T15:36:25.972+0100][2.292s][info][gc,heap     ] GC(29) O: Allocated:         -                 0M (0%)            0M (0%)            2M (0%)     
[2026-05-11T15:36:25.972+0100][2.292s][info][gc,heap     ] GC(29) O: Reclaimed:         -                  -                 0M (0%)            8M (2%)     
[2026-05-11T15:36:25.972+0100][2.292s][info][gc,heap     ] GC(29) O: Compacted:         -                  -                  -                 1M (0%)     
[2026-05-11T15:36:25.972+0100][2.292s][info][gc,phases   ] GC(29) O: Old Generation 70M(14%)->64M(12%) 0.022s
[2026-05-11T15:36:25.972+0100][2.292s][info][gc          ] GC(29) Major Collection (System.gc()) 274M(54%)->64M(12%) 0.024s
[2026-05-11T15:36:26.091+0100][2.411s][info][gc          ] GC(30) Minor Collection (Allocation Rate)
[2026-05-11T15:36:26.091+0100][2.411s][info][gc,task     ] GC(30) Using 2 Workers for Young Generation
[2026-05-11T15:36:26.091+0100][2.411s][info][gc,phases   ] GC(30) y: Young Generation
[2026-05-11T15:36:26.091+0100][2.411s][info][gc,phases   ] GC(30) y: Pause Mark Start 0.017ms
[2026-05-11T15:36:26.119+0100][2.439s][info][gc,phases   ] GC(30) y: Concurrent Mark 27.227ms
[2026-05-11T15:36:26.119+0100][2.439s][info][gc,phases   ] GC(30) y: Pause Mark End 0.007ms
[2026-05-11T15:36:26.119+0100][2.439s][info][gc,phases   ] GC(30) y: Concurrent Mark Free 0.001ms
[2026-05-11T15:36:26.119+0100][2.439s][info][gc,phases   ] GC(30) y: Concurrent Reset Relocation Set 0.000ms
[2026-05-11T15:36:26.119+0100][2.439s][info][gc,reloc    ] GC(30) y: Using tenuring threshold: 1 (Computed)
[2026-05-11T15:36:26.119+0100][2.439s][info][gc,phases   ] GC(30) y: Concurrent Select Relocation Set 0.069ms
[2026-05-11T15:36:26.119+0100][2.439s][info][gc,phases   ] GC(30) y: Pause Relocate Start 0.005ms
[2026-05-11T15:36:26.119+0100][2.439s][info][gc,phases   ] GC(30) y: Concurrent Relocate 0.022ms
[2026-05-11T15:36:26.119+0100][2.439s][info][gc,alloc    ] GC(30) y:                         Mark Start        Mark End      Relocate Start    Relocate End   
[2026-05-11T15:36:26.119+0100][2.439s][info][gc,alloc    ] GC(30) y: Allocation Stalls:          0                0                0                0         
[2026-05-11T15:36:26.119+0100][2.439s][info][gc,load     ] GC(30) y: Load: 3.71 (46%) / 3.50 (44%) / 2.52 (31%)
[2026-05-11T15:36:26.119+0100][2.439s][info][gc,mmu      ] GC(30) y: MMU: 2ms/98.9%, 5ms/99.2%, 10ms/99.5%, 20ms/99.7%, 50ms/99.8%, 100ms/99.9%
[2026-05-11T15:36:26.119+0100][2.439s][info][gc,marking  ] GC(30) y: Mark: 2 stripe(s), 1 proactive flush(es), 1 terminate flush(es), 0 completion(s), 0 continuation(s) 
[2026-05-11T15:36:26.119+0100][2.439s][info][gc,nmethod  ] GC(30) y: NMethods: 645 registered, 65 unregistered
[2026-05-11T15:36:26.119+0100][2.439s][info][gc,metaspace] GC(30) y: Metaspace: 2M used, 2M committed, 1088M reserved
[2026-05-11T15:36:26.119+0100][2.439s][info][gc,reloc    ] GC(30) y:                        Candidates     Selected     In-Place         Size        Empty    Relocated 
[2026-05-11T15:36:26.119+0100][2.439s][info][gc,reloc    ] GC(30) y: Small Pages:                   30            0            0          60M           0M           0M 
[2026-05-11T15:36:26.119+0100][2.439s][info][gc,reloc    ] GC(30) y: Medium Pages:                   0            0            0           0M           0M           0M 
[2026-05-11T15:36:26.119+0100][2.439s][info][gc,reloc    ] GC(30) y: Large Pages:                    0            0            0           0M           0M           0M 
[2026-05-11T15:36:26.119+0100][2.439s][info][gc,reloc    ] GC(30) y: Forwarding Usage: 0M
[2026-05-11T15:36:26.119+0100][2.439s][info][gc,reloc    ] GC(30) y: Age Table:
[2026-05-11T15:36:26.119+0100][2.439s][info][gc,reloc    ] GC(30) y:                    Live             Garbage             Small              Medium             Large        
[2026-05-11T15:36:26.119+0100][2.439s][info][gc,reloc    ] GC(30) y: Eden              57M (11%)           2M (0%)          30 / 0              0 / 0              0 / 0        
[2026-05-11T15:36:26.119+0100][2.439s][info][gc,heap     ] GC(30) y: Min Capacity: 256M(50%)
[2026-05-11T15:36:26.119+0100][2.439s][info][gc,heap     ] GC(30) y: Max Capacity: 512M(100%)
[2026-05-11T15:36:26.119+0100][2.439s][info][gc,heap     ] GC(30) y: Soft Max Capacity: 512M(100%)
[2026-05-11T15:36:26.119+0100][2.439s][info][gc,heap     ] GC(30) y: Heap Statistics:
[2026-05-11T15:36:26.119+0100][2.439s][info][gc,heap     ] GC(30) y:                Mark Start          Mark End        Relocate Start      Relocate End           High               Low         
[2026-05-11T15:36:26.119+0100][2.439s][info][gc,heap     ] GC(30) y:  Capacity:      480M (94%)         480M (94%)         480M (94%)         480M (94%)         480M (94%)         480M (94%)    
[2026-05-11T15:36:26.119+0100][2.439s][info][gc,heap     ] GC(30) y:      Free:      388M (76%)         230M (45%)         230M (45%)         230M (45%)         388M (76%)         230M (45%)    
[2026-05-11T15:36:26.119+0100][2.439s][info][gc,heap     ] GC(30) y:      Used:      124M (24%)         282M (55%)         282M (55%)         282M (55%)         282M (55%)         124M (24%)    
[2026-05-11T15:36:26.119+0100][2.439s][info][gc,heap     ] GC(30) y: Young Generation Statistics:
[2026-05-11T15:36:26.119+0100][2.439s][info][gc,heap     ] GC(30) y:                Mark Start          Mark End        Relocate Start      Relocate End    
[2026-05-11T15:36:26.119+0100][2.439s][info][gc,heap     ] GC(30) y:      Used:       60M (12%)         218M (43%)         218M (43%)         218M (43%)    
[2026-05-11T15:36:26.119+0100][2.440s][info][gc,heap     ] GC(30) y:      Live:         -                57M (11%)          57M (11%)          57M (11%)    
[2026-05-11T15:36:26.119+0100][2.440s][info][gc,heap     ] GC(30) y:   Garbage:         -                 2M (0%)            2M (0%)            2M (0%)     
[2026-05-11T15:36:26.119+0100][2.440s][info][gc,heap     ] GC(30) y: Allocated:         -               158M (31%)         158M (31%)         158M (31%)    
[2026-05-11T15:36:26.119+0100][2.440s][info][gc,heap     ] GC(30) y: Reclaimed:         -                  -                 0M (0%)            0M (0%)     
[2026-05-11T15:36:26.119+0100][2.440s][info][gc,heap     ] GC(30) y:  Promoted:         -                  -                 0M (0%)            0M (0%)     
[2026-05-11T15:36:26.119+0100][2.440s][info][gc,heap     ] GC(30) y: Compacted:         -                  -                  -                 0M (0%)     
[2026-05-11T15:36:26.119+0100][2.440s][info][gc,phases   ] GC(30) y: Young Generation 122M(24%)->282M(55%) 0.028s
[2026-05-11T15:36:26.119+0100][2.440s][info][gc          ] GC(30) Minor Collection (Allocation Rate) 120M(23%)->282M(55%) 0.029s
[2026-05-11T15:36:26.119+0100][2.440s][info][gc          ] GC(31) Minor Collection (Allocation Rate)
[2026-05-11T15:36:26.119+0100][2.440s][info][gc,task     ] GC(31) Using 2 Workers for Young Generation
[2026-05-11T15:36:26.119+0100][2.440s][info][gc,phases   ] GC(31) y: Young Generation
[2026-05-11T15:36:26.119+0100][2.440s][info][gc,phases   ] GC(31) y: Pause Mark Start 0.004ms
[2026-05-11T15:36:26.121+0100][2.441s][info][gc,phases   ] GC(31) y: Concurrent Mark 1.624ms
[2026-05-11T15:36:26.121+0100][2.441s][info][gc,phases   ] GC(31) y: Pause Mark End 0.008ms
[2026-05-11T15:36:26.121+0100][2.441s][info][gc,phases   ] GC(31) y: Concurrent Mark Free 0.001ms
[2026-05-11T15:36:26.121+0100][2.441s][info][gc,phases   ] GC(31) y: Concurrent Reset Relocation Set 0.000ms
[2026-05-11T15:36:26.121+0100][2.441s][info][gc,reloc    ] GC(31) y: Using tenuring threshold: 1 (Computed)
[2026-05-11T15:36:26.121+0100][2.442s][info][gc,phases   ] GC(31) y: Concurrent Select Relocation Set 0.154ms
[2026-05-11T15:36:26.121+0100][2.442s][info][gc,phases   ] GC(31) y: Pause Relocate Start 0.002ms
[2026-05-11T15:36:26.122+0100][2.442s][info][gc,phases   ] GC(31) y: Concurrent Relocate 0.074ms
[2026-05-11T15:36:26.122+0100][2.442s][info][gc,alloc    ] GC(31) y:                         Mark Start        Mark End      Relocate Start    Relocate End   
[2026-05-11T15:36:26.122+0100][2.442s][info][gc,alloc    ] GC(31) y: Allocation Stalls:          0                0                0                0         
[2026-05-11T15:36:26.122+0100][2.442s][info][gc,load     ] GC(31) y: Load: 3.71 (46%) / 3.50 (44%) / 2.52 (31%)
[2026-05-11T15:36:26.122+0100][2.442s][info][gc,mmu      ] GC(31) y: MMU: 2ms/98.9%, 5ms/99.2%, 10ms/99.5%, 20ms/99.7%, 50ms/99.8%, 100ms/99.9%
[2026-05-11T15:36:26.122+0100][2.442s][info][gc,marking  ] GC(31) y: Mark: 2 stripe(s), 2 proactive flush(es), 1 terminate flush(es), 0 completion(s), 0 continuation(s) 
[2026-05-11T15:36:26.122+0100][2.442s][info][gc,nmethod  ] GC(31) y: NMethods: 645 registered, 65 unregistered
[2026-05-11T15:36:26.122+0100][2.442s][info][gc,metaspace] GC(31) y: Metaspace: 2M used, 2M committed, 1088M reserved
[2026-05-11T15:36:26.122+0100][2.442s][info][gc,reloc    ] GC(31) y:                        Candidates     Selected     In-Place         Size        Empty    Relocated 
[2026-05-11T15:36:26.122+0100][2.442s][info][gc,reloc    ] GC(31) y: Small Pages:                  109            2            0         218M         204M           0M 
[2026-05-11T15:36:26.122+0100][2.442s][info][gc,reloc    ] GC(31) y: Medium Pages:                   0            0            0           0M           0M           0M 
[2026-05-11T15:36:26.122+0100][2.442s][info][gc,reloc    ] GC(31) y: Large Pages:                    0            0            0           0M           0M           0M 
[2026-05-11T15:36:26.122+0100][2.442s][info][gc,reloc    ] GC(31) y: Forwarding Usage: 0M
[2026-05-11T15:36:26.122+0100][2.442s][info][gc,reloc    ] GC(31) y: Age Table:
[2026-05-11T15:36:26.122+0100][2.442s][info][gc,reloc    ] GC(31) y:                    Live             Garbage             Small              Medium             Large        
[2026-05-11T15:36:26.122+0100][2.442s][info][gc,reloc    ] GC(31) y: Eden               8M (2%)          149M (29%)         79 / 2              0 / 0              0 / 0        
[2026-05-11T15:36:26.122+0100][2.442s][info][gc,reloc    ] GC(31) y: Survivor 1          -                60M (12%)         30 / 0              0 / 0              0 / 0        
[2026-05-11T15:36:26.122+0100][2.442s][info][gc,heap     ] GC(31) y: Min Capacity: 256M(50%)
[2026-05-11T15:36:26.122+0100][2.442s][info][gc,heap     ] GC(31) y: Max Capacity: 512M(100%)
[2026-05-11T15:36:26.122+0100][2.442s][info][gc,heap     ] GC(31) y: Soft Max Capacity: 512M(100%)
[2026-05-11T15:36:26.122+0100][2.442s][info][gc,heap     ] GC(31) y: Heap Statistics:
[2026-05-11T15:36:26.122+0100][2.442s][info][gc,heap     ] GC(31) y:                Mark Start          Mark End        Relocate Start      Relocate End           High               Low         
[2026-05-11T15:36:26.122+0100][2.442s][info][gc,heap     ] GC(31) y:  Capacity:      480M (94%)         480M (94%)         480M (94%)         480M (94%)         480M (94%)         480M (94%)    
[2026-05-11T15:36:26.122+0100][2.442s][info][gc,heap     ] GC(31) y:      Free:      230M (45%)         230M (45%)         434M (85%)         434M (85%)         434M (85%)         230M (45%)    
[2026-05-11T15:36:26.122+0100][2.442s][info][gc,heap     ] GC(31) y:      Used:      282M (55%)         282M (55%)          78M (15%)          78M (15%)         282M (55%)          78M (15%)    
[2026-05-11T15:36:26.122+0100][2.442s][info][gc,heap     ] GC(31) y: Young Generation Statistics:
[2026-05-11T15:36:26.122+0100][2.442s][info][gc,heap     ] GC(31) y:                Mark Start          Mark End        Relocate Start      Relocate End    
[2026-05-11T15:36:26.122+0100][2.442s][info][gc,heap     ] GC(31) y:      Used:      218M (43%)         218M (43%)          14M (3%)           14M (3%)     
[2026-05-11T15:36:26.122+0100][2.442s][info][gc,heap     ] GC(31) y:      Live:         -                 8M (2%)            8M (2%)            8M (2%)     
[2026-05-11T15:36:26.122+0100][2.442s][info][gc,heap     ] GC(31) y:   Garbage:         -               209M (41%)           5M (1%)            0M (0%)     
[2026-05-11T15:36:26.122+0100][2.442s][info][gc,heap     ] GC(31) y: Allocated:         -                 0M (0%)            0M (0%)            5M (1%)     
[2026-05-11T15:36:26.122+0100][2.442s][info][gc,heap     ] GC(31) y: Reclaimed:         -                  -               204M (40%)         209M (41%)    
[2026-05-11T15:36:26.122+0100][2.442s][info][gc,heap     ] GC(31) y:  Promoted:         -                  -                 0M (0%)            0M (0%)     
[2026-05-11T15:36:26.122+0100][2.442s][info][gc,heap     ] GC(31) y: Compacted:         -                  -                  -                 0M (0%)     
[2026-05-11T15:36:26.122+0100][2.442s][info][gc,phases   ] GC(31) y: Young Generation 282M(55%)->78M(15%) 0.002s
[2026-05-11T15:36:26.122+0100][2.442s][info][gc          ] GC(31) Minor Collection (Allocation Rate) 282M(55%)->78M(15%) 0.002s
[2026-05-11T15:36:26.124+0100][2.444s][info][gc          ] GC(32) Minor Collection (Allocation Rate)
[2026-05-11T15:36:26.124+0100][2.444s][info][gc,task     ] GC(32) Using 2 Workers for Young Generation
[2026-05-11T15:36:26.124+0100][2.444s][info][gc,phases   ] GC(32) y: Young Generation
[2026-05-11T15:36:26.124+0100][2.445s][info][gc,phases   ] GC(32) y: Pause Mark Start 0.006ms
[2026-05-11T15:36:26.129+0100][2.449s][info][gc,phases   ] GC(32) y: Concurrent Mark 4.337ms
[2026-05-11T15:36:26.129+0100][2.449s][info][gc,phases   ] GC(32) y: Pause Mark End 0.007ms
[2026-05-11T15:36:26.129+0100][2.449s][info][gc,phases   ] GC(32) y: Concurrent Mark Free 0.001ms
[2026-05-11T15:36:26.129+0100][2.449s][info][gc,phases   ] GC(32) y: Concurrent Reset Relocation Set 0.001ms
[2026-05-11T15:36:26.129+0100][2.449s][info][gc,reloc    ] GC(32) y: Using tenuring threshold: 2 (Computed)
[2026-05-11T15:36:26.129+0100][2.449s][info][gc,phases   ] GC(32) y: Concurrent Select Relocation Set 0.060ms
[2026-05-11T15:36:26.129+0100][2.450s][info][gc,phases   ] GC(32) y: Pause Relocate Start 0.005ms
[2026-05-11T15:36:26.129+0100][2.450s][info][gc,phases   ] GC(32) y: Concurrent Relocate 0.096ms
[2026-05-11T15:36:26.129+0100][2.450s][info][gc,alloc    ] GC(32) y:                         Mark Start        Mark End      Relocate Start    Relocate End   
[2026-05-11T15:36:26.129+0100][2.450s][info][gc,alloc    ] GC(32) y: Allocation Stalls:          0                0                0                0         
[2026-05-11T15:36:26.130+0100][2.450s][info][gc,load     ] GC(32) y: Load: 3.71 (46%) / 3.50 (44%) / 2.52 (31%)
[2026-05-11T15:36:26.130+0100][2.450s][info][gc,mmu      ] GC(32) y: MMU: 2ms/98.9%, 5ms/99.2%, 10ms/99.5%, 20ms/99.7%, 50ms/99.8%, 100ms/99.9%
[2026-05-11T15:36:26.130+0100][2.450s][info][gc,marking  ] GC(32) y: Mark: 2 stripe(s), 3 proactive flush(es), 1 terminate flush(es), 0 completion(s), 0 continuation(s) 
[2026-05-11T15:36:26.130+0100][2.450s][info][gc,nmethod  ] GC(32) y: NMethods: 655 registered, 0 unregistered
[2026-05-11T15:36:26.130+0100][2.450s][info][gc,metaspace] GC(32) y: Metaspace: 2M used, 2M committed, 1088M reserved
[2026-05-11T15:36:26.130+0100][2.450s][info][gc,reloc    ] GC(32) y:                        Candidates     Selected     In-Place         Size        Empty    Relocated 
[2026-05-11T15:36:26.130+0100][2.450s][info][gc,reloc    ] GC(32) y: Small Pages:                   13            4            0          26M           0M           0M 
[2026-05-11T15:36:26.130+0100][2.450s][info][gc,reloc    ] GC(32) y: Medium Pages:                   0            0            0           0M           0M           0M 
[2026-05-11T15:36:26.130+0100][2.450s][info][gc,reloc    ] GC(32) y: Large Pages:                    0            0            0           0M           0M           0M 
[2026-05-11T15:36:26.130+0100][2.450s][info][gc,reloc    ] GC(32) y: Forwarding Usage: 0M
[2026-05-11T15:36:26.130+0100][2.450s][info][gc,reloc    ] GC(32) y: Age Table:
[2026-05-11T15:36:26.130+0100][2.450s][info][gc,reloc    ] GC(32) y:                    Live             Garbage             Small              Medium             Large        
[2026-05-11T15:36:26.130+0100][2.450s][info][gc,reloc    ] GC(32) y: Eden               8M (2%)            3M (1%)           6 / 1              0 / 0              0 / 0        
[2026-05-11T15:36:26.130+0100][2.450s][info][gc,reloc    ] GC(32) y: Survivor 1         8M (2%)            5M (1%)           7 / 3              0 / 0              0 / 0        
[2026-05-11T15:36:26.130+0100][2.450s][info][gc,heap     ] GC(32) y: Min Capacity: 256M(50%)
[2026-05-11T15:36:26.130+0100][2.450s][info][gc,heap     ] GC(32) y: Max Capacity: 512M(100%)
[2026-05-11T15:36:26.130+0100][2.450s][info][gc,heap     ] GC(32) y: Soft Max Capacity: 512M(100%)
[2026-05-11T15:36:26.130+0100][2.450s][info][gc,heap     ] GC(32) y: Heap Statistics:
[2026-05-11T15:36:26.130+0100][2.450s][info][gc,heap     ] GC(32) y:                Mark Start          Mark End        Relocate Start      Relocate End           High               Low         
[2026-05-11T15:36:26.130+0100][2.450s][info][gc,heap     ] GC(32) y:  Capacity:      480M (94%)         480M (94%)         480M (94%)         480M (94%)         480M (94%)         480M (94%)    
[2026-05-11T15:36:26.130+0100][2.450s][info][gc,heap     ] GC(32) y:      Free:      422M (82%)         360M (70%)         360M (70%)         364M (71%)         422M (82%)         356M (70%)    
[2026-05-11T15:36:26.130+0100][2.450s][info][gc,heap     ] GC(32) y:      Used:       90M (18%)         152M (30%)         152M (30%)         148M (29%)         156M (30%)          90M (18%)    
[2026-05-11T15:36:26.130+0100][2.450s][info][gc,heap     ] GC(32) y: Young Generation Statistics:
[2026-05-11T15:36:26.130+0100][2.450s][info][gc,heap     ] GC(32) y:                Mark Start          Mark End        Relocate Start      Relocate End    
[2026-05-11T15:36:26.130+0100][2.450s][info][gc,heap     ] GC(32) y:      Used:       26M (5%)           88M (17%)          88M (17%)          84M (16%)    
[2026-05-11T15:36:26.130+0100][2.450s][info][gc,heap     ] GC(32) y:      Live:         -                16M (3%)           16M (3%)           16M (3%)     
[2026-05-11T15:36:26.130+0100][2.450s][info][gc,heap     ] GC(32) y:   Garbage:         -                 9M (2%)            9M (2%)            0M (0%)     
[2026-05-11T15:36:26.130+0100][2.450s][info][gc,heap     ] GC(32) y: Allocated:         -                62M (12%)          62M (12%)          67M (13%)    
[2026-05-11T15:36:26.130+0100][2.450s][info][gc,heap     ] GC(32) y: Reclaimed:         -                  -                 0M (0%)            9M (2%)     
[2026-05-11T15:36:26.130+0100][2.450s][info][gc,heap     ] GC(32) y:  Promoted:         -                  -                 0M (0%)            0M (0%)     
[2026-05-11T15:36:26.130+0100][2.450s][info][gc,heap     ] GC(32) y: Compacted:         -                  -                  -                 0M (0%)     
[2026-05-11T15:36:26.130+0100][2.450s][info][gc,phases   ] GC(32) y: Young Generation 90M(18%)->148M(29%) 0.005s
[2026-05-11T15:36:26.130+0100][2.450s][info][gc          ] GC(32) Minor Collection (Allocation Rate) 90M(18%)->148M(29%) 0.006s
[2026-05-11T15:36:26.135+0100][2.456s][info][gc          ] GC(33) Minor Collection (Allocation Rate)
[2026-05-11T15:36:26.136+0100][2.456s][info][gc,task     ] GC(33) Using 2 Workers for Young Generation
[2026-05-11T15:36:26.136+0100][2.456s][info][gc,phases   ] GC(33) y: Young Generation
[2026-05-11T15:36:26.136+0100][2.456s][info][gc,phases   ] GC(33) y: Pause Mark Start 0.006ms
[2026-05-11T15:36:26.152+0100][2.472s][info][gc,phases   ] GC(33) y: Concurrent Mark 15.853ms
[2026-05-11T15:36:26.152+0100][2.472s][info][gc,phases   ] GC(33) y: Pause Mark End 0.008ms
[2026-05-11T15:36:26.152+0100][2.472s][info][gc,phases   ] GC(33) y: Concurrent Mark Free 0.002ms
[2026-05-11T15:36:26.152+0100][2.472s][info][gc,phases   ] GC(33) y: Concurrent Reset Relocation Set 0.001ms
[2026-05-11T15:36:26.152+0100][2.472s][info][gc,reloc    ] GC(33) y: Using tenuring threshold: 2 (Computed)
[2026-05-11T15:36:26.152+0100][2.472s][info][gc,phases   ] GC(33) y: Concurrent Select Relocation Set 0.139ms
[2026-05-11T15:36:26.152+0100][2.472s][info][gc,phases   ] GC(33) y: Pause Relocate Start 0.002ms
[2026-05-11T15:36:26.152+0100][2.473s][info][gc,phases   ] GC(33) y: Concurrent Relocate 0.128ms
[2026-05-11T15:36:26.152+0100][2.473s][info][gc,alloc    ] GC(33) y:                         Mark Start        Mark End      Relocate Start    Relocate End   
[2026-05-11T15:36:26.152+0100][2.473s][info][gc,alloc    ] GC(33) y: Allocation Stalls:          0                0                0                0         
[2026-05-11T15:36:26.152+0100][2.473s][info][gc,load     ] GC(33) y: Load: 3.71 (46%) / 3.50 (44%) / 2.52 (31%)
[2026-05-11T15:36:26.152+0100][2.473s][info][gc,mmu      ] GC(33) y: MMU: 2ms/98.9%, 5ms/99.2%, 10ms/99.5%, 20ms/99.7%, 50ms/99.8%, 100ms/99.9%
[2026-05-11T15:36:26.152+0100][2.473s][info][gc,marking  ] GC(33) y: Mark: 2 stripe(s), 2 proactive flush(es), 1 terminate flush(es), 0 completion(s), 0 continuation(s) 
[2026-05-11T15:36:26.152+0100][2.473s][info][gc,nmethod  ] GC(33) y: NMethods: 658 registered, 0 unregistered
[2026-05-11T15:36:26.152+0100][2.473s][info][gc,metaspace] GC(33) y: Metaspace: 2M used, 2M committed, 1088M reserved
[2026-05-11T15:36:26.152+0100][2.473s][info][gc,reloc    ] GC(33) y:                        Candidates     Selected     In-Place         Size        Empty    Relocated 
[2026-05-11T15:36:26.152+0100][2.473s][info][gc,reloc    ] GC(33) y: Small Pages:                   66            2            0         132M          68M           0M 
[2026-05-11T15:36:26.152+0100][2.473s][info][gc,reloc    ] GC(33) y: Medium Pages:                   0            0            0           0M           0M           0M 
[2026-05-11T15:36:26.152+0100][2.473s][info][gc,reloc    ] GC(33) y: Large Pages:                    0            0            0           0M           0M           0M 
[2026-05-11T15:36:26.153+0100][2.473s][info][gc,reloc    ] GC(33) y: Forwarding Usage: 0M
[2026-05-11T15:36:26.153+0100][2.473s][info][gc,reloc    ] GC(33) y: Age Table:
[2026-05-11T15:36:26.153+0100][2.473s][info][gc,reloc    ] GC(33) y:                    Live             Garbage             Small              Medium             Large        
[2026-05-11T15:36:26.153+0100][2.473s][info][gc,reloc    ] GC(33) y: Eden              56M (11%)          53M (10%)         55 / 2              0 / 0              0 / 0        
[2026-05-11T15:36:26.153+0100][2.473s][info][gc,reloc    ] GC(33) y: Survivor 1         0M (0%)            9M (2%)           5 / 0              0 / 0              0 / 0        
[2026-05-11T15:36:26.153+0100][2.473s][info][gc,reloc    ] GC(33) y: Survivor 2          -                12M (2%)           6 / 0              0 / 0              0 / 0        
[2026-05-11T15:36:26.153+0100][2.473s][info][gc,heap     ] GC(33) y: Min Capacity: 256M(50%)
[2026-05-11T15:36:26.153+0100][2.473s][info][gc,heap     ] GC(33) y: Max Capacity: 512M(100%)
[2026-05-11T15:36:26.153+0100][2.473s][info][gc,heap     ] GC(33) y: Soft Max Capacity: 512M(100%)
[2026-05-11T15:36:26.153+0100][2.473s][info][gc,heap     ] GC(33) y: Heap Statistics:
[2026-05-11T15:36:26.153+0100][2.473s][info][gc,heap     ] GC(33) y:                Mark Start          Mark End        Relocate Start      Relocate End           High               Low         
[2026-05-11T15:36:26.153+0100][2.473s][info][gc,heap     ] GC(33) y:  Capacity:      480M (94%)         480M (94%)         480M (94%)         480M (94%)         480M (94%)         480M (94%)    
[2026-05-11T15:36:26.153+0100][2.473s][info][gc,heap     ] GC(33) y:      Free:      316M (62%)         286M (56%)         354M (69%)         354M (69%)         354M (69%)         286M (56%)    
[2026-05-11T15:36:26.153+0100][2.473s][info][gc,heap     ] GC(33) y:      Used:      196M (38%)         226M (44%)         158M (31%)         158M (31%)         226M (44%)         158M (31%)    
[2026-05-11T15:36:26.153+0100][2.473s][info][gc,heap     ] GC(33) y: Young Generation Statistics:
[2026-05-11T15:36:26.153+0100][2.473s][info][gc,heap     ] GC(33) y:                Mark Start          Mark End        Relocate Start      Relocate End    
[2026-05-11T15:36:26.153+0100][2.473s][info][gc,heap     ] GC(33) y:      Used:      132M (26%)         162M (32%)          94M (18%)          94M (18%)    
[2026-05-11T15:36:26.153+0100][2.473s][info][gc,heap     ] GC(33) y:      Live:         -                56M (11%)          56M (11%)          56M (11%)    
[2026-05-11T15:36:26.153+0100][2.473s][info][gc,heap     ] GC(33) y:   Garbage:         -                75M (15%)           7M (1%)            1M (0%)     
[2026-05-11T15:36:26.153+0100][2.473s][info][gc,heap     ] GC(33) y: Allocated:         -                30M (6%)           30M (6%)           35M (7%)     
[2026-05-11T15:36:26.153+0100][2.473s][info][gc,heap     ] GC(33) y: Reclaimed:         -                  -                68M (13%)          73M (14%)    
[2026-05-11T15:36:26.153+0100][2.473s][info][gc,heap     ] GC(33) y:  Promoted:         -                  -                 0M (0%)            0M (0%)     
[2026-05-11T15:36:26.153+0100][2.473s][info][gc,heap     ] GC(33) y: Compacted:         -                  -                  -                 0M (0%)     
[2026-05-11T15:36:26.153+0100][2.473s][info][gc,phases   ] GC(33) y: Young Generation 196M(38%)->158M(31%) 0.017s
[2026-05-11T15:36:26.153+0100][2.473s][info][gc          ] GC(33) Minor Collection (Allocation Rate) 194M(38%)->158M(31%) 0.017s
[2026-05-11T15:36:26.153+0100][2.473s][info][gc          ] GC(34) Minor Collection (Allocation Rate)
[2026-05-11T15:36:26.153+0100][2.473s][info][gc,task     ] GC(34) Using 2 Workers for Young Generation
[2026-05-11T15:36:26.153+0100][2.473s][info][gc,phases   ] GC(34) y: Young Generation
[2026-05-11T15:36:26.153+0100][2.473s][info][gc,phases   ] GC(34) y: Pause Mark Start 0.003ms
[2026-05-11T15:36:26.157+0100][2.477s][info][gc,phases   ] GC(34) y: Concurrent Mark 4.210ms
[2026-05-11T15:36:26.157+0100][2.477s][info][gc,phases   ] GC(34) y: Pause Mark End 0.008ms
[2026-05-11T15:36:26.157+0100][2.477s][info][gc,phases   ] GC(34) y: Concurrent Mark Free 0.004ms
[2026-05-11T15:36:26.157+0100][2.477s][info][gc,phases   ] GC(34) y: Concurrent Reset Relocation Set 0.004ms
[2026-05-11T15:36:26.157+0100][2.478s][info][gc,reloc    ] GC(34) y: Using tenuring threshold: 3 (Computed)
[2026-05-11T15:36:26.157+0100][2.478s][info][gc,phases   ] GC(34) y: Concurrent Select Relocation Set 0.097ms
[2026-05-11T15:36:26.157+0100][2.478s][info][gc,phases   ] GC(34) y: Pause Relocate Start 0.003ms
[2026-05-11T15:36:26.158+0100][2.478s][info][gc,phases   ] GC(34) y: Concurrent Relocate 0.089ms
[2026-05-11T15:36:26.158+0100][2.478s][info][gc,alloc    ] GC(34) y:                         Mark Start        Mark End      Relocate Start    Relocate End   
[2026-05-11T15:36:26.158+0100][2.478s][info][gc,alloc    ] GC(34) y: Allocation Stalls:          0                0                0                0         
[2026-05-11T15:36:26.158+0100][2.478s][info][gc,load     ] GC(34) y: Load: 3.71 (46%) / 3.50 (44%) / 2.52 (31%)
[2026-05-11T15:36:26.158+0100][2.478s][info][gc,mmu      ] GC(34) y: MMU: 2ms/98.9%, 5ms/99.2%, 10ms/99.5%, 20ms/99.7%, 50ms/99.8%, 100ms/99.9%
[2026-05-11T15:36:26.158+0100][2.478s][info][gc,marking  ] GC(34) y: Mark: 2 stripe(s), 10 proactive flush(es), 1 terminate flush(es), 0 completion(s), 0 continuation(s) 
[2026-05-11T15:36:26.158+0100][2.478s][info][gc,nmethod  ] GC(34) y: NMethods: 661 registered, 0 unregistered
[2026-05-11T15:36:26.158+0100][2.478s][info][gc,metaspace] GC(34) y: Metaspace: 2M used, 2M committed, 1088M reserved
[2026-05-11T15:36:26.158+0100][2.478s][info][gc,reloc    ] GC(34) y:                        Candidates     Selected     In-Place         Size        Empty    Relocated 
[2026-05-11T15:36:26.158+0100][2.478s][info][gc,reloc    ] GC(34) y: Small Pages:                   47            3            0          94M          70M           1M 
[2026-05-11T15:36:26.158+0100][2.478s][info][gc,reloc    ] GC(34) y: Medium Pages:                   0            0            0           0M           0M           0M 
[2026-05-11T15:36:26.158+0100][2.478s][info][gc,reloc    ] GC(34) y: Large Pages:                    0            0            0           0M           0M           0M 
[2026-05-11T15:36:26.158+0100][2.478s][info][gc,reloc    ] GC(34) y: Forwarding Usage: 0M
[2026-05-11T15:36:26.158+0100][2.478s][info][gc,reloc    ] GC(34) y: Age Table:
[2026-05-11T15:36:26.158+0100][2.478s][info][gc,reloc    ] GC(34) y:                    Live             Garbage             Small              Medium             Large        
[2026-05-11T15:36:26.158+0100][2.478s][info][gc,reloc    ] GC(34) y: Eden              16M (3%)           13M (3%)          15 / 3              0 / 0              0 / 0        
[2026-05-11T15:36:26.158+0100][2.478s][info][gc,reloc    ] GC(34) y: Survivor 1          -                62M (12%)         31 / 0              0 / 0              0 / 0        
[2026-05-11T15:36:26.158+0100][2.478s][info][gc,reloc    ] GC(34) y: Survivor 2         0M (0%)            1M (0%)           1 / 0              0 / 0              0 / 0        
[2026-05-11T15:36:26.158+0100][2.478s][info][gc,heap     ] GC(34) y: Min Capacity: 256M(50%)
[2026-05-11T15:36:26.158+0100][2.478s][info][gc,heap     ] GC(34) y: Max Capacity: 512M(100%)
[2026-05-11T15:36:26.158+0100][2.478s][info][gc,heap     ] GC(34) y: Soft Max Capacity: 512M(100%)
[2026-05-11T15:36:26.158+0100][2.478s][info][gc,heap     ] GC(34) y: Heap Statistics:
[2026-05-11T15:36:26.158+0100][2.478s][info][gc,heap     ] GC(34) y:                Mark Start          Mark End        Relocate Start      Relocate End           High               Low         
[2026-05-11T15:36:26.158+0100][2.478s][info][gc,heap     ] GC(34) y:  Capacity:      480M (94%)         480M (94%)         480M (94%)         480M (94%)         480M (94%)         480M (94%)    
[2026-05-11T15:36:26.158+0100][2.478s][info][gc,heap     ] GC(34) y:      Free:      354M (69%)         352M (69%)         422M (82%)         422M (82%)         422M (82%)         352M (69%)    
[2026-05-11T15:36:26.158+0100][2.478s][info][gc,heap     ] GC(34) y:      Used:      158M (31%)         160M (31%)          90M (18%)          90M (18%)         160M (31%)          90M (18%)    
[2026-05-11T15:36:26.158+0100][2.478s][info][gc,heap     ] GC(34) y: Young Generation Statistics:
[2026-05-11T15:36:26.158+0100][2.478s][info][gc,heap     ] GC(34) y:                Mark Start          Mark End        Relocate Start      Relocate End    
[2026-05-11T15:36:26.158+0100][2.478s][info][gc,heap     ] GC(34) y:      Used:       94M (18%)          96M (19%)          26M (5%)           26M (5%)     
[2026-05-11T15:36:26.158+0100][2.478s][info][gc,heap     ] GC(34) y:      Live:         -                16M (3%)           16M (3%)           16M (3%)     
[2026-05-11T15:36:26.158+0100][2.478s][info][gc,heap     ] GC(34) y:   Garbage:         -                77M (15%)           7M (1%)            0M (0%)     
[2026-05-11T15:36:26.158+0100][2.478s][info][gc,heap     ] GC(34) y: Allocated:         -                 2M (0%)            2M (0%)            8M (2%)     
[2026-05-11T15:36:26.158+0100][2.478s][info][gc,heap     ] GC(34) y: Reclaimed:         -                  -                70M (14%)          76M (15%)    
[2026-05-11T15:36:26.158+0100][2.478s][info][gc,heap     ] GC(34) y:  Promoted:         -                  -                 0M (0%)            0M (0%)     
[2026-05-11T15:36:26.158+0100][2.478s][info][gc,heap     ] GC(34) y: Compacted:         -                  -                  -                 1M (0%)     
[2026-05-11T15:36:26.158+0100][2.478s][info][gc,phases   ] GC(34) y: Young Generation 158M(31%)->90M(18%) 0.005s
[2026-05-11T15:36:26.158+0100][2.478s][info][gc          ] GC(34) Minor Collection (Allocation Rate) 158M(31%)->90M(18%) 0.005s
[2026-05-11T15:36:26.158+0100][2.478s][info][gc          ] GC(35) Minor Collection (Allocation Rate)
[2026-05-11T15:36:26.158+0100][2.478s][info][gc,task     ] GC(35) Using 2 Workers for Young Generation
[2026-05-11T15:36:26.158+0100][2.478s][info][gc,phases   ] GC(35) y: Young Generation
[2026-05-11T15:36:26.158+0100][2.478s][info][gc,phases   ] GC(35) y: Pause Mark Start 0.003ms
[2026-05-11T15:36:26.165+0100][2.485s][info][gc,phases   ] GC(35) y: Concurrent Mark 6.643ms
[2026-05-11T15:36:26.165+0100][2.485s][info][gc,phases   ] GC(35) y: Pause Mark End 0.007ms
[2026-05-11T15:36:26.165+0100][2.485s][info][gc,phases   ] GC(35) y: Concurrent Mark Free 0.020ms
[2026-05-11T15:36:26.165+0100][2.485s][info][gc,phases   ] GC(35) y: Concurrent Reset Relocation Set 0.001ms
[2026-05-11T15:36:26.165+0100][2.485s][info][gc,reloc    ] GC(35) y: Using tenuring threshold: 1 (Computed)
[2026-05-11T15:36:26.167+0100][2.487s][info][gc,phases   ] GC(35) y: Concurrent Select Relocation Set 2.403ms
[2026-05-11T15:36:26.167+0100][2.488s][info][gc,phases   ] GC(35) y: Pause Relocate Start 0.007ms
[2026-05-11T15:36:26.176+0100][2.496s][info][gc,phases   ] GC(35) y: Concurrent Relocate 8.313ms
[2026-05-11T15:36:26.176+0100][2.496s][info][gc,alloc    ] GC(35) y:                         Mark Start        Mark End      Relocate Start    Relocate End   
[2026-05-11T15:36:26.176+0100][2.496s][info][gc,alloc    ] GC(35) y: Allocation Stalls:          0                0                0                0         
[2026-05-11T15:36:26.176+0100][2.496s][info][gc,load     ] GC(35) y: Load: 3.71 (46%) / 3.50 (44%) / 2.52 (31%)
[2026-05-11T15:36:26.176+0100][2.496s][info][gc,mmu      ] GC(35) y: MMU: 2ms/98.9%, 5ms/99.2%, 10ms/99.5%, 20ms/99.7%, 50ms/99.8%, 100ms/99.9%
[2026-05-11T15:36:26.176+0100][2.496s][info][gc,marking  ] GC(35) y: Mark: 2 stripe(s), 2 proactive flush(es), 1 terminate flush(es), 0 completion(s), 0 continuation(s) 
[2026-05-11T15:36:26.176+0100][2.496s][info][gc,nmethod  ] GC(35) y: NMethods: 664 registered, 0 unregistered
[2026-05-11T15:36:26.176+0100][2.496s][info][gc,metaspace] GC(35) y: Metaspace: 2M used, 2M committed, 1088M reserved
[2026-05-11T15:36:26.176+0100][2.496s][info][gc,reloc    ] GC(35) y:                        Candidates     Selected     In-Place         Size        Empty    Relocated 
[2026-05-11T15:36:26.176+0100][2.496s][info][gc,reloc    ] GC(35) y: Small Pages:                   13            4            0          26M           0M           1M 
[2026-05-11T15:36:26.176+0100][2.496s][info][gc,reloc    ] GC(35) y: Medium Pages:                   0            0            0           0M           0M           0M 
[2026-05-11T15:36:26.176+0100][2.496s][info][gc,reloc    ] GC(35) y: Large Pages:                    0            0            0           0M           0M           0M 
[2026-05-11T15:36:26.176+0100][2.496s][info][gc,reloc    ] GC(35) y: Forwarding Usage: 0M
[2026-05-11T15:36:26.176+0100][2.496s][info][gc,reloc    ] GC(35) y: Age Table:
[2026-05-11T15:36:26.176+0100][2.496s][info][gc,reloc    ] GC(35) y:                    Live             Garbage             Small              Medium             Large        
[2026-05-11T15:36:26.176+0100][2.496s][info][gc,reloc    ] GC(35) y: Eden               0M (0%)            1M (0%)           1 / 1              0 / 0              0 / 0        
[2026-05-11T15:36:26.176+0100][2.496s][info][gc,reloc    ] GC(35) y: Survivor 1        16M (3%)            5M (1%)          11 / 3              0 / 0              0 / 0        
[2026-05-11T15:36:26.176+0100][2.496s][info][gc,reloc    ] GC(35) y: Survivor 2          -                 0M (0%)           0 / 0              0 / 0              0 / 0        
[2026-05-11T15:36:26.176+0100][2.496s][info][gc,reloc    ] GC(35) y: Survivor 3         0M (0%)            1M (0%)           1 / 0              0 / 0              0 / 0        
[2026-05-11T15:36:26.176+0100][2.496s][info][gc,heap     ] GC(35) y: Min Capacity: 256M(50%)
[2026-05-11T15:36:26.176+0100][2.496s][info][gc,heap     ] GC(35) y: Max Capacity: 512M(100%)
[2026-05-11T15:36:26.176+0100][2.496s][info][gc,heap     ] GC(35) y: Soft Max Capacity: 512M(100%)
[2026-05-11T15:36:26.176+0100][2.496s][info][gc,heap     ] GC(35) y: Heap Statistics:
[2026-05-11T15:36:26.176+0100][2.496s][info][gc,heap     ] GC(35) y:                Mark Start          Mark End        Relocate Start      Relocate End           High               Low         
[2026-05-11T15:36:26.176+0100][2.496s][info][gc,heap     ] GC(35) y:  Capacity:      480M (94%)         480M (94%)         480M (94%)         480M (94%)         480M (94%)         480M (94%)    
[2026-05-11T15:36:26.176+0100][2.496s][info][gc,heap     ] GC(35) y:      Free:      422M (82%)         416M (81%)         414M (81%)         412M (80%)         422M (82%)         406M (79%)    
[2026-05-11T15:36:26.176+0100][2.496s][info][gc,heap     ] GC(35) y:      Used:       90M (18%)          96M (19%)          98M (19%)         100M (20%)         106M (21%)          90M (18%)    
[2026-05-11T15:36:26.176+0100][2.496s][info][gc,heap     ] GC(35) y: Young Generation Statistics:
[2026-05-11T15:36:26.176+0100][2.496s][info][gc,heap     ] GC(35) y:                Mark Start          Mark End        Relocate Start      Relocate End    
[2026-05-11T15:36:26.176+0100][2.496s][info][gc,heap     ] GC(35) y:      Used:       26M (5%)           32M (6%)           18M (4%)           14M (3%)     
[2026-05-11T15:36:26.176+0100][2.496s][info][gc,heap     ] GC(35) y:      Live:         -                16M (3%)            1M (0%)            0M (0%)     
[2026-05-11T15:36:26.176+0100][2.496s][info][gc,heap     ] GC(35) y:   Garbage:         -                 9M (2%)            8M (2%)            0M (0%)     
[2026-05-11T15:36:26.176+0100][2.496s][info][gc,heap     ] GC(35) y: Allocated:         -                 6M (1%)            8M (2%)           13M (3%)     
[2026-05-11T15:36:26.176+0100][2.496s][info][gc,heap     ] GC(35) y: Reclaimed:         -                  -                 0M (0%)            9M (2%)     
[2026-05-11T15:36:26.176+0100][2.496s][info][gc,heap     ] GC(35) y:  Promoted:         -                  -                15M (3%)           16M (3%)     
[2026-05-11T15:36:26.176+0100][2.496s][info][gc,heap     ] GC(35) y: Compacted:         -                  -                  -                 0M (0%)     
[2026-05-11T15:36:26.176+0100][2.496s][info][gc,phases   ] GC(35) y: Young Generation 90M(18%)->100M(20%) 0.018s
[2026-05-11T15:36:26.176+0100][2.496s][info][gc          ] GC(35) Minor Collection (Allocation Rate) 90M(18%)->100M(20%) 0.018s
[2026-05-11T15:36:26.179+0100][2.499s][info][gc          ] GC(36) Major Collection (Allocation Rate)
[2026-05-11T15:36:26.179+0100][2.499s][info][gc,task     ] GC(36) Using 2 Workers for Young Generation
[2026-05-11T15:36:26.179+0100][2.499s][info][gc,task     ] GC(36) Using 1 Workers for Old Generation
[2026-05-11T15:36:26.179+0100][2.499s][info][gc,phases   ] GC(36) Y: Young Generation
[2026-05-11T15:36:26.179+0100][2.499s][info][gc,phases   ] GC(36) Y: Pause Mark Start (Major) 0.013ms
[2026-05-11T15:36:26.187+0100][2.508s][info][gc,phases   ] GC(36) Y: Concurrent Mark 8.496ms
[2026-05-11T15:36:26.187+0100][2.508s][info][gc,phases   ] GC(36) Y: Pause Mark End 0.008ms
[2026-05-11T15:36:26.187+0100][2.508s][info][gc,phases   ] GC(36) Y: Concurrent Mark Free 0.001ms
[2026-05-11T15:36:26.187+0100][2.508s][info][gc,phases   ] GC(36) Y: Concurrent Reset Relocation Set 0.008ms
[2026-05-11T15:36:26.187+0100][2.508s][info][gc,reloc    ] GC(36) Y: Using tenuring threshold: 2 (Computed)
[2026-05-11T15:36:26.187+0100][2.508s][info][gc,phases   ] GC(36) Y: Concurrent Select Relocation Set 0.052ms
[2026-05-11T15:36:26.187+0100][2.508s][info][gc,phases   ] GC(36) Y: Pause Relocate Start 0.002ms
[2026-05-11T15:36:26.188+0100][2.508s][info][gc,phases   ] GC(36) Y: Concurrent Relocate 0.360ms
[2026-05-11T15:36:26.188+0100][2.508s][info][gc,alloc    ] GC(36) Y:                         Mark Start        Mark End      Relocate Start    Relocate End   
[2026-05-11T15:36:26.188+0100][2.508s][info][gc,alloc    ] GC(36) Y: Allocation Stalls:          0                0                0                0         
[2026-05-11T15:36:26.188+0100][2.508s][info][gc,load     ] GC(36) Y: Load: 3.71 (46%) / 3.50 (44%) / 2.52 (31%)
[2026-05-11T15:36:26.188+0100][2.508s][info][gc,mmu      ] GC(36) Y: MMU: 2ms/98.9%, 5ms/99.2%, 10ms/99.5%, 20ms/99.7%, 50ms/99.8%, 100ms/99.9%
[2026-05-11T15:36:26.188+0100][2.508s][info][gc,marking  ] GC(36) Y: Mark: 2 stripe(s), 10 proactive flush(es), 1 terminate flush(es), 0 completion(s), 0 continuation(s) 
[2026-05-11T15:36:26.188+0100][2.508s][info][gc,nmethod  ] GC(36) Y: NMethods: 666 registered, 0 unregistered
[2026-05-11T15:36:26.188+0100][2.508s][info][gc,metaspace] GC(36) Y: Metaspace: 2M used, 2M committed, 1088M reserved
[2026-05-11T15:36:26.188+0100][2.508s][info][gc,reloc    ] GC(36) Y:                        Candidates     Selected     In-Place         Size        Empty    Relocated 
[2026-05-11T15:36:26.188+0100][2.508s][info][gc,reloc    ] GC(36) Y: Small Pages:                   14            2            0          28M           0M           0M 
[2026-05-11T15:36:26.188+0100][2.508s][info][gc,reloc    ] GC(36) Y: Medium Pages:                   0            0            0           0M           0M           0M 
[2026-05-11T15:36:26.188+0100][2.508s][info][gc,reloc    ] GC(36) Y: Large Pages:                    0            0            0           0M           0M           0M 
[2026-05-11T15:36:26.188+0100][2.508s][info][gc,reloc    ] GC(36) Y: Forwarding Usage: 0M
[2026-05-11T15:36:26.188+0100][2.508s][info][gc,reloc    ] GC(36) Y: Age Table:
[2026-05-11T15:36:26.188+0100][2.508s][info][gc,reloc    ] GC(36) Y:                    Live             Garbage             Small              Medium             Large        
[2026-05-11T15:36:26.188+0100][2.508s][info][gc,reloc    ] GC(36) Y: Eden              22M (4%)            1M (0%)          12 / 1              0 / 0              0 / 0        
[2026-05-11T15:36:26.188+0100][2.508s][info][gc,reloc    ] GC(36) Y: Survivor 1         0M (0%)            3M (1%)           2 / 1              0 / 0              0 / 0        
[2026-05-11T15:36:26.188+0100][2.508s][info][gc,heap     ] GC(36) Y: Min Capacity: 256M(50%)
[2026-05-11T15:36:26.188+0100][2.508s][info][gc,heap     ] GC(36) Y: Max Capacity: 512M(100%)
[2026-05-11T15:36:26.188+0100][2.508s][info][gc,heap     ] GC(36) Y: Soft Max Capacity: 512M(100%)
[2026-05-11T15:36:26.188+0100][2.508s][info][gc,heap     ] GC(36) Y: Heap Statistics:
[2026-05-11T15:36:26.188+0100][2.508s][info][gc,heap     ] GC(36) Y:                Mark Start          Mark End        Relocate Start      Relocate End           High               Low         
[2026-05-11T15:36:26.188+0100][2.508s][info][gc,heap     ] GC(36) Y:  Capacity:      480M (94%)         480M (94%)         480M (94%)         480M (94%)         480M (94%)         480M (94%)    
[2026-05-11T15:36:26.188+0100][2.508s][info][gc,heap     ] GC(36) Y:      Free:      398M (78%)         370M (72%)         370M (72%)         372M (73%)         398M (78%)         368M (72%)    
[2026-05-11T15:36:26.188+0100][2.508s][info][gc,heap     ] GC(36) Y:      Used:      114M (22%)         142M (28%)         142M (28%)         140M (27%)         144M (28%)         114M (22%)    
[2026-05-11T15:36:26.188+0100][2.508s][info][gc,heap     ] GC(36) Y: Young Generation Statistics:
[2026-05-11T15:36:26.188+0100][2.508s][info][gc,heap     ] GC(36) Y:                Mark Start          Mark End        Relocate Start      Relocate End    
[2026-05-11T15:36:26.188+0100][2.508s][info][gc,heap     ] GC(36) Y:      Used:       28M (5%)           56M (11%)          56M (11%)          54M (11%)    
[2026-05-11T15:36:26.188+0100][2.508s][info][gc,heap     ] GC(36) Y:      Live:         -                22M (4%)           22M (4%)           22M (4%)     
[2026-05-11T15:36:26.188+0100][2.508s][info][gc,heap     ] GC(36) Y:   Garbage:         -                 5M (1%)            5M (1%)            0M (0%)     
[2026-05-11T15:36:26.188+0100][2.508s][info][gc,heap     ] GC(36) Y: Allocated:         -                28M (5%)           28M (5%)           31M (6%)     
[2026-05-11T15:36:26.188+0100][2.508s][info][gc,heap     ] GC(36) Y: Reclaimed:         -                  -                 0M (0%)            5M (1%)     
[2026-05-11T15:36:26.188+0100][2.508s][info][gc,heap     ] GC(36) Y:  Promoted:         -                  -                 0M (0%)            0M (0%)     
[2026-05-11T15:36:26.188+0100][2.508s][info][gc,heap     ] GC(36) Y: Compacted:         -                  -                  -                 0M (0%)     
[2026-05-11T15:36:26.188+0100][2.508s][info][gc,phases   ] GC(36) Y: Young Generation 118M(23%)->140M(27%) 0.009s
[2026-05-11T15:36:26.188+0100][2.508s][info][gc,phases   ] GC(36) O: Old Generation
[2026-05-11T15:36:26.193+0100][2.513s][info][gc          ] GC(37) Minor Collection (Allocation Rate)
[2026-05-11T15:36:26.193+0100][2.513s][info][gc,task     ] GC(37) Using 1 Workers for Young Generation
[2026-05-11T15:36:26.193+0100][2.513s][info][gc,phases   ] GC(37) y: Young Generation
[2026-05-11T15:36:26.193+0100][2.513s][info][gc,phases   ] GC(37) y: Pause Mark Start 0.003ms
[2026-05-11T15:36:26.228+0100][2.549s][info][gc,phases   ] GC(37) y: Concurrent Mark 35.558ms
[2026-05-11T15:36:26.228+0100][2.549s][info][gc,phases   ] GC(37) y: Pause Mark End 0.012ms
[2026-05-11T15:36:26.229+0100][2.549s][info][gc,phases   ] GC(37) y: Concurrent Mark Free 0.000ms
[2026-05-11T15:36:26.229+0100][2.549s][info][gc,phases   ] GC(37) y: Concurrent Reset Relocation Set 0.001ms
[2026-05-11T15:36:26.229+0100][2.549s][info][gc,reloc    ] GC(37) y: Using tenuring threshold: 3 (Computed)
[2026-05-11T15:36:26.229+0100][2.549s][info][gc,phases   ] GC(37) y: Concurrent Select Relocation Set 0.036ms
[2026-05-11T15:36:26.229+0100][2.549s][info][gc,phases   ] GC(37) y: Pause Relocate Start 0.002ms
[2026-05-11T15:36:26.229+0100][2.549s][info][gc,phases   ] GC(37) y: Concurrent Relocate 0.411ms
[2026-05-11T15:36:26.229+0100][2.549s][info][gc,alloc    ] GC(37) y:                         Mark Start        Mark End      Relocate Start    Relocate End   
[2026-05-11T15:36:26.229+0100][2.549s][info][gc,alloc    ] GC(37) y: Allocation Stalls:          0                0                0                0         
[2026-05-11T15:36:26.229+0100][2.549s][info][gc,load     ] GC(37) y: Load: 3.71 (46%) / 3.50 (44%) / 2.52 (31%)
[2026-05-11T15:36:26.229+0100][2.549s][info][gc,mmu      ] GC(37) y: MMU: 2ms/98.9%, 5ms/99.2%, 10ms/99.5%, 20ms/99.7%, 50ms/99.8%, 100ms/99.9%
[2026-05-11T15:36:26.229+0100][2.549s][info][gc,marking  ] GC(37) y: Mark: 1 stripe(s), 1 proactive flush(es), 1 terminate flush(es), 0 completion(s), 0 continuation(s) 
[2026-05-11T15:36:26.229+0100][2.549s][info][gc,nmethod  ] GC(37) y: NMethods: 666 registered, 0 unregistered
[2026-05-11T15:36:26.229+0100][2.549s][info][gc,metaspace] GC(37) y: Metaspace: 2M used, 2M committed, 1088M reserved
[2026-05-11T15:36:26.229+0100][2.549s][info][gc,reloc    ] GC(37) y:                        Candidates     Selected     In-Place         Size        Empty    Relocated 
[2026-05-11T15:36:26.229+0100][2.549s][info][gc,reloc    ] GC(37) y: Small Pages:                   27            1            0          54M           0M           0M 
[2026-05-11T15:36:26.229+0100][2.549s][info][gc,reloc    ] GC(37) y: Medium Pages:                   0            0            0           0M           0M           0M 
[2026-05-11T15:36:26.229+0100][2.549s][info][gc,reloc    ] GC(37) y: Large Pages:                    0            0            0           0M           0M           0M 
[2026-05-11T15:36:26.229+0100][2.549s][info][gc,reloc    ] GC(37) y: Forwarding Usage: 0M
[2026-05-11T15:36:26.229+0100][2.549s][info][gc,reloc    ] GC(37) y: Age Table:
[2026-05-11T15:36:26.229+0100][2.549s][info][gc,reloc    ] GC(37) y:                    Live             Garbage             Small              Medium             Large        
[2026-05-11T15:36:26.229+0100][2.549s][info][gc,reloc    ] GC(37) y: Eden              27M (5%)            0M (0%)          14 / 0              0 / 0              0 / 0        
[2026-05-11T15:36:26.229+0100][2.549s][info][gc,reloc    ] GC(37) y: Survivor 1        22M (4%)            1M (0%)          12 / 1              0 / 0              0 / 0        
[2026-05-11T15:36:26.229+0100][2.549s][info][gc,reloc    ] GC(37) y: Survivor 2         0M (0%)            1M (0%)           1 / 0              0 / 0              0 / 0        
[2026-05-11T15:36:26.229+0100][2.549s][info][gc,heap     ] GC(37) y: Min Capacity: 256M(50%)
[2026-05-11T15:36:26.229+0100][2.549s][info][gc,heap     ] GC(37) y: Max Capacity: 512M(100%)
[2026-05-11T15:36:26.229+0100][2.549s][info][gc,heap     ] GC(37) y: Soft Max Capacity: 512M(100%)
[2026-05-11T15:36:26.229+0100][2.549s][info][gc,heap     ] GC(37) y: Heap Statistics:
[2026-05-11T15:36:26.229+0100][2.549s][info][gc,heap     ] GC(37) y:                Mark Start          Mark End        Relocate Start      Relocate End           High               Low         
[2026-05-11T15:36:26.229+0100][2.549s][info][gc,heap     ] GC(37) y:  Capacity:      480M (94%)         480M (94%)         480M (94%)         480M (94%)         480M (94%)         480M (94%)    
[2026-05-11T15:36:26.229+0100][2.549s][info][gc,heap     ] GC(37) y:      Free:      372M (73%)         372M (73%)         372M (73%)         372M (73%)         372M (73%)         370M (72%)    
[2026-05-11T15:36:26.229+0100][2.549s][info][gc,heap     ] GC(37) y:      Used:      140M (27%)         140M (27%)         140M (27%)         140M (27%)         142M (28%)         140M (27%)    
[2026-05-11T15:36:26.229+0100][2.549s][info][gc,heap     ] GC(37) y: Young Generation Statistics:
[2026-05-11T15:36:26.229+0100][2.549s][info][gc,heap     ] GC(37) y:                Mark Start          Mark End        Relocate Start      Relocate End    
[2026-05-11T15:36:26.229+0100][2.549s][info][gc,heap     ] GC(37) y:      Used:       54M (11%)          54M (11%)          54M (11%)          54M (11%)    
[2026-05-11T15:36:26.229+0100][2.549s][info][gc,heap     ] GC(37) y:      Live:         -                50M (10%)          50M (10%)          50M (10%)    
[2026-05-11T15:36:26.229+0100][2.549s][info][gc,heap     ] GC(37) y:   Garbage:         -                 3M (1%)            3M (1%)            0M (0%)     
[2026-05-11T15:36:26.229+0100][2.549s][info][gc,heap     ] GC(37) y: Allocated:         -                 0M (0%)            0M (0%)            3M (1%)     
[2026-05-11T15:36:26.229+0100][2.549s][info][gc,heap     ] GC(37) y: Reclaimed:         -                  -                 0M (0%)            3M (1%)     
[2026-05-11T15:36:26.229+0100][2.549s][info][gc,heap     ] GC(37) y:  Promoted:         -                  -                 0M (0%)            0M (0%)     
[2026-05-11T15:36:26.229+0100][2.549s][info][gc,heap     ] GC(37) y: Compacted:         -                  -                  -                 0M (0%)     
[2026-05-11T15:36:26.229+0100][2.549s][info][gc,phases   ] GC(37) y: Young Generation 140M(27%)->140M(27%) 0.036s
[2026-05-11T15:36:26.229+0100][2.549s][info][gc          ] GC(37) Minor Collection (Allocation Rate) 140M(27%)->140M(27%) 0.037s
[2026-05-11T15:36:26.229+0100][2.549s][info][gc          ] GC(38) Minor Collection (Allocation Rate)
[2026-05-11T15:36:26.229+0100][2.549s][info][gc,task     ] GC(38) Using 1 Workers for Young Generation
[2026-05-11T15:36:26.229+0100][2.549s][info][gc,phases   ] GC(38) y: Young Generation
[2026-05-11T15:36:26.229+0100][2.550s][info][gc,phases   ] GC(38) y: Pause Mark Start 0.003ms
[2026-05-11T15:36:26.236+0100][2.557s][info][gc,phases   ] GC(36) O: Concurrent Mark 48.329ms
[2026-05-11T15:36:26.236+0100][2.557s][info][gc,phases   ] GC(36) O: Pause Mark End 0.007ms
[2026-05-11T15:36:26.237+0100][2.557s][info][gc,phases   ] GC(36) O: Concurrent Mark Free 0.001ms
[2026-05-11T15:36:26.237+0100][2.558s][info][gc,phases   ] GC(36) O: Concurrent Process Non-Strong 0.928ms
[2026-05-11T15:36:26.237+0100][2.558s][info][gc,phases   ] GC(36) O: Concurrent Reset Relocation Set 0.001ms
[2026-05-11T15:36:26.238+0100][2.558s][info][gc,phases   ] GC(36) O: Concurrent Select Relocation Set 0.030ms
[2026-05-11T15:36:26.265+0100][2.585s][info][gc,phases   ] GC(38) y: Concurrent Mark 35.180ms
[2026-05-11T15:36:26.265+0100][2.585s][info][gc,phases   ] GC(38) y: Pause Mark End 0.008ms
[2026-05-11T15:36:26.265+0100][2.585s][info][gc,phases   ] GC(38) y: Concurrent Mark Free 0.000ms
[2026-05-11T15:36:26.265+0100][2.585s][info][gc,phases   ] GC(38) y: Concurrent Reset Relocation Set 0.001ms
[2026-05-11T15:36:26.265+0100][2.585s][info][gc,reloc    ] GC(38) y: Using tenuring threshold: 4 (Computed)
[2026-05-11T15:36:26.265+0100][2.585s][info][gc,phases   ] GC(38) y: Concurrent Select Relocation Set 0.042ms
[2026-05-11T15:36:26.265+0100][2.585s][info][gc,phases   ] GC(38) y: Pause Relocate Start 0.002ms
[2026-05-11T15:36:26.265+0100][2.585s][info][gc,phases   ] GC(38) y: Concurrent Relocate 0.427ms
[2026-05-11T15:36:26.265+0100][2.585s][info][gc,alloc    ] GC(38) y:                         Mark Start        Mark End      Relocate Start    Relocate End   
[2026-05-11T15:36:26.265+0100][2.585s][info][gc,alloc    ] GC(38) y: Allocation Stalls:          0                0                0                0         
[2026-05-11T15:36:26.265+0100][2.585s][info][gc,load     ] GC(38) y: Load: 3.71 (46%) / 3.50 (44%) / 2.52 (31%)
[2026-05-11T15:36:26.265+0100][2.585s][info][gc,mmu      ] GC(38) y: MMU: 2ms/98.9%, 5ms/99.2%, 10ms/99.5%, 20ms/99.7%, 50ms/99.8%, 100ms/99.9%
[2026-05-11T15:36:26.265+0100][2.585s][info][gc,marking  ] GC(38) y: Mark: 1 stripe(s), 1 proactive flush(es), 1 terminate flush(es), 0 completion(s), 0 continuation(s) 
[2026-05-11T15:36:26.265+0100][2.585s][info][gc,nmethod  ] GC(38) y: NMethods: 662 registered, 4 unregistered
[2026-05-11T15:36:26.265+0100][2.585s][info][gc,metaspace] GC(38) y: Metaspace: 2M used, 2M committed, 1088M reserved
[2026-05-11T15:36:26.265+0100][2.585s][info][gc,reloc    ] GC(38) y:                        Candidates     Selected     In-Place         Size        Empty    Relocated 
[2026-05-11T15:36:26.265+0100][2.585s][info][gc,reloc    ] GC(38) y: Small Pages:                   27            1            0          54M           0M           0M 
[2026-05-11T15:36:26.265+0100][2.585s][info][gc,reloc    ] GC(38) y: Medium Pages:                   0            0            0           0M           0M           0M 
[2026-05-11T15:36:26.265+0100][2.585s][info][gc,reloc    ] GC(38) y: Large Pages:                    0            0            0           0M           0M           0M 
[2026-05-11T15:36:26.265+0100][2.585s][info][gc,reloc    ] GC(38) y: Forwarding Usage: 0M
[2026-05-11T15:36:26.265+0100][2.585s][info][gc,reloc    ] GC(38) y: Age Table:
[2026-05-11T15:36:26.265+0100][2.585s][info][gc,reloc    ] GC(38) y:                    Live             Garbage             Small              Medium             Large        
[2026-05-11T15:36:26.265+0100][2.585s][info][gc,reloc    ] GC(38) y: Eden                -                 0M (0%)           0 / 0              0 / 0              0 / 0        
[2026-05-11T15:36:26.265+0100][2.585s][info][gc,reloc    ] GC(38) y: Survivor 1        27M (5%)            0M (0%)          14 / 0              0 / 0              0 / 0        
[2026-05-11T15:36:26.265+0100][2.585s][info][gc,reloc    ] GC(38) y: Survivor 2        22M (4%)            1M (0%)          12 / 1              0 / 0              0 / 0        
[2026-05-11T15:36:26.265+0100][2.585s][info][gc,reloc    ] GC(38) y: Survivor 3         0M (0%)            1M (0%)           1 / 0              0 / 0              0 / 0        
[2026-05-11T15:36:26.265+0100][2.585s][info][gc,heap     ] GC(38) y: Min Capacity: 256M(50%)
[2026-05-11T15:36:26.265+0100][2.585s][info][gc,heap     ] GC(38) y: Max Capacity: 512M(100%)
[2026-05-11T15:36:26.265+0100][2.585s][info][gc,heap     ] GC(38) y: Soft Max Capacity: 512M(100%)
[2026-05-11T15:36:26.265+0100][2.585s][info][gc,heap     ] GC(38) y: Heap Statistics:
[2026-05-11T15:36:26.265+0100][2.585s][info][gc,heap     ] GC(38) y:                Mark Start          Mark End        Relocate Start      Relocate End           High               Low         
[2026-05-11T15:36:26.265+0100][2.585s][info][gc,heap     ] GC(38) y:  Capacity:      480M (94%)         480M (94%)         480M (94%)         480M (94%)         480M (94%)         480M (94%)    
[2026-05-11T15:36:26.265+0100][2.585s][info][gc,heap     ] GC(38) y:      Free:      372M (73%)         372M (73%)         372M (73%)         372M (73%)         372M (73%)         370M (72%)    
[2026-05-11T15:36:26.265+0100][2.585s][info][gc,heap     ] GC(38) y:      Used:      140M (27%)         140M (27%)         140M (27%)         140M (27%)         142M (28%)         140M (27%)    
[2026-05-11T15:36:26.265+0100][2.585s][info][gc,heap     ] GC(38) y: Young Generation Statistics:
[2026-05-11T15:36:26.265+0100][2.585s][info][gc,heap     ] GC(38) y:                Mark Start          Mark End        Relocate Start      Relocate End    
[2026-05-11T15:36:26.265+0100][2.585s][info][gc,heap     ] GC(38) y:      Used:       54M (11%)          54M (11%)          54M (11%)          54M (11%)    
[2026-05-11T15:36:26.265+0100][2.585s][info][gc,heap     ] GC(38) y:      Live:         -                50M (10%)          50M (10%)          50M (10%)    
[2026-05-11T15:36:26.265+0100][2.585s][info][gc,heap     ] GC(38) y:   Garbage:         -                 3M (1%)            3M (1%)            0M (0%)     
[2026-05-11T15:36:26.265+0100][2.585s][info][gc,heap     ] GC(38) y: Allocated:         -                 0M (0%)            0M (0%)            3M (1%)     
[2026-05-11T15:36:26.265+0100][2.585s][info][gc,heap     ] GC(38) y: Reclaimed:         -                  -                 0M (0%)            3M (1%)     
[2026-05-11T15:36:26.265+0100][2.585s][info][gc,heap     ] GC(38) y:  Promoted:         -                  -                 0M (0%)            0M (0%)     
[2026-05-11T15:36:26.265+0100][2.585s][info][gc,heap     ] GC(38) y: Compacted:         -                  -                  -                 0M (0%)     
[2026-05-11T15:36:26.265+0100][2.585s][info][gc,phases   ] GC(38) y: Young Generation 140M(27%)->140M(27%) 0.036s
[2026-05-11T15:36:26.265+0100][2.585s][info][gc          ] GC(38) Minor Collection (Allocation Rate) 140M(27%)->140M(27%) 0.036s
[2026-05-11T15:36:26.265+0100][2.586s][info][gc,task     ] GC(36) O: Using 2 Workers for Old Generation
[2026-05-11T15:36:26.267+0100][2.588s][info][gc,task     ] GC(36) O: Using 1 Workers for Old Generation
[2026-05-11T15:36:26.267+0100][2.588s][info][gc,phases   ] GC(36) O: Concurrent Remap Roots 2.192ms
[2026-05-11T15:36:26.268+0100][2.588s][info][gc,phases   ] GC(36) O: Pause Relocate Start 0.004ms
[2026-05-11T15:36:26.268+0100][2.588s][info][gc          ] GC(39) Minor Collection (Allocation Rate)
[2026-05-11T15:36:26.268+0100][2.588s][info][gc,task     ] GC(39) Using 1 Workers for Young Generation
[2026-05-11T15:36:26.268+0100][2.588s][info][gc,phases   ] GC(39) y: Young Generation
[2026-05-11T15:36:26.268+0100][2.588s][info][gc,phases   ] GC(39) y: Pause Mark Start 0.002ms
[2026-05-11T15:36:26.268+0100][2.588s][info][gc,phases   ] GC(36) O: Concurrent Relocate 0.422ms
[2026-05-11T15:36:26.304+0100][2.624s][info][gc,phases   ] GC(39) y: Concurrent Mark 36.407ms
[2026-05-11T15:36:26.304+0100][2.624s][info][gc,phases   ] GC(39) y: Pause Mark End 0.009ms
[2026-05-11T15:36:26.304+0100][2.624s][info][gc,phases   ] GC(39) y: Concurrent Mark Free 0.000ms
[2026-05-11T15:36:26.304+0100][2.624s][info][gc,phases   ] GC(39) y: Concurrent Reset Relocation Set 0.001ms
[2026-05-11T15:36:26.304+0100][2.624s][info][gc,reloc    ] GC(39) y: Using tenuring threshold: 5 (Computed)
[2026-05-11T15:36:26.304+0100][2.624s][info][gc,phases   ] GC(39) y: Concurrent Select Relocation Set 0.046ms
[2026-05-11T15:36:26.304+0100][2.624s][info][gc,phases   ] GC(39) y: Pause Relocate Start 0.002ms
[2026-05-11T15:36:26.305+0100][2.625s][info][gc,phases   ] GC(39) y: Concurrent Relocate 0.419ms
[2026-05-11T15:36:26.305+0100][2.625s][info][gc,alloc    ] GC(39) y:                         Mark Start        Mark End      Relocate Start    Relocate End   
[2026-05-11T15:36:26.305+0100][2.625s][info][gc,alloc    ] GC(39) y: Allocation Stalls:          0                0                0                0         
[2026-05-11T15:36:26.305+0100][2.625s][info][gc,load     ] GC(39) y: Load: 3.71 (46%) / 3.50 (44%) / 2.52 (31%)
[2026-05-11T15:36:26.305+0100][2.625s][info][gc,mmu      ] GC(39) y: MMU: 2ms/98.9%, 5ms/99.2%, 10ms/99.5%, 20ms/99.7%, 50ms/99.8%, 100ms/99.9%
[2026-05-11T15:36:26.305+0100][2.625s][info][gc,marking  ] GC(39) y: Mark: 1 stripe(s), 1 proactive flush(es), 1 terminate flush(es), 0 completion(s), 0 continuation(s) 
[2026-05-11T15:36:26.305+0100][2.625s][info][gc,nmethod  ] GC(39) y: NMethods: 662 registered, 4 unregistered
[2026-05-11T15:36:26.305+0100][2.625s][info][gc,metaspace] GC(39) y: Metaspace: 2M used, 2M committed, 1088M reserved
[2026-05-11T15:36:26.305+0100][2.625s][info][gc,reloc    ] GC(39) y:                        Candidates     Selected     In-Place         Size        Empty    Relocated 
[2026-05-11T15:36:26.305+0100][2.625s][info][gc,reloc    ] GC(39) y: Small Pages:                   27            1            0          54M           0M           0M 
[2026-05-11T15:36:26.305+0100][2.625s][info][gc,reloc    ] GC(39) y: Medium Pages:                   0            0            0           0M           0M           0M 
[2026-05-11T15:36:26.305+0100][2.625s][info][gc,reloc    ] GC(39) y: Large Pages:                    0            0            0           0M           0M           0M 
[2026-05-11T15:36:26.305+0100][2.625s][info][gc,reloc    ] GC(39) y: Forwarding Usage: 0M
[2026-05-11T15:36:26.305+0100][2.625s][info][gc,reloc    ] GC(39) y: Age Table:
[2026-05-11T15:36:26.305+0100][2.625s][info][gc,reloc    ] GC(39) y:                    Live             Garbage             Small              Medium             Large        
[2026-05-11T15:36:26.305+0100][2.625s][info][gc,reloc    ] GC(39) y: Eden                -                 0M (0%)           0 / 0              0 / 0              0 / 0        
[2026-05-11T15:36:26.305+0100][2.625s][info][gc,reloc    ] GC(39) y: Survivor 1          -                 0M (0%)           0 / 0              0 / 0              0 / 0        
[2026-05-11T15:36:26.305+0100][2.625s][info][gc,reloc    ] GC(39) y: Survivor 2        27M (5%)            0M (0%)          14 / 0              0 / 0              0 / 0        
[2026-05-11T15:36:26.305+0100][2.625s][info][gc,reloc    ] GC(39) y: Survivor 3        22M (4%)            1M (0%)          12 / 1              0 / 0              0 / 0        
[2026-05-11T15:36:26.305+0100][2.625s][info][gc,reloc    ] GC(39) y: Survivor 4         0M (0%)            1M (0%)           1 / 0              0 / 0              0 / 0        
[2026-05-11T15:36:26.305+0100][2.625s][info][gc,heap     ] GC(39) y: Min Capacity: 256M(50%)
[2026-05-11T15:36:26.305+0100][2.625s][info][gc,heap     ] GC(39) y: Max Capacity: 512M(100%)
[2026-05-11T15:36:26.305+0100][2.625s][info][gc,heap     ] GC(39) y: Soft Max Capacity: 512M(100%)
[2026-05-11T15:36:26.305+0100][2.625s][info][gc,heap     ] GC(39) y: Heap Statistics:
[2026-05-11T15:36:26.305+0100][2.625s][info][gc,heap     ] GC(39) y:                Mark Start          Mark End        Relocate Start      Relocate End           High               Low         
[2026-05-11T15:36:26.305+0100][2.625s][info][gc,heap     ] GC(39) y:  Capacity:      480M (94%)         480M (94%)         480M (94%)         480M (94%)         480M (94%)         480M (94%)    
[2026-05-11T15:36:26.305+0100][2.625s][info][gc,heap     ] GC(39) y:      Free:      372M (73%)         376M (73%)         376M (73%)         376M (73%)         376M (73%)         372M (73%)    
[2026-05-11T15:36:26.305+0100][2.625s][info][gc,heap     ] GC(39) y:      Used:      140M (27%)         136M (27%)         136M (27%)         136M (27%)         140M (27%)         136M (27%)    
[2026-05-11T15:36:26.305+0100][2.625s][info][gc,heap     ] GC(39) y: Young Generation Statistics:
[2026-05-11T15:36:26.305+0100][2.625s][info][gc,heap     ] GC(39) y:                Mark Start          Mark End        Relocate Start      Relocate End    
[2026-05-11T15:36:26.305+0100][2.625s][info][gc,heap     ] GC(39) y:      Used:       54M (11%)          54M (11%)          54M (11%)          54M (11%)    
[2026-05-11T15:36:26.305+0100][2.625s][info][gc,heap     ] GC(39) y:      Live:         -                50M (10%)          50M (10%)          50M (10%)    
[2026-05-11T15:36:26.305+0100][2.625s][info][gc,heap     ] GC(39) y:   Garbage:         -                 3M (1%)            3M (1%)            0M (0%)     
[2026-05-11T15:36:26.305+0100][2.625s][info][gc,heap     ] GC(39) y: Allocated:         -                 0M (0%)            0M (0%)            3M (1%)     
[2026-05-11T15:36:26.305+0100][2.625s][info][gc,heap     ] GC(39) y: Reclaimed:         -                  -                 0M (0%)            3M (1%)     
[2026-05-11T15:36:26.305+0100][2.625s][info][gc,heap     ] GC(39) y:  Promoted:         -                  -                 0M (0%)            0M (0%)     
[2026-05-11T15:36:26.305+0100][2.625s][info][gc,heap     ] GC(39) y: Compacted:         -                  -                  -                 0M (0%)     
[2026-05-11T15:36:26.305+0100][2.625s][info][gc,phases   ] GC(39) y: Young Generation 140M(27%)->136M(27%) 0.037s
[2026-05-11T15:36:26.305+0100][2.625s][info][gc          ] GC(39) Minor Collection (Allocation Rate) 140M(27%)->136M(27%) 0.037s
[2026-05-11T15:36:26.305+0100][2.625s][info][gc,alloc    ] GC(36) O:                         Mark Start        Mark End      Relocate Start    Relocate End   
[2026-05-11T15:36:26.305+0100][2.625s][info][gc,alloc    ] GC(36) O: Allocation Stalls:          0                0                0                0         
[2026-05-11T15:36:26.305+0100][2.625s][info][gc,load     ] GC(36) O: Load: 3.71 (46%) / 3.50 (44%) / 2.52 (31%)
[2026-05-11T15:36:26.305+0100][2.625s][info][gc,mmu      ] GC(36) O: MMU: 2ms/98.9%, 5ms/99.2%, 10ms/99.5%, 20ms/99.7%, 50ms/99.8%, 100ms/99.9%
[2026-05-11T15:36:26.305+0100][2.625s][info][gc,marking  ] GC(36) O: Mark: 1 stripe(s), 2 proactive flush(es), 1 terminate flush(es), 0 completion(s), 0 continuation(s) 
[2026-05-11T15:36:26.305+0100][2.625s][info][gc,nmethod  ] GC(36) O: NMethods: 662 registered, 4 unregistered
[2026-05-11T15:36:26.305+0100][2.625s][info][gc,metaspace] GC(36) O: Metaspace: 2M used, 2M committed, 1088M reserved
[2026-05-11T15:36:26.305+0100][2.625s][info][gc,ref      ] GC(36) O:                       Encountered   Discovered     Enqueued 
[2026-05-11T15:36:26.305+0100][2.625s][info][gc,ref      ] GC(36) O: Soft References:              127            0            0 
[2026-05-11T15:36:26.305+0100][2.625s][info][gc,ref      ] GC(36) O: Weak References:              256          211            0 
[2026-05-11T15:36:26.305+0100][2.625s][info][gc,ref      ] GC(36) O: Final References:               6            0            0 
[2026-05-11T15:36:26.305+0100][2.625s][info][gc,ref      ] GC(36) O: Phantom References:             2            2            0 
[2026-05-11T15:36:26.305+0100][2.625s][info][gc,reloc    ] GC(36) O:                        Candidates     Selected     In-Place         Size        Empty    Relocated 
[2026-05-11T15:36:26.305+0100][2.625s][info][gc,reloc    ] GC(36) O: Small Pages:                   43            3            0          86M           0M           1M 
[2026-05-11T15:36:26.305+0100][2.625s][info][gc,reloc    ] GC(36) O: Medium Pages:                   0            0            0           0M           0M           0M 
[2026-05-11T15:36:26.305+0100][2.625s][info][gc,reloc    ] GC(36) O: Large Pages:                    0            0            0           0M           0M           0M 
[2026-05-11T15:36:26.305+0100][2.625s][info][gc,reloc    ] GC(36) O: Forwarding Usage: 0M
[2026-05-11T15:36:26.305+0100][2.625s][info][gc,heap     ] GC(36) O: Min Capacity: 256M(50%)
[2026-05-11T15:36:26.305+0100][2.625s][info][gc,heap     ] GC(36) O: Max Capacity: 512M(100%)
[2026-05-11T15:36:26.305+0100][2.625s][info][gc,heap     ] GC(36) O: Soft Max Capacity: 512M(100%)
[2026-05-11T15:36:26.305+0100][2.625s][info][gc,heap     ] GC(36) O: Heap Statistics:
[2026-05-11T15:36:26.305+0100][2.625s][info][gc,heap     ] GC(36) O:                Mark Start          Mark End        Relocate Start      Relocate End           High               Low         
[2026-05-11T15:36:26.305+0100][2.625s][info][gc,heap     ] GC(36) O:  Capacity:      480M (94%)         480M (94%)         480M (94%)         480M (94%)         480M (94%)         480M (94%)    
[2026-05-11T15:36:26.305+0100][2.625s][info][gc,heap     ] GC(36) O:      Free:      398M (78%)         372M (73%)         372M (73%)         376M (73%)         398M (78%)         368M (72%)    
[2026-05-11T15:36:26.305+0100][2.625s][info][gc,heap     ] GC(36) O:      Used:      114M (22%)         140M (27%)         140M (27%)         136M (27%)         144M (28%)         114M (22%)    
[2026-05-11T15:36:26.305+0100][2.625s][info][gc,heap     ] GC(36) O: Old Generation Statistics:
[2026-05-11T15:36:26.305+0100][2.625s][info][gc,heap     ] GC(36) O:                Mark Start          Mark End        Relocate Start      Relocate End    
[2026-05-11T15:36:26.305+0100][2.625s][info][gc,heap     ] GC(36) O:      Used:       86M (17%)          86M (17%)          86M (17%)          82M (16%)    
[2026-05-11T15:36:26.305+0100][2.625s][info][gc,heap     ] GC(36) O:      Live:         -                77M (15%)          77M (15%)          77M (15%)    
[2026-05-11T15:36:26.305+0100][2.625s][info][gc,heap     ] GC(36) O:   Garbage:         -                 8M (2%)            8M (2%)            2M (0%)     
[2026-05-11T15:36:26.305+0100][2.625s][info][gc,heap     ] GC(36) O: Allocated:         -                 0M (0%)            0M (0%)            2M (1%)     
[2026-05-11T15:36:26.305+0100][2.625s][info][gc,heap     ] GC(36) O: Reclaimed:         -                  -                 0M (0%)            6M (1%)     
[2026-05-11T15:36:26.305+0100][2.625s][info][gc,heap     ] GC(36) O: Compacted:         -                  -                  -                 1M (0%)     
[2026-05-11T15:36:26.305+0100][2.625s][info][gc,phases   ] GC(36) O: Old Generation 140M(27%)->136M(27%) 0.117s
[2026-05-11T15:36:26.305+0100][2.625s][info][gc          ] GC(36) Major Collection (Allocation Rate) 112M(22%)->136M(27%) 0.126s
[2026-05-11T15:36:26.305+0100][2.625s][info][gc          ] GC(40) Major Collection (System.gc())
[2026-05-11T15:36:26.305+0100][2.625s][info][gc,task     ] GC(40) Using 2 Workers for Young Generation
[2026-05-11T15:36:26.305+0100][2.625s][info][gc,task     ] GC(40) Using 2 Workers for Old Generation
[2026-05-11T15:36:26.305+0100][2.625s][info][gc,phases   ] GC(40) Y: Young Generation (Promote All)
[2026-05-11T15:36:26.305+0100][2.625s][info][gc,phases   ] GC(40) Y: Pause Mark Start 0.002ms
[2026-05-11T15:36:26.324+0100][2.644s][info][gc,phases   ] GC(40) Y: Concurrent Mark 18.736ms
[2026-05-11T15:36:26.324+0100][2.644s][info][gc,phases   ] GC(40) Y: Pause Mark End 0.012ms
[2026-05-11T15:36:26.324+0100][2.644s][info][gc,phases   ] GC(40) Y: Concurrent Mark Free 0.001ms
[2026-05-11T15:36:26.324+0100][2.644s][info][gc,phases   ] GC(40) Y: Concurrent Reset Relocation Set 0.000ms
[2026-05-11T15:36:26.324+0100][2.644s][info][gc,reloc    ] GC(40) Y: Using tenuring threshold: 0 (Promote All)
[2026-05-11T15:36:26.332+0100][2.652s][info][gc,phases   ] GC(40) Y: Concurrent Select Relocation Set 7.942ms
[2026-05-11T15:36:26.332+0100][2.652s][info][gc,phases   ] GC(40) Y: Pause Relocate Start 0.009ms
[2026-05-11T15:36:26.341+0100][2.661s][info][gc,phases   ] GC(40) Y: Concurrent Relocate 9.198ms
[2026-05-11T15:36:26.341+0100][2.661s][info][gc,alloc    ] GC(40) Y:                         Mark Start        Mark End      Relocate Start    Relocate End   
[2026-05-11T15:36:26.341+0100][2.661s][info][gc,alloc    ] GC(40) Y: Allocation Stalls:          0                0                0                0         
[2026-05-11T15:36:26.341+0100][2.661s][info][gc,load     ] GC(40) Y: Load: 3.71 (46%) / 3.50 (44%) / 2.52 (31%)
[2026-05-11T15:36:26.341+0100][2.661s][info][gc,mmu      ] GC(40) Y: MMU: 2ms/98.9%, 5ms/99.2%, 10ms/99.5%, 20ms/99.7%, 50ms/99.8%, 100ms/99.9%
[2026-05-11T15:36:26.341+0100][2.661s][info][gc,marking  ] GC(40) Y: Mark: 2 stripe(s), 1 proactive flush(es), 1 terminate flush(es), 0 completion(s), 0 continuation(s) 
[2026-05-11T15:36:26.341+0100][2.661s][info][gc,nmethod  ] GC(40) Y: NMethods: 662 registered, 4 unregistered
[2026-05-11T15:36:26.341+0100][2.661s][info][gc,metaspace] GC(40) Y: Metaspace: 2M used, 2M committed, 1088M reserved
[2026-05-11T15:36:26.341+0100][2.661s][info][gc,reloc    ] GC(40) Y:                        Candidates     Selected     In-Place         Size        Empty    Relocated 
[2026-05-11T15:36:26.341+0100][2.661s][info][gc,reloc    ] GC(40) Y: Small Pages:                   27            1            0          54M           0M           0M 
[2026-05-11T15:36:26.341+0100][2.661s][info][gc,reloc    ] GC(40) Y: Medium Pages:                   0            0            0           0M           0M           0M 
[2026-05-11T15:36:26.341+0100][2.661s][info][gc,reloc    ] GC(40) Y: Large Pages:                    0            0            0           0M           0M           0M 
[2026-05-11T15:36:26.341+0100][2.661s][info][gc,reloc    ] GC(40) Y: Forwarding Usage: 0M
[2026-05-11T15:36:26.341+0100][2.661s][info][gc,reloc    ] GC(40) Y: Age Table:
[2026-05-11T15:36:26.341+0100][2.661s][info][gc,reloc    ] GC(40) Y:                    Live             Garbage             Small              Medium             Large        
[2026-05-11T15:36:26.341+0100][2.661s][info][gc,reloc    ] GC(40) Y: Eden                -                 0M (0%)           0 / 0              0 / 0              0 / 0        
[2026-05-11T15:36:26.341+0100][2.661s][info][gc,reloc    ] GC(40) Y: Survivor 1          -                 0M (0%)           0 / 0              0 / 0              0 / 0        
[2026-05-11T15:36:26.341+0100][2.661s][info][gc,reloc    ] GC(40) Y: Survivor 2          -                 0M (0%)           0 / 0              0 / 0              0 / 0        
[2026-05-11T15:36:26.341+0100][2.661s][info][gc,reloc    ] GC(40) Y: Survivor 3        27M (5%)            0M (0%)          14 / 0              0 / 0              0 / 0        
[2026-05-11T15:36:26.341+0100][2.661s][info][gc,reloc    ] GC(40) Y: Survivor 4        22M (4%)            1M (0%)          12 / 1              0 / 0              0 / 0        
[2026-05-11T15:36:26.341+0100][2.661s][info][gc,reloc    ] GC(40) Y: Survivor 5         0M (0%)            1M (0%)           1 / 0              0 / 0              0 / 0        
[2026-05-11T15:36:26.341+0100][2.661s][info][gc,heap     ] GC(40) Y: Min Capacity: 256M(50%)
[2026-05-11T15:36:26.341+0100][2.661s][info][gc,heap     ] GC(40) Y: Max Capacity: 512M(100%)
[2026-05-11T15:36:26.341+0100][2.661s][info][gc,heap     ] GC(40) Y: Soft Max Capacity: 512M(100%)
[2026-05-11T15:36:26.341+0100][2.661s][info][gc,heap     ] GC(40) Y: Heap Statistics:
[2026-05-11T15:36:26.341+0100][2.661s][info][gc,heap     ] GC(40) Y:                Mark Start          Mark End        Relocate Start      Relocate End           High               Low         
[2026-05-11T15:36:26.341+0100][2.661s][info][gc,heap     ] GC(40) Y:  Capacity:      480M (94%)         480M (94%)         480M (94%)         480M (94%)         480M (94%)         480M (94%)    
[2026-05-11T15:36:26.341+0100][2.661s][info][gc,heap     ] GC(40) Y:      Free:      376M (73%)         376M (73%)         376M (73%)         376M (73%)         376M (73%)         372M (73%)    
[2026-05-11T15:36:26.341+0100][2.661s][info][gc,heap     ] GC(40) Y:      Used:      136M (27%)         136M (27%)         136M (27%)         136M (27%)         140M (27%)         136M (27%)    
[2026-05-11T15:36:26.341+0100][2.661s][info][gc,heap     ] GC(40) Y: Young Generation Statistics:
[2026-05-11T15:36:26.341+0100][2.661s][info][gc,heap     ] GC(40) Y:                Mark Start          Mark End        Relocate Start      Relocate End    
[2026-05-11T15:36:26.341+0100][2.661s][info][gc,heap     ] GC(40) Y:      Used:       54M (11%)          54M (11%)           4M (1%)            0M (0%)     
[2026-05-11T15:36:26.341+0100][2.661s][info][gc,heap     ] GC(40) Y:      Live:         -                50M (10%)           0M (0%)            0M (0%)     
[2026-05-11T15:36:26.341+0100][2.662s][info][gc,heap     ] GC(40) Y:   Garbage:         -                 3M (1%)            3M (1%)            0M (0%)     
[2026-05-11T15:36:26.341+0100][2.662s][info][gc,heap     ] GC(40) Y: Allocated:         -                 0M (0%)            0M (0%)            0M (0%)     
[2026-05-11T15:36:26.341+0100][2.662s][info][gc,heap     ] GC(40) Y: Reclaimed:         -                  -                 0M (0%)            3M (1%)     
[2026-05-11T15:36:26.341+0100][2.662s][info][gc,heap     ] GC(40) Y:  Promoted:         -                  -                49M (10%)          50M (10%)    
[2026-05-11T15:36:26.341+0100][2.662s][info][gc,heap     ] GC(40) Y: Compacted:         -                  -                  -                 0M (0%)     
[2026-05-11T15:36:26.341+0100][2.662s][info][gc,phases   ] GC(40) Y: Young Generation (Promote All) 136M(27%)->136M(27%) 0.036s
[2026-05-11T15:36:26.341+0100][2.662s][info][gc,phases   ] GC(40) Y: Young Generation (Collect Roots)
[2026-05-11T15:36:26.341+0100][2.662s][info][gc,phases   ] GC(40) Y: Pause Mark Start (Major) 0.007ms
[2026-05-11T15:36:26.346+0100][2.666s][info][gc,phases   ] GC(40) Y: Concurrent Mark 4.219ms
[2026-05-11T15:36:26.346+0100][2.666s][info][gc,phases   ] GC(40) Y: Pause Mark End 0.007ms
[2026-05-11T15:36:26.346+0100][2.666s][info][gc,phases   ] GC(40) Y: Concurrent Mark Free 0.000ms
[2026-05-11T15:36:26.346+0100][2.666s][info][gc,phases   ] GC(40) Y: Concurrent Reset Relocation Set 0.018ms
[2026-05-11T15:36:26.346+0100][2.666s][info][gc,reloc    ] GC(40) Y: Using tenuring threshold: 0 (Computed)
[2026-05-11T15:36:26.346+0100][2.666s][info][gc,phases   ] GC(40) Y: Concurrent Select Relocation Set 0.028ms
[2026-05-11T15:36:26.346+0100][2.666s][info][gc,phases   ] GC(40) Y: Pause Relocate Start 0.002ms
[2026-05-11T15:36:26.346+0100][2.666s][info][gc,phases   ] GC(40) Y: Concurrent Relocate 0.014ms
[2026-05-11T15:36:26.346+0100][2.666s][info][gc,alloc    ] GC(40) Y:                         Mark Start        Mark End      Relocate Start    Relocate End   
[2026-05-11T15:36:26.346+0100][2.666s][info][gc,alloc    ] GC(40) Y: Allocation Stalls:          0                0                0                0         
[2026-05-11T15:36:26.346+0100][2.666s][info][gc,load     ] GC(40) Y: Load: 3.71 (46%) / 3.50 (44%) / 2.52 (31%)
[2026-05-11T15:36:26.346+0100][2.666s][info][gc,mmu      ] GC(40) Y: MMU: 2ms/98.9%, 5ms/99.2%, 10ms/99.5%, 20ms/99.7%, 50ms/99.8%, 100ms/99.9%
[2026-05-11T15:36:26.346+0100][2.666s][info][gc,marking  ] GC(40) Y: Mark: 2 stripe(s), 1 proactive flush(es), 1 terminate flush(es), 0 completion(s), 0 continuation(s) 
[2026-05-11T15:36:26.346+0100][2.666s][info][gc,nmethod  ] GC(40) Y: NMethods: 662 registered, 4 unregistered
[2026-05-11T15:36:26.346+0100][2.666s][info][gc,metaspace] GC(40) Y: Metaspace: 2M used, 2M committed, 1088M reserved
[2026-05-11T15:36:26.346+0100][2.666s][info][gc,heap     ] GC(40) Y: Min Capacity: 256M(50%)
[2026-05-11T15:36:26.346+0100][2.666s][info][gc,heap     ] GC(40) Y: Max Capacity: 512M(100%)
[2026-05-11T15:36:26.346+0100][2.666s][info][gc,heap     ] GC(40) Y: Soft Max Capacity: 512M(100%)
[2026-05-11T15:36:26.346+0100][2.666s][info][gc,heap     ] GC(40) Y: Heap Statistics:
[2026-05-11T15:36:26.346+0100][2.666s][info][gc,heap     ] GC(40) Y:                Mark Start          Mark End        Relocate Start      Relocate End           High               Low         
[2026-05-11T15:36:26.346+0100][2.666s][info][gc,heap     ] GC(40) Y:  Capacity:      480M (94%)         480M (94%)         480M (94%)         480M (94%)         480M (94%)         480M (94%)    
[2026-05-11T15:36:26.346+0100][2.666s][info][gc,heap     ] GC(40) Y:      Free:      376M (73%)         376M (73%)         376M (73%)         376M (73%)         376M (73%)         376M (73%)    
[2026-05-11T15:36:26.346+0100][2.666s][info][gc,heap     ] GC(40) Y:      Used:      136M (27%)         136M (27%)         136M (27%)         136M (27%)         136M (27%)         136M (27%)    
[2026-05-11T15:36:26.346+0100][2.666s][info][gc,heap     ] GC(40) Y: Young Generation Statistics:
[2026-05-11T15:36:26.346+0100][2.666s][info][gc,heap     ] GC(40) Y:                Mark Start          Mark End        Relocate Start      Relocate End    
[2026-05-11T15:36:26.346+0100][2.666s][info][gc,heap     ] GC(40) Y:      Used:        0M (0%)            0M (0%)            0M (0%)            0M (0%)     
[2026-05-11T15:36:26.346+0100][2.666s][info][gc,heap     ] GC(40) Y:      Live:         -                 0M (0%)            0M (0%)            0M (0%)     
[2026-05-11T15:36:26.346+0100][2.666s][info][gc,heap     ] GC(40) Y:   Garbage:         -                 0M (0%)            0M (0%)            0M (0%)     
[2026-05-11T15:36:26.346+0100][2.666s][info][gc,heap     ] GC(40) Y: Allocated:         -                 0M (0%)            0M (0%)            0M (0%)     
[2026-05-11T15:36:26.346+0100][2.666s][info][gc,heap     ] GC(40) Y: Reclaimed:         -                  -                 0M (0%)            0M (0%)     
[2026-05-11T15:36:26.346+0100][2.666s][info][gc,heap     ] GC(40) Y:  Promoted:         -                  -                 0M (0%)            0M (0%)     
[2026-05-11T15:36:26.346+0100][2.666s][info][gc,heap     ] GC(40) Y: Compacted:         -                  -                  -                 0M (0%)     
[2026-05-11T15:36:26.346+0100][2.666s][info][gc,phases   ] GC(40) Y: Young Generation (Collect Roots) 136M(27%)->136M(27%) 0.004s
[2026-05-11T15:36:26.346+0100][2.666s][info][gc,phases   ] GC(40) O: Old Generation
[2026-05-11T15:36:26.365+0100][2.686s][info][gc,phases   ] GC(40) O: Concurrent Mark 19.490ms
[2026-05-11T15:36:26.365+0100][2.686s][info][gc,phases   ] GC(40) O: Pause Mark End 0.012ms
[2026-05-11T15:36:26.365+0100][2.686s][info][gc,phases   ] GC(40) O: Concurrent Mark Free 0.002ms
[2026-05-11T15:36:26.366+0100][2.686s][info][gc,phases   ] GC(40) O: Concurrent Process Non-Strong 0.587ms
[2026-05-11T15:36:26.366+0100][2.686s][info][gc,phases   ] GC(40) O: Concurrent Reset Relocation Set 0.000ms
[2026-05-11T15:36:26.366+0100][2.686s][info][gc,phases   ] GC(40) O: Concurrent Select Relocation Set 0.056ms
[2026-05-11T15:36:26.366+0100][2.686s][info][gc,task     ] GC(40) O: Using 2 Workers for Old Generation
[2026-05-11T15:36:26.366+0100][2.687s][info][gc,task     ] GC(40) O: Using 2 Workers for Old Generation
[2026-05-11T15:36:26.366+0100][2.687s][info][gc,phases   ] GC(40) O: Concurrent Remap Roots 0.312ms
[2026-05-11T15:36:26.366+0100][2.687s][info][gc,phases   ] GC(40) O: Pause Relocate Start 0.003ms
[2026-05-11T15:36:26.367+0100][2.688s][info][gc,phases   ] GC(40) O: Concurrent Relocate 0.895ms
[2026-05-11T15:36:26.367+0100][2.688s][info][gc,alloc    ] GC(40) O:                         Mark Start        Mark End      Relocate Start    Relocate End   
[2026-05-11T15:36:26.367+0100][2.688s][info][gc,alloc    ] GC(40) O: Allocation Stalls:          0                0                0                0         
[2026-05-11T15:36:26.367+0100][2.688s][info][gc,load     ] GC(40) O: Load: 3.71 (46%) / 3.50 (44%) / 2.52 (31%)
[2026-05-11T15:36:26.367+0100][2.688s][info][gc,mmu      ] GC(40) O: MMU: 2ms/98.9%, 5ms/99.2%, 10ms/99.5%, 20ms/99.7%, 50ms/99.8%, 100ms/99.9%
[2026-05-11T15:36:26.367+0100][2.688s][info][gc,marking  ] GC(40) O: Mark: 2 stripe(s), 1 proactive flush(es), 1 terminate flush(es), 0 completion(s), 0 continuation(s) 
[2026-05-11T15:36:26.367+0100][2.688s][info][gc,nmethod  ] GC(40) O: NMethods: 660 registered, 6 unregistered
[2026-05-11T15:36:26.367+0100][2.688s][info][gc,metaspace] GC(40) O: Metaspace: 2M used, 2M committed, 1088M reserved
[2026-05-11T15:36:26.367+0100][2.688s][info][gc,ref      ] GC(40) O:                       Encountered   Discovered     Enqueued 
[2026-05-11T15:36:26.367+0100][2.688s][info][gc,ref      ] GC(40) O: Soft References:              127            0            0 
[2026-05-11T15:36:26.367+0100][2.688s][info][gc,ref      ] GC(40) O: Weak References:              256          139            0 
[2026-05-11T15:36:26.367+0100][2.688s][info][gc,ref      ] GC(40) O: Final References:               6            6            0 
[2026-05-11T15:36:26.367+0100][2.688s][info][gc,ref      ] GC(40) O: Phantom References:             2            0            0 
[2026-05-11T15:36:26.367+0100][2.688s][info][gc,reloc    ] GC(40) O:                        Candidates     Selected     In-Place         Size        Empty    Relocated 
[2026-05-11T15:36:26.367+0100][2.688s][info][gc,reloc    ] GC(40) O: Small Pages:                   68            3            0         136M          68M           1M 
[2026-05-11T15:36:26.367+0100][2.688s][info][gc,reloc    ] GC(40) O: Medium Pages:                   0            0            0           0M           0M           0M 
[2026-05-11T15:36:26.367+0100][2.688s][info][gc,reloc    ] GC(40) O: Large Pages:                    0            0            0           0M           0M           0M 
[2026-05-11T15:36:26.367+0100][2.688s][info][gc,reloc    ] GC(40) O: Forwarding Usage: 1M
[2026-05-11T15:36:26.367+0100][2.688s][info][gc,heap     ] GC(40) O: Min Capacity: 256M(50%)
[2026-05-11T15:36:26.367+0100][2.688s][info][gc,heap     ] GC(40) O: Max Capacity: 512M(100%)
[2026-05-11T15:36:26.367+0100][2.688s][info][gc,heap     ] GC(40) O: Soft Max Capacity: 512M(100%)
[2026-05-11T15:36:26.367+0100][2.688s][info][gc,heap     ] GC(40) O: Heap Statistics:
[2026-05-11T15:36:26.367+0100][2.688s][info][gc,heap     ] GC(40) O:                Mark Start          Mark End        Relocate Start      Relocate End           High               Low         
[2026-05-11T15:36:26.367+0100][2.688s][info][gc,heap     ] GC(40) O:  Capacity:      480M (94%)         480M (94%)         480M (94%)         480M (94%)         480M (94%)         480M (94%)    
[2026-05-11T15:36:26.367+0100][2.688s][info][gc,heap     ] GC(40) O:      Free:      376M (73%)         376M (73%)         444M (87%)         448M (88%)         448M (88%)         376M (73%)    
[2026-05-11T15:36:26.367+0100][2.688s][info][gc,heap     ] GC(40) O:      Used:      136M (27%)         136M (27%)          68M (13%)          64M (12%)         136M (27%)          64M (12%)    
[2026-05-11T15:36:26.367+0100][2.688s][info][gc,heap     ] GC(40) O: Old Generation Statistics:
[2026-05-11T15:36:26.368+0100][2.688s][info][gc,heap     ] GC(40) O:                Mark Start          Mark End        Relocate Start      Relocate End    
[2026-05-11T15:36:26.368+0100][2.688s][info][gc,heap     ] GC(40) O:      Used:      136M (27%)         136M (27%)          68M (13%)          64M (12%)    
[2026-05-11T15:36:26.368+0100][2.688s][info][gc,heap     ] GC(40) O:      Live:         -                60M (12%)          60M (12%)          60M (12%)    
[2026-05-11T15:36:26.368+0100][2.688s][info][gc,heap     ] GC(40) O:   Garbage:         -                75M (15%)           7M (2%)            1M (0%)     
[2026-05-11T15:36:26.368+0100][2.688s][info][gc,heap     ] GC(40) O: Allocated:         -                 0M (0%)            0M (0%)            2M (0%)     
[2026-05-11T15:36:26.368+0100][2.688s][info][gc,heap     ] GC(40) O: Reclaimed:         -                  -                68M (13%)          74M (15%)    
[2026-05-11T15:36:26.368+0100][2.688s][info][gc,heap     ] GC(40) O: Compacted:         -                  -                  -                 1M (0%)     
[2026-05-11T15:36:26.368+0100][2.688s][info][gc,phases   ] GC(40) O: Old Generation 136M(27%)->64M(12%) 0.021s
[2026-05-11T15:36:26.368+0100][2.688s][info][gc          ] GC(40) Major Collection (System.gc()) 136M(27%)->64M(12%) 0.063s
[2026-05-11T15:36:26.457+0100][2.777s][info][gc          ] GC(41) Major Collection (Allocation Rate)
[2026-05-11T15:36:26.457+0100][2.778s][info][gc,task     ] GC(41) Using 2 Workers for Young Generation
[2026-05-11T15:36:26.457+0100][2.778s][info][gc,task     ] GC(41) Using 1 Workers for Old Generation
[2026-05-11T15:36:26.457+0100][2.778s][info][gc,phases   ] GC(41) Y: Young Generation
[2026-05-11T15:36:26.457+0100][2.778s][info][gc,phases   ] GC(41) Y: Pause Mark Start (Major) 0.009ms
[2026-05-11T15:36:26.471+0100][2.791s][info][gc,phases   ] GC(41) Y: Concurrent Mark 13.511ms
[2026-05-11T15:36:26.471+0100][2.791s][info][gc,phases   ] GC(41) Y: Pause Mark End 0.007ms
[2026-05-11T15:36:26.471+0100][2.791s][info][gc,phases   ] GC(41) Y: Concurrent Mark Free 0.001ms
[2026-05-11T15:36:26.471+0100][2.791s][info][gc,phases   ] GC(41) Y: Concurrent Reset Relocation Set 0.000ms
[2026-05-11T15:36:26.471+0100][2.791s][info][gc,reloc    ] GC(41) Y: Using tenuring threshold: 1 (Computed)
[2026-05-11T15:36:26.471+0100][2.791s][info][gc,phases   ] GC(41) Y: Concurrent Select Relocation Set 0.066ms
[2026-05-11T15:36:26.471+0100][2.792s][info][gc,phases   ] GC(41) Y: Pause Relocate Start 0.003ms
[2026-05-11T15:36:26.471+0100][2.792s][info][gc,phases   ] GC(41) Y: Concurrent Relocate 0.032ms
[2026-05-11T15:36:26.471+0100][2.792s][info][gc,alloc    ] GC(41) Y:                         Mark Start        Mark End      Relocate Start    Relocate End   
[2026-05-11T15:36:26.471+0100][2.792s][info][gc,alloc    ] GC(41) Y: Allocation Stalls:          0                0                0                0         
[2026-05-11T15:36:26.471+0100][2.792s][info][gc,load     ] GC(41) Y: Load: 3.71 (46%) / 3.50 (44%) / 2.52 (31%)
[2026-05-11T15:36:26.471+0100][2.792s][info][gc,mmu      ] GC(41) Y: MMU: 2ms/98.9%, 5ms/99.2%, 10ms/99.5%, 20ms/99.7%, 50ms/99.8%, 100ms/99.9%
[2026-05-11T15:36:26.471+0100][2.792s][info][gc,marking  ] GC(41) Y: Mark: 2 stripe(s), 3 proactive flush(es), 1 terminate flush(es), 0 completion(s), 0 continuation(s) 
[2026-05-11T15:36:26.471+0100][2.792s][info][gc,nmethod  ] GC(41) Y: NMethods: 663 registered, 6 unregistered
[2026-05-11T15:36:26.471+0100][2.792s][info][gc,metaspace] GC(41) Y: Metaspace: 2M used, 2M committed, 1088M reserved
[2026-05-11T15:36:26.471+0100][2.792s][info][gc,reloc    ] GC(41) Y:                        Candidates     Selected     In-Place         Size        Empty    Relocated 
[2026-05-11T15:36:26.471+0100][2.792s][info][gc,reloc    ] GC(41) Y: Small Pages:                   13            0            0          26M           0M           0M 
[2026-05-11T15:36:26.471+0100][2.792s][info][gc,reloc    ] GC(41) Y: Medium Pages:                   0            0            0           0M           0M           0M 
[2026-05-11T15:36:26.471+0100][2.792s][info][gc,reloc    ] GC(41) Y: Large Pages:                    0            0            0           0M           0M           0M 
[2026-05-11T15:36:26.471+0100][2.792s][info][gc,reloc    ] GC(41) Y: Forwarding Usage: 0M
[2026-05-11T15:36:26.471+0100][2.792s][info][gc,reloc    ] GC(41) Y: Age Table:
[2026-05-11T15:36:26.472+0100][2.792s][info][gc,reloc    ] GC(41) Y:                    Live             Garbage             Small              Medium             Large        
[2026-05-11T15:36:26.472+0100][2.792s][info][gc,reloc    ] GC(41) Y: Eden              23M (5%)            2M (0%)          13 / 0              0 / 0              0 / 0        
[2026-05-11T15:36:26.472+0100][2.792s][info][gc,heap     ] GC(41) Y: Min Capacity: 256M(50%)
[2026-05-11T15:36:26.472+0100][2.792s][info][gc,heap     ] GC(41) Y: Max Capacity: 512M(100%)
[2026-05-11T15:36:26.472+0100][2.792s][info][gc,heap     ] GC(41) Y: Soft Max Capacity: 512M(100%)
[2026-05-11T15:36:26.472+0100][2.792s][info][gc,heap     ] GC(41) Y: Heap Statistics:
[2026-05-11T15:36:26.472+0100][2.792s][info][gc,heap     ] GC(41) Y:                Mark Start          Mark End        Relocate Start      Relocate End           High               Low         
[2026-05-11T15:36:26.472+0100][2.792s][info][gc,heap     ] GC(41) Y:  Capacity:      480M (94%)         480M (94%)         480M (94%)         480M (94%)         480M (94%)         480M (94%)    
[2026-05-11T15:36:26.472+0100][2.792s][info][gc,heap     ] GC(41) Y:      Free:      422M (82%)         300M (59%)         300M (59%)         300M (59%)         422M (82%)         300M (59%)    
[2026-05-11T15:36:26.472+0100][2.792s][info][gc,heap     ] GC(41) Y:      Used:       90M (18%)         212M (41%)         212M (41%)         212M (41%)         212M (41%)          90M (18%)    
[2026-05-11T15:36:26.472+0100][2.792s][info][gc,heap     ] GC(41) Y: Young Generation Statistics:
[2026-05-11T15:36:26.472+0100][2.792s][info][gc,heap     ] GC(41) Y:                Mark Start          Mark End        Relocate Start      Relocate End    
[2026-05-11T15:36:26.472+0100][2.792s][info][gc,heap     ] GC(41) Y:      Used:       26M (5%)          148M (29%)         148M (29%)         148M (29%)    
[2026-05-11T15:36:26.472+0100][2.792s][info][gc,heap     ] GC(41) Y:      Live:         -                23M (5%)           23M (5%)           23M (5%)     
[2026-05-11T15:36:26.472+0100][2.792s][info][gc,heap     ] GC(41) Y:   Garbage:         -                 2M (0%)            2M (0%)            2M (0%)     
[2026-05-11T15:36:26.472+0100][2.792s][info][gc,heap     ] GC(41) Y: Allocated:         -               122M (24%)         122M (24%)         122M (24%)    
[2026-05-11T15:36:26.472+0100][2.792s][info][gc,heap     ] GC(41) Y: Reclaimed:         -                  -                 0M (0%)            0M (0%)     
[2026-05-11T15:36:26.472+0100][2.792s][info][gc,heap     ] GC(41) Y:  Promoted:         -                  -                 0M (0%)            0M (0%)     
[2026-05-11T15:36:26.472+0100][2.792s][info][gc,heap     ] GC(41) Y: Compacted:         -                  -                  -                 0M (0%)     
[2026-05-11T15:36:26.472+0100][2.792s][info][gc,phases   ] GC(41) Y: Young Generation 90M(18%)->212M(41%) 0.014s
[2026-05-11T15:36:26.472+0100][2.792s][info][gc,phases   ] GC(41) O: Old Generation
[2026-05-11T15:36:26.475+0100][2.795s][info][gc          ] GC(42) Minor Collection (Allocation Rate)
[2026-05-11T15:36:26.475+0100][2.795s][info][gc,task     ] GC(42) Using 1 Workers for Young Generation
[2026-05-11T15:36:26.475+0100][2.795s][info][gc,phases   ] GC(42) y: Young Generation
[2026-05-11T15:36:26.475+0100][2.795s][info][gc,phases   ] GC(42) y: Pause Mark Start 0.003ms
[2026-05-11T15:36:26.481+0100][2.801s][info][gc,phases   ] GC(42) y: Concurrent Mark 5.836ms
[2026-05-11T15:36:26.481+0100][2.801s][info][gc,phases   ] GC(42) y: Pause Mark End 0.009ms
[2026-05-11T15:36:26.481+0100][2.801s][info][gc,phases   ] GC(42) y: Concurrent Mark Free 0.001ms
[2026-05-11T15:36:26.481+0100][2.801s][info][gc,phases   ] GC(42) y: Concurrent Reset Relocation Set 0.000ms
[2026-05-11T15:36:26.481+0100][2.802s][info][gc,reloc    ] GC(42) y: Using tenuring threshold: 1 (Computed)
[2026-05-11T15:36:26.481+0100][2.802s][info][gc,phases   ] GC(42) y: Concurrent Select Relocation Set 0.089ms
[2026-05-11T15:36:26.481+0100][2.802s][info][gc,phases   ] GC(42) y: Pause Relocate Start 0.003ms
[2026-05-11T15:36:26.482+0100][2.802s][info][gc,phases   ] GC(42) y: Concurrent Relocate 0.113ms
[2026-05-11T15:36:26.482+0100][2.802s][info][gc,alloc    ] GC(42) y:                         Mark Start        Mark End      Relocate Start    Relocate End   
[2026-05-11T15:36:26.482+0100][2.802s][info][gc,alloc    ] GC(42) y: Allocation Stalls:          0                0                0                0         
[2026-05-11T15:36:26.482+0100][2.802s][info][gc,load     ] GC(42) y: Load: 3.71 (46%) / 3.50 (44%) / 2.52 (31%)
[2026-05-11T15:36:26.482+0100][2.802s][info][gc,mmu      ] GC(42) y: MMU: 2ms/98.9%, 5ms/99.2%, 10ms/99.5%, 20ms/99.7%, 50ms/99.8%, 100ms/99.9%
[2026-05-11T15:36:26.482+0100][2.802s][info][gc,marking  ] GC(42) y: Mark: 1 stripe(s), 2 proactive flush(es), 1 terminate flush(es), 0 completion(s), 0 continuation(s) 
[2026-05-11T15:36:26.482+0100][2.802s][info][gc,nmethod  ] GC(42) y: NMethods: 664 registered, 6 unregistered
[2026-05-11T15:36:26.482+0100][2.802s][info][gc,metaspace] GC(42) y: Metaspace: 2M used, 2M committed, 1088M reserved
[2026-05-11T15:36:26.482+0100][2.802s][info][gc,reloc    ] GC(42) y:                        Candidates     Selected     In-Place         Size        Empty    Relocated 
[2026-05-11T15:36:26.482+0100][2.802s][info][gc,reloc    ] GC(42) y: Small Pages:                   78            2            0         156M         134M           0M 
[2026-05-11T15:36:26.482+0100][2.802s][info][gc,reloc    ] GC(42) y: Medium Pages:                   0            0            0           0M           0M           0M 
[2026-05-11T15:36:26.482+0100][2.802s][info][gc,reloc    ] GC(42) y: Large Pages:                    0            0            0           0M           0M           0M 
[2026-05-11T15:36:26.482+0100][2.802s][info][gc,reloc    ] GC(42) y: Forwarding Usage: 0M
[2026-05-11T15:36:26.482+0100][2.802s][info][gc,reloc    ] GC(42) y: Age Table:
[2026-05-11T15:36:26.482+0100][2.802s][info][gc,reloc    ] GC(42) y:                    Live             Garbage             Small              Medium             Large        
[2026-05-11T15:36:26.482+0100][2.802s][info][gc,reloc    ] GC(42) y: Eden              16M (3%)          113M (22%)         65 / 2              0 / 0              0 / 0        
[2026-05-11T15:36:26.482+0100][2.802s][info][gc,reloc    ] GC(42) y: Survivor 1          -                26M (5%)          13 / 0              0 / 0              0 / 0        
[2026-05-11T15:36:26.482+0100][2.802s][info][gc,heap     ] GC(42) y: Min Capacity: 256M(50%)
[2026-05-11T15:36:26.482+0100][2.802s][info][gc,heap     ] GC(42) y: Max Capacity: 512M(100%)
[2026-05-11T15:36:26.482+0100][2.802s][info][gc,heap     ] GC(42) y: Soft Max Capacity: 512M(100%)
[2026-05-11T15:36:26.482+0100][2.802s][info][gc,heap     ] GC(42) y: Heap Statistics:
[2026-05-11T15:36:26.482+0100][2.802s][info][gc,heap     ] GC(42) y:                Mark Start          Mark End        Relocate Start      Relocate End           High               Low         
[2026-05-11T15:36:26.482+0100][2.802s][info][gc,heap     ] GC(42) y:  Capacity:      480M (94%)         480M (94%)         480M (94%)         480M (94%)         480M (94%)         480M (94%)    
[2026-05-11T15:36:26.482+0100][2.802s][info][gc,heap     ] GC(42) y:      Free:      292M (57%)         232M (45%)         366M (71%)         370M (72%)         370M (72%)         232M (45%)    
[2026-05-11T15:36:26.482+0100][2.802s][info][gc,heap     ] GC(42) y:      Used:      220M (43%)         280M (55%)         146M (29%)         142M (28%)         280M (55%)         142M (28%)    
[2026-05-11T15:36:26.482+0100][2.802s][info][gc,heap     ] GC(42) y: Young Generation Statistics:
[2026-05-11T15:36:26.482+0100][2.802s][info][gc,heap     ] GC(42) y:                Mark Start          Mark End        Relocate Start      Relocate End    
[2026-05-11T15:36:26.482+0100][2.802s][info][gc,heap     ] GC(42) y:      Used:      156M (30%)         216M (42%)          82M (16%)          78M (15%)    
[2026-05-11T15:36:26.482+0100][2.802s][info][gc,heap     ] GC(42) y:      Live:         -                16M (3%)           16M (3%)           16M (3%)     
[2026-05-11T15:36:26.482+0100][2.802s][info][gc,heap     ] GC(42) y:   Garbage:         -               139M (27%)           5M (1%)            0M (0%)     
[2026-05-11T15:36:26.482+0100][2.802s][info][gc,heap     ] GC(42) y: Allocated:         -                60M (12%)          60M (12%)          61M (12%)    
[2026-05-11T15:36:26.482+0100][2.802s][info][gc,heap     ] GC(42) y: Reclaimed:         -                  -               134M (26%)         139M (27%)    
[2026-05-11T15:36:26.482+0100][2.802s][info][gc,heap     ] GC(42) y:  Promoted:         -                  -                 0M (0%)            0M (0%)     
[2026-05-11T15:36:26.482+0100][2.802s][info][gc,heap     ] GC(42) y: Compacted:         -                  -                  -                 0M (0%)     
[2026-05-11T15:36:26.482+0100][2.802s][info][gc,phases   ] GC(42) y: Young Generation 216M(42%)->142M(28%) 0.007s
[2026-05-11T15:36:26.482+0100][2.802s][info][gc          ] GC(42) Minor Collection (Allocation Rate) 216M(42%)->142M(28%) 0.007s
[2026-05-11T15:36:26.482+0100][2.802s][info][gc          ] GC(43) Minor Collection (Allocation Rate)
[2026-05-11T15:36:26.482+0100][2.802s][info][gc,task     ] GC(43) Using 1 Workers for Young Generation
[2026-05-11T15:36:26.482+0100][2.802s][info][gc,phases   ] GC(43) y: Young Generation
[2026-05-11T15:36:26.482+0100][2.802s][info][gc,phases   ] GC(43) y: Pause Mark Start 0.003ms
[2026-05-11T15:36:26.485+0100][2.805s][info][gc,phases   ] GC(43) y: Concurrent Mark 2.756ms
[2026-05-11T15:36:26.485+0100][2.805s][info][gc,phases   ] GC(43) y: Pause Mark End 0.007ms
[2026-05-11T15:36:26.485+0100][2.805s][info][gc,phases   ] GC(43) y: Concurrent Mark Free 0.002ms
[2026-05-11T15:36:26.485+0100][2.805s][info][gc,phases   ] GC(43) y: Concurrent Reset Relocation Set 0.001ms
[2026-05-11T15:36:26.485+0100][2.805s][info][gc,reloc    ] GC(43) y: Using tenuring threshold: 1 (Computed)
[2026-05-11T15:36:26.485+0100][2.805s][info][gc,phases   ] GC(43) y: Concurrent Select Relocation Set 0.057ms
[2026-05-11T15:36:26.485+0100][2.805s][info][gc,phases   ] GC(43) y: Pause Relocate Start 0.002ms
[2026-05-11T15:36:26.485+0100][2.805s][info][gc,phases   ] GC(43) y: Concurrent Relocate 0.087ms
[2026-05-11T15:36:26.485+0100][2.805s][info][gc,alloc    ] GC(43) y:                         Mark Start        Mark End      Relocate Start    Relocate End   
[2026-05-11T15:36:26.485+0100][2.805s][info][gc,alloc    ] GC(43) y: Allocation Stalls:          0                0                0                0         
[2026-05-11T15:36:26.485+0100][2.805s][info][gc,load     ] GC(43) y: Load: 3.71 (46%) / 3.50 (44%) / 2.52 (31%)
[2026-05-11T15:36:26.485+0100][2.805s][info][gc,mmu      ] GC(43) y: MMU: 2ms/98.9%, 5ms/99.2%, 10ms/99.5%, 20ms/99.7%, 50ms/99.8%, 100ms/99.9%
[2026-05-11T15:36:26.485+0100][2.805s][info][gc,marking  ] GC(43) y: Mark: 1 stripe(s), 2 proactive flush(es), 1 terminate flush(es), 0 completion(s), 0 continuation(s) 
[2026-05-11T15:36:26.485+0100][2.805s][info][gc,nmethod  ] GC(43) y: NMethods: 664 registered, 6 unregistered
[2026-05-11T15:36:26.485+0100][2.805s][info][gc,metaspace] GC(43) y: Metaspace: 2M used, 2M committed, 1088M reserved
[2026-05-11T15:36:26.485+0100][2.805s][info][gc,reloc    ] GC(43) y:                        Candidates     Selected     In-Place         Size        Empty    Relocated 
[2026-05-11T15:36:26.485+0100][2.805s][info][gc,reloc    ] GC(43) y: Small Pages:                   39            1            0          78M          66M           0M 
[2026-05-11T15:36:26.485+0100][2.805s][info][gc,reloc    ] GC(43) y: Medium Pages:                   0            0            0           0M           0M           0M 
[2026-05-11T15:36:26.485+0100][2.805s][info][gc,reloc    ] GC(43) y: Large Pages:                    0            0            0           0M           0M           0M 
[2026-05-11T15:36:26.485+0100][2.805s][info][gc,reloc    ] GC(43) y: Forwarding Usage: 0M
[2026-05-11T15:36:26.485+0100][2.805s][info][gc,reloc    ] GC(43) y: Age Table:
[2026-05-11T15:36:26.485+0100][2.805s][info][gc,reloc    ] GC(43) y:                    Live             Garbage             Small              Medium             Large        
[2026-05-11T15:36:26.485+0100][2.805s][info][gc,reloc    ] GC(43) y: Eden               8M (2%)           51M (10%)         30 / 1              0 / 0              0 / 0        
[2026-05-11T15:36:26.485+0100][2.805s][info][gc,reloc    ] GC(43) y: Survivor 1          -                18M (4%)           9 / 0              0 / 0              0 / 0        
[2026-05-11T15:36:26.485+0100][2.805s][info][gc,heap     ] GC(43) y: Min Capacity: 256M(50%)
[2026-05-11T15:36:26.485+0100][2.805s][info][gc,heap     ] GC(43) y: Max Capacity: 512M(100%)
[2026-05-11T15:36:26.485+0100][2.805s][info][gc,heap     ] GC(43) y: Soft Max Capacity: 512M(100%)
[2026-05-11T15:36:26.485+0100][2.805s][info][gc,heap     ] GC(43) y: Heap Statistics:
[2026-05-11T15:36:26.485+0100][2.805s][info][gc,heap     ] GC(43) y:                Mark Start          Mark End        Relocate Start      Relocate End           High               Low         
[2026-05-11T15:36:26.485+0100][2.805s][info][gc,heap     ] GC(43) y:  Capacity:      480M (94%)         480M (94%)         480M (94%)         480M (94%)         480M (94%)         480M (94%)    
[2026-05-11T15:36:26.485+0100][2.805s][info][gc,heap     ] GC(43) y:      Free:      370M (72%)         370M (72%)         436M (85%)         436M (85%)         436M (85%)         370M (72%)    
[2026-05-11T15:36:26.485+0100][2.805s][info][gc,heap     ] GC(43) y:      Used:      142M (28%)         142M (28%)          76M (15%)          76M (15%)         142M (28%)          76M (15%)    
[2026-05-11T15:36:26.485+0100][2.805s][info][gc,heap     ] GC(43) y: Young Generation Statistics:
[2026-05-11T15:36:26.485+0100][2.805s][info][gc,heap     ] GC(43) y:                Mark Start          Mark End        Relocate Start      Relocate End    
[2026-05-11T15:36:26.485+0100][2.805s][info][gc,heap     ] GC(43) y:      Used:       78M (15%)          78M (15%)          12M (2%)           12M (2%)     
[2026-05-11T15:36:26.485+0100][2.805s][info][gc,heap     ] GC(43) y:      Live:         -                 8M (2%)            8M (2%)            8M (2%)     
[2026-05-11T15:36:26.485+0100][2.805s][info][gc,heap     ] GC(43) y:   Garbage:         -                69M (14%)           3M (1%)            0M (0%)     
[2026-05-11T15:36:26.485+0100][2.805s][info][gc,heap     ] GC(43) y: Allocated:         -                 0M (0%)            0M (0%)            3M (1%)     
[2026-05-11T15:36:26.485+0100][2.805s][info][gc,heap     ] GC(43) y: Reclaimed:         -                  -                66M (13%)          69M (14%)    
[2026-05-11T15:36:26.485+0100][2.805s][info][gc,heap     ] GC(43) y:  Promoted:         -                  -                 0M (0%)            0M (0%)     
[2026-05-11T15:36:26.485+0100][2.805s][info][gc,heap     ] GC(43) y: Compacted:         -                  -                  -                 0M (0%)     
[2026-05-11T15:36:26.485+0100][2.805s][info][gc,phases   ] GC(43) y: Young Generation 142M(28%)->76M(15%) 0.003s
[2026-05-11T15:36:26.485+0100][2.805s][info][gc          ] GC(43) Minor Collection (Allocation Rate) 142M(28%)->78M(15%) 0.003s
[2026-05-11T15:36:26.488+0100][2.808s][info][gc          ] GC(44) Minor Collection (Allocation Rate)
[2026-05-11T15:36:26.488+0100][2.808s][info][gc,task     ] GC(44) Using 1 Workers for Young Generation
[2026-05-11T15:36:26.488+0100][2.808s][info][gc,phases   ] GC(44) y: Young Generation
[2026-05-11T15:36:26.488+0100][2.808s][info][gc,phases   ] GC(44) y: Pause Mark Start 0.016ms
[2026-05-11T15:36:26.497+0100][2.818s][info][gc,phases   ] GC(44) y: Concurrent Mark 9.672ms
[2026-05-11T15:36:26.498+0100][2.818s][info][gc,phases   ] GC(44) y: Pause Mark End 0.013ms
[2026-05-11T15:36:26.498+0100][2.818s][info][gc,phases   ] GC(44) y: Concurrent Mark Free 0.000ms
[2026-05-11T15:36:26.498+0100][2.818s][info][gc,phases   ] GC(44) y: Concurrent Reset Relocation Set 0.001ms
[2026-05-11T15:36:26.498+0100][2.818s][info][gc,reloc    ] GC(44) y: Using tenuring threshold: 2 (Computed)
[2026-05-11T15:36:26.498+0100][2.818s][info][gc,phases   ] GC(44) y: Concurrent Select Relocation Set 0.036ms
[2026-05-11T15:36:26.498+0100][2.818s][info][gc,phases   ] GC(44) y: Pause Relocate Start 0.007ms
[2026-05-11T15:36:26.498+0100][2.818s][info][gc,phases   ] GC(44) y: Concurrent Relocate 0.097ms
[2026-05-11T15:36:26.498+0100][2.818s][info][gc,alloc    ] GC(44) y:                         Mark Start        Mark End      Relocate Start    Relocate End   
[2026-05-11T15:36:26.498+0100][2.818s][info][gc,alloc    ] GC(44) y: Allocation Stalls:          0                0                0                0         
[2026-05-11T15:36:26.498+0100][2.818s][info][gc,load     ] GC(44) y: Load: 3.71 (46%) / 3.50 (44%) / 2.52 (31%)
[2026-05-11T15:36:26.498+0100][2.818s][info][gc,mmu      ] GC(44) y: MMU: 2ms/98.9%, 5ms/99.2%, 10ms/99.5%, 20ms/99.7%, 50ms/99.8%, 100ms/99.9%
[2026-05-11T15:36:26.498+0100][2.818s][info][gc,marking  ] GC(44) y: Mark: 1 stripe(s), 2 proactive flush(es), 1 terminate flush(es), 0 completion(s), 0 continuation(s) 
[2026-05-11T15:36:26.498+0100][2.818s][info][gc,nmethod  ] GC(44) y: NMethods: 665 registered, 6 unregistered
[2026-05-11T15:36:26.498+0100][2.818s][info][gc,metaspace] GC(44) y: Metaspace: 2M used, 2M committed, 1088M reserved
[2026-05-11T15:36:26.498+0100][2.818s][info][gc,reloc    ] GC(44) y:                        Candidates     Selected     In-Place         Size        Empty    Relocated 
[2026-05-11T15:36:26.498+0100][2.818s][info][gc,reloc    ] GC(44) y: Small Pages:                   15            1            0          30M           0M           0M 
[2026-05-11T15:36:26.498+0100][2.818s][info][gc,reloc    ] GC(44) y: Medium Pages:                   0            0            0           0M           0M           0M 
[2026-05-11T15:36:26.498+0100][2.818s][info][gc,reloc    ] GC(44) y: Large Pages:                    0            0            0           0M           0M           0M 
[2026-05-11T15:36:26.498+0100][2.818s][info][gc,reloc    ] GC(44) y: Forwarding Usage: 0M
[2026-05-11T15:36:26.498+0100][2.818s][info][gc,reloc    ] GC(44) y: Age Table:
[2026-05-11T15:36:26.498+0100][2.818s][info][gc,reloc    ] GC(44) y:                    Live             Garbage             Small              Medium             Large        
[2026-05-11T15:36:26.498+0100][2.818s][info][gc,reloc    ] GC(44) y: Eden              17M (3%)            0M (0%)           9 / 0              0 / 0              0 / 0        
[2026-05-11T15:36:26.498+0100][2.818s][info][gc,reloc    ] GC(44) y: Survivor 1         8M (2%)            3M (1%)           6 / 1              0 / 0              0 / 0        
[2026-05-11T15:36:26.498+0100][2.818s][info][gc,heap     ] GC(44) y: Min Capacity: 256M(50%)
[2026-05-11T15:36:26.498+0100][2.818s][info][gc,heap     ] GC(44) y: Max Capacity: 512M(100%)
[2026-05-11T15:36:26.498+0100][2.818s][info][gc,heap     ] GC(44) y: Soft Max Capacity: 512M(100%)
[2026-05-11T15:36:26.498+0100][2.818s][info][gc,heap     ] GC(44) y: Heap Statistics:
[2026-05-11T15:36:26.498+0100][2.818s][info][gc,heap     ] GC(44) y:                Mark Start          Mark End        Relocate Start      Relocate End           High               Low         
[2026-05-11T15:36:26.498+0100][2.818s][info][gc,heap     ] GC(44) y:  Capacity:      480M (94%)         480M (94%)         480M (94%)         480M (94%)         480M (94%)         480M (94%)    
[2026-05-11T15:36:26.498+0100][2.818s][info][gc,heap     ] GC(44) y:      Free:      418M (82%)         308M (60%)         308M (60%)         310M (61%)         418M (82%)         306M (60%)    
[2026-05-11T15:36:26.498+0100][2.818s][info][gc,heap     ] GC(44) y:      Used:       94M (18%)         204M (40%)         204M (40%)         202M (39%)         206M (40%)          94M (18%)    
[2026-05-11T15:36:26.498+0100][2.818s][info][gc,heap     ] GC(44) y: Young Generation Statistics:
[2026-05-11T15:36:26.498+0100][2.818s][info][gc,heap     ] GC(44) y:                Mark Start          Mark End        Relocate Start      Relocate End    
[2026-05-11T15:36:26.498+0100][2.818s][info][gc,heap     ] GC(44) y:      Used:       30M (6%)          140M (27%)         140M (27%)         138M (27%)    
[2026-05-11T15:36:26.498+0100][2.818s][info][gc,heap     ] GC(44) y:      Live:         -                25M (5%)           25M (5%)           25M (5%)     
[2026-05-11T15:36:26.498+0100][2.818s][info][gc,heap     ] GC(44) y:   Garbage:         -                 4M (1%)            4M (1%)            1M (0%)     
[2026-05-11T15:36:26.498+0100][2.818s][info][gc,heap     ] GC(44) y: Allocated:         -               110M (21%)         110M (21%)         111M (22%)    
[2026-05-11T15:36:26.498+0100][2.818s][info][gc,heap     ] GC(44) y: Reclaimed:         -                  -                 0M (0%)            3M (1%)     
[2026-05-11T15:36:26.498+0100][2.818s][info][gc,heap     ] GC(44) y:  Promoted:         -                  -                 0M (0%)            0M (0%)     
[2026-05-11T15:36:26.498+0100][2.818s][info][gc,heap     ] GC(44) y: Compacted:         -                  -                  -                 0M (0%)     
[2026-05-11T15:36:26.498+0100][2.818s][info][gc,phases   ] GC(44) y: Young Generation 94M(18%)->202M(39%) 0.010s
[2026-05-11T15:36:26.498+0100][2.818s][info][gc          ] GC(44) Minor Collection (Allocation Rate) 90M(18%)->202M(39%) 0.011s
[2026-05-11T15:36:26.498+0100][2.818s][info][gc          ] GC(45) Minor Collection (Allocation Rate)
[2026-05-11T15:36:26.498+0100][2.818s][info][gc,task     ] GC(45) Using 1 Workers for Young Generation
[2026-05-11T15:36:26.498+0100][2.818s][info][gc,phases   ] GC(45) y: Young Generation
[2026-05-11T15:36:26.498+0100][2.819s][info][gc,phases   ] GC(45) y: Pause Mark Start 0.003ms
[2026-05-11T15:36:26.499+0100][2.820s][info][gc,phases   ] GC(45) y: Concurrent Mark 0.936ms
[2026-05-11T15:36:26.499+0100][2.820s][info][gc,phases   ] GC(45) y: Pause Mark End 0.008ms
[2026-05-11T15:36:26.499+0100][2.820s][info][gc,phases   ] GC(45) y: Concurrent Mark Free 0.001ms
[2026-05-11T15:36:26.499+0100][2.820s][info][gc,phases   ] GC(45) y: Concurrent Reset Relocation Set 0.001ms
[2026-05-11T15:36:26.500+0100][2.820s][info][gc,reloc    ] GC(45) y: Using tenuring threshold: 1 (Computed)
[2026-05-11T15:36:26.500+0100][2.820s][info][gc,phases   ] GC(45) y: Concurrent Select Relocation Set 0.070ms
[2026-05-11T15:36:26.500+0100][2.820s][info][gc,phases   ] GC(45) y: Pause Relocate Start 0.003ms
[2026-05-11T15:36:26.500+0100][2.820s][info][gc,phases   ] GC(45) y: Concurrent Relocate 0.040ms
[2026-05-11T15:36:26.500+0100][2.820s][info][gc,alloc    ] GC(45) y:                         Mark Start        Mark End      Relocate Start    Relocate End   
[2026-05-11T15:36:26.500+0100][2.820s][info][gc,alloc    ] GC(45) y: Allocation Stalls:          0                0                0                0         
[2026-05-11T15:36:26.500+0100][2.820s][info][gc,load     ] GC(45) y: Load: 3.71 (46%) / 3.50 (44%) / 2.52 (31%)
[2026-05-11T15:36:26.500+0100][2.820s][info][gc,mmu      ] GC(45) y: MMU: 2ms/98.4%, 5ms/99.2%, 10ms/99.5%, 20ms/99.6%, 50ms/99.8%, 100ms/99.9%
[2026-05-11T15:36:26.500+0100][2.820s][info][gc,marking  ] GC(45) y: Mark: 1 stripe(s), 2 proactive flush(es), 1 terminate flush(es), 0 completion(s), 0 continuation(s) 
[2026-05-11T15:36:26.500+0100][2.820s][info][gc,nmethod  ] GC(45) y: NMethods: 666 registered, 6 unregistered
[2026-05-11T15:36:26.500+0100][2.820s][info][gc,metaspace] GC(45) y: Metaspace: 2M used, 2M committed, 1088M reserved
[2026-05-11T15:36:26.500+0100][2.820s][info][gc,reloc    ] GC(45) y:                        Candidates     Selected     In-Place         Size        Empty    Relocated 
[2026-05-11T15:36:26.500+0100][2.820s][info][gc,reloc    ] GC(45) y: Small Pages:                   69            0            0         138M         136M           0M 
[2026-05-11T15:36:26.500+0100][2.820s][info][gc,reloc    ] GC(45) y: Medium Pages:                   0            0            0           0M           0M           0M 
[2026-05-11T15:36:26.500+0100][2.820s][info][gc,reloc    ] GC(45) y: Large Pages:                    0            0            0           0M           0M           0M 
[2026-05-11T15:36:26.500+0100][2.820s][info][gc,reloc    ] GC(45) y: Forwarding Usage: 0M
[2026-05-11T15:36:26.500+0100][2.820s][info][gc,reloc    ] GC(45) y: Age Table:
[2026-05-11T15:36:26.500+0100][2.820s][info][gc,reloc    ] GC(45) y:                    Live             Garbage             Small              Medium             Large        
[2026-05-11T15:36:26.500+0100][2.820s][info][gc,reloc    ] GC(45) y: Eden               0M (0%)          109M (21%)         55 / 0              0 / 0              0 / 0        
[2026-05-11T15:36:26.500+0100][2.820s][info][gc,reloc    ] GC(45) y: Survivor 1          -                18M (4%)           9 / 0              0 / 0              0 / 0        
[2026-05-11T15:36:26.500+0100][2.820s][info][gc,reloc    ] GC(45) y: Survivor 2          -                10M (2%)           5 / 0              0 / 0              0 / 0        
[2026-05-11T15:36:26.500+0100][2.820s][info][gc,heap     ] GC(45) y: Min Capacity: 256M(50%)
[2026-05-11T15:36:26.500+0100][2.820s][info][gc,heap     ] GC(45) y: Max Capacity: 512M(100%)
[2026-05-11T15:36:26.500+0100][2.820s][info][gc,heap     ] GC(45) y: Soft Max Capacity: 512M(100%)
[2026-05-11T15:36:26.500+0100][2.820s][info][gc,heap     ] GC(45) y: Heap Statistics:
[2026-05-11T15:36:26.500+0100][2.820s][info][gc,heap     ] GC(45) y:                Mark Start          Mark End        Relocate Start      Relocate End           High               Low         
[2026-05-11T15:36:26.500+0100][2.820s][info][gc,heap     ] GC(45) y:  Capacity:      480M (94%)         480M (94%)         480M (94%)         480M (94%)         480M (94%)         480M (94%)    
[2026-05-11T15:36:26.500+0100][2.820s][info][gc,heap     ] GC(45) y:      Free:      310M (61%)         300M (59%)         436M (85%)         436M (85%)         436M (85%)         300M (59%)    
[2026-05-11T15:36:26.500+0100][2.820s][info][gc,heap     ] GC(45) y:      Used:      202M (39%)         212M (41%)          76M (15%)          76M (15%)         212M (41%)          76M (15%)    
[2026-05-11T15:36:26.500+0100][2.820s][info][gc,heap     ] GC(45) y: Young Generation Statistics:
[2026-05-11T15:36:26.500+0100][2.820s][info][gc,heap     ] GC(45) y:                Mark Start          Mark End        Relocate Start      Relocate End    
[2026-05-11T15:36:26.500+0100][2.820s][info][gc,heap     ] GC(45) y:      Used:      138M (27%)         148M (29%)          12M (2%)           12M (2%)     
[2026-05-11T15:36:26.500+0100][2.820s][info][gc,heap     ] GC(45) y:      Live:         -                 0M (0%)            0M (0%)            0M (0%)     
[2026-05-11T15:36:26.500+0100][2.820s][info][gc,heap     ] GC(45) y:   Garbage:         -               137M (27%)           1M (0%)            1M (0%)     
[2026-05-11T15:36:26.500+0100][2.820s][info][gc,heap     ] GC(45) y: Allocated:         -                10M (2%)           10M (2%)           10M (2%)     
[2026-05-11T15:36:26.500+0100][2.820s][info][gc,heap     ] GC(45) y: Reclaimed:         -                  -               136M (27%)         136M (27%)    
[2026-05-11T15:36:26.500+0100][2.820s][info][gc,heap     ] GC(45) y:  Promoted:         -                  -                 0M (0%)            0M (0%)     
[2026-05-11T15:36:26.500+0100][2.820s][info][gc,heap     ] GC(45) y: Compacted:         -                  -                  -                 0M (0%)     
[2026-05-11T15:36:26.500+0100][2.820s][info][gc,phases   ] GC(45) y: Young Generation 202M(39%)->76M(15%) 0.001s
[2026-05-11T15:36:26.500+0100][2.820s][info][gc          ] GC(45) Minor Collection (Allocation Rate) 202M(39%)->76M(15%) 0.002s
[2026-05-11T15:36:26.507+0100][2.827s][info][gc,phases   ] GC(41) O: Concurrent Mark 35.443ms
[2026-05-11T15:36:26.507+0100][2.827s][info][gc,phases   ] GC(41) O: Pause Mark End 0.008ms
[2026-05-11T15:36:26.507+0100][2.827s][info][gc,phases   ] GC(41) O: Concurrent Mark Free 0.001ms
[2026-05-11T15:36:26.508+0100][2.828s][info][gc,phases   ] GC(41) O: Concurrent Process Non-Strong 0.676ms
[2026-05-11T15:36:26.508+0100][2.828s][info][gc,phases   ] GC(41) O: Concurrent Reset Relocation Set 0.000ms
[2026-05-11T15:36:26.508+0100][2.828s][info][gc,phases   ] GC(41) O: Concurrent Select Relocation Set 0.022ms
[2026-05-11T15:36:26.508+0100][2.828s][info][gc,task     ] GC(41) O: Using 2 Workers for Old Generation
[2026-05-11T15:36:26.508+0100][2.828s][info][gc,task     ] GC(41) O: Using 1 Workers for Old Generation
[2026-05-11T15:36:26.508+0100][2.828s][info][gc,phases   ] GC(41) O: Concurrent Remap Roots 0.203ms
[2026-05-11T15:36:26.508+0100][2.828s][info][gc,phases   ] GC(41) O: Pause Relocate Start 0.005ms
[2026-05-11T15:36:26.509+0100][2.829s][info][gc,phases   ] GC(41) O: Concurrent Relocate 0.888ms
[2026-05-11T15:36:26.509+0100][2.829s][info][gc,alloc    ] GC(41) O:                         Mark Start        Mark End      Relocate Start    Relocate End   
[2026-05-11T15:36:26.509+0100][2.829s][info][gc,alloc    ] GC(41) O: Allocation Stalls:          0                0                0                0         
[2026-05-11T15:36:26.509+0100][2.829s][info][gc,load     ] GC(41) O: Load: 3.71 (46%) / 3.50 (44%) / 2.52 (31%)
[2026-05-11T15:36:26.509+0100][2.829s][info][gc,mmu      ] GC(41) O: MMU: 2ms/98.4%, 5ms/99.2%, 10ms/99.5%, 20ms/99.6%, 50ms/99.8%, 100ms/99.9%
[2026-05-11T15:36:26.509+0100][2.829s][info][gc,marking  ] GC(41) O: Mark: 1 stripe(s), 2 proactive flush(es), 1 terminate flush(es), 0 completion(s), 0 continuation(s) 
[2026-05-11T15:36:26.509+0100][2.829s][info][gc,nmethod  ] GC(41) O: NMethods: 678 registered, 7 unregistered
[2026-05-11T15:36:26.509+0100][2.829s][info][gc,metaspace] GC(41) O: Metaspace: 2M used, 2M committed, 1088M reserved
[2026-05-11T15:36:26.509+0100][2.829s][info][gc,ref      ] GC(41) O:                       Encountered   Discovered     Enqueued 
[2026-05-11T15:36:26.509+0100][2.829s][info][gc,ref      ] GC(41) O: Soft References:              127            0            0 
[2026-05-11T15:36:26.509+0100][2.829s][info][gc,ref      ] GC(41) O: Weak References:              256          211            0 
[2026-05-11T15:36:26.509+0100][2.829s][info][gc,ref      ] GC(41) O: Final References:               6            6            0 
[2026-05-11T15:36:26.509+0100][2.829s][info][gc,ref      ] GC(41) O: Phantom References:             2            2            0 
[2026-05-11T15:36:26.509+0100][2.829s][info][gc,reloc    ] GC(41) O:                        Candidates     Selected     In-Place         Size        Empty    Relocated 
[2026-05-11T15:36:26.509+0100][2.829s][info][gc,reloc    ] GC(41) O: Small Pages:                   32            1            0          64M           0M           1M 
[2026-05-11T15:36:26.509+0100][2.829s][info][gc,reloc    ] GC(41) O: Medium Pages:                   0            0            0           0M           0M           0M 
[2026-05-11T15:36:26.509+0100][2.829s][info][gc,reloc    ] GC(41) O: Large Pages:                    0            0            0           0M           0M           0M 
[2026-05-11T15:36:26.509+0100][2.829s][info][gc,reloc    ] GC(41) O: Forwarding Usage: 1M
[2026-05-11T15:36:26.509+0100][2.829s][info][gc,heap     ] GC(41) O: Min Capacity: 256M(50%)
[2026-05-11T15:36:26.509+0100][2.829s][info][gc,heap     ] GC(41) O: Max Capacity: 512M(100%)
[2026-05-11T15:36:26.509+0100][2.829s][info][gc,heap     ] GC(41) O: Soft Max Capacity: 512M(100%)
[2026-05-11T15:36:26.509+0100][2.829s][info][gc,heap     ] GC(41) O: Heap Statistics:
[2026-05-11T15:36:26.509+0100][2.829s][info][gc,heap     ] GC(41) O:                Mark Start          Mark End        Relocate Start      Relocate End           High               Low         
[2026-05-11T15:36:26.509+0100][2.829s][info][gc,heap     ] GC(41) O:  Capacity:      480M (94%)         480M (94%)         480M (94%)         480M (94%)         480M (94%)         480M (94%)    
[2026-05-11T15:36:26.509+0100][2.829s][info][gc,heap     ] GC(41) O:      Free:      422M (82%)         428M (84%)         428M (84%)         430M (84%)         436M (85%)         232M (45%)    
[2026-05-11T15:36:26.509+0100][2.829s][info][gc,heap     ] GC(41) O:      Used:       90M (18%)          84M (16%)          84M (16%)          82M (16%)         280M (55%)          76M (15%)    
[2026-05-11T15:36:26.509+0100][2.829s][info][gc,heap     ] GC(41) O: Old Generation Statistics:
[2026-05-11T15:36:26.509+0100][2.829s][info][gc,heap     ] GC(41) O:                Mark Start          Mark End        Relocate Start      Relocate End    
[2026-05-11T15:36:26.509+0100][2.829s][info][gc,heap     ] GC(41) O:      Used:       64M (12%)          64M (12%)          64M (12%)          62M (12%)    
[2026-05-11T15:36:26.509+0100][2.829s][info][gc,heap     ] GC(41) O:      Live:         -                60M (12%)          60M (12%)          60M (12%)    
[2026-05-11T15:36:26.509+0100][2.829s][info][gc,heap     ] GC(41) O:   Garbage:         -                 3M (1%)            3M (1%)            1M (0%)     
[2026-05-11T15:36:26.509+0100][2.829s][info][gc,heap     ] GC(41) O: Allocated:         -                 0M (0%)            0M (0%)            0M (0%)     
[2026-05-11T15:36:26.509+0100][2.829s][info][gc,heap     ] GC(41) O: Reclaimed:         -                  -                 0M (0%)            2M (0%)     
[2026-05-11T15:36:26.509+0100][2.829s][info][gc,heap     ] GC(41) O: Compacted:         -                  -                  -                 1M (0%)     
[2026-05-11T15:36:26.509+0100][2.829s][info][gc,phases   ] GC(41) O: Old Generation 212M(41%)->82M(16%) 0.037s
[2026-05-11T15:36:26.509+0100][2.829s][info][gc          ] GC(41) Major Collection (Allocation Rate) 90M(18%)->82M(16%) 0.052s
[2026-05-11T15:36:26.530+0100][2.851s][info][gc          ] GC(46) Minor Collection (Allocation Rate)
[2026-05-11T15:36:26.530+0100][2.851s][info][gc,task     ] GC(46) Using 2 Workers for Young Generation
[2026-05-11T15:36:26.530+0100][2.851s][info][gc,phases   ] GC(46) y: Young Generation
[2026-05-11T15:36:26.530+0100][2.851s][info][gc,phases   ] GC(46) y: Pause Mark Start 0.004ms
[2026-05-11T15:36:26.535+0100][2.855s][info][gc,phases   ] GC(46) y: Concurrent Mark 4.516ms
[2026-05-11T15:36:26.535+0100][2.855s][info][gc,phases   ] GC(46) y: Pause Mark End 0.009ms
[2026-05-11T15:36:26.535+0100][2.855s][info][gc,phases   ] GC(46) y: Concurrent Mark Free 0.001ms
[2026-05-11T15:36:26.535+0100][2.855s][info][gc,phases   ] GC(46) y: Concurrent Reset Relocation Set 0.000ms
[2026-05-11T15:36:26.535+0100][2.855s][info][gc,reloc    ] GC(46) y: Using tenuring threshold: 2 (Computed)
[2026-05-11T15:36:26.535+0100][2.855s][info][gc,phases   ] GC(46) y: Concurrent Select Relocation Set 0.064ms
[2026-05-11T15:36:26.535+0100][2.855s][info][gc,phases   ] GC(46) y: Pause Relocate Start 0.003ms
[2026-05-11T15:36:26.535+0100][2.856s][info][gc,phases   ] GC(46) y: Concurrent Relocate 0.080ms
[2026-05-11T15:36:26.535+0100][2.856s][info][gc,alloc    ] GC(46) y:                         Mark Start        Mark End      Relocate Start    Relocate End   
[2026-05-11T15:36:26.535+0100][2.856s][info][gc,alloc    ] GC(46) y: Allocation Stalls:          0                0                0                0         
[2026-05-11T15:36:26.535+0100][2.856s][info][gc,load     ] GC(46) y: Load: 3.71 (46%) / 3.50 (44%) / 2.52 (31%)
[2026-05-11T15:36:26.535+0100][2.856s][info][gc,mmu      ] GC(46) y: MMU: 2ms/98.4%, 5ms/99.2%, 10ms/99.5%, 20ms/99.6%, 50ms/99.8%, 100ms/99.9%
[2026-05-11T15:36:26.535+0100][2.856s][info][gc,marking  ] GC(46) y: Mark: 2 stripe(s), 2 proactive flush(es), 1 terminate flush(es), 0 completion(s), 0 continuation(s) 
[2026-05-11T15:36:26.535+0100][2.856s][info][gc,nmethod  ] GC(46) y: NMethods: 688 registered, 7 unregistered
[2026-05-11T15:36:26.535+0100][2.856s][info][gc,metaspace] GC(46) y: Metaspace: 2M used, 2M committed, 1088M reserved
[2026-05-11T15:36:26.535+0100][2.856s][info][gc,reloc    ] GC(46) y:                        Candidates     Selected     In-Place         Size        Empty    Relocated 
[2026-05-11T15:36:26.535+0100][2.856s][info][gc,reloc    ] GC(46) y: Small Pages:                   14            1            0          28M           0M           0M 
[2026-05-11T15:36:26.535+0100][2.856s][info][gc,reloc    ] GC(46) y: Medium Pages:                   0            0            0           0M           0M           0M 
[2026-05-11T15:36:26.535+0100][2.856s][info][gc,reloc    ] GC(46) y: Large Pages:                    0            0            0           0M           0M           0M 
[2026-05-11T15:36:26.535+0100][2.856s][info][gc,reloc    ] GC(46) y: Forwarding Usage: 0M
[2026-05-11T15:36:26.535+0100][2.856s][info][gc,reloc    ] GC(46) y: Age Table:
[2026-05-11T15:36:26.535+0100][2.856s][info][gc,reloc    ] GC(46) y:                    Live             Garbage             Small              Medium             Large        
[2026-05-11T15:36:26.535+0100][2.856s][info][gc,reloc    ] GC(46) y: Eden              23M (5%)            2M (0%)          13 / 1              0 / 0              0 / 0        
[2026-05-11T15:36:26.535+0100][2.856s][info][gc,reloc    ] GC(46) y: Survivor 1         0M (0%)            1M (0%)           1 / 0              0 / 0              0 / 0        
[2026-05-11T15:36:26.535+0100][2.856s][info][gc,heap     ] GC(46) y: Min Capacity: 256M(50%)
[2026-05-11T15:36:26.535+0100][2.856s][info][gc,heap     ] GC(46) y: Max Capacity: 512M(100%)
[2026-05-11T15:36:26.535+0100][2.856s][info][gc,heap     ] GC(46) y: Soft Max Capacity: 512M(100%)
[2026-05-11T15:36:26.535+0100][2.856s][info][gc,heap     ] GC(46) y: Heap Statistics:
[2026-05-11T15:36:26.535+0100][2.856s][info][gc,heap     ] GC(46) y:                Mark Start          Mark End        Relocate Start      Relocate End           High               Low         
[2026-05-11T15:36:26.535+0100][2.856s][info][gc,heap     ] GC(46) y:  Capacity:      480M (94%)         480M (94%)         480M (94%)         480M (94%)         480M (94%)         480M (94%)    
[2026-05-11T15:36:26.535+0100][2.856s][info][gc,heap     ] GC(46) y:      Free:      422M (82%)         418M (82%)         418M (82%)         418M (82%)         422M (82%)         414M (81%)    
[2026-05-11T15:36:26.535+0100][2.856s][info][gc,heap     ] GC(46) y:      Used:       90M (18%)          94M (18%)          94M (18%)          94M (18%)          98M (19%)          90M (18%)    
[2026-05-11T15:36:26.536+0100][2.856s][info][gc,heap     ] GC(46) y: Young Generation Statistics:
[2026-05-11T15:36:26.536+0100][2.856s][info][gc,heap     ] GC(46) y:                Mark Start          Mark End        Relocate Start      Relocate End    
[2026-05-11T15:36:26.536+0100][2.856s][info][gc,heap     ] GC(46) y:      Used:       28M (5%)           32M (6%)           32M (6%)           32M (6%)     
[2026-05-11T15:36:26.536+0100][2.856s][info][gc,heap     ] GC(46) y:      Live:         -                23M (5%)           23M (5%)           23M (5%)     
[2026-05-11T15:36:26.536+0100][2.856s][info][gc,heap     ] GC(46) y:   Garbage:         -                 4M (1%)            4M (1%)            0M (0%)     
[2026-05-11T15:36:26.536+0100][2.856s][info][gc,heap     ] GC(46) y: Allocated:         -                 4M (1%)            4M (1%)            7M (2%)     
[2026-05-11T15:36:26.536+0100][2.856s][info][gc,heap     ] GC(46) y: Reclaimed:         -                  -                 0M (0%)            3M (1%)     
[2026-05-11T15:36:26.536+0100][2.856s][info][gc,heap     ] GC(46) y:  Promoted:         -                  -                 0M (0%)            0M (0%)     
[2026-05-11T15:36:26.536+0100][2.856s][info][gc,heap     ] GC(46) y: Compacted:         -                  -                  -                 0M (0%)     
[2026-05-11T15:36:26.536+0100][2.856s][info][gc,phases   ] GC(46) y: Young Generation 90M(18%)->94M(18%) 0.005s
[2026-05-11T15:36:26.536+0100][2.856s][info][gc          ] GC(46) Minor Collection (Allocation Rate) 90M(18%)->94M(18%) 0.005s
[2026-05-11T15:36:26.536+0100][2.856s][info][gc          ] GC(47) Minor Collection (Allocation Rate)
[2026-05-11T15:36:26.536+0100][2.856s][info][gc,task     ] GC(47) Using 2 Workers for Young Generation
[2026-05-11T15:36:26.536+0100][2.856s][info][gc,phases   ] GC(47) y: Young Generation
[2026-05-11T15:36:26.536+0100][2.856s][info][gc,phases   ] GC(47) y: Pause Mark Start 0.002ms
[2026-05-11T15:36:26.541+0100][2.862s][info][gc,phases   ] GC(47) y: Concurrent Mark 5.675ms
[2026-05-11T15:36:26.541+0100][2.862s][info][gc,phases   ] GC(47) y: Pause Mark End 0.006ms
[2026-05-11T15:36:26.541+0100][2.862s][info][gc,phases   ] GC(47) y: Concurrent Mark Free 0.003ms
[2026-05-11T15:36:26.541+0100][2.862s][info][gc,phases   ] GC(47) y: Concurrent Reset Relocation Set 0.000ms
[2026-05-11T15:36:26.541+0100][2.862s][info][gc,reloc    ] GC(47) y: Using tenuring threshold: 1 (Computed)
[2026-05-11T15:36:26.544+0100][2.864s][info][gc,phases   ] GC(47) y: Concurrent Select Relocation Set 2.661ms
[2026-05-11T15:36:26.544+0100][2.864s][info][gc,phases   ] GC(47) y: Pause Relocate Start 0.006ms
[2026-05-11T15:36:26.552+0100][2.872s][info][gc,phases   ] GC(47) y: Concurrent Relocate 7.647ms
[2026-05-11T15:36:26.552+0100][2.872s][info][gc,alloc    ] GC(47) y:                         Mark Start        Mark End      Relocate Start    Relocate End   
[2026-05-11T15:36:26.552+0100][2.872s][info][gc,alloc    ] GC(47) y: Allocation Stalls:          0                0                0                0         
[2026-05-11T15:36:26.552+0100][2.872s][info][gc,load     ] GC(47) y: Load: 3.71 (46%) / 3.50 (44%) / 2.52 (31%)
[2026-05-11T15:36:26.552+0100][2.872s][info][gc,mmu      ] GC(47) y: MMU: 2ms/98.4%, 5ms/99.2%, 10ms/99.5%, 20ms/99.6%, 50ms/99.8%, 100ms/99.9%
[2026-05-11T15:36:26.552+0100][2.872s][info][gc,marking  ] GC(47) y: Mark: 2 stripe(s), 1 proactive flush(es), 1 terminate flush(es), 0 completion(s), 0 continuation(s) 
[2026-05-11T15:36:26.552+0100][2.872s][info][gc,nmethod  ] GC(47) y: NMethods: 689 registered, 7 unregistered
[2026-05-11T15:36:26.552+0100][2.872s][info][gc,metaspace] GC(47) y: Metaspace: 2M used, 2M committed, 1088M reserved
[2026-05-11T15:36:26.552+0100][2.872s][info][gc,reloc    ] GC(47) y:                        Candidates     Selected     In-Place         Size        Empty    Relocated 
[2026-05-11T15:36:26.552+0100][2.872s][info][gc,reloc    ] GC(47) y: Small Pages:                   16            2            0          32M           0M           0M 
[2026-05-11T15:36:26.552+0100][2.872s][info][gc,reloc    ] GC(47) y: Medium Pages:                   0            0            0           0M           0M           0M 
[2026-05-11T15:36:26.552+0100][2.872s][info][gc,reloc    ] GC(47) y: Large Pages:                    0            0            0           0M           0M           0M 
[2026-05-11T15:36:26.552+0100][2.872s][info][gc,reloc    ] GC(47) y: Forwarding Usage: 0M
[2026-05-11T15:36:26.552+0100][2.872s][info][gc,reloc    ] GC(47) y: Age Table:
[2026-05-11T15:36:26.552+0100][2.872s][info][gc,reloc    ] GC(47) y:                    Live             Garbage             Small              Medium             Large        
[2026-05-11T15:36:26.552+0100][2.872s][info][gc,reloc    ] GC(47) y: Eden               2M (1%)            1M (0%)           2 / 1              0 / 0              0 / 0        
[2026-05-11T15:36:26.552+0100][2.872s][info][gc,reloc    ] GC(47) y: Survivor 1        23M (5%)            2M (0%)          13 / 1              0 / 0              0 / 0        
[2026-05-11T15:36:26.552+0100][2.872s][info][gc,reloc    ] GC(47) y: Survivor 2         0M (0%)            1M (0%)           1 / 0              0 / 0              0 / 0        
[2026-05-11T15:36:26.552+0100][2.872s][info][gc,heap     ] GC(47) y: Min Capacity: 256M(50%)
[2026-05-11T15:36:26.552+0100][2.872s][info][gc,heap     ] GC(47) y: Max Capacity: 512M(100%)
[2026-05-11T15:36:26.552+0100][2.872s][info][gc,heap     ] GC(47) y: Soft Max Capacity: 512M(100%)
[2026-05-11T15:36:26.552+0100][2.872s][info][gc,heap     ] GC(47) y: Heap Statistics:
[2026-05-11T15:36:26.552+0100][2.872s][info][gc,heap     ] GC(47) y:                Mark Start          Mark End        Relocate Start      Relocate End           High               Low         
[2026-05-11T15:36:26.552+0100][2.872s][info][gc,heap     ] GC(47) y:  Capacity:      480M (94%)         480M (94%)         480M (94%)         480M (94%)         480M (94%)         480M (94%)    
[2026-05-11T15:36:26.552+0100][2.872s][info][gc,heap     ] GC(47) y:      Free:      418M (82%)         376M (73%)         376M (73%)         378M (74%)         418M (82%)         374M (73%)    
[2026-05-11T15:36:26.552+0100][2.872s][info][gc,heap     ] GC(47) y:      Used:       94M (18%)         136M (27%)         136M (27%)         134M (26%)         138M (27%)          94M (18%)    
[2026-05-11T15:36:26.552+0100][2.872s][info][gc,heap     ] GC(47) y: Young Generation Statistics:
[2026-05-11T15:36:26.552+0100][2.872s][info][gc,heap     ] GC(47) y:                Mark Start          Mark End        Relocate Start      Relocate End    
[2026-05-11T15:36:26.552+0100][2.872s][info][gc,heap     ] GC(47) y:      Used:       32M (6%)           74M (14%)          50M (10%)          46M (9%)     
[2026-05-11T15:36:26.552+0100][2.872s][info][gc,heap     ] GC(47) y:      Live:         -                26M (5%)            2M (1%)            2M (1%)     
[2026-05-11T15:36:26.552+0100][2.872s][info][gc,heap     ] GC(47) y:   Garbage:         -                 5M (1%)            5M (1%)            0M (0%)     
[2026-05-11T15:36:26.552+0100][2.872s][info][gc,heap     ] GC(47) y: Allocated:         -                42M (8%)           42M (8%)           43M (8%)     
[2026-05-11T15:36:26.552+0100][2.872s][info][gc,heap     ] GC(47) y: Reclaimed:         -                  -                 0M (0%)            5M (1%)     
[2026-05-11T15:36:26.552+0100][2.872s][info][gc,heap     ] GC(47) y:  Promoted:         -                  -                23M (5%)           23M (5%)     
[2026-05-11T15:36:26.552+0100][2.872s][info][gc,heap     ] GC(47) y: Compacted:         -                  -                  -                 0M (0%)     
[2026-05-11T15:36:26.552+0100][2.872s][info][gc,phases   ] GC(47) y: Young Generation 94M(18%)->134M(26%) 0.016s
[2026-05-11T15:36:26.552+0100][2.872s][info][gc          ] GC(47) Minor Collection (Allocation Rate) 94M(18%)->134M(26%) 0.016s
[2026-05-11T15:36:26.552+0100][2.872s][info][gc          ] GC(48) Major Collection (System.gc())
[2026-05-11T15:36:26.552+0100][2.872s][info][gc,task     ] GC(48) Using 2 Workers for Young Generation
[2026-05-11T15:36:26.552+0100][2.872s][info][gc,task     ] GC(48) Using 2 Workers for Old Generation
[2026-05-11T15:36:26.552+0100][2.872s][info][gc,phases   ] GC(48) Y: Young Generation (Promote All)
[2026-05-11T15:36:26.552+0100][2.872s][info][gc,phases   ] GC(48) Y: Pause Mark Start 0.004ms
[2026-05-11T15:36:26.567+0100][2.887s][info][gc,phases   ] GC(48) Y: Concurrent Mark 15.113ms
[2026-05-11T15:36:26.567+0100][2.887s][info][gc,phases   ] GC(48) Y: Pause Mark End 0.009ms
[2026-05-11T15:36:26.567+0100][2.887s][info][gc,phases   ] GC(48) Y: Concurrent Mark Free 0.001ms
[2026-05-11T15:36:26.567+0100][2.888s][info][gc,phases   ] GC(48) Y: Concurrent Reset Relocation Set 0.014ms
[2026-05-11T15:36:26.567+0100][2.888s][info][gc,reloc    ] GC(48) Y: Using tenuring threshold: 0 (Promote All)
[2026-05-11T15:36:26.574+0100][2.894s][info][gc,phases   ] GC(48) Y: Concurrent Select Relocation Set 6.638ms
[2026-05-11T15:36:26.574+0100][2.894s][info][gc,phases   ] GC(48) Y: Pause Relocate Start 0.009ms
[2026-05-11T15:36:26.582+0100][2.902s][info][gc,phases   ] GC(48) Y: Concurrent Relocate 7.709ms
[2026-05-11T15:36:26.582+0100][2.902s][info][gc,alloc    ] GC(48) Y:                         Mark Start        Mark End      Relocate Start    Relocate End   
[2026-05-11T15:36:26.582+0100][2.902s][info][gc,alloc    ] GC(48) Y: Allocation Stalls:          0                0                0                0         
[2026-05-11T15:36:26.582+0100][2.902s][info][gc,load     ] GC(48) Y: Load: 3.71 (46%) / 3.50 (44%) / 2.52 (31%)
[2026-05-11T15:36:26.582+0100][2.902s][info][gc,mmu      ] GC(48) Y: MMU: 2ms/98.4%, 5ms/99.2%, 10ms/99.5%, 20ms/99.6%, 50ms/99.8%, 100ms/99.9%
[2026-05-11T15:36:26.582+0100][2.902s][info][gc,marking  ] GC(48) Y: Mark: 2 stripe(s), 1 proactive flush(es), 1 terminate flush(es), 0 completion(s), 0 continuation(s) 
[2026-05-11T15:36:26.582+0100][2.902s][info][gc,nmethod  ] GC(48) Y: NMethods: 689 registered, 7 unregistered
[2026-05-11T15:36:26.582+0100][2.902s][info][gc,metaspace] GC(48) Y: Metaspace: 2M used, 2M committed, 1088M reserved
[2026-05-11T15:36:26.582+0100][2.902s][info][gc,reloc    ] GC(48) Y:                        Candidates     Selected     In-Place         Size        Empty    Relocated 
[2026-05-11T15:36:26.582+0100][2.902s][info][gc,reloc    ] GC(48) Y: Small Pages:                   23            0            0          46M           0M           0M 
[2026-05-11T15:36:26.582+0100][2.902s][info][gc,reloc    ] GC(48) Y: Medium Pages:                   0            0            0           0M           0M           0M 
[2026-05-11T15:36:26.582+0100][2.902s][info][gc,reloc    ] GC(48) Y: Large Pages:                    0            0            0           0M           0M           0M 
[2026-05-11T15:36:26.582+0100][2.902s][info][gc,reloc    ] GC(48) Y: Forwarding Usage: 0M
[2026-05-11T15:36:26.582+0100][2.902s][info][gc,reloc    ] GC(48) Y: Age Table:
[2026-05-11T15:36:26.582+0100][2.902s][info][gc,reloc    ] GC(48) Y:                    Live             Garbage             Small              Medium             Large        
[2026-05-11T15:36:26.582+0100][2.902s][info][gc,reloc    ] GC(48) Y: Eden              40M (8%)            1M (0%)          21 / 0              0 / 0              0 / 0        
[2026-05-11T15:36:26.582+0100][2.902s][info][gc,reloc    ] GC(48) Y: Survivor 1         2M (1%)            1M (0%)           2 / 0              0 / 0              0 / 0        
[2026-05-11T15:36:26.582+0100][2.902s][info][gc,heap     ] GC(48) Y: Min Capacity: 256M(50%)
[2026-05-11T15:36:26.582+0100][2.902s][info][gc,heap     ] GC(48) Y: Max Capacity: 512M(100%)
[2026-05-11T15:36:26.582+0100][2.902s][info][gc,heap     ] GC(48) Y: Soft Max Capacity: 512M(100%)
[2026-05-11T15:36:26.582+0100][2.902s][info][gc,heap     ] GC(48) Y: Heap Statistics:
[2026-05-11T15:36:26.582+0100][2.902s][info][gc,heap     ] GC(48) Y:                Mark Start          Mark End        Relocate Start      Relocate End           High               Low         
[2026-05-11T15:36:26.582+0100][2.902s][info][gc,heap     ] GC(48) Y:  Capacity:      480M (94%)         480M (94%)         480M (94%)         480M (94%)         480M (94%)         480M (94%)    
[2026-05-11T15:36:26.582+0100][2.902s][info][gc,heap     ] GC(48) Y:      Free:      378M (74%)         378M (74%)         378M (74%)         378M (74%)         378M (74%)         378M (74%)    
[2026-05-11T15:36:26.582+0100][2.902s][info][gc,heap     ] GC(48) Y:      Used:      134M (26%)         134M (26%)         134M (26%)         134M (26%)         134M (26%)         134M (26%)    
[2026-05-11T15:36:26.582+0100][2.902s][info][gc,heap     ] GC(48) Y: Young Generation Statistics:
[2026-05-11T15:36:26.582+0100][2.902s][info][gc,heap     ] GC(48) Y:                Mark Start          Mark End        Relocate Start      Relocate End    
[2026-05-11T15:36:26.582+0100][2.902s][info][gc,heap     ] GC(48) Y:      Used:       46M (9%)           46M (9%)            0M (0%)            0M (0%)     
[2026-05-11T15:36:26.582+0100][2.902s][info][gc,heap     ] GC(48) Y:      Live:         -                43M (8%)            0M (0%)            0M (0%)     
[2026-05-11T15:36:26.582+0100][2.902s][info][gc,heap     ] GC(48) Y:   Garbage:         -                 2M (0%)            0M (0%)            0M (0%)     
[2026-05-11T15:36:26.582+0100][2.902s][info][gc,heap     ] GC(48) Y: Allocated:         -                 0M (0%)            0M (0%)            0M (0%)     
[2026-05-11T15:36:26.582+0100][2.902s][info][gc,heap     ] GC(48) Y: Reclaimed:         -                  -                 2M (0%)            2M (0%)     
[2026-05-11T15:36:26.582+0100][2.902s][info][gc,heap     ] GC(48) Y:  Promoted:         -                  -                43M (8%)           43M (8%)     
[2026-05-11T15:36:26.582+0100][2.902s][info][gc,heap     ] GC(48) Y: Compacted:         -                  -                  -                 0M (0%)     
[2026-05-11T15:36:26.582+0100][2.902s][info][gc,phases   ] GC(48) Y: Young Generation (Promote All) 134M(26%)->134M(26%) 0.030s
[2026-05-11T15:36:26.582+0100][2.902s][info][gc,phases   ] GC(48) Y: Young Generation (Collect Roots)
[2026-05-11T15:36:26.582+0100][2.902s][info][gc,phases   ] GC(48) Y: Pause Mark Start (Major) 0.007ms
[2026-05-11T15:36:26.586+0100][2.906s][info][gc,phases   ] GC(48) Y: Concurrent Mark 3.763ms
[2026-05-11T15:36:26.586+0100][2.906s][info][gc,phases   ] GC(48) Y: Pause Mark End 0.007ms
[2026-05-11T15:36:26.586+0100][2.906s][info][gc,phases   ] GC(48) Y: Concurrent Mark Free 0.000ms
[2026-05-11T15:36:26.586+0100][2.906s][info][gc,phases   ] GC(48) Y: Concurrent Reset Relocation Set 0.019ms
[2026-05-11T15:36:26.586+0100][2.906s][info][gc,reloc    ] GC(48) Y: Using tenuring threshold: 0 (Computed)
[2026-05-11T15:36:26.586+0100][2.906s][info][gc,phases   ] GC(48) Y: Concurrent Select Relocation Set 0.032ms
[2026-05-11T15:36:26.586+0100][2.906s][info][gc,phases   ] GC(48) Y: Pause Relocate Start 0.002ms
[2026-05-11T15:36:26.586+0100][2.906s][info][gc,phases   ] GC(48) Y: Concurrent Relocate 0.014ms
[2026-05-11T15:36:26.586+0100][2.906s][info][gc,alloc    ] GC(48) Y:                         Mark Start        Mark End      Relocate Start    Relocate End   
[2026-05-11T15:36:26.586+0100][2.906s][info][gc,alloc    ] GC(48) Y: Allocation Stalls:          0                0                0                0         
[2026-05-11T15:36:26.586+0100][2.906s][info][gc,load     ] GC(48) Y: Load: 3.71 (46%) / 3.50 (44%) / 2.52 (31%)
[2026-05-11T15:36:26.586+0100][2.906s][info][gc,mmu      ] GC(48) Y: MMU: 2ms/98.4%, 5ms/99.2%, 10ms/99.5%, 20ms/99.6%, 50ms/99.8%, 100ms/99.9%
[2026-05-11T15:36:26.586+0100][2.906s][info][gc,marking  ] GC(48) Y: Mark: 2 stripe(s), 1 proactive flush(es), 1 terminate flush(es), 0 completion(s), 0 continuation(s) 
[2026-05-11T15:36:26.586+0100][2.906s][info][gc,nmethod  ] GC(48) Y: NMethods: 689 registered, 7 unregistered
[2026-05-11T15:36:26.586+0100][2.906s][info][gc,metaspace] GC(48) Y: Metaspace: 2M used, 2M committed, 1088M reserved
[2026-05-11T15:36:26.586+0100][2.906s][info][gc,heap     ] GC(48) Y: Min Capacity: 256M(50%)
[2026-05-11T15:36:26.586+0100][2.906s][info][gc,heap     ] GC(48) Y: Max Capacity: 512M(100%)
[2026-05-11T15:36:26.586+0100][2.906s][info][gc,heap     ] GC(48) Y: Soft Max Capacity: 512M(100%)
[2026-05-11T15:36:26.586+0100][2.906s][info][gc,heap     ] GC(48) Y: Heap Statistics:
[2026-05-11T15:36:26.586+0100][2.906s][info][gc,heap     ] GC(48) Y:                Mark Start          Mark End        Relocate Start      Relocate End           High               Low         
[2026-05-11T15:36:26.586+0100][2.906s][info][gc,heap     ] GC(48) Y:  Capacity:      480M (94%)         480M (94%)         480M (94%)         480M (94%)         480M (94%)         480M (94%)    
[2026-05-11T15:36:26.586+0100][2.906s][info][gc,heap     ] GC(48) Y:      Free:      378M (74%)         378M (74%)         378M (74%)         378M (74%)         378M (74%)         378M (74%)    
[2026-05-11T15:36:26.586+0100][2.906s][info][gc,heap     ] GC(48) Y:      Used:      134M (26%)         134M (26%)         134M (26%)         134M (26%)         134M (26%)         134M (26%)    
[2026-05-11T15:36:26.586+0100][2.906s][info][gc,heap     ] GC(48) Y: Young Generation Statistics:
[2026-05-11T15:36:26.586+0100][2.906s][info][gc,heap     ] GC(48) Y:                Mark Start          Mark End        Relocate Start      Relocate End    
[2026-05-11T15:36:26.586+0100][2.906s][info][gc,heap     ] GC(48) Y:      Used:        0M (0%)            0M (0%)            0M (0%)            0M (0%)     
[2026-05-11T15:36:26.586+0100][2.906s][info][gc,heap     ] GC(48) Y:      Live:         -                 0M (0%)            0M (0%)            0M (0%)     
[2026-05-11T15:36:26.586+0100][2.906s][info][gc,heap     ] GC(48) Y:   Garbage:         -                 0M (0%)            0M (0%)            0M (0%)     
[2026-05-11T15:36:26.586+0100][2.906s][info][gc,heap     ] GC(48) Y: Allocated:         -                 0M (0%)            0M (0%)            0M (0%)     
[2026-05-11T15:36:26.586+0100][2.906s][info][gc,heap     ] GC(48) Y: Reclaimed:         -                  -                 0M (0%)            0M (0%)     
[2026-05-11T15:36:26.586+0100][2.906s][info][gc,heap     ] GC(48) Y:  Promoted:         -                  -                 0M (0%)            0M (0%)     
[2026-05-11T15:36:26.586+0100][2.906s][info][gc,heap     ] GC(48) Y: Compacted:         -                  -                  -                 0M (0%)     
[2026-05-11T15:36:26.586+0100][2.906s][info][gc,phases   ] GC(48) Y: Young Generation (Collect Roots) 134M(26%)->134M(26%) 0.004s
[2026-05-11T15:36:26.586+0100][2.906s][info][gc,phases   ] GC(48) O: Old Generation
[2026-05-11T15:36:26.606+0100][2.926s][info][gc,phases   ] GC(48) O: Concurrent Mark 19.819ms
[2026-05-11T15:36:26.606+0100][2.926s][info][gc,phases   ] GC(48) O: Pause Mark End 0.011ms
[2026-05-11T15:36:26.606+0100][2.926s][info][gc,phases   ] GC(48) O: Concurrent Mark Free 0.002ms
[2026-05-11T15:36:26.607+0100][2.927s][info][gc,phases   ] GC(48) O: Concurrent Process Non-Strong 0.632ms
[2026-05-11T15:36:26.607+0100][2.927s][info][gc,phases   ] GC(48) O: Concurrent Reset Relocation Set 0.000ms
[2026-05-11T15:36:26.607+0100][2.927s][info][gc,phases   ] GC(48) O: Concurrent Select Relocation Set 0.051ms
[2026-05-11T15:36:26.607+0100][2.927s][info][gc,task     ] GC(48) O: Using 2 Workers for Old Generation
[2026-05-11T15:36:26.607+0100][2.927s][info][gc,task     ] GC(48) O: Using 2 Workers for Old Generation
[2026-05-11T15:36:26.607+0100][2.927s][info][gc,phases   ] GC(48) O: Concurrent Remap Roots 0.365ms
[2026-05-11T15:36:26.607+0100][2.927s][info][gc,phases   ] GC(48) O: Pause Relocate Start 0.003ms
[2026-05-11T15:36:26.608+0100][2.928s][info][gc,phases   ] GC(48) O: Concurrent Relocate 0.847ms
[2026-05-11T15:36:26.608+0100][2.928s][info][gc,alloc    ] GC(48) O:                         Mark Start        Mark End      Relocate Start    Relocate End   
[2026-05-11T15:36:26.608+0100][2.928s][info][gc,alloc    ] GC(48) O: Allocation Stalls:          0                0                0                0         
[2026-05-11T15:36:26.608+0100][2.928s][info][gc,load     ] GC(48) O: Load: 3.71 (46%) / 3.50 (44%) / 2.52 (31%)
[2026-05-11T15:36:26.608+0100][2.928s][info][gc,mmu      ] GC(48) O: MMU: 2ms/98.4%, 5ms/99.2%, 10ms/99.5%, 20ms/99.6%, 50ms/99.8%, 100ms/99.9%
[2026-05-11T15:36:26.608+0100][2.928s][info][gc,marking  ] GC(48) O: Mark: 2 stripe(s), 1 proactive flush(es), 1 terminate flush(es), 0 completion(s), 0 continuation(s) 
[2026-05-11T15:36:26.608+0100][2.928s][info][gc,nmethod  ] GC(48) O: NMethods: 684 registered, 12 unregistered
[2026-05-11T15:36:26.608+0100][2.928s][info][gc,metaspace] GC(48) O: Metaspace: 2M used, 2M committed, 1088M reserved
[2026-05-11T15:36:26.608+0100][2.928s][info][gc,ref      ] GC(48) O:                       Encountered   Discovered     Enqueued 
[2026-05-11T15:36:26.608+0100][2.928s][info][gc,ref      ] GC(48) O: Soft References:              127            0            0 
[2026-05-11T15:36:26.608+0100][2.928s][info][gc,ref      ] GC(48) O: Weak References:              282          156            8 
[2026-05-11T15:36:26.608+0100][2.928s][info][gc,ref      ] GC(48) O: Final References:               6            6            0 
[2026-05-11T15:36:26.608+0100][2.928s][info][gc,ref      ] GC(48) O: Phantom References:             2            1            0 
[2026-05-11T15:36:26.608+0100][2.928s][info][gc,reloc    ] GC(48) O:                        Candidates     Selected     In-Place         Size        Empty    Relocated 
[2026-05-11T15:36:26.608+0100][2.928s][info][gc,reloc    ] GC(48) O: Small Pages:                   67            3            0         134M          66M           1M 
[2026-05-11T15:36:26.608+0100][2.928s][info][gc,reloc    ] GC(48) O: Medium Pages:                   0            0            0           0M           0M           0M 
[2026-05-11T15:36:26.608+0100][2.928s][info][gc,reloc    ] GC(48) O: Large Pages:                    0            0            0           0M           0M           0M 
[2026-05-11T15:36:26.608+0100][2.928s][info][gc,reloc    ] GC(48) O: Forwarding Usage: 1M
[2026-05-11T15:36:26.608+0100][2.928s][info][gc,heap     ] GC(48) O: Min Capacity: 256M(50%)
[2026-05-11T15:36:26.608+0100][2.928s][info][gc,heap     ] GC(48) O: Max Capacity: 512M(100%)
[2026-05-11T15:36:26.608+0100][2.928s][info][gc,heap     ] GC(48) O: Soft Max Capacity: 512M(100%)
[2026-05-11T15:36:26.608+0100][2.928s][info][gc,heap     ] GC(48) O: Heap Statistics:
[2026-05-11T15:36:26.608+0100][2.928s][info][gc,heap     ] GC(48) O:                Mark Start          Mark End        Relocate Start      Relocate End           High               Low         
[2026-05-11T15:36:26.608+0100][2.928s][info][gc,heap     ] GC(48) O:  Capacity:      480M (94%)         480M (94%)         480M (94%)         480M (94%)         480M (94%)         480M (94%)    
[2026-05-11T15:36:26.608+0100][2.928s][info][gc,heap     ] GC(48) O:      Free:      378M (74%)         378M (74%)         444M (87%)         448M (88%)         448M (88%)         378M (74%)    
[2026-05-11T15:36:26.608+0100][2.928s][info][gc,heap     ] GC(48) O:      Used:      134M (26%)         134M (26%)          68M (13%)          64M (12%)         134M (26%)          64M (12%)    
[2026-05-11T15:36:26.608+0100][2.928s][info][gc,heap     ] GC(48) O: Old Generation Statistics:
[2026-05-11T15:36:26.608+0100][2.928s][info][gc,heap     ] GC(48) O:                Mark Start          Mark End        Relocate Start      Relocate End    
[2026-05-11T15:36:26.608+0100][2.928s][info][gc,heap     ] GC(48) O:      Used:      134M (26%)         134M (26%)          68M (13%)          64M (12%)    
[2026-05-11T15:36:26.608+0100][2.928s][info][gc,heap     ] GC(48) O:      Live:         -                60M (12%)          60M (12%)          60M (12%)    
[2026-05-11T15:36:26.608+0100][2.928s][info][gc,heap     ] GC(48) O:   Garbage:         -                73M (14%)           7M (2%)            1M (0%)     
[2026-05-11T15:36:26.608+0100][2.928s][info][gc,heap     ] GC(48) O: Allocated:         -                 0M (0%)            0M (0%)            2M (0%)     
[2026-05-11T15:36:26.608+0100][2.928s][info][gc,heap     ] GC(48) O: Reclaimed:         -                  -                66M (13%)          72M (14%)    
[2026-05-11T15:36:26.608+0100][2.928s][info][gc,heap     ] GC(48) O: Compacted:         -                  -                  -                 1M (0%)     
[2026-05-11T15:36:26.608+0100][2.928s][info][gc,phases   ] GC(48) O: Old Generation 134M(26%)->64M(12%) 0.022s
[2026-05-11T15:36:26.608+0100][2.928s][info][gc          ] GC(48) Major Collection (System.gc()) 134M(26%)->64M(12%) 0.056s
[2026-05-11T15:36:26.702+0100][3.022s][info][gc          ] GC(49) Major Collection (Allocation Rate)
[2026-05-11T15:36:26.702+0100][3.022s][info][gc,task     ] GC(49) Using 2 Workers for Young Generation
[2026-05-11T15:36:26.702+0100][3.022s][info][gc,task     ] GC(49) Using 1 Workers for Old Generation
[2026-05-11T15:36:26.702+0100][3.022s][info][gc,phases   ] GC(49) Y: Young Generation
[2026-05-11T15:36:26.702+0100][3.022s][info][gc,phases   ] GC(49) Y: Pause Mark Start (Major) 0.007ms
[2026-05-11T15:36:26.716+0100][3.036s][info][gc,phases   ] GC(49) Y: Concurrent Mark 13.873ms
[2026-05-11T15:36:26.716+0100][3.036s][info][gc,phases   ] GC(49) Y: Pause Mark End 0.013ms
[2026-05-11T15:36:26.716+0100][3.036s][info][gc,phases   ] GC(49) Y: Concurrent Mark Free 0.002ms
[2026-05-11T15:36:26.716+0100][3.036s][info][gc,phases   ] GC(49) Y: Concurrent Reset Relocation Set 0.000ms
[2026-05-11T15:36:26.716+0100][3.036s][info][gc,reloc    ] GC(49) Y: Using tenuring threshold: 1 (Computed)
[2026-05-11T15:36:26.716+0100][3.036s][info][gc,phases   ] GC(49) Y: Concurrent Select Relocation Set 0.063ms
[2026-05-11T15:36:26.716+0100][3.036s][info][gc,phases   ] GC(49) Y: Pause Relocate Start 0.004ms
[2026-05-11T15:36:26.716+0100][3.036s][info][gc,phases   ] GC(49) Y: Concurrent Relocate 0.030ms
[2026-05-11T15:36:26.716+0100][3.036s][info][gc,alloc    ] GC(49) Y:                         Mark Start        Mark End      Relocate Start    Relocate End   
[2026-05-11T15:36:26.716+0100][3.036s][info][gc,alloc    ] GC(49) Y: Allocation Stalls:          0                0                0                0         
[2026-05-11T15:36:26.716+0100][3.036s][info][gc,load     ] GC(49) Y: Load: 3.71 (46%) / 3.50 (44%) / 2.52 (31%)
[2026-05-11T15:36:26.716+0100][3.036s][info][gc,mmu      ] GC(49) Y: MMU: 2ms/98.4%, 5ms/99.2%, 10ms/99.5%, 20ms/99.6%, 50ms/99.8%, 100ms/99.9%
[2026-05-11T15:36:26.716+0100][3.036s][info][gc,marking  ] GC(49) Y: Mark: 2 stripe(s), 10 proactive flush(es), 1 terminate flush(es), 0 completion(s), 0 continuation(s) 
[2026-05-11T15:36:26.716+0100][3.036s][info][gc,nmethod  ] GC(49) Y: NMethods: 692 registered, 12 unregistered
[2026-05-11T15:36:26.716+0100][3.036s][info][gc,metaspace] GC(49) Y: Metaspace: 2M used, 2M committed, 1088M reserved
[2026-05-11T15:36:26.716+0100][3.036s][info][gc,reloc    ] GC(49) Y:                        Candidates     Selected     In-Place         Size        Empty    Relocated 
[2026-05-11T15:36:26.716+0100][3.036s][info][gc,reloc    ] GC(49) Y: Small Pages:                   15            0            0          30M           0M           0M 
[2026-05-11T15:36:26.716+0100][3.036s][info][gc,reloc    ] GC(49) Y: Medium Pages:                   0            0            0           0M           0M           0M 
[2026-05-11T15:36:26.716+0100][3.036s][info][gc,reloc    ] GC(49) Y: Large Pages:                    0            0            0           0M           0M           0M 
[2026-05-11T15:36:26.716+0100][3.036s][info][gc,reloc    ] GC(49) Y: Forwarding Usage: 0M
[2026-05-11T15:36:26.716+0100][3.036s][info][gc,reloc    ] GC(49) Y: Age Table:
[2026-05-11T15:36:26.716+0100][3.036s][info][gc,reloc    ] GC(49) Y:                    Live             Garbage             Small              Medium             Large        
[2026-05-11T15:36:26.716+0100][3.036s][info][gc,reloc    ] GC(49) Y: Eden              27M (5%)            2M (0%)          15 / 0              0 / 0              0 / 0        
[2026-05-11T15:36:26.716+0100][3.036s][info][gc,heap     ] GC(49) Y: Min Capacity: 256M(50%)
[2026-05-11T15:36:26.716+0100][3.036s][info][gc,heap     ] GC(49) Y: Max Capacity: 512M(100%)
[2026-05-11T15:36:26.716+0100][3.036s][info][gc,heap     ] GC(49) Y: Soft Max Capacity: 512M(100%)
[2026-05-11T15:36:26.716+0100][3.036s][info][gc,heap     ] GC(49) Y: Heap Statistics:
[2026-05-11T15:36:26.716+0100][3.036s][info][gc,heap     ] GC(49) Y:                Mark Start          Mark End        Relocate Start      Relocate End           High               Low         
[2026-05-11T15:36:26.716+0100][3.037s][info][gc,heap     ] GC(49) Y:  Capacity:      480M (94%)         480M (94%)         480M (94%)         480M (94%)         480M (94%)         480M (94%)    
[2026-05-11T15:36:26.716+0100][3.037s][info][gc,heap     ] GC(49) Y:      Free:      418M (82%)         282M (55%)         280M (55%)         280M (55%)         418M (82%)         280M (55%)    
[2026-05-11T15:36:26.716+0100][3.037s][info][gc,heap     ] GC(49) Y:      Used:       94M (18%)         230M (45%)         232M (45%)         232M (45%)         232M (45%)          94M (18%)    
[2026-05-11T15:36:26.716+0100][3.037s][info][gc,heap     ] GC(49) Y: Young Generation Statistics:
[2026-05-11T15:36:26.716+0100][3.037s][info][gc,heap     ] GC(49) Y:                Mark Start          Mark End        Relocate Start      Relocate End    
[2026-05-11T15:36:26.716+0100][3.037s][info][gc,heap     ] GC(49) Y:      Used:       30M (6%)          166M (32%)         168M (33%)         168M (33%)    
[2026-05-11T15:36:26.716+0100][3.037s][info][gc,heap     ] GC(49) Y:      Live:         -                27M (5%)           27M (5%)           27M (5%)     
[2026-05-11T15:36:26.716+0100][3.037s][info][gc,heap     ] GC(49) Y:   Garbage:         -                 2M (0%)            2M (0%)            2M (0%)     
[2026-05-11T15:36:26.716+0100][3.037s][info][gc,heap     ] GC(49) Y: Allocated:         -               136M (27%)         138M (27%)         138M (27%)    
[2026-05-11T15:36:26.716+0100][3.037s][info][gc,heap     ] GC(49) Y: Reclaimed:         -                  -                 0M (0%)            0M (0%)     
[2026-05-11T15:36:26.716+0100][3.037s][info][gc,heap     ] GC(49) Y:  Promoted:         -                  -                 0M (0%)            0M (0%)     
[2026-05-11T15:36:26.716+0100][3.037s][info][gc,heap     ] GC(49) Y: Compacted:         -                  -                  -                 0M (0%)     
[2026-05-11T15:36:26.716+0100][3.037s][info][gc,phases   ] GC(49) Y: Young Generation 92M(18%)->232M(45%) 0.014s
[2026-05-11T15:36:26.716+0100][3.037s][info][gc,phases   ] GC(49) O: Old Generation
[2026-05-11T15:36:26.716+0100][3.037s][info][gc          ] GC(50) Minor Collection (Allocation Rate)
[2026-05-11T15:36:26.716+0100][3.037s][info][gc,task     ] GC(50) Using 1 Workers for Young Generation
[2026-05-11T15:36:26.716+0100][3.037s][info][gc,phases   ] GC(50) y: Young Generation
[2026-05-11T15:36:26.717+0100][3.037s][info][gc,phases   ] GC(50) y: Pause Mark Start 0.004ms
[2026-05-11T15:36:26.731+0100][3.051s][info][gc,phases   ] GC(50) y: Concurrent Mark 14.480ms
[2026-05-11T15:36:26.732+0100][3.052s][info][gc,phases   ] GC(50) y: Pause Mark End 0.008ms
[2026-05-11T15:36:26.732+0100][3.052s][info][gc,phases   ] GC(50) y: Concurrent Mark Free 0.001ms
[2026-05-11T15:36:26.732+0100][3.052s][info][gc,phases   ] GC(50) y: Concurrent Reset Relocation Set 0.000ms
[2026-05-11T15:36:26.732+0100][3.052s][info][gc,reloc    ] GC(50) y: Using tenuring threshold: 1 (Computed)
[2026-05-11T15:36:26.732+0100][3.052s][info][gc,phases   ] GC(50) y: Concurrent Select Relocation Set 0.080ms
[2026-05-11T15:36:26.732+0100][3.052s][info][gc,phases   ] GC(50) y: Pause Relocate Start 0.002ms
[2026-05-11T15:36:26.732+0100][3.052s][info][gc,phases   ] GC(50) y: Concurrent Relocate 0.471ms
[2026-05-11T15:36:26.732+0100][3.052s][info][gc,alloc    ] GC(50) y:                         Mark Start        Mark End      Relocate Start    Relocate End   
[2026-05-11T15:36:26.732+0100][3.053s][info][gc,alloc    ] GC(50) y: Allocation Stalls:          0                0                0                0         
[2026-05-11T15:36:26.732+0100][3.053s][info][gc,load     ] GC(50) y: Load: 3.71 (46%) / 3.50 (44%) / 2.52 (31%)
[2026-05-11T15:36:26.732+0100][3.053s][info][gc,mmu      ] GC(50) y: MMU: 2ms/98.4%, 5ms/99.2%, 10ms/99.5%, 20ms/99.6%, 50ms/99.8%, 100ms/99.9%
[2026-05-11T15:36:26.732+0100][3.053s][info][gc,marking  ] GC(50) y: Mark: 1 stripe(s), 1 proactive flush(es), 1 terminate flush(es), 0 completion(s), 0 continuation(s) 
[2026-05-11T15:36:26.732+0100][3.053s][info][gc,nmethod  ] GC(50) y: NMethods: 694 registered, 12 unregistered
[2026-05-11T15:36:26.732+0100][3.053s][info][gc,metaspace] GC(50) y: Metaspace: 2M used, 2M committed, 1088M reserved
[2026-05-11T15:36:26.732+0100][3.053s][info][gc,reloc    ] GC(50) y:                        Candidates     Selected     In-Place         Size        Empty    Relocated 
[2026-05-11T15:36:26.732+0100][3.053s][info][gc,reloc    ] GC(50) y: Small Pages:                   86            1            0         172M         136M           0M 
[2026-05-11T15:36:26.732+0100][3.053s][info][gc,reloc    ] GC(50) y: Medium Pages:                   0            0            0           0M           0M           0M 
[2026-05-11T15:36:26.732+0100][3.053s][info][gc,reloc    ] GC(50) y: Large Pages:                    0            0            0           0M           0M           0M 
[2026-05-11T15:36:26.732+0100][3.053s][info][gc,reloc    ] GC(50) y: Forwarding Usage: 0M
[2026-05-11T15:36:26.732+0100][3.053s][info][gc,reloc    ] GC(50) y: Age Table:
[2026-05-11T15:36:26.732+0100][3.053s][info][gc,reloc    ] GC(50) y:                    Live             Garbage             Small              Medium             Large        
[2026-05-11T15:36:26.732+0100][3.053s][info][gc,reloc    ] GC(50) y: Eden              33M (6%)          108M (21%)         71 / 1              0 / 0              0 / 0        
[2026-05-11T15:36:26.732+0100][3.053s][info][gc,reloc    ] GC(50) y: Survivor 1          -                30M (6%)          15 / 0              0 / 0              0 / 0        
[2026-05-11T15:36:26.732+0100][3.053s][info][gc,heap     ] GC(50) y: Min Capacity: 256M(50%)
[2026-05-11T15:36:26.732+0100][3.053s][info][gc,heap     ] GC(50) y: Max Capacity: 512M(100%)
[2026-05-11T15:36:26.732+0100][3.053s][info][gc,heap     ] GC(50) y: Soft Max Capacity: 512M(100%)
[2026-05-11T15:36:26.732+0100][3.053s][info][gc,heap     ] GC(50) y: Heap Statistics:
[2026-05-11T15:36:26.732+0100][3.053s][info][gc,heap     ] GC(50) y:                Mark Start          Mark End        Relocate Start      Relocate End           High               Low         
[2026-05-11T15:36:26.732+0100][3.053s][info][gc,heap     ] GC(50) y:  Capacity:      480M (94%)         480M (94%)         480M (94%)         480M (94%)         480M (94%)         480M (94%)    
[2026-05-11T15:36:26.732+0100][3.053s][info][gc,heap     ] GC(50) y:      Free:      276M (54%)         164M (32%)         300M (59%)         302M (59%)         302M (59%)         164M (32%)    
[2026-05-11T15:36:26.732+0100][3.053s][info][gc,heap     ] GC(50) y:      Used:      236M (46%)         348M (68%)         212M (41%)         210M (41%)         348M (68%)         210M (41%)    
[2026-05-11T15:36:26.732+0100][3.053s][info][gc,heap     ] GC(50) y: Young Generation Statistics:
[2026-05-11T15:36:26.732+0100][3.053s][info][gc,heap     ] GC(50) y:                Mark Start          Mark End        Relocate Start      Relocate End    
[2026-05-11T15:36:26.732+0100][3.053s][info][gc,heap     ] GC(50) y:      Used:      172M (34%)         284M (55%)         148M (29%)         146M (29%)    
[2026-05-11T15:36:26.732+0100][3.053s][info][gc,heap     ] GC(50) y:      Live:         -                33M (6%)           33M (6%)           33M (6%)     
[2026-05-11T15:36:26.732+0100][3.053s][info][gc,heap     ] GC(50) y:   Garbage:         -               138M (27%)           2M (1%)            0M (0%)     
[2026-05-11T15:36:26.732+0100][3.053s][info][gc,heap     ] GC(50) y: Allocated:         -               112M (22%)         112M (22%)         112M (22%)    
[2026-05-11T15:36:26.732+0100][3.053s][info][gc,heap     ] GC(50) y: Reclaimed:         -                  -               136M (27%)         138M (27%)    
[2026-05-11T15:36:26.732+0100][3.053s][info][gc,heap     ] GC(50) y:  Promoted:         -                  -                 0M (0%)            0M (0%)     
[2026-05-11T15:36:26.732+0100][3.053s][info][gc,heap     ] GC(50) y: Compacted:         -                  -                  -                 1M (0%)     
[2026-05-11T15:36:26.732+0100][3.053s][info][gc,phases   ] GC(50) y: Young Generation 236M(46%)->210M(41%) 0.016s
[2026-05-11T15:36:26.732+0100][3.053s][info][gc          ] GC(50) Minor Collection (Allocation Rate) 236M(46%)->210M(41%) 0.016s
[2026-05-11T15:36:26.741+0100][3.061s][info][gc          ] GC(51) Minor Collection (Allocation Rate)
[2026-05-11T15:36:26.741+0100][3.061s][info][gc,task     ] GC(51) Using 1 Workers for Young Generation
[2026-05-11T15:36:26.741+0100][3.061s][info][gc,phases   ] GC(51) y: Young Generation
[2026-05-11T15:36:26.741+0100][3.061s][info][gc,phases   ] GC(51) y: Pause Mark Start 0.006ms
[2026-05-11T15:36:26.751+0100][3.071s][info][gc,phases   ] GC(49) O: Concurrent Mark 34.916ms
[2026-05-11T15:36:26.751+0100][3.072s][info][gc,phases   ] GC(49) O: Pause Mark End 0.008ms
[2026-05-11T15:36:26.751+0100][3.072s][info][gc,phases   ] GC(49) O: Concurrent Mark Free 0.001ms
[2026-05-11T15:36:26.752+0100][3.073s][info][gc,phases   ] GC(49) O: Concurrent Process Non-Strong 0.927ms
[2026-05-11T15:36:26.752+0100][3.073s][info][gc,phases   ] GC(49) O: Concurrent Reset Relocation Set 0.001ms
[2026-05-11T15:36:26.752+0100][3.073s][info][gc,phases   ] GC(49) O: Concurrent Select Relocation Set 0.065ms
[2026-05-11T15:36:26.758+0100][3.079s][info][gc,phases   ] GC(51) y: Concurrent Mark 17.559ms
[2026-05-11T15:36:26.759+0100][3.079s][info][gc,phases   ] GC(51) y: Pause Mark End 0.009ms
[2026-05-11T15:36:26.759+0100][3.079s][info][gc,phases   ] GC(51) y: Concurrent Mark Free 0.001ms
[2026-05-11T15:36:26.759+0100][3.079s][info][gc,phases   ] GC(51) y: Concurrent Reset Relocation Set 0.000ms
[2026-05-11T15:36:26.759+0100][3.079s][info][gc,reloc    ] GC(51) y: Using tenuring threshold: 1 (Computed)
[2026-05-11T15:36:26.759+0100][3.079s][info][gc,phases   ] GC(51) y: Concurrent Select Relocation Set 0.073ms
[2026-05-11T15:36:26.759+0100][3.079s][info][gc,phases   ] GC(51) y: Pause Relocate Start 0.003ms
[2026-05-11T15:36:26.759+0100][3.079s][info][gc,phases   ] GC(51) y: Concurrent Relocate 0.012ms
[2026-05-11T15:36:26.759+0100][3.079s][info][gc,alloc    ] GC(51) y:                         Mark Start        Mark End      Relocate Start    Relocate End   
[2026-05-11T15:36:26.759+0100][3.079s][info][gc,alloc    ] GC(51) y: Allocation Stalls:          0                0                0                0         
[2026-05-11T15:36:26.759+0100][3.079s][info][gc,load     ] GC(51) y: Load: 3.71 (46%) / 3.50 (44%) / 2.52 (31%)
[2026-05-11T15:36:26.759+0100][3.079s][info][gc,mmu      ] GC(51) y: MMU: 2ms/98.4%, 5ms/99.2%, 10ms/99.5%, 20ms/99.6%, 50ms/99.8%, 100ms/99.9%
[2026-05-11T15:36:26.759+0100][3.079s][info][gc,marking  ] GC(51) y: Mark: 1 stripe(s), 1 proactive flush(es), 1 terminate flush(es), 0 completion(s), 0 continuation(s) 
[2026-05-11T15:36:26.759+0100][3.079s][info][gc,nmethod  ] GC(51) y: NMethods: 700 registered, 14 unregistered
[2026-05-11T15:36:26.759+0100][3.079s][info][gc,metaspace] GC(51) y: Metaspace: 2M used, 2M committed, 1088M reserved
[2026-05-11T15:36:26.759+0100][3.079s][info][gc,reloc    ] GC(51) y:                        Candidates     Selected     In-Place         Size        Empty    Relocated 
[2026-05-11T15:36:26.759+0100][3.079s][info][gc,reloc    ] GC(51) y: Small Pages:                   89            0            0         178M         136M           0M 
[2026-05-11T15:36:26.759+0100][3.079s][info][gc,reloc    ] GC(51) y: Medium Pages:                   0            0            0           0M           0M           0M 
[2026-05-11T15:36:26.759+0100][3.079s][info][gc,reloc    ] GC(51) y: Large Pages:                    0            0            0           0M           0M           0M 
[2026-05-11T15:36:26.759+0100][3.079s][info][gc,reloc    ] GC(51) y: Forwarding Usage: 0M
[2026-05-11T15:36:26.759+0100][3.079s][info][gc,reloc    ] GC(51) y: Age Table:
[2026-05-11T15:36:26.759+0100][3.079s][info][gc,reloc    ] GC(51) y:                    Live             Garbage             Small              Medium             Large        
[2026-05-11T15:36:26.759+0100][3.079s][info][gc,reloc    ] GC(51) y: Eden              41M (8%)          102M (20%)         72 / 0              0 / 0              0 / 0        
[2026-05-11T15:36:26.759+0100][3.079s][info][gc,reloc    ] GC(51) y: Survivor 1          -                34M (7%)          17 / 0              0 / 0              0 / 0        
[2026-05-11T15:36:26.759+0100][3.079s][info][gc,heap     ] GC(51) y: Min Capacity: 256M(50%)
[2026-05-11T15:36:26.759+0100][3.079s][info][gc,heap     ] GC(51) y: Max Capacity: 512M(100%)
[2026-05-11T15:36:26.759+0100][3.079s][info][gc,heap     ] GC(51) y: Soft Max Capacity: 512M(100%)
[2026-05-11T15:36:26.759+0100][3.079s][info][gc,heap     ] GC(51) y: Heap Statistics:
[2026-05-11T15:36:26.759+0100][3.079s][info][gc,heap     ] GC(51) y:                Mark Start          Mark End        Relocate Start      Relocate End           High               Low         
[2026-05-11T15:36:26.759+0100][3.079s][info][gc,heap     ] GC(51) y:  Capacity:      480M (94%)         480M (94%)         480M (94%)         480M (94%)         480M (94%)         480M (94%)    
[2026-05-11T15:36:26.759+0100][3.079s][info][gc,heap     ] GC(51) y:      Free:      270M (53%)         174M (34%)         310M (61%)         310M (61%)         310M (61%)         174M (34%)    
[2026-05-11T15:36:26.759+0100][3.079s][info][gc,heap     ] GC(51) y:      Used:      242M (47%)         338M (66%)         202M (39%)         202M (39%)         338M (66%)         202M (39%)    
[2026-05-11T15:36:26.759+0100][3.079s][info][gc,heap     ] GC(51) y: Young Generation Statistics:
[2026-05-11T15:36:26.759+0100][3.079s][info][gc,heap     ] GC(51) y:                Mark Start          Mark End        Relocate Start      Relocate End    
[2026-05-11T15:36:26.759+0100][3.079s][info][gc,heap     ] GC(51) y:      Used:      178M (35%)         274M (54%)         138M (27%)         138M (27%)    
[2026-05-11T15:36:26.759+0100][3.079s][info][gc,heap     ] GC(51) y:      Live:         -                41M (8%)           41M (8%)           41M (8%)     
[2026-05-11T15:36:26.759+0100][3.079s][info][gc,heap     ] GC(51) y:   Garbage:         -               136M (27%)           0M (0%)            0M (0%)     
[2026-05-11T15:36:26.759+0100][3.079s][info][gc,heap     ] GC(51) y: Allocated:         -                96M (19%)          96M (19%)          96M (19%)    
[2026-05-11T15:36:26.759+0100][3.079s][info][gc,heap     ] GC(51) y: Reclaimed:         -                  -               136M (27%)         136M (27%)    
[2026-05-11T15:36:26.759+0100][3.079s][info][gc,heap     ] GC(51) y:  Promoted:         -                  -                 0M (0%)            0M (0%)     
[2026-05-11T15:36:26.759+0100][3.079s][info][gc,heap     ] GC(51) y: Compacted:         -                  -                  -                 0M (0%)     
[2026-05-11T15:36:26.759+0100][3.079s][info][gc,phases   ] GC(51) y: Young Generation 242M(47%)->202M(39%) 0.018s
[2026-05-11T15:36:26.759+0100][3.079s][info][gc          ] GC(51) Minor Collection (Allocation Rate) 240M(47%)->202M(39%) 0.018s
[2026-05-11T15:36:26.759+0100][3.079s][info][gc,task     ] GC(49) O: Using 2 Workers for Old Generation
[2026-05-11T15:36:26.759+0100][3.080s][info][gc,task     ] GC(49) O: Using 1 Workers for Old Generation
[2026-05-11T15:36:26.759+0100][3.080s][info][gc,phases   ] GC(49) O: Concurrent Remap Roots 0.464ms
[2026-05-11T15:36:26.759+0100][3.080s][info][gc,phases   ] GC(49) O: Pause Relocate Start 0.002ms
[2026-05-11T15:36:26.759+0100][3.080s][info][gc          ] GC(52) Minor Collection (Allocation Rate)
[2026-05-11T15:36:26.759+0100][3.080s][info][gc,task     ] GC(52) Using 1 Workers for Young Generation
[2026-05-11T15:36:26.759+0100][3.080s][info][gc,phases   ] GC(52) y: Young Generation
[2026-05-11T15:36:26.759+0100][3.080s][info][gc,phases   ] GC(52) y: Pause Mark Start 0.005ms
[2026-05-11T15:36:26.760+0100][3.081s][info][gc,phases   ] GC(52) y: Concurrent Mark 0.999ms
[2026-05-11T15:36:26.761+0100][3.081s][info][gc,phases   ] GC(52) y: Pause Mark End 0.009ms
[2026-05-11T15:36:26.761+0100][3.081s][info][gc,phases   ] GC(52) y: Concurrent Mark Free 0.000ms
[2026-05-11T15:36:26.761+0100][3.081s][info][gc,phases   ] GC(52) y: Concurrent Reset Relocation Set 0.000ms
[2026-05-11T15:36:26.761+0100][3.081s][info][gc,reloc    ] GC(52) y: Using tenuring threshold: 1 (Computed)
[2026-05-11T15:36:26.761+0100][3.081s][info][gc,phases   ] GC(49) O: Concurrent Relocate 1.650ms
[2026-05-11T15:36:26.761+0100][3.081s][info][gc,phases   ] GC(52) y: Concurrent Select Relocation Set 0.068ms
[2026-05-11T15:36:26.761+0100][3.081s][info][gc,phases   ] GC(52) y: Pause Relocate Start 0.008ms
[2026-05-11T15:36:26.761+0100][3.081s][info][gc,phases   ] GC(52) y: Concurrent Relocate 0.067ms
[2026-05-11T15:36:26.761+0100][3.081s][info][gc,alloc    ] GC(52) y:                         Mark Start        Mark End      Relocate Start    Relocate End   
[2026-05-11T15:36:26.761+0100][3.081s][info][gc,alloc    ] GC(52) y: Allocation Stalls:          0                0                0                0         
[2026-05-11T15:36:26.761+0100][3.081s][info][gc,load     ] GC(52) y: Load: 3.71 (46%) / 3.50 (44%) / 2.52 (31%)
[2026-05-11T15:36:26.761+0100][3.081s][info][gc,mmu      ] GC(52) y: MMU: 2ms/98.4%, 5ms/99.2%, 10ms/99.5%, 20ms/99.6%, 50ms/99.8%, 100ms/99.9%
[2026-05-11T15:36:26.761+0100][3.081s][info][gc,marking  ] GC(52) y: Mark: 1 stripe(s), 1 proactive flush(es), 1 terminate flush(es), 0 completion(s), 0 continuation(s) 
[2026-05-11T15:36:26.761+0100][3.081s][info][gc,nmethod  ] GC(52) y: NMethods: 700 registered, 14 unregistered
[2026-05-11T15:36:26.761+0100][3.081s][info][gc,metaspace] GC(52) y: Metaspace: 2M used, 2M committed, 1088M reserved
[2026-05-11T15:36:26.761+0100][3.081s][info][gc,reloc    ] GC(52) y:                        Candidates     Selected     In-Place         Size        Empty    Relocated 
[2026-05-11T15:36:26.761+0100][3.081s][info][gc,reloc    ] GC(52) y: Small Pages:                   69            1            0         138M         134M           0M 
[2026-05-11T15:36:26.761+0100][3.081s][info][gc,reloc    ] GC(52) y: Medium Pages:                   0            0            0           0M           0M           0M 
[2026-05-11T15:36:26.761+0100][3.081s][info][gc,reloc    ] GC(52) y: Large Pages:                    0            0            0           0M           0M           0M 
[2026-05-11T15:36:26.761+0100][3.081s][info][gc,reloc    ] GC(52) y: Forwarding Usage: 0M
[2026-05-11T15:36:26.761+0100][3.081s][info][gc,reloc    ] GC(52) y: Age Table:
[2026-05-11T15:36:26.761+0100][3.081s][info][gc,reloc    ] GC(52) y:                    Live             Garbage             Small              Medium             Large        
[2026-05-11T15:36:26.761+0100][3.081s][info][gc,reloc    ] GC(52) y: Eden               0M (0%)           95M (19%)         48 / 1              0 / 0              0 / 0        
[2026-05-11T15:36:26.761+0100][3.081s][info][gc,reloc    ] GC(52) y: Survivor 1          -                42M (8%)          21 / 0              0 / 0              0 / 0        
[2026-05-11T15:36:26.761+0100][3.082s][info][gc,heap     ] GC(52) y: Min Capacity: 256M(50%)
[2026-05-11T15:36:26.761+0100][3.082s][info][gc,heap     ] GC(52) y: Max Capacity: 512M(100%)
[2026-05-11T15:36:26.761+0100][3.082s][info][gc,heap     ] GC(52) y: Soft Max Capacity: 512M(100%)
[2026-05-11T15:36:26.761+0100][3.082s][info][gc,heap     ] GC(52) y: Heap Statistics:
[2026-05-11T15:36:26.761+0100][3.082s][info][gc,heap     ] GC(52) y:                Mark Start          Mark End        Relocate Start      Relocate End           High               Low         
[2026-05-11T15:36:26.761+0100][3.082s][info][gc,heap     ] GC(52) y:  Capacity:      480M (94%)         480M (94%)         480M (94%)         480M (94%)         480M (94%)         480M (94%)    
[2026-05-11T15:36:26.761+0100][3.082s][info][gc,heap     ] GC(52) y:      Free:      310M (61%)         310M (61%)         444M (87%)         446M (87%)         446M (87%)         308M (60%)    
[2026-05-11T15:36:26.761+0100][3.082s][info][gc,heap     ] GC(52) y:      Used:      202M (39%)         202M (39%)          68M (13%)          66M (13%)         204M (40%)          66M (13%)    
[2026-05-11T15:36:26.761+0100][3.082s][info][gc,heap     ] GC(52) y: Young Generation Statistics:
[2026-05-11T15:36:26.761+0100][3.082s][info][gc,heap     ] GC(52) y:                Mark Start          Mark End        Relocate Start      Relocate End    
[2026-05-11T15:36:26.761+0100][3.082s][info][gc,heap     ] GC(52) y:      Used:      138M (27%)         138M (27%)           4M (1%)            2M (0%)     
[2026-05-11T15:36:26.761+0100][3.082s][info][gc,heap     ] GC(52) y:      Live:         -                 0M (0%)            0M (0%)            0M (0%)     
[2026-05-11T15:36:26.761+0100][3.082s][info][gc,heap     ] GC(52) y:   Garbage:         -               137M (27%)           3M (1%)            0M (0%)     
[2026-05-11T15:36:26.761+0100][3.082s][info][gc,heap     ] GC(52) y: Allocated:         -                 0M (0%)            0M (0%)            1M (0%)     
[2026-05-11T15:36:26.761+0100][3.082s][info][gc,heap     ] GC(52) y: Reclaimed:         -                  -               134M (26%)         137M (27%)    
[2026-05-11T15:36:26.761+0100][3.082s][info][gc,heap     ] GC(52) y:  Promoted:         -                  -                 0M (0%)            0M (0%)     
[2026-05-11T15:36:26.761+0100][3.082s][info][gc,heap     ] GC(52) y: Compacted:         -                  -                  -                 0M (0%)     
[2026-05-11T15:36:26.761+0100][3.082s][info][gc,phases   ] GC(52) y: Young Generation 202M(39%)->66M(13%) 0.002s
[2026-05-11T15:36:26.761+0100][3.082s][info][gc          ] GC(52) Minor Collection (Allocation Rate) 202M(39%)->66M(13%) 0.002s
[2026-05-11T15:36:26.761+0100][3.082s][info][gc,alloc    ] GC(49) O:                         Mark Start        Mark End      Relocate Start    Relocate End   
[2026-05-11T15:36:26.761+0100][3.082s][info][gc,alloc    ] GC(49) O: Allocation Stalls:          0                0                0                0         
[2026-05-11T15:36:26.761+0100][3.082s][info][gc,load     ] GC(49) O: Load: 3.71 (46%) / 3.50 (44%) / 2.52 (31%)
[2026-05-11T15:36:26.761+0100][3.082s][info][gc,mmu      ] GC(49) O: MMU: 2ms/98.4%, 5ms/99.2%, 10ms/99.5%, 20ms/99.6%, 50ms/99.8%, 100ms/99.9%
[2026-05-11T15:36:26.761+0100][3.082s][info][gc,marking  ] GC(49) O: Mark: 1 stripe(s), 2 proactive flush(es), 1 terminate flush(es), 0 completion(s), 0 continuation(s) 
[2026-05-11T15:36:26.761+0100][3.082s][info][gc,nmethod  ] GC(49) O: NMethods: 700 registered, 14 unregistered
[2026-05-11T15:36:26.761+0100][3.082s][info][gc,metaspace] GC(49) O: Metaspace: 2M used, 2M committed, 1088M reserved
[2026-05-11T15:36:26.761+0100][3.082s][info][gc,ref      ] GC(49) O:                       Encountered   Discovered     Enqueued 
[2026-05-11T15:36:26.761+0100][3.082s][info][gc,ref      ] GC(49) O: Soft References:              127            0            0 
[2026-05-11T15:36:26.761+0100][3.082s][info][gc,ref      ] GC(49) O: Weak References:              277          230            0 
[2026-05-11T15:36:26.761+0100][3.082s][info][gc,ref      ] GC(49) O: Final References:               6            6            0 
[2026-05-11T15:36:26.761+0100][3.082s][info][gc,ref      ] GC(49) O: Phantom References:             2            1            0 
[2026-05-11T15:36:26.761+0100][3.082s][info][gc,reloc    ] GC(49) O:                        Candidates     Selected     In-Place         Size        Empty    Relocated 
[2026-05-11T15:36:26.761+0100][3.082s][info][gc,reloc    ] GC(49) O: Small Pages:                   32            1            0          64M           0M           1M 
[2026-05-11T15:36:26.761+0100][3.082s][info][gc,reloc    ] GC(49) O: Medium Pages:                   0            0            0           0M           0M           0M 
[2026-05-11T15:36:26.761+0100][3.082s][info][gc,reloc    ] GC(49) O: Large Pages:                    0            0            0           0M           0M           0M 
[2026-05-11T15:36:26.761+0100][3.082s][info][gc,reloc    ] GC(49) O: Forwarding Usage: 1M
[2026-05-11T15:36:26.761+0100][3.082s][info][gc,heap     ] GC(49) O: Min Capacity: 256M(50%)
[2026-05-11T15:36:26.761+0100][3.082s][info][gc,heap     ] GC(49) O: Max Capacity: 512M(100%)
[2026-05-11T15:36:26.761+0100][3.082s][info][gc,heap     ] GC(49) O: Soft Max Capacity: 512M(100%)
[2026-05-11T15:36:26.761+0100][3.082s][info][gc,heap     ] GC(49) O: Heap Statistics:
[2026-05-11T15:36:26.761+0100][3.082s][info][gc,heap     ] GC(49) O:                Mark Start          Mark End        Relocate Start      Relocate End           High               Low         
[2026-05-11T15:36:26.761+0100][3.082s][info][gc,heap     ] GC(49) O:  Capacity:      480M (94%)         480M (94%)         480M (94%)         480M (94%)         480M (94%)         480M (94%)    
[2026-05-11T15:36:26.761+0100][3.082s][info][gc,heap     ] GC(49) O:      Free:      418M (82%)         174M (34%)         310M (61%)         444M (87%)         444M (87%)         164M (32%)    
[2026-05-11T15:36:26.761+0100][3.082s][info][gc,heap     ] GC(49) O:      Used:       94M (18%)         338M (66%)         202M (39%)          68M (13%)         348M (68%)          68M (13%)    
[2026-05-11T15:36:26.761+0100][3.082s][info][gc,heap     ] GC(49) O: Old Generation Statistics:
[2026-05-11T15:36:26.761+0100][3.082s][info][gc,heap     ] GC(49) O:                Mark Start          Mark End        Relocate Start      Relocate End    
[2026-05-11T15:36:26.761+0100][3.082s][info][gc,heap     ] GC(49) O:      Used:       64M (12%)          64M (12%)          64M (12%)          64M (12%)    
[2026-05-11T15:36:26.761+0100][3.082s][info][gc,heap     ] GC(49) O:      Live:         -                60M (12%)          60M (12%)          60M (12%)    
[2026-05-11T15:36:26.762+0100][3.082s][info][gc,heap     ] GC(49) O:   Garbage:         -                 3M (1%)            3M (1%)            1M (0%)     
[2026-05-11T15:36:26.762+0100][3.082s][info][gc,heap     ] GC(49) O: Allocated:         -                 0M (0%)            0M (0%)            2M (0%)     
[2026-05-11T15:36:26.762+0100][3.082s][info][gc,heap     ] GC(49) O: Reclaimed:         -                  -                 0M (0%)            2M (0%)     
[2026-05-11T15:36:26.762+0100][3.082s][info][gc,heap     ] GC(49) O: Compacted:         -                  -                  -                 1M (0%)     
[2026-05-11T15:36:26.762+0100][3.082s][info][gc,phases   ] GC(49) O: Old Generation 234M(46%)->68M(13%) 0.045s
[2026-05-11T15:36:26.762+0100][3.082s][info][gc          ] GC(49) Major Collection (Allocation Rate) 92M(18%)->66M(13%) 0.060s
[2026-05-11T15:36:26.762+0100][3.082s][info][gc          ] GC(53) Major Collection (System.gc())
[2026-05-11T15:36:26.762+0100][3.082s][info][gc,task     ] GC(53) Using 2 Workers for Young Generation
[2026-05-11T15:36:26.762+0100][3.082s][info][gc,task     ] GC(53) Using 2 Workers for Old Generation
[2026-05-11T15:36:26.762+0100][3.082s][info][gc,phases   ] GC(53) Y: Young Generation (Promote All)
[2026-05-11T15:36:26.762+0100][3.082s][info][gc,phases   ] GC(53) Y: Pause Mark Start 0.002ms
[2026-05-11T15:36:26.762+0100][3.083s][info][gc,phases   ] GC(53) Y: Concurrent Mark 0.714ms
[2026-05-11T15:36:26.762+0100][3.083s][info][gc,phases   ] GC(53) Y: Pause Mark End 0.003ms
[2026-05-11T15:36:26.762+0100][3.083s][info][gc,phases   ] GC(53) Y: Concurrent Mark Free 0.000ms
[2026-05-11T15:36:26.762+0100][3.083s][info][gc,phases   ] GC(53) Y: Concurrent Reset Relocation Set 0.004ms
[2026-05-11T15:36:26.762+0100][3.083s][info][gc,reloc    ] GC(53) Y: Using tenuring threshold: 0 (Promote All)
[2026-05-11T15:36:26.762+0100][3.083s][info][gc,phases   ] GC(53) Y: Concurrent Select Relocation Set 0.033ms
[2026-05-11T15:36:26.762+0100][3.083s][info][gc,phases   ] GC(53) Y: Pause Relocate Start 0.001ms
[2026-05-11T15:36:26.762+0100][3.083s][info][gc,phases   ] GC(53) Y: Concurrent Relocate 0.014ms
[2026-05-11T15:36:26.762+0100][3.083s][info][gc,alloc    ] GC(53) Y:                         Mark Start        Mark End      Relocate Start    Relocate End   
[2026-05-11T15:36:26.762+0100][3.083s][info][gc,alloc    ] GC(53) Y: Allocation Stalls:          0                0                0                0         
[2026-05-11T15:36:26.762+0100][3.083s][info][gc,load     ] GC(53) Y: Load: 3.71 (46%) / 3.50 (44%) / 2.52 (31%)
[2026-05-11T15:36:26.762+0100][3.083s][info][gc,mmu      ] GC(53) Y: MMU: 2ms/98.4%, 5ms/99.2%, 10ms/99.5%, 20ms/99.6%, 50ms/99.8%, 100ms/99.9%
[2026-05-11T15:36:26.762+0100][3.083s][info][gc,marking  ] GC(53) Y: Mark: 2 stripe(s), 1 proactive flush(es), 1 terminate flush(es), 0 completion(s), 0 continuation(s) 
[2026-05-11T15:36:26.762+0100][3.083s][info][gc,nmethod  ] GC(53) Y: NMethods: 700 registered, 14 unregistered
[2026-05-11T15:36:26.762+0100][3.083s][info][gc,metaspace] GC(53) Y: Metaspace: 2M used, 2M committed, 1088M reserved
[2026-05-11T15:36:26.762+0100][3.083s][info][gc,reloc    ] GC(53) Y:                        Candidates     Selected     In-Place         Size        Empty    Relocated 
[2026-05-11T15:36:26.762+0100][3.083s][info][gc,reloc    ] GC(53) Y: Small Pages:                    1            0            0           2M           0M           0M 
[2026-05-11T15:36:26.762+0100][3.083s][info][gc,reloc    ] GC(53) Y: Medium Pages:                   0            0            0           0M           0M           0M 
[2026-05-11T15:36:26.762+0100][3.083s][info][gc,reloc    ] GC(53) Y: Large Pages:                    0            0            0           0M           0M           0M 
[2026-05-11T15:36:26.762+0100][3.083s][info][gc,reloc    ] GC(53) Y: Forwarding Usage: 0M
[2026-05-11T15:36:26.762+0100][3.083s][info][gc,reloc    ] GC(53) Y: Age Table:
[2026-05-11T15:36:26.762+0100][3.083s][info][gc,reloc    ] GC(53) Y:                    Live             Garbage             Small              Medium             Large        
[2026-05-11T15:36:26.762+0100][3.083s][info][gc,reloc    ] GC(53) Y: Eden                -                 0M (0%)           0 / 0              0 / 0              0 / 0        
[2026-05-11T15:36:26.762+0100][3.083s][info][gc,reloc    ] GC(53) Y: Survivor 1         0M (0%)            1M (0%)           1 / 0              0 / 0              0 / 0        
[2026-05-11T15:36:26.762+0100][3.083s][info][gc,heap     ] GC(53) Y: Min Capacity: 256M(50%)
[2026-05-11T15:36:26.762+0100][3.083s][info][gc,heap     ] GC(53) Y: Max Capacity: 512M(100%)
[2026-05-11T15:36:26.762+0100][3.083s][info][gc,heap     ] GC(53) Y: Soft Max Capacity: 512M(100%)
[2026-05-11T15:36:26.762+0100][3.083s][info][gc,heap     ] GC(53) Y: Heap Statistics:
[2026-05-11T15:36:26.762+0100][3.083s][info][gc,heap     ] GC(53) Y:                Mark Start          Mark End        Relocate Start      Relocate End           High               Low         
[2026-05-11T15:36:26.762+0100][3.083s][info][gc,heap     ] GC(53) Y:  Capacity:      480M (94%)         480M (94%)         480M (94%)         480M (94%)         480M (94%)         480M (94%)    
[2026-05-11T15:36:26.763+0100][3.083s][info][gc,heap     ] GC(53) Y:      Free:      446M (87%)         446M (87%)         446M (87%)         446M (87%)         446M (87%)         446M (87%)    
[2026-05-11T15:36:26.763+0100][3.083s][info][gc,heap     ] GC(53) Y:      Used:       66M (13%)          66M (13%)          66M (13%)          66M (13%)          66M (13%)          66M (13%)    
[2026-05-11T15:36:26.763+0100][3.083s][info][gc,heap     ] GC(53) Y: Young Generation Statistics:
[2026-05-11T15:36:26.763+0100][3.083s][info][gc,heap     ] GC(53) Y:                Mark Start          Mark End        Relocate Start      Relocate End    
[2026-05-11T15:36:26.763+0100][3.083s][info][gc,heap     ] GC(53) Y:      Used:        2M (0%)            2M (0%)            0M (0%)            0M (0%)     
[2026-05-11T15:36:26.763+0100][3.083s][info][gc,heap     ] GC(53) Y:      Live:         -                 0M (0%)            0M (0%)            0M (0%)     
[2026-05-11T15:36:26.763+0100][3.083s][info][gc,heap     ] GC(53) Y:   Garbage:         -                 1M (0%)            0M (0%)            0M (0%)     
[2026-05-11T15:36:26.763+0100][3.083s][info][gc,heap     ] GC(53) Y: Allocated:         -                 0M (0%)            0M (0%)            0M (0%)     
[2026-05-11T15:36:26.763+0100][3.083s][info][gc,heap     ] GC(53) Y: Reclaimed:         -                  -                 1M (0%)            1M (0%)     
[2026-05-11T15:36:26.763+0100][3.083s][info][gc,heap     ] GC(53) Y:  Promoted:         -                  -                 0M (0%)            0M (0%)     
[2026-05-11T15:36:26.763+0100][3.083s][info][gc,heap     ] GC(53) Y: Compacted:         -                  -                  -                 0M (0%)     
[2026-05-11T15:36:26.763+0100][3.083s][info][gc,phases   ] GC(53) Y: Young Generation (Promote All) 66M(13%)->66M(13%) 0.001s
[2026-05-11T15:36:26.763+0100][3.083s][info][gc,phases   ] GC(53) Y: Young Generation (Collect Roots)
[2026-05-11T15:36:26.763+0100][3.083s][info][gc,phases   ] GC(53) Y: Pause Mark Start (Major) 0.005ms
[2026-05-11T15:36:26.763+0100][3.083s][info][gc,phases   ] GC(53) Y: Concurrent Mark 0.269ms
[2026-05-11T15:36:26.763+0100][3.083s][info][gc,phases   ] GC(53) Y: Pause Mark End 0.002ms
[2026-05-11T15:36:26.763+0100][3.083s][info][gc,phases   ] GC(53) Y: Concurrent Mark Free 0.000ms
[2026-05-11T15:36:26.763+0100][3.083s][info][gc,phases   ] GC(53) Y: Concurrent Reset Relocation Set 0.001ms
[2026-05-11T15:36:26.763+0100][3.083s][info][gc,reloc    ] GC(53) Y: Using tenuring threshold: 0 (Computed)
[2026-05-11T15:36:26.763+0100][3.083s][info][gc,phases   ] GC(53) Y: Concurrent Select Relocation Set 0.024ms
[2026-05-11T15:36:26.763+0100][3.083s][info][gc,phases   ] GC(53) Y: Pause Relocate Start 0.001ms
[2026-05-11T15:36:26.763+0100][3.083s][info][gc,phases   ] GC(53) Y: Concurrent Relocate 0.011ms
[2026-05-11T15:36:26.763+0100][3.083s][info][gc,alloc    ] GC(53) Y:                         Mark Start        Mark End      Relocate Start    Relocate End   
[2026-05-11T15:36:26.763+0100][3.083s][info][gc,alloc    ] GC(53) Y: Allocation Stalls:          0                0                0                0         
[2026-05-11T15:36:26.763+0100][3.083s][info][gc,load     ] GC(53) Y: Load: 3.71 (46%) / 3.50 (44%) / 2.52 (31%)
[2026-05-11T15:36:26.763+0100][3.083s][info][gc,mmu      ] GC(53) Y: MMU: 2ms/98.4%, 5ms/99.0%, 10ms/99.5%, 20ms/99.6%, 50ms/99.8%, 100ms/99.9%
[2026-05-11T15:36:26.763+0100][3.083s][info][gc,marking  ] GC(53) Y: Mark: 2 stripe(s), 1 proactive flush(es), 1 terminate flush(es), 0 completion(s), 0 continuation(s) 
[2026-05-11T15:36:26.763+0100][3.083s][info][gc,nmethod  ] GC(53) Y: NMethods: 700 registered, 14 unregistered
[2026-05-11T15:36:26.763+0100][3.083s][info][gc,metaspace] GC(53) Y: Metaspace: 2M used, 2M committed, 1088M reserved
[2026-05-11T15:36:26.763+0100][3.083s][info][gc,heap     ] GC(53) Y: Min Capacity: 256M(50%)
[2026-05-11T15:36:26.763+0100][3.083s][info][gc,heap     ] GC(53) Y: Max Capacity: 512M(100%)
[2026-05-11T15:36:26.763+0100][3.083s][info][gc,heap     ] GC(53) Y: Soft Max Capacity: 512M(100%)
[2026-05-11T15:36:26.763+0100][3.083s][info][gc,heap     ] GC(53) Y: Heap Statistics:
[2026-05-11T15:36:26.763+0100][3.083s][info][gc,heap     ] GC(53) Y:                Mark Start          Mark End        Relocate Start      Relocate End           High               Low         
[2026-05-11T15:36:26.763+0100][3.083s][info][gc,heap     ] GC(53) Y:  Capacity:      480M (94%)         480M (94%)         480M (94%)         480M (94%)         480M (94%)         480M (94%)    
[2026-05-11T15:36:26.763+0100][3.083s][info][gc,heap     ] GC(53) Y:      Free:      446M (87%)         446M (87%)         446M (87%)         446M (87%)         446M (87%)         446M (87%)    
[2026-05-11T15:36:26.763+0100][3.083s][info][gc,heap     ] GC(53) Y:      Used:       66M (13%)          66M (13%)          66M (13%)          66M (13%)          66M (13%)          66M (13%)    
[2026-05-11T15:36:26.763+0100][3.083s][info][gc,heap     ] GC(53) Y: Young Generation Statistics:
[2026-05-11T15:36:26.763+0100][3.083s][info][gc,heap     ] GC(53) Y:                Mark Start          Mark End        Relocate Start      Relocate End    
[2026-05-11T15:36:26.763+0100][3.083s][info][gc,heap     ] GC(53) Y:      Used:        0M (0%)            0M (0%)            0M (0%)            0M (0%)     
[2026-05-11T15:36:26.763+0100][3.083s][info][gc,heap     ] GC(53) Y:      Live:         -                 0M (0%)            0M (0%)            0M (0%)     
[2026-05-11T15:36:26.763+0100][3.083s][info][gc,heap     ] GC(53) Y:   Garbage:         -                 0M (0%)            0M (0%)            0M (0%)     
[2026-05-11T15:36:26.763+0100][3.083s][info][gc,heap     ] GC(53) Y: Allocated:         -                 0M (0%)            0M (0%)            0M (0%)     
[2026-05-11T15:36:26.763+0100][3.083s][info][gc,heap     ] GC(53) Y: Reclaimed:         -                  -                 0M (0%)            0M (0%)     
[2026-05-11T15:36:26.763+0100][3.083s][info][gc,heap     ] GC(53) Y:  Promoted:         -                  -                 0M (0%)            0M (0%)     
[2026-05-11T15:36:26.763+0100][3.083s][info][gc,heap     ] GC(53) Y: Compacted:         -                  -                  -                 0M (0%)     
[2026-05-11T15:36:26.763+0100][3.083s][info][gc,phases   ] GC(53) Y: Young Generation (Collect Roots) 66M(13%)->66M(13%) 0.000s
[2026-05-11T15:36:26.763+0100][3.083s][info][gc,phases   ] GC(53) O: Old Generation
[2026-05-11T15:36:26.783+0100][3.104s][info][gc,phases   ] GC(53) O: Concurrent Mark 20.428ms
[2026-05-11T15:36:26.784+0100][3.104s][info][gc,phases   ] GC(53) O: Pause Mark End 0.010ms
[2026-05-11T15:36:26.784+0100][3.104s][info][gc,phases   ] GC(53) O: Concurrent Mark Free 0.000ms
[2026-05-11T15:36:26.784+0100][3.105s][info][gc,phases   ] GC(53) O: Concurrent Process Non-Strong 0.752ms
[2026-05-11T15:36:26.784+0100][3.105s][info][gc,phases   ] GC(53) O: Concurrent Reset Relocation Set 0.001ms
[2026-05-11T15:36:26.785+0100][3.105s][info][gc,phases   ] GC(53) O: Concurrent Select Relocation Set 0.028ms
[2026-05-11T15:36:26.785+0100][3.105s][info][gc,task     ] GC(53) O: Using 2 Workers for Old Generation
[2026-05-11T15:36:26.785+0100][3.105s][info][gc,task     ] GC(53) O: Using 2 Workers for Old Generation
[2026-05-11T15:36:26.785+0100][3.105s][info][gc,phases   ] GC(53) O: Concurrent Remap Roots 0.396ms
[2026-05-11T15:36:26.785+0100][3.105s][info][gc,phases   ] GC(53) O: Pause Relocate Start 0.006ms
[2026-05-11T15:36:26.786+0100][3.106s][info][gc,phases   ] GC(53) O: Concurrent Relocate 1.257ms
[2026-05-11T15:36:26.786+0100][3.107s][info][gc,alloc    ] GC(53) O:                         Mark Start        Mark End      Relocate Start    Relocate End   
[2026-05-11T15:36:26.786+0100][3.107s][info][gc,alloc    ] GC(53) O: Allocation Stalls:          0                0                0                0         
[2026-05-11T15:36:26.786+0100][3.107s][info][gc,load     ] GC(53) O: Load: 3.71 (46%) / 3.50 (44%) / 2.52 (31%)
[2026-05-11T15:36:26.786+0100][3.107s][info][gc,mmu      ] GC(53) O: MMU: 2ms/98.4%, 5ms/99.0%, 10ms/99.5%, 20ms/99.6%, 50ms/99.8%, 100ms/99.9%
[2026-05-11T15:36:26.786+0100][3.107s][info][gc,marking  ] GC(53) O: Mark: 2 stripe(s), 10 proactive flush(es), 1 terminate flush(es), 0 completion(s), 0 continuation(s) 
[2026-05-11T15:36:26.786+0100][3.107s][info][gc,nmethod  ] GC(53) O: NMethods: 699 registered, 15 unregistered
[2026-05-11T15:36:26.786+0100][3.107s][info][gc,metaspace] GC(53) O: Metaspace: 2M used, 2M committed, 1088M reserved
[2026-05-11T15:36:26.786+0100][3.107s][info][gc,ref      ] GC(53) O:                       Encountered   Discovered     Enqueued 
[2026-05-11T15:36:26.786+0100][3.107s][info][gc,ref      ] GC(53) O: Soft References:              127            0            0 
[2026-05-11T15:36:26.786+0100][3.107s][info][gc,ref      ] GC(53) O: Weak References:              274          168            0 
[2026-05-11T15:36:26.786+0100][3.107s][info][gc,ref      ] GC(53) O: Final References:               6            6            0 
[2026-05-11T15:36:26.786+0100][3.107s][info][gc,ref      ] GC(53) O: Phantom References:             2            0            0 
[2026-05-11T15:36:26.786+0100][3.107s][info][gc,reloc    ] GC(53) O:                        Candidates     Selected     In-Place         Size        Empty    Relocated 
[2026-05-11T15:36:26.786+0100][3.107s][info][gc,reloc    ] GC(53) O: Small Pages:                   33            2            0          66M           0M           1M 
[2026-05-11T15:36:26.786+0100][3.107s][info][gc,reloc    ] GC(53) O: Medium Pages:                   0            0            0           0M           0M           0M 
[2026-05-11T15:36:26.786+0100][3.107s][info][gc,reloc    ] GC(53) O: Large Pages:                    0            0            0           0M           0M           0M 
[2026-05-11T15:36:26.786+0100][3.107s][info][gc,reloc    ] GC(53) O: Forwarding Usage: 1M
[2026-05-11T15:36:26.786+0100][3.107s][info][gc,heap     ] GC(53) O: Min Capacity: 256M(50%)
[2026-05-11T15:36:26.786+0100][3.107s][info][gc,heap     ] GC(53) O: Max Capacity: 512M(100%)
[2026-05-11T15:36:26.786+0100][3.107s][info][gc,heap     ] GC(53) O: Soft Max Capacity: 512M(100%)
[2026-05-11T15:36:26.786+0100][3.107s][info][gc,heap     ] GC(53) O: Heap Statistics:
[2026-05-11T15:36:26.786+0100][3.107s][info][gc,heap     ] GC(53) O:                Mark Start          Mark End        Relocate Start      Relocate End           High               Low         
[2026-05-11T15:36:26.786+0100][3.107s][info][gc,heap     ] GC(53) O:  Capacity:      480M (94%)         480M (94%)         480M (94%)         480M (94%)         480M (94%)         480M (94%)    
[2026-05-11T15:36:26.786+0100][3.107s][info][gc,heap     ] GC(53) O:      Free:      446M (87%)         446M (87%)         446M (87%)         448M (88%)         448M (88%)         442M (86%)    
[2026-05-11T15:36:26.786+0100][3.107s][info][gc,heap     ] GC(53) O:      Used:       66M (13%)          66M (13%)          66M (13%)          64M (12%)          70M (14%)          64M (12%)    
[2026-05-11T15:36:26.786+0100][3.107s][info][gc,heap     ] GC(53) O: Old Generation Statistics:
[2026-05-11T15:36:26.786+0100][3.107s][info][gc,heap     ] GC(53) O:                Mark Start          Mark End        Relocate Start      Relocate End    
[2026-05-11T15:36:26.786+0100][3.107s][info][gc,heap     ] GC(53) O:      Used:       66M (13%)          66M (13%)          66M (13%)          64M (12%)    
[2026-05-11T15:36:26.786+0100][3.107s][info][gc,heap     ] GC(53) O:      Live:         -                60M (12%)          60M (12%)          60M (12%)    
[2026-05-11T15:36:26.786+0100][3.107s][info][gc,heap     ] GC(53) O:   Garbage:         -                 5M (1%)            5M (1%)            1M (0%)     
[2026-05-11T15:36:26.786+0100][3.107s][info][gc,heap     ] GC(53) O: Allocated:         -                 0M (0%)            0M (0%)            2M (0%)     
[2026-05-11T15:36:26.786+0100][3.107s][info][gc,heap     ] GC(53) O: Reclaimed:         -                  -                 0M (0%)            4M (1%)     
[2026-05-11T15:36:26.786+0100][3.107s][info][gc,heap     ] GC(53) O: Compacted:         -                  -                  -                 1M (0%)     
[2026-05-11T15:36:26.786+0100][3.107s][info][gc,phases   ] GC(53) O: Old Generation 66M(13%)->64M(12%) 0.023s
[2026-05-11T15:36:26.786+0100][3.107s][info][gc          ] GC(53) Major Collection (System.gc()) 66M(13%)->64M(12%) 0.025s
[2026-05-11T15:36:26.859+0100][3.179s][info][gc          ] GC(54) Minor Collection (Allocation Rate)
[2026-05-11T15:36:26.859+0100][3.179s][info][gc,task     ] GC(54) Using 2 Workers for Young Generation
[2026-05-11T15:36:26.859+0100][3.179s][info][gc,phases   ] GC(54) y: Young Generation
[2026-05-11T15:36:26.859+0100][3.179s][info][gc,phases   ] GC(54) y: Pause Mark Start 0.008ms
[2026-05-11T15:36:26.864+0100][3.185s][info][gc,phases   ] GC(54) y: Concurrent Mark 5.462ms
[2026-05-11T15:36:26.865+0100][3.185s][info][gc,phases   ] GC(54) y: Pause Mark End 0.009ms
[2026-05-11T15:36:26.865+0100][3.185s][info][gc,phases   ] GC(54) y: Concurrent Mark Free 0.001ms
[2026-05-11T15:36:26.865+0100][3.185s][info][gc,phases   ] GC(54) y: Concurrent Reset Relocation Set 0.000ms
[2026-05-11T15:36:26.865+0100][3.185s][info][gc,reloc    ] GC(54) y: Using tenuring threshold: 1 (Computed)
[2026-05-11T15:36:26.865+0100][3.185s][info][gc,phases   ] GC(54) y: Concurrent Select Relocation Set 0.096ms
[2026-05-11T15:36:26.865+0100][3.185s][info][gc,phases   ] GC(54) y: Pause Relocate Start 0.004ms
[2026-05-11T15:36:26.865+0100][3.185s][info][gc,phases   ] GC(54) y: Concurrent Relocate 0.072ms
[2026-05-11T15:36:26.865+0100][3.185s][info][gc,alloc    ] GC(54) y:                         Mark Start        Mark End      Relocate Start    Relocate End   
[2026-05-11T15:36:26.865+0100][3.185s][info][gc,alloc    ] GC(54) y: Allocation Stalls:          0                0                0                0         
[2026-05-11T15:36:26.865+0100][3.185s][info][gc,load     ] GC(54) y: Load: 3.71 (46%) / 3.50 (44%) / 2.52 (31%)
[2026-05-11T15:36:26.865+0100][3.185s][info][gc,mmu      ] GC(54) y: MMU: 2ms/98.4%, 5ms/99.0%, 10ms/99.5%, 20ms/99.6%, 50ms/99.8%, 100ms/99.9%
[2026-05-11T15:36:26.865+0100][3.185s][info][gc,marking  ] GC(54) y: Mark: 2 stripe(s), 2 proactive flush(es), 1 terminate flush(es), 0 completion(s), 0 continuation(s) 
[2026-05-11T15:36:26.865+0100][3.185s][info][gc,nmethod  ] GC(54) y: NMethods: 699 registered, 15 unregistered
[2026-05-11T15:36:26.865+0100][3.185s][info][gc,metaspace] GC(54) y: Metaspace: 2M used, 2M committed, 1088M reserved
[2026-05-11T15:36:26.865+0100][3.185s][info][gc,reloc    ] GC(54) y:                        Candidates     Selected     In-Place         Size        Empty    Relocated 
[2026-05-11T15:36:26.865+0100][3.185s][info][gc,reloc    ] GC(54) y: Small Pages:                   13            0            0          26M           0M           0M 
[2026-05-11T15:36:26.865+0100][3.185s][info][gc,reloc    ] GC(54) y: Medium Pages:                   0            0            0           0M           0M           0M 
[2026-05-11T15:36:26.865+0100][3.185s][info][gc,reloc    ] GC(54) y: Large Pages:                    0            0            0           0M           0M           0M 
[2026-05-11T15:36:26.865+0100][3.185s][info][gc,reloc    ] GC(54) y: Forwarding Usage: 0M
[2026-05-11T15:36:26.865+0100][3.185s][info][gc,reloc    ] GC(54) y: Age Table:
[2026-05-11T15:36:26.865+0100][3.185s][info][gc,reloc    ] GC(54) y:                    Live             Garbage             Small              Medium             Large        
[2026-05-11T15:36:26.865+0100][3.185s][info][gc,reloc    ] GC(54) y: Eden              25M (5%)            0M (0%)          13 / 0              0 / 0              0 / 0        
[2026-05-11T15:36:26.865+0100][3.185s][info][gc,heap     ] GC(54) y: Min Capacity: 256M(50%)
[2026-05-11T15:36:26.865+0100][3.185s][info][gc,heap     ] GC(54) y: Max Capacity: 512M(100%)
[2026-05-11T15:36:26.865+0100][3.185s][info][gc,heap     ] GC(54) y: Soft Max Capacity: 512M(100%)
[2026-05-11T15:36:26.865+0100][3.185s][info][gc,heap     ] GC(54) y: Heap Statistics:
[2026-05-11T15:36:26.865+0100][3.185s][info][gc,heap     ] GC(54) y:                Mark Start          Mark End        Relocate Start      Relocate End           High               Low         
[2026-05-11T15:36:26.865+0100][3.185s][info][gc,heap     ] GC(54) y:  Capacity:      480M (94%)         480M (94%)         480M (94%)         480M (94%)         480M (94%)         480M (94%)    
[2026-05-11T15:36:26.865+0100][3.185s][info][gc,heap     ] GC(54) y:      Free:      422M (82%)         360M (70%)         360M (70%)         360M (70%)         422M (82%)         360M (70%)    
[2026-05-11T15:36:26.865+0100][3.185s][info][gc,heap     ] GC(54) y:      Used:       90M (18%)         152M (30%)         152M (30%)         152M (30%)         152M (30%)          90M (18%)    
[2026-05-11T15:36:26.865+0100][3.185s][info][gc,heap     ] GC(54) y: Young Generation Statistics:
[2026-05-11T15:36:26.865+0100][3.185s][info][gc,heap     ] GC(54) y:                Mark Start          Mark End        Relocate Start      Relocate End    
[2026-05-11T15:36:26.865+0100][3.185s][info][gc,heap     ] GC(54) y:      Used:       26M (5%)           88M (17%)          88M (17%)          88M (17%)    
[2026-05-11T15:36:26.865+0100][3.185s][info][gc,heap     ] GC(54) y:      Live:         -                25M (5%)           25M (5%)           25M (5%)     
[2026-05-11T15:36:26.865+0100][3.185s][info][gc,heap     ] GC(54) y:   Garbage:         -                 0M (0%)            0M (0%)            0M (0%)     
[2026-05-11T15:36:26.865+0100][3.185s][info][gc,heap     ] GC(54) y: Allocated:         -                62M (12%)          62M (12%)          62M (12%)    
[2026-05-11T15:36:26.865+0100][3.185s][info][gc,heap     ] GC(54) y: Reclaimed:         -                  -                 0M (0%)            0M (0%)     
[2026-05-11T15:36:26.865+0100][3.185s][info][gc,heap     ] GC(54) y:  Promoted:         -                  -                 0M (0%)            0M (0%)     
[2026-05-11T15:36:26.865+0100][3.185s][info][gc,heap     ] GC(54) y: Compacted:         -                  -                  -                 0M (0%)     
[2026-05-11T15:36:26.865+0100][3.185s][info][gc,phases   ] GC(54) y: Young Generation 90M(18%)->152M(30%) 0.006s
[2026-05-11T15:36:26.865+0100][3.185s][info][gc          ] GC(54) Minor Collection (Allocation Rate) 90M(18%)->152M(30%) 0.006s
[2026-05-11T15:36:26.865+0100][3.185s][info][gc          ] GC(55) Minor Collection (Allocation Rate)
[2026-05-11T15:36:26.865+0100][3.185s][info][gc,task     ] GC(55) Using 2 Workers for Young Generation
[2026-05-11T15:36:26.865+0100][3.185s][info][gc,phases   ] GC(55) y: Young Generation
[2026-05-11T15:36:26.865+0100][3.185s][info][gc,phases   ] GC(55) y: Pause Mark Start 0.003ms
[2026-05-11T15:36:26.869+0100][3.190s][info][gc,phases   ] GC(55) y: Concurrent Mark 4.035ms
[2026-05-11T15:36:26.869+0100][3.190s][info][gc,phases   ] GC(55) y: Pause Mark End 0.008ms
[2026-05-11T15:36:26.869+0100][3.190s][info][gc,phases   ] GC(55) y: Concurrent Mark Free 0.001ms
[2026-05-11T15:36:26.869+0100][3.190s][info][gc,phases   ] GC(55) y: Concurrent Reset Relocation Set 0.000ms
[2026-05-11T15:36:26.869+0100][3.190s][info][gc,reloc    ] GC(55) y: Using tenuring threshold: 1 (Computed)
[2026-05-11T15:36:26.870+0100][3.190s][info][gc,phases   ] GC(55) y: Concurrent Select Relocation Set 0.127ms
[2026-05-11T15:36:26.870+0100][3.190s][info][gc,phases   ] GC(55) y: Pause Relocate Start 0.002ms
[2026-05-11T15:36:26.870+0100][3.190s][info][gc,phases   ] GC(55) y: Concurrent Relocate 0.141ms
[2026-05-11T15:36:26.870+0100][3.190s][info][gc,alloc    ] GC(55) y:                         Mark Start        Mark End      Relocate Start    Relocate End   
[2026-05-11T15:36:26.870+0100][3.190s][info][gc,alloc    ] GC(55) y: Allocation Stalls:          0                0                0                0         
[2026-05-11T15:36:26.870+0100][3.190s][info][gc,load     ] GC(55) y: Load: 3.71 (46%) / 3.50 (44%) / 2.52 (31%)
[2026-05-11T15:36:26.870+0100][3.190s][info][gc,mmu      ] GC(55) y: MMU: 2ms/98.4%, 5ms/99.0%, 10ms/99.5%, 20ms/99.6%, 50ms/99.8%, 100ms/99.9%
[2026-05-11T15:36:26.870+0100][3.190s][info][gc,marking  ] GC(55) y: Mark: 2 stripe(s), 10 proactive flush(es), 1 terminate flush(es), 0 completion(s), 0 continuation(s) 
[2026-05-11T15:36:26.870+0100][3.190s][info][gc,nmethod  ] GC(55) y: NMethods: 700 registered, 15 unregistered
[2026-05-11T15:36:26.870+0100][3.190s][info][gc,metaspace] GC(55) y: Metaspace: 2M used, 2M committed, 1088M reserved
[2026-05-11T15:36:26.870+0100][3.190s][info][gc,reloc    ] GC(55) y:                        Candidates     Selected     In-Place         Size        Empty    Relocated 
[2026-05-11T15:36:26.870+0100][3.190s][info][gc,reloc    ] GC(55) y: Small Pages:                   44            1            0          88M          68M           1M 
[2026-05-11T15:36:26.870+0100][3.190s][info][gc,reloc    ] GC(55) y: Medium Pages:                   0            0            0           0M           0M           0M 
[2026-05-11T15:36:26.870+0100][3.190s][info][gc,reloc    ] GC(55) y: Large Pages:                    0            0            0           0M           0M           0M 
[2026-05-11T15:36:26.870+0100][3.190s][info][gc,reloc    ] GC(55) y: Forwarding Usage: 0M
[2026-05-11T15:36:26.870+0100][3.190s][info][gc,reloc    ] GC(55) y: Age Table:
[2026-05-11T15:36:26.870+0100][3.190s][info][gc,reloc    ] GC(55) y:                    Live             Garbage             Small              Medium             Large        
[2026-05-11T15:36:26.870+0100][3.190s][info][gc,reloc    ] GC(55) y: Eden              16M (3%)           45M (9%)          31 / 1              0 / 0              0 / 0        
[2026-05-11T15:36:26.870+0100][3.190s][info][gc,reloc    ] GC(55) y: Survivor 1          -                26M (5%)          13 / 0              0 / 0              0 / 0        
[2026-05-11T15:36:26.870+0100][3.190s][info][gc,heap     ] GC(55) y: Min Capacity: 256M(50%)
[2026-05-11T15:36:26.870+0100][3.190s][info][gc,heap     ] GC(55) y: Max Capacity: 512M(100%)
[2026-05-11T15:36:26.870+0100][3.190s][info][gc,heap     ] GC(55) y: Soft Max Capacity: 512M(100%)
[2026-05-11T15:36:26.870+0100][3.190s][info][gc,heap     ] GC(55) y: Heap Statistics:
[2026-05-11T15:36:26.870+0100][3.190s][info][gc,heap     ] GC(55) y:                Mark Start          Mark End        Relocate Start      Relocate End           High               Low         
[2026-05-11T15:36:26.870+0100][3.190s][info][gc,heap     ] GC(55) y:  Capacity:      480M (94%)         480M (94%)         480M (94%)         480M (94%)         480M (94%)         480M (94%)    
[2026-05-11T15:36:26.870+0100][3.190s][info][gc,heap     ] GC(55) y:      Free:      360M (70%)         300M (59%)         368M (72%)         368M (72%)         368M (72%)         300M (59%)    
[2026-05-11T15:36:26.870+0100][3.190s][info][gc,heap     ] GC(55) y:      Used:      152M (30%)         212M (41%)         144M (28%)         144M (28%)         212M (41%)         144M (28%)    
[2026-05-11T15:36:26.870+0100][3.190s][info][gc,heap     ] GC(55) y: Young Generation Statistics:
[2026-05-11T15:36:26.870+0100][3.190s][info][gc,heap     ] GC(55) y:                Mark Start          Mark End        Relocate Start      Relocate End    
[2026-05-11T15:36:26.870+0100][3.190s][info][gc,heap     ] GC(55) y:      Used:       88M (17%)         148M (29%)          80M (16%)          80M (16%)    
[2026-05-11T15:36:26.870+0100][3.190s][info][gc,heap     ] GC(55) y:      Live:         -                16M (3%)           16M (3%)           16M (3%)     
[2026-05-11T15:36:26.870+0100][3.190s][info][gc,heap     ] GC(55) y:   Garbage:         -                71M (14%)           3M (1%)            0M (0%)     
[2026-05-11T15:36:26.870+0100][3.190s][info][gc,heap     ] GC(55) y: Allocated:         -                60M (12%)          60M (12%)          62M (12%)    
[2026-05-11T15:36:26.870+0100][3.190s][info][gc,heap     ] GC(55) y: Reclaimed:         -                  -                68M (13%)          70M (14%)    
[2026-05-11T15:36:26.870+0100][3.190s][info][gc,heap     ] GC(55) y:  Promoted:         -                  -                 0M (0%)            0M (0%)     
[2026-05-11T15:36:26.870+0100][3.190s][info][gc,heap     ] GC(55) y: Compacted:         -                  -                  -                 1M (0%)     
[2026-05-11T15:36:26.870+0100][3.190s][info][gc,phases   ] GC(55) y: Young Generation 152M(30%)->144M(28%) 0.005s
[2026-05-11T15:36:26.870+0100][3.190s][info][gc          ] GC(55) Minor Collection (Allocation Rate) 152M(30%)->144M(28%) 0.005s
[2026-05-11T15:36:26.879+0100][3.199s][info][gc          ] GC(56) Minor Collection (Allocation Rate)
[2026-05-11T15:36:26.879+0100][3.199s][info][gc,task     ] GC(56) Using 2 Workers for Young Generation
[2026-05-11T15:36:26.879+0100][3.199s][info][gc,phases   ] GC(56) y: Young Generation
[2026-05-11T15:36:26.879+0100][3.199s][info][gc,phases   ] GC(56) y: Pause Mark Start 0.011ms
[2026-05-11T15:36:26.888+0100][3.208s][info][gc,phases   ] GC(56) y: Concurrent Mark 8.774ms
[2026-05-11T15:36:26.888+0100][3.208s][info][gc,phases   ] GC(56) y: Pause Mark End 0.006ms
[2026-05-11T15:36:26.888+0100][3.208s][info][gc,phases   ] GC(56) y: Concurrent Mark Free 0.001ms
[2026-05-11T15:36:26.888+0100][3.208s][info][gc,phases   ] GC(56) y: Concurrent Reset Relocation Set 0.000ms
[2026-05-11T15:36:26.888+0100][3.208s][info][gc,reloc    ] GC(56) y: Using tenuring threshold: 1 (Computed)
[2026-05-11T15:36:26.888+0100][3.208s][info][gc,phases   ] GC(56) y: Concurrent Select Relocation Set 0.096ms
[2026-05-11T15:36:26.888+0100][3.208s][info][gc,phases   ] GC(56) y: Pause Relocate Start 0.004ms
[2026-05-11T15:36:26.888+0100][3.209s][info][gc,phases   ] GC(56) y: Concurrent Relocate 0.107ms
[2026-05-11T15:36:26.888+0100][3.209s][info][gc,alloc    ] GC(56) y:                         Mark Start        Mark End      Relocate Start    Relocate End   
[2026-05-11T15:36:26.888+0100][3.209s][info][gc,alloc    ] GC(56) y: Allocation Stalls:          0                0                0                0         
[2026-05-11T15:36:26.888+0100][3.209s][info][gc,load     ] GC(56) y: Load: 3.71 (46%) / 3.50 (44%) / 2.52 (31%)
[2026-05-11T15:36:26.888+0100][3.209s][info][gc,mmu      ] GC(56) y: MMU: 2ms/98.4%, 5ms/99.0%, 10ms/99.5%, 20ms/99.6%, 50ms/99.8%, 100ms/99.9%
[2026-05-11T15:36:26.888+0100][3.209s][info][gc,marking  ] GC(56) y: Mark: 2 stripe(s), 2 proactive flush(es), 1 terminate flush(es), 0 completion(s), 0 continuation(s) 
[2026-05-11T15:36:26.888+0100][3.209s][info][gc,nmethod  ] GC(56) y: NMethods: 708 registered, 0 unregistered
[2026-05-11T15:36:26.888+0100][3.209s][info][gc,metaspace] GC(56) y: Metaspace: 2M used, 2M committed, 1088M reserved
[2026-05-11T15:36:26.888+0100][3.209s][info][gc,reloc    ] GC(56) y:                        Candidates     Selected     In-Place         Size        Empty    Relocated 
[2026-05-11T15:36:26.888+0100][3.209s][info][gc,reloc    ] GC(56) y: Small Pages:                   88            3            0         176M         134M           0M 
[2026-05-11T15:36:26.888+0100][3.209s][info][gc,reloc    ] GC(56) y: Medium Pages:                   0            0            0           0M           0M           0M 
[2026-05-11T15:36:26.888+0100][3.209s][info][gc,reloc    ] GC(56) y: Large Pages:                    0            0            0           0M           0M           0M 
[2026-05-11T15:36:26.888+0100][3.209s][info][gc,reloc    ] GC(56) y: Forwarding Usage: 0M
[2026-05-11T15:36:26.888+0100][3.209s][info][gc,reloc    ] GC(56) y: Age Table:
[2026-05-11T15:36:26.888+0100][3.209s][info][gc,reloc    ] GC(56) y:                    Live             Garbage             Small              Medium             Large        
[2026-05-11T15:36:26.888+0100][3.209s][info][gc,reloc    ] GC(56) y: Eden              34M (7%)          121M (24%)         78 / 3              0 / 0              0 / 0        
[2026-05-11T15:36:26.888+0100][3.209s][info][gc,reloc    ] GC(56) y: Survivor 1          -                20M (4%)          10 / 0              0 / 0              0 / 0        
[2026-05-11T15:36:26.888+0100][3.209s][info][gc,heap     ] GC(56) y: Min Capacity: 256M(50%)
[2026-05-11T15:36:26.888+0100][3.209s][info][gc,heap     ] GC(56) y: Max Capacity: 512M(100%)
[2026-05-11T15:36:26.888+0100][3.209s][info][gc,heap     ] GC(56) y: Soft Max Capacity: 512M(100%)
[2026-05-11T15:36:26.888+0100][3.209s][info][gc,heap     ] GC(56) y: Heap Statistics:
[2026-05-11T15:36:26.889+0100][3.209s][info][gc,heap     ] GC(56) y:                Mark Start          Mark End        Relocate Start      Relocate End           High               Low         
[2026-05-11T15:36:26.889+0100][3.209s][info][gc,heap     ] GC(56) y:  Capacity:      480M (94%)         480M (94%)         480M (94%)         480M (94%)         480M (94%)         480M (94%)    
[2026-05-11T15:36:26.889+0100][3.209s][info][gc,heap     ] GC(56) y:      Free:      272M (53%)         162M (32%)         296M (58%)         300M (59%)         300M (59%)         162M (32%)    
[2026-05-11T15:36:26.889+0100][3.209s][info][gc,heap     ] GC(56) y:      Used:      240M (47%)         350M (68%)         216M (42%)         212M (41%)         350M (68%)         212M (41%)    
[2026-05-11T15:36:26.889+0100][3.209s][info][gc,heap     ] GC(56) y: Young Generation Statistics:
[2026-05-11T15:36:26.889+0100][3.209s][info][gc,heap     ] GC(56) y:                Mark Start          Mark End        Relocate Start      Relocate End    
[2026-05-11T15:36:26.889+0100][3.209s][info][gc,heap     ] GC(56) y:      Used:      176M (34%)         286M (56%)         152M (30%)         148M (29%)    
[2026-05-11T15:36:26.889+0100][3.209s][info][gc,heap     ] GC(56) y:      Live:         -                34M (7%)           34M (7%)           34M (7%)     
[2026-05-11T15:36:26.889+0100][3.209s][info][gc,heap     ] GC(56) y:   Garbage:         -               141M (28%)           7M (1%)            0M (0%)     
[2026-05-11T15:36:26.889+0100][3.209s][info][gc,heap     ] GC(56) y: Allocated:         -               110M (21%)         110M (21%)         113M (22%)    
[2026-05-11T15:36:26.889+0100][3.209s][info][gc,heap     ] GC(56) y: Reclaimed:         -                  -               134M (26%)         141M (28%)    
[2026-05-11T15:36:26.889+0100][3.209s][info][gc,heap     ] GC(56) y:  Promoted:         -                  -                 0M (0%)            0M (0%)     
[2026-05-11T15:36:26.889+0100][3.209s][info][gc,heap     ] GC(56) y: Compacted:         -                  -                  -                 0M (0%)     
[2026-05-11T15:36:26.889+0100][3.209s][info][gc,phases   ] GC(56) y: Young Generation 238M(46%)->212M(41%) 0.009s
[2026-05-11T15:36:26.889+0100][3.209s][info][gc          ] GC(56) Minor Collection (Allocation Rate) 236M(46%)->212M(41%) 0.010s
[2026-05-11T15:36:26.889+0100][3.209s][info][gc          ] GC(57) Minor Collection (Allocation Rate)
[2026-05-11T15:36:26.889+0100][3.209s][info][gc,task     ] GC(57) Using 2 Workers for Young Generation
[2026-05-11T15:36:26.889+0100][3.209s][info][gc,phases   ] GC(57) y: Young Generation
[2026-05-11T15:36:26.889+0100][3.209s][info][gc,phases   ] GC(57) y: Pause Mark Start 0.007ms
[2026-05-11T15:36:26.891+0100][3.211s][info][gc,phases   ] GC(57) y: Concurrent Mark 2.089ms
[2026-05-11T15:36:26.891+0100][3.211s][info][gc,phases   ] GC(57) y: Pause Mark End 0.006ms
[2026-05-11T15:36:26.891+0100][3.211s][info][gc,phases   ] GC(57) y: Concurrent Mark Free 0.001ms
[2026-05-11T15:36:26.891+0100][3.211s][info][gc,phases   ] GC(57) y: Concurrent Reset Relocation Set 0.000ms
[2026-05-11T15:36:26.891+0100][3.211s][info][gc,reloc    ] GC(57) y: Using tenuring threshold: 2 (Computed)
[2026-05-11T15:36:26.891+0100][3.211s][info][gc,phases   ] GC(57) y: Concurrent Select Relocation Set 0.066ms
[2026-05-11T15:36:26.892+0100][3.212s][info][gc,phases   ] GC(57) y: Pause Relocate Start 0.005ms
[2026-05-11T15:36:26.892+0100][3.212s][info][gc,phases   ] GC(57) y: Concurrent Relocate 0.109ms
[2026-05-11T15:36:26.892+0100][3.212s][info][gc,alloc    ] GC(57) y:                         Mark Start        Mark End      Relocate Start    Relocate End   
[2026-05-11T15:36:26.892+0100][3.212s][info][gc,alloc    ] GC(57) y: Allocation Stalls:          0                0                0                0         
[2026-05-11T15:36:26.892+0100][3.212s][info][gc,load     ] GC(57) y: Load: 3.71 (46%) / 3.50 (44%) / 2.52 (31%)
[2026-05-11T15:36:26.892+0100][3.212s][info][gc,mmu      ] GC(57) y: MMU: 2ms/98.4%, 5ms/99.0%, 10ms/99.5%, 20ms/99.6%, 50ms/99.8%, 100ms/99.9%
[2026-05-11T15:36:26.892+0100][3.212s][info][gc,marking  ] GC(57) y: Mark: 2 stripe(s), 3 proactive flush(es), 1 terminate flush(es), 0 completion(s), 0 continuation(s) 
[2026-05-11T15:36:26.892+0100][3.212s][info][gc,nmethod  ] GC(57) y: NMethods: 708 registered, 0 unregistered
[2026-05-11T15:36:26.892+0100][3.212s][info][gc,metaspace] GC(57) y: Metaspace: 2M used, 2M committed, 1088M reserved
[2026-05-11T15:36:26.892+0100][3.212s][info][gc,reloc    ] GC(57) y:                        Candidates     Selected     In-Place         Size        Empty    Relocated 
[2026-05-11T15:36:26.892+0100][3.212s][info][gc,reloc    ] GC(57) y: Small Pages:                   74            2            0         148M         134M           1M 
[2026-05-11T15:36:26.892+0100][3.212s][info][gc,reloc    ] GC(57) y: Medium Pages:                   0            0            0           0M           0M           0M 
[2026-05-11T15:36:26.892+0100][3.212s][info][gc,reloc    ] GC(57) y: Large Pages:                    0            0            0           0M           0M           0M 
[2026-05-11T15:36:26.892+0100][3.212s][info][gc,reloc    ] GC(57) y: Forwarding Usage: 0M
[2026-05-11T15:36:26.892+0100][3.212s][info][gc,reloc    ] GC(57) y: Age Table:
[2026-05-11T15:36:26.892+0100][3.212s][info][gc,reloc    ] GC(57) y:                    Live             Garbage             Small              Medium             Large        
[2026-05-11T15:36:26.892+0100][3.212s][info][gc,reloc    ] GC(57) y: Eden               8M (2%)          101M (20%)         55 / 2              0 / 0              0 / 0        
[2026-05-11T15:36:26.892+0100][3.212s][info][gc,reloc    ] GC(57) y: Survivor 1         0M (0%)           37M (7%)          19 / 0              0 / 0              0 / 0        
[2026-05-11T15:36:26.892+0100][3.212s][info][gc,heap     ] GC(57) y: Min Capacity: 256M(50%)
[2026-05-11T15:36:26.892+0100][3.212s][info][gc,heap     ] GC(57) y: Max Capacity: 512M(100%)
[2026-05-11T15:36:26.892+0100][3.212s][info][gc,heap     ] GC(57) y: Soft Max Capacity: 512M(100%)
[2026-05-11T15:36:26.892+0100][3.212s][info][gc,heap     ] GC(57) y: Heap Statistics:
[2026-05-11T15:36:26.892+0100][3.212s][info][gc,heap     ] GC(57) y:                Mark Start          Mark End        Relocate Start      Relocate End           High               Low         
[2026-05-11T15:36:26.892+0100][3.212s][info][gc,heap     ] GC(57) y:  Capacity:      480M (94%)         480M (94%)         480M (94%)         480M (94%)         480M (94%)         480M (94%)    
[2026-05-11T15:36:26.892+0100][3.212s][info][gc,heap     ] GC(57) y:      Free:      300M (59%)         300M (59%)         424M (83%)         424M (83%)         434M (85%)         300M (59%)    
[2026-05-11T15:36:26.892+0100][3.212s][info][gc,heap     ] GC(57) y:      Used:      212M (41%)         212M (41%)          88M (17%)          88M (17%)         212M (41%)          78M (15%)    
[2026-05-11T15:36:26.892+0100][3.212s][info][gc,heap     ] GC(57) y: Young Generation Statistics:
[2026-05-11T15:36:26.892+0100][3.212s][info][gc,heap     ] GC(57) y:                Mark Start          Mark End        Relocate Start      Relocate End    
[2026-05-11T15:36:26.892+0100][3.212s][info][gc,heap     ] GC(57) y:      Used:      148M (29%)         148M (29%)          24M (5%)           24M (5%)     
[2026-05-11T15:36:26.892+0100][3.212s][info][gc,heap     ] GC(57) y:      Live:         -                 8M (2%)            8M (2%)            8M (2%)     
[2026-05-11T15:36:26.892+0100][3.212s][info][gc,heap     ] GC(57) y:   Garbage:         -               139M (27%)           5M (1%)            0M (0%)     
[2026-05-11T15:36:26.892+0100][3.212s][info][gc,heap     ] GC(57) y: Allocated:         -                 0M (0%)           10M (2%)           14M (3%)     
[2026-05-11T15:36:26.892+0100][3.212s][info][gc,heap     ] GC(57) y: Reclaimed:         -                  -               134M (26%)         138M (27%)    
[2026-05-11T15:36:26.892+0100][3.212s][info][gc,heap     ] GC(57) y:  Promoted:         -                  -                 0M (0%)            0M (0%)     
[2026-05-11T15:36:26.892+0100][3.212s][info][gc,heap     ] GC(57) y: Compacted:         -                  -                  -                 1M (0%)     
[2026-05-11T15:36:26.892+0100][3.212s][info][gc,phases   ] GC(57) y: Young Generation 212M(41%)->88M(17%) 0.003s
[2026-05-11T15:36:26.892+0100][3.212s][info][gc          ] GC(57) Minor Collection (Allocation Rate) 212M(41%)->88M(17%) 0.003s
[2026-05-11T15:36:26.893+0100][3.213s][info][gc          ] GC(58) Minor Collection (Allocation Rate)
[2026-05-11T15:36:26.893+0100][3.213s][info][gc,task     ] GC(58) Using 2 Workers for Young Generation
[2026-05-11T15:36:26.893+0100][3.213s][info][gc,phases   ] GC(58) y: Young Generation
[2026-05-11T15:36:26.893+0100][3.213s][info][gc,phases   ] GC(58) y: Pause Mark Start 0.013ms
[2026-05-11T15:36:26.897+0100][3.217s][info][gc,phases   ] GC(58) y: Concurrent Mark 3.966ms
[2026-05-11T15:36:26.897+0100][3.217s][info][gc,phases   ] GC(58) y: Pause Mark End 0.007ms
[2026-05-11T15:36:26.897+0100][3.217s][info][gc,phases   ] GC(58) y: Concurrent Mark Free 0.001ms
[2026-05-11T15:36:26.897+0100][3.217s][info][gc,phases   ] GC(58) y: Concurrent Reset Relocation Set 0.001ms
[2026-05-11T15:36:26.897+0100][3.217s][info][gc,reloc    ] GC(58) y: Using tenuring threshold: 3 (Computed)
[2026-05-11T15:36:26.897+0100][3.217s][info][gc,phases   ] GC(58) y: Concurrent Select Relocation Set 0.129ms
[2026-05-11T15:36:26.897+0100][3.218s][info][gc,phases   ] GC(58) y: Pause Relocate Start 0.002ms
[2026-05-11T15:36:26.897+0100][3.218s][info][gc,phases   ] GC(58) y: Concurrent Relocate 0.141ms
[2026-05-11T15:36:26.897+0100][3.218s][info][gc,alloc    ] GC(58) y:                         Mark Start        Mark End      Relocate Start    Relocate End   
[2026-05-11T15:36:26.897+0100][3.218s][info][gc,alloc    ] GC(58) y: Allocation Stalls:          0                0                0                0         
[2026-05-11T15:36:26.897+0100][3.218s][info][gc,load     ] GC(58) y: Load: 3.71 (46%) / 3.50 (44%) / 2.52 (31%)
[2026-05-11T15:36:26.897+0100][3.218s][info][gc,mmu      ] GC(58) y: MMU: 2ms/98.4%, 5ms/99.0%, 10ms/99.5%, 20ms/99.6%, 50ms/99.8%, 100ms/99.9%
[2026-05-11T15:36:26.897+0100][3.218s][info][gc,marking  ] GC(58) y: Mark: 2 stripe(s), 8 proactive flush(es), 1 terminate flush(es), 0 completion(s), 0 continuation(s) 
[2026-05-11T15:36:26.897+0100][3.218s][info][gc,nmethod  ] GC(58) y: NMethods: 719 registered, 0 unregistered
[2026-05-11T15:36:26.897+0100][3.218s][info][gc,metaspace] GC(58) y: Metaspace: 2M used, 2M committed, 1088M reserved
[2026-05-11T15:36:26.898+0100][3.218s][info][gc,reloc    ] GC(58) y:                        Candidates     Selected     In-Place         Size        Empty    Relocated 
[2026-05-11T15:36:26.898+0100][3.218s][info][gc,reloc    ] GC(58) y: Small Pages:                   13            4            0          26M           0M           1M 
[2026-05-11T15:36:26.898+0100][3.218s][info][gc,reloc    ] GC(58) y: Medium Pages:                   0            0            0           0M           0M           0M 
[2026-05-11T15:36:26.898+0100][3.218s][info][gc,reloc    ] GC(58) y: Large Pages:                    0            0            0           0M           0M           0M 
[2026-05-11T15:36:26.898+0100][3.218s][info][gc,reloc    ] GC(58) y: Forwarding Usage: 0M
[2026-05-11T15:36:26.898+0100][3.218s][info][gc,reloc    ] GC(58) y: Age Table:
[2026-05-11T15:36:26.898+0100][3.218s][info][gc,reloc    ] GC(58) y:                    Live             Garbage             Small              Medium             Large        
[2026-05-11T15:36:26.898+0100][3.218s][info][gc,reloc    ] GC(58) y: Eden               8M (2%)            3M (1%)           6 / 2              0 / 0              0 / 0        
[2026-05-11T15:36:26.898+0100][3.218s][info][gc,reloc    ] GC(58) y: Survivor 1         8M (2%)            3M (1%)           6 / 2              0 / 0              0 / 0        
[2026-05-11T15:36:26.898+0100][3.218s][info][gc,reloc    ] GC(58) y: Survivor 2         0M (0%)            1M (0%)           1 / 0              0 / 0              0 / 0        
[2026-05-11T15:36:26.898+0100][3.218s][info][gc,heap     ] GC(58) y: Min Capacity: 256M(50%)
[2026-05-11T15:36:26.898+0100][3.218s][info][gc,heap     ] GC(58) y: Max Capacity: 512M(100%)
[2026-05-11T15:36:26.898+0100][3.218s][info][gc,heap     ] GC(58) y: Soft Max Capacity: 512M(100%)
[2026-05-11T15:36:26.898+0100][3.218s][info][gc,heap     ] GC(58) y: Heap Statistics:
[2026-05-11T15:36:26.898+0100][3.218s][info][gc,heap     ] GC(58) y:                Mark Start          Mark End        Relocate Start      Relocate End           High               Low         
[2026-05-11T15:36:26.898+0100][3.218s][info][gc,heap     ] GC(58) y:  Capacity:      480M (94%)         480M (94%)         480M (94%)         480M (94%)         480M (94%)         480M (94%)    
[2026-05-11T15:36:26.898+0100][3.218s][info][gc,heap     ] GC(58) y:      Free:      422M (82%)         370M (72%)         370M (72%)         370M (72%)         422M (82%)         366M (71%)    
[2026-05-11T15:36:26.898+0100][3.218s][info][gc,heap     ] GC(58) y:      Used:       90M (18%)         142M (28%)         142M (28%)         142M (28%)         146M (29%)          90M (18%)    
[2026-05-11T15:36:26.898+0100][3.218s][info][gc,heap     ] GC(58) y: Young Generation Statistics:
[2026-05-11T15:36:26.898+0100][3.218s][info][gc,heap     ] GC(58) y:                Mark Start          Mark End        Relocate Start      Relocate End    
[2026-05-11T15:36:26.898+0100][3.218s][info][gc,heap     ] GC(58) y:      Used:       26M (5%)           78M (15%)          78M (15%)          78M (15%)    
[2026-05-11T15:36:26.898+0100][3.218s][info][gc,heap     ] GC(58) y:      Live:         -                16M (3%)           16M (3%)           16M (3%)     
[2026-05-11T15:36:26.898+0100][3.218s][info][gc,heap     ] GC(58) y:   Garbage:         -                 9M (2%)            9M (2%)            0M (0%)     
[2026-05-11T15:36:26.898+0100][3.218s][info][gc,heap     ] GC(58) y: Allocated:         -                52M (10%)          52M (10%)          60M (12%)    
[2026-05-11T15:36:26.898+0100][3.218s][info][gc,heap     ] GC(58) y: Reclaimed:         -                  -                 0M (0%)            8M (2%)     
[2026-05-11T15:36:26.898+0100][3.218s][info][gc,heap     ] GC(58) y:  Promoted:         -                  -                 0M (0%)            0M (0%)     
[2026-05-11T15:36:26.898+0100][3.218s][info][gc,heap     ] GC(58) y: Compacted:         -                  -                  -                 1M (0%)     
[2026-05-11T15:36:26.898+0100][3.218s][info][gc,phases   ] GC(58) y: Young Generation 90M(18%)->142M(28%) 0.005s
[2026-05-11T15:36:26.898+0100][3.218s][info][gc          ] GC(58) Minor Collection (Allocation Rate) 90M(18%)->142M(28%) 0.005s
[2026-05-11T15:36:26.898+0100][3.218s][info][gc          ] GC(59) Major Collection (System.gc())
[2026-05-11T15:36:26.898+0100][3.218s][info][gc,task     ] GC(59) Using 2 Workers for Young Generation
[2026-05-11T15:36:26.898+0100][3.218s][info][gc,task     ] GC(59) Using 2 Workers for Old Generation
[2026-05-11T15:36:26.898+0100][3.218s][info][gc,phases   ] GC(59) Y: Young Generation (Promote All)
[2026-05-11T15:36:26.898+0100][3.218s][info][gc,phases   ] GC(59) Y: Pause Mark Start 0.006ms
[2026-05-11T15:36:26.898+0100][3.219s][info][gc,phases   ] GC(59) Y: Concurrent Mark 0.634ms
[2026-05-11T15:36:26.898+0100][3.219s][info][gc,phases   ] GC(59) Y: Pause Mark End 0.003ms
[2026-05-11T15:36:26.898+0100][3.219s][info][gc,phases   ] GC(59) Y: Concurrent Mark Free 0.000ms
[2026-05-11T15:36:26.898+0100][3.219s][info][gc,phases   ] GC(59) Y: Concurrent Reset Relocation Set 0.001ms
[2026-05-11T15:36:26.898+0100][3.219s][info][gc,reloc    ] GC(59) Y: Using tenuring threshold: 0 (Promote All)
[2026-05-11T15:36:26.898+0100][3.219s][info][gc,phases   ] GC(59) Y: Concurrent Select Relocation Set 0.063ms
[2026-05-11T15:36:26.898+0100][3.219s][info][gc,phases   ] GC(59) Y: Pause Relocate Start 0.002ms
[2026-05-11T15:36:26.899+0100][3.219s][info][gc,phases   ] GC(59) Y: Concurrent Relocate 0.050ms
[2026-05-11T15:36:26.899+0100][3.219s][info][gc,alloc    ] GC(59) Y:                         Mark Start        Mark End      Relocate Start    Relocate End   
[2026-05-11T15:36:26.899+0100][3.219s][info][gc,alloc    ] GC(59) Y: Allocation Stalls:          0                0                0                0         
[2026-05-11T15:36:26.899+0100][3.219s][info][gc,load     ] GC(59) Y: Load: 3.71 (46%) / 3.50 (44%) / 2.52 (31%)
[2026-05-11T15:36:26.899+0100][3.219s][info][gc,mmu      ] GC(59) Y: MMU: 2ms/98.4%, 5ms/99.0%, 10ms/99.4%, 20ms/99.6%, 50ms/99.8%, 100ms/99.9%
[2026-05-11T15:36:26.899+0100][3.219s][info][gc,marking  ] GC(59) Y: Mark: 2 stripe(s), 1 proactive flush(es), 1 terminate flush(es), 0 completion(s), 0 continuation(s) 
[2026-05-11T15:36:26.899+0100][3.219s][info][gc,nmethod  ] GC(59) Y: NMethods: 719 registered, 0 unregistered
[2026-05-11T15:36:26.899+0100][3.219s][info][gc,metaspace] GC(59) Y: Metaspace: 2M used, 2M committed, 1088M reserved
[2026-05-11T15:36:26.899+0100][3.219s][info][gc,reloc    ] GC(59) Y:                        Candidates     Selected     In-Place         Size        Empty    Relocated 
[2026-05-11T15:36:26.899+0100][3.219s][info][gc,reloc    ] GC(59) Y: Small Pages:                   39            2            0          78M          72M           0M 
[2026-05-11T15:36:26.899+0100][3.219s][info][gc,reloc    ] GC(59) Y: Medium Pages:                   0            0            0           0M           0M           0M 
[2026-05-11T15:36:26.899+0100][3.219s][info][gc,reloc    ] GC(59) Y: Large Pages:                    0            0            0           0M           0M           0M 
[2026-05-11T15:36:26.899+0100][3.219s][info][gc,reloc    ] GC(59) Y: Forwarding Usage: 0M
[2026-05-11T15:36:26.899+0100][3.219s][info][gc,reloc    ] GC(59) Y: Age Table:
[2026-05-11T15:36:26.899+0100][3.219s][info][gc,reloc    ] GC(59) Y:                    Live             Garbage             Small              Medium             Large        
[2026-05-11T15:36:26.899+0100][3.219s][info][gc,reloc    ] GC(59) Y: Eden               0M (0%)           51M (10%)         26 / 1              0 / 0              0 / 0        
[2026-05-11T15:36:26.899+0100][3.219s][info][gc,reloc    ] GC(59) Y: Survivor 1          -                12M (2%)           6 / 0              0 / 0              0 / 0        
[2026-05-11T15:36:26.899+0100][3.219s][info][gc,reloc    ] GC(59) Y: Survivor 2         0M (0%)           11M (2%)           6 / 0              0 / 0              0 / 0        
[2026-05-11T15:36:26.899+0100][3.219s][info][gc,reloc    ] GC(59) Y: Survivor 3         0M (0%)            1M (0%)           1 / 1              0 / 0              0 / 0        
[2026-05-11T15:36:26.899+0100][3.219s][info][gc,heap     ] GC(59) Y: Min Capacity: 256M(50%)
[2026-05-11T15:36:26.899+0100][3.219s][info][gc,heap     ] GC(59) Y: Max Capacity: 512M(100%)
[2026-05-11T15:36:26.899+0100][3.219s][info][gc,heap     ] GC(59) Y: Soft Max Capacity: 512M(100%)
[2026-05-11T15:36:26.899+0100][3.219s][info][gc,heap     ] GC(59) Y: Heap Statistics:
[2026-05-11T15:36:26.899+0100][3.219s][info][gc,heap     ] GC(59) Y:                Mark Start          Mark End        Relocate Start      Relocate End           High               Low         
[2026-05-11T15:36:26.899+0100][3.219s][info][gc,heap     ] GC(59) Y:  Capacity:      480M (94%)         480M (94%)         480M (94%)         480M (94%)         480M (94%)         480M (94%)    
[2026-05-11T15:36:26.899+0100][3.219s][info][gc,heap     ] GC(59) Y:      Free:      370M (72%)         370M (72%)         442M (86%)         444M (87%)         444M (87%)         370M (72%)    
[2026-05-11T15:36:26.899+0100][3.219s][info][gc,heap     ] GC(59) Y:      Used:      142M (28%)         142M (28%)          70M (14%)          68M (13%)         142M (28%)          68M (13%)    
[2026-05-11T15:36:26.899+0100][3.219s][info][gc,heap     ] GC(59) Y: Young Generation Statistics:
[2026-05-11T15:36:26.899+0100][3.219s][info][gc,heap     ] GC(59) Y:                Mark Start          Mark End        Relocate Start      Relocate End    
[2026-05-11T15:36:26.899+0100][3.219s][info][gc,heap     ] GC(59) Y:      Used:       78M (15%)          78M (15%)           6M (1%)            0M (0%)     
[2026-05-11T15:36:26.899+0100][3.219s][info][gc,heap     ] GC(59) Y:      Live:         -                 0M (0%)            0M (0%)            0M (0%)     
[2026-05-11T15:36:26.899+0100][3.219s][info][gc,heap     ] GC(59) Y:   Garbage:         -                77M (15%)           5M (1%)            0M (0%)     
[2026-05-11T15:36:26.899+0100][3.219s][info][gc,heap     ] GC(59) Y: Allocated:         -                 0M (0%)            0M (0%)            0M (0%)     
[2026-05-11T15:36:26.899+0100][3.219s][info][gc,heap     ] GC(59) Y: Reclaimed:         -                  -                72M (14%)          77M (15%)    
[2026-05-11T15:36:26.899+0100][3.219s][info][gc,heap     ] GC(59) Y:  Promoted:         -                  -                 0M (0%)            0M (0%)     
[2026-05-11T15:36:26.899+0100][3.219s][info][gc,heap     ] GC(59) Y: Compacted:         -                  -                  -                 0M (0%)     
[2026-05-11T15:36:26.899+0100][3.219s][info][gc,phases   ] GC(59) Y: Young Generation (Promote All) 142M(28%)->68M(13%) 0.001s
[2026-05-11T15:36:26.899+0100][3.219s][info][gc,phases   ] GC(59) Y: Young Generation (Collect Roots)
[2026-05-11T15:36:26.899+0100][3.219s][info][gc,phases   ] GC(59) Y: Pause Mark Start (Major) 0.003ms
[2026-05-11T15:36:26.899+0100][3.220s][info][gc,phases   ] GC(59) Y: Concurrent Mark 0.498ms
[2026-05-11T15:36:26.899+0100][3.220s][info][gc,phases   ] GC(59) Y: Pause Mark End 0.004ms
[2026-05-11T15:36:26.899+0100][3.220s][info][gc,phases   ] GC(59) Y: Concurrent Mark Free 0.000ms
[2026-05-11T15:36:26.899+0100][3.220s][info][gc,phases   ] GC(59) Y: Concurrent Reset Relocation Set 0.003ms
[2026-05-11T15:36:26.899+0100][3.220s][info][gc,reloc    ] GC(59) Y: Using tenuring threshold: 0 (Computed)
[2026-05-11T15:36:26.899+0100][3.220s][info][gc,phases   ] GC(59) Y: Concurrent Select Relocation Set 0.027ms
[2026-05-11T15:36:26.899+0100][3.220s][info][gc,phases   ] GC(59) Y: Pause Relocate Start 0.001ms
[2026-05-11T15:36:26.899+0100][3.220s][info][gc,phases   ] GC(59) Y: Concurrent Relocate 0.015ms
[2026-05-11T15:36:26.899+0100][3.220s][info][gc,alloc    ] GC(59) Y:                         Mark Start        Mark End      Relocate Start    Relocate End   
[2026-05-11T15:36:26.899+0100][3.220s][info][gc,alloc    ] GC(59) Y: Allocation Stalls:          0                0                0                0         
[2026-05-11T15:36:26.899+0100][3.220s][info][gc,load     ] GC(59) Y: Load: 3.71 (46%) / 3.50 (44%) / 2.52 (31%)
[2026-05-11T15:36:26.899+0100][3.220s][info][gc,mmu      ] GC(59) Y: MMU: 2ms/98.4%, 5ms/99.0%, 10ms/99.4%, 20ms/99.6%, 50ms/99.8%, 100ms/99.9%
[2026-05-11T15:36:26.899+0100][3.220s][info][gc,marking  ] GC(59) Y: Mark: 2 stripe(s), 1 proactive flush(es), 1 terminate flush(es), 0 completion(s), 0 continuation(s) 
[2026-05-11T15:36:26.899+0100][3.220s][info][gc,nmethod  ] GC(59) Y: NMethods: 719 registered, 0 unregistered
[2026-05-11T15:36:26.899+0100][3.220s][info][gc,metaspace] GC(59) Y: Metaspace: 2M used, 2M committed, 1088M reserved
[2026-05-11T15:36:26.899+0100][3.220s][info][gc,heap     ] GC(59) Y: Min Capacity: 256M(50%)
[2026-05-11T15:36:26.899+0100][3.220s][info][gc,heap     ] GC(59) Y: Max Capacity: 512M(100%)
[2026-05-11T15:36:26.899+0100][3.220s][info][gc,heap     ] GC(59) Y: Soft Max Capacity: 512M(100%)
[2026-05-11T15:36:26.899+0100][3.220s][info][gc,heap     ] GC(59) Y: Heap Statistics:
[2026-05-11T15:36:26.899+0100][3.220s][info][gc,heap     ] GC(59) Y:                Mark Start          Mark End        Relocate Start      Relocate End           High               Low         
[2026-05-11T15:36:26.900+0100][3.220s][info][gc,heap     ] GC(59) Y:  Capacity:      480M (94%)         480M (94%)         480M (94%)         480M (94%)         480M (94%)         480M (94%)    
[2026-05-11T15:36:26.900+0100][3.220s][info][gc,heap     ] GC(59) Y:      Free:      444M (87%)         444M (87%)         444M (87%)         444M (87%)         444M (87%)         444M (87%)    
[2026-05-11T15:36:26.900+0100][3.220s][info][gc,heap     ] GC(59) Y:      Used:       68M (13%)          68M (13%)          68M (13%)          68M (13%)          68M (13%)          68M (13%)    
[2026-05-11T15:36:26.900+0100][3.220s][info][gc,heap     ] GC(59) Y: Young Generation Statistics:
[2026-05-11T15:36:26.900+0100][3.220s][info][gc,heap     ] GC(59) Y:                Mark Start          Mark End        Relocate Start      Relocate End    
[2026-05-11T15:36:26.900+0100][3.220s][info][gc,heap     ] GC(59) Y:      Used:        0M (0%)            0M (0%)            0M (0%)            0M (0%)     
[2026-05-11T15:36:26.900+0100][3.220s][info][gc,heap     ] GC(59) Y:      Live:         -                 0M (0%)            0M (0%)            0M (0%)     
[2026-05-11T15:36:26.900+0100][3.220s][info][gc,heap     ] GC(59) Y:   Garbage:         -                 0M (0%)            0M (0%)            0M (0%)     
[2026-05-11T15:36:26.900+0100][3.220s][info][gc,heap     ] GC(59) Y: Allocated:         -                 0M (0%)            0M (0%)            0M (0%)     
[2026-05-11T15:36:26.900+0100][3.220s][info][gc,heap     ] GC(59) Y: Reclaimed:         -                  -                 0M (0%)            0M (0%)     
[2026-05-11T15:36:26.900+0100][3.220s][info][gc,heap     ] GC(59) Y:  Promoted:         -                  -                 0M (0%)            0M (0%)     
[2026-05-11T15:36:26.900+0100][3.220s][info][gc,heap     ] GC(59) Y: Compacted:         -                  -                  -                 0M (0%)     
[2026-05-11T15:36:26.900+0100][3.220s][info][gc,phases   ] GC(59) Y: Young Generation (Collect Roots) 68M(13%)->68M(13%) 0.001s
[2026-05-11T15:36:26.900+0100][3.220s][info][gc,phases   ] GC(59) O: Old Generation
[2026-05-11T15:36:26.919+0100][3.239s][info][gc,phases   ] GC(59) O: Concurrent Mark 19.262ms
[2026-05-11T15:36:26.919+0100][3.239s][info][gc,phases   ] GC(59) O: Pause Mark End 0.012ms
[2026-05-11T15:36:26.919+0100][3.239s][info][gc,phases   ] GC(59) O: Concurrent Mark Free 0.001ms
[2026-05-11T15:36:26.920+0100][3.240s][info][gc,phases   ] GC(59) O: Concurrent Process Non-Strong 0.693ms
[2026-05-11T15:36:26.920+0100][3.240s][info][gc,phases   ] GC(59) O: Concurrent Reset Relocation Set 0.001ms
[2026-05-11T15:36:26.920+0100][3.240s][info][gc,phases   ] GC(59) O: Concurrent Select Relocation Set 0.037ms
[2026-05-11T15:36:26.920+0100][3.240s][info][gc,task     ] GC(59) O: Using 2 Workers for Old Generation
[2026-05-11T15:36:26.920+0100][3.240s][info][gc,task     ] GC(59) O: Using 2 Workers for Old Generation
[2026-05-11T15:36:26.920+0100][3.240s][info][gc,phases   ] GC(59) O: Concurrent Remap Roots 0.431ms
[2026-05-11T15:36:26.920+0100][3.240s][info][gc,phases   ] GC(59) O: Pause Relocate Start 0.006ms
[2026-05-11T15:36:26.921+0100][3.242s][info][gc,phases   ] GC(59) O: Concurrent Relocate 1.079ms
[2026-05-11T15:36:26.921+0100][3.242s][info][gc,alloc    ] GC(59) O:                         Mark Start        Mark End      Relocate Start    Relocate End   
[2026-05-11T15:36:26.921+0100][3.242s][info][gc,alloc    ] GC(59) O: Allocation Stalls:          0                0                0                0         
[2026-05-11T15:36:26.921+0100][3.242s][info][gc,load     ] GC(59) O: Load: 3.71 (46%) / 3.50 (44%) / 2.52 (31%)
[2026-05-11T15:36:26.921+0100][3.242s][info][gc,mmu      ] GC(59) O: MMU: 2ms/98.4%, 5ms/99.0%, 10ms/99.4%, 20ms/99.6%, 50ms/99.8%, 100ms/99.9%
[2026-05-11T15:36:26.921+0100][3.242s][info][gc,marking  ] GC(59) O: Mark: 2 stripe(s), 2 proactive flush(es), 1 terminate flush(es), 0 completion(s), 0 continuation(s) 
[2026-05-11T15:36:26.921+0100][3.242s][info][gc,nmethod  ] GC(59) O: NMethods: 717 registered, 2 unregistered
[2026-05-11T15:36:26.921+0100][3.242s][info][gc,metaspace] GC(59) O: Metaspace: 2M used, 2M committed, 1088M reserved
[2026-05-11T15:36:26.921+0100][3.242s][info][gc,ref      ] GC(59) O:                       Encountered   Discovered     Enqueued 
[2026-05-11T15:36:26.921+0100][3.242s][info][gc,ref      ] GC(59) O: Soft References:              127            0            0 
[2026-05-11T15:36:26.921+0100][3.242s][info][gc,ref      ] GC(59) O: Weak References:              274          162            0 
[2026-05-11T15:36:26.921+0100][3.242s][info][gc,ref      ] GC(59) O: Final References:               6            6            0 
[2026-05-11T15:36:26.921+0100][3.242s][info][gc,ref      ] GC(59) O: Phantom References:             2            1            0 
[2026-05-11T15:36:26.921+0100][3.242s][info][gc,reloc    ] GC(59) O:                        Candidates     Selected     In-Place         Size        Empty    Relocated 
[2026-05-11T15:36:26.921+0100][3.242s][info][gc,reloc    ] GC(59) O: Small Pages:                   34            3            0          68M           0M           1M 
[2026-05-11T15:36:26.921+0100][3.242s][info][gc,reloc    ] GC(59) O: Medium Pages:                   0            0            0           0M           0M           0M 
[2026-05-11T15:36:26.921+0100][3.242s][info][gc,reloc    ] GC(59) O: Large Pages:                    0            0            0           0M           0M           0M 
[2026-05-11T15:36:26.921+0100][3.242s][info][gc,reloc    ] GC(59) O: Forwarding Usage: 1M
[2026-05-11T15:36:26.921+0100][3.242s][info][gc,heap     ] GC(59) O: Min Capacity: 256M(50%)
[2026-05-11T15:36:26.921+0100][3.242s][info][gc,heap     ] GC(59) O: Max Capacity: 512M(100%)
[2026-05-11T15:36:26.921+0100][3.242s][info][gc,heap     ] GC(59) O: Soft Max Capacity: 512M(100%)
[2026-05-11T15:36:26.921+0100][3.242s][info][gc,heap     ] GC(59) O: Heap Statistics:
[2026-05-11T15:36:26.921+0100][3.242s][info][gc,heap     ] GC(59) O:                Mark Start          Mark End        Relocate Start      Relocate End           High               Low         
[2026-05-11T15:36:26.921+0100][3.242s][info][gc,heap     ] GC(59) O:  Capacity:      480M (94%)         480M (94%)         480M (94%)         480M (94%)         480M (94%)         480M (94%)    
[2026-05-11T15:36:26.921+0100][3.242s][info][gc,heap     ] GC(59) O:      Free:      444M (87%)         444M (87%)         444M (87%)         448M (88%)         448M (88%)         440M (86%)    
[2026-05-11T15:36:26.921+0100][3.242s][info][gc,heap     ] GC(59) O:      Used:       68M (13%)          68M (13%)          68M (13%)          64M (12%)          72M (14%)          64M (12%)    
[2026-05-11T15:36:26.921+0100][3.242s][info][gc,heap     ] GC(59) O: Old Generation Statistics:
[2026-05-11T15:36:26.921+0100][3.242s][info][gc,heap     ] GC(59) O:                Mark Start          Mark End        Relocate Start      Relocate End    
[2026-05-11T15:36:26.921+0100][3.242s][info][gc,heap     ] GC(59) O:      Used:       68M (13%)          68M (13%)          68M (13%)          64M (12%)    
[2026-05-11T15:36:26.921+0100][3.242s][info][gc,heap     ] GC(59) O:      Live:         -                60M (12%)          60M (12%)          60M (12%)    
[2026-05-11T15:36:26.921+0100][3.242s][info][gc,heap     ] GC(59) O:   Garbage:         -                 7M (2%)            7M (2%)            1M (0%)     
[2026-05-11T15:36:26.921+0100][3.242s][info][gc,heap     ] GC(59) O: Allocated:         -                 0M (0%)            0M (0%)            2M (0%)     
[2026-05-11T15:36:26.921+0100][3.242s][info][gc,heap     ] GC(59) O: Reclaimed:         -                  -                 0M (0%)            6M (1%)     
[2026-05-11T15:36:26.921+0100][3.242s][info][gc,heap     ] GC(59) O: Compacted:         -                  -                  -                 1M (0%)     
[2026-05-11T15:36:26.921+0100][3.242s][info][gc,phases   ] GC(59) O: Old Generation 68M(13%)->64M(12%) 0.022s
[2026-05-11T15:36:26.921+0100][3.242s][info][gc          ] GC(59) Major Collection (System.gc()) 142M(28%)->64M(12%) 0.024s
[2026-05-11T15:36:26.994+0100][3.314s][info][gc          ] GC(60) Minor Collection (Allocation Rate)
[2026-05-11T15:36:26.994+0100][3.314s][info][gc,task     ] GC(60) Using 2 Workers for Young Generation
[2026-05-11T15:36:26.994+0100][3.314s][info][gc,phases   ] GC(60) y: Young Generation
[2026-05-11T15:36:26.994+0100][3.315s][info][gc,phases   ] GC(60) y: Pause Mark Start 0.009ms
[2026-05-11T15:36:27.007+0100][3.327s][info][gc,phases   ] GC(60) y: Concurrent Mark 12.751ms
[2026-05-11T15:36:27.007+0100][3.327s][info][gc,phases   ] GC(60) y: Pause Mark End 0.006ms
[2026-05-11T15:36:27.007+0100][3.327s][info][gc,phases   ] GC(60) y: Concurrent Mark Free 0.001ms
[2026-05-11T15:36:27.007+0100][3.327s][info][gc,phases   ] GC(60) y: Concurrent Reset Relocation Set 0.000ms
[2026-05-11T15:36:27.007+0100][3.327s][info][gc,reloc    ] GC(60) y: Using tenuring threshold: 1 (Computed)
[2026-05-11T15:36:27.007+0100][3.328s][info][gc,phases   ] GC(60) y: Concurrent Select Relocation Set 0.060ms
[2026-05-11T15:36:27.007+0100][3.328s][info][gc,phases   ] GC(60) y: Pause Relocate Start 0.002ms
[2026-05-11T15:36:27.007+0100][3.328s][info][gc,phases   ] GC(60) y: Concurrent Relocate 0.031ms
[2026-05-11T15:36:27.007+0100][3.328s][info][gc,alloc    ] GC(60) y:                         Mark Start        Mark End      Relocate Start    Relocate End   
[2026-05-11T15:36:27.007+0100][3.328s][info][gc,alloc    ] GC(60) y: Allocation Stalls:          0                0                0                0         
[2026-05-11T15:36:27.007+0100][3.328s][info][gc,load     ] GC(60) y: Load: 3.71 (46%) / 3.50 (44%) / 2.52 (31%)
[2026-05-11T15:36:27.007+0100][3.328s][info][gc,mmu      ] GC(60) y: MMU: 2ms/98.4%, 5ms/99.0%, 10ms/99.4%, 20ms/99.6%, 50ms/99.8%, 100ms/99.9%
[2026-05-11T15:36:27.007+0100][3.328s][info][gc,marking  ] GC(60) y: Mark: 2 stripe(s), 1 proactive flush(es), 1 terminate flush(es), 0 completion(s), 0 continuation(s) 
[2026-05-11T15:36:27.007+0100][3.328s][info][gc,nmethod  ] GC(60) y: NMethods: 734 registered, 2 unregistered
[2026-05-11T15:36:27.007+0100][3.328s][info][gc,metaspace] GC(60) y: Metaspace: 2M used, 2M committed, 1088M reserved
[2026-05-11T15:36:27.007+0100][3.328s][info][gc,reloc    ] GC(60) y:                        Candidates     Selected     In-Place         Size        Empty    Relocated 
[2026-05-11T15:36:27.008+0100][3.328s][info][gc,reloc    ] GC(60) y: Small Pages:                   27            0            0          54M           0M           0M 
[2026-05-11T15:36:27.008+0100][3.328s][info][gc,reloc    ] GC(60) y: Medium Pages:                   0            0            0           0M           0M           0M 
[2026-05-11T15:36:27.008+0100][3.328s][info][gc,reloc    ] GC(60) y: Large Pages:                    0            0            0           0M           0M           0M 
[2026-05-11T15:36:27.008+0100][3.328s][info][gc,reloc    ] GC(60) y: Forwarding Usage: 0M
[2026-05-11T15:36:27.008+0100][3.328s][info][gc,reloc    ] GC(60) y: Age Table:
[2026-05-11T15:36:27.008+0100][3.328s][info][gc,reloc    ] GC(60) y:                    Live             Garbage             Small              Medium             Large        
[2026-05-11T15:36:27.008+0100][3.328s][info][gc,reloc    ] GC(60) y: Eden              52M (10%)           1M (0%)          27 / 0              0 / 0              0 / 0        
[2026-05-11T15:36:27.008+0100][3.328s][info][gc,heap     ] GC(60) y: Min Capacity: 256M(50%)
[2026-05-11T15:36:27.008+0100][3.328s][info][gc,heap     ] GC(60) y: Max Capacity: 512M(100%)
[2026-05-11T15:36:27.008+0100][3.328s][info][gc,heap     ] GC(60) y: Soft Max Capacity: 512M(100%)
[2026-05-11T15:36:27.008+0100][3.328s][info][gc,heap     ] GC(60) y: Heap Statistics:
[2026-05-11T15:36:27.008+0100][3.328s][info][gc,heap     ] GC(60) y:                Mark Start          Mark End        Relocate Start      Relocate End           High               Low         
[2026-05-11T15:36:27.008+0100][3.328s][info][gc,heap     ] GC(60) y:  Capacity:      480M (94%)         480M (94%)         480M (94%)         480M (94%)         480M (94%)         480M (94%)    
[2026-05-11T15:36:27.008+0100][3.328s][info][gc,heap     ] GC(60) y:      Free:      394M (77%)         232M (45%)         232M (45%)         232M (45%)         394M (77%)         232M (45%)    
[2026-05-11T15:36:27.008+0100][3.328s][info][gc,heap     ] GC(60) y:      Used:      118M (23%)         280M (55%)         280M (55%)         280M (55%)         280M (55%)         118M (23%)    
[2026-05-11T15:36:27.008+0100][3.328s][info][gc,heap     ] GC(60) y: Young Generation Statistics:
[2026-05-11T15:36:27.008+0100][3.328s][info][gc,heap     ] GC(60) y:                Mark Start          Mark End        Relocate Start      Relocate End    
[2026-05-11T15:36:27.008+0100][3.328s][info][gc,heap     ] GC(60) y:      Used:       54M (11%)         216M (42%)         216M (42%)         216M (42%)    
[2026-05-11T15:36:27.008+0100][3.328s][info][gc,heap     ] GC(60) y:      Live:         -                52M (10%)          52M (10%)          52M (10%)    
[2026-05-11T15:36:27.008+0100][3.328s][info][gc,heap     ] GC(60) y:   Garbage:         -                 1M (0%)            1M (0%)            1M (0%)     
[2026-05-11T15:36:27.008+0100][3.328s][info][gc,heap     ] GC(60) y: Allocated:         -               162M (32%)         162M (32%)         162M (32%)    
[2026-05-11T15:36:27.008+0100][3.328s][info][gc,heap     ] GC(60) y: Reclaimed:         -                  -                 0M (0%)            0M (0%)     
[2026-05-11T15:36:27.008+0100][3.328s][info][gc,heap     ] GC(60) y:  Promoted:         -                  -                 0M (0%)            0M (0%)     
[2026-05-11T15:36:27.008+0100][3.328s][info][gc,heap     ] GC(60) y: Compacted:         -                  -                  -                 0M (0%)     
[2026-05-11T15:36:27.008+0100][3.328s][info][gc,phases   ] GC(60) y: Young Generation 118M(23%)->280M(55%) 0.013s
[2026-05-11T15:36:27.008+0100][3.328s][info][gc          ] GC(60) Minor Collection (Allocation Rate) 116M(23%)->280M(55%) 0.014s
[2026-05-11T15:36:27.008+0100][3.328s][info][gc          ] GC(61) Minor Collection (Allocation Rate)
[2026-05-11T15:36:27.008+0100][3.328s][info][gc,task     ] GC(61) Using 2 Workers for Young Generation
[2026-05-11T15:36:27.008+0100][3.328s][info][gc,phases   ] GC(61) y: Young Generation
[2026-05-11T15:36:27.008+0100][3.328s][info][gc,phases   ] GC(61) y: Pause Mark Start 0.003ms
[2026-05-11T15:36:27.009+0100][3.330s][info][gc,phases   ] GC(61) y: Concurrent Mark 1.611ms
[2026-05-11T15:36:27.009+0100][3.330s][info][gc,phases   ] GC(61) y: Pause Mark End 0.006ms
[2026-05-11T15:36:27.009+0100][3.330s][info][gc,phases   ] GC(61) y: Concurrent Mark Free 0.001ms
[2026-05-11T15:36:27.009+0100][3.330s][info][gc,phases   ] GC(61) y: Concurrent Reset Relocation Set 0.000ms
[2026-05-11T15:36:27.010+0100][3.330s][info][gc,reloc    ] GC(61) y: Using tenuring threshold: 1 (Computed)
[2026-05-11T15:36:27.010+0100][3.330s][info][gc,phases   ] GC(61) y: Concurrent Select Relocation Set 0.093ms
[2026-05-11T15:36:27.010+0100][3.330s][info][gc,phases   ] GC(61) y: Pause Relocate Start 0.002ms
[2026-05-11T15:36:27.010+0100][3.330s][info][gc,phases   ] GC(61) y: Concurrent Relocate 0.110ms
[2026-05-11T15:36:27.010+0100][3.330s][info][gc,alloc    ] GC(61) y:                         Mark Start        Mark End      Relocate Start    Relocate End   
[2026-05-11T15:36:27.010+0100][3.330s][info][gc,alloc    ] GC(61) y: Allocation Stalls:          0                0                0                0         
[2026-05-11T15:36:27.010+0100][3.330s][info][gc,load     ] GC(61) y: Load: 3.71 (46%) / 3.50 (44%) / 2.52 (31%)
[2026-05-11T15:36:27.010+0100][3.330s][info][gc,mmu      ] GC(61) y: MMU: 2ms/98.4%, 5ms/99.0%, 10ms/99.4%, 20ms/99.6%, 50ms/99.8%, 100ms/99.9%
[2026-05-11T15:36:27.010+0100][3.330s][info][gc,marking  ] GC(61) y: Mark: 2 stripe(s), 2 proactive flush(es), 1 terminate flush(es), 0 completion(s), 0 continuation(s) 
[2026-05-11T15:36:27.010+0100][3.330s][info][gc,nmethod  ] GC(61) y: NMethods: 734 registered, 2 unregistered
[2026-05-11T15:36:27.010+0100][3.330s][info][gc,metaspace] GC(61) y: Metaspace: 2M used, 2M committed, 1088M reserved
[2026-05-11T15:36:27.010+0100][3.330s][info][gc,reloc    ] GC(61) y:                        Candidates     Selected     In-Place         Size        Empty    Relocated 
[2026-05-11T15:36:27.010+0100][3.330s][info][gc,reloc    ] GC(61) y: Small Pages:                  108            1            0         216M         204M           0M 
[2026-05-11T15:36:27.010+0100][3.330s][info][gc,reloc    ] GC(61) y: Medium Pages:                   0            0            0           0M           0M           0M 
[2026-05-11T15:36:27.010+0100][3.330s][info][gc,reloc    ] GC(61) y: Large Pages:                    0            0            0           0M           0M           0M 
[2026-05-11T15:36:27.010+0100][3.330s][info][gc,reloc    ] GC(61) y: Forwarding Usage: 0M
[2026-05-11T15:36:27.010+0100][3.330s][info][gc,reloc    ] GC(61) y: Age Table:
[2026-05-11T15:36:27.010+0100][3.330s][info][gc,reloc    ] GC(61) y:                    Live             Garbage             Small              Medium             Large        
[2026-05-11T15:36:27.010+0100][3.330s][info][gc,reloc    ] GC(61) y: Eden               8M (2%)          153M (30%)         81 / 1              0 / 0              0 / 0        
[2026-05-11T15:36:27.010+0100][3.330s][info][gc,reloc    ] GC(61) y: Survivor 1          -                54M (11%)         27 / 0              0 / 0              0 / 0        
[2026-05-11T15:36:27.010+0100][3.330s][info][gc,heap     ] GC(61) y: Min Capacity: 256M(50%)
[2026-05-11T15:36:27.010+0100][3.330s][info][gc,heap     ] GC(61) y: Max Capacity: 512M(100%)
[2026-05-11T15:36:27.010+0100][3.330s][info][gc,heap     ] GC(61) y: Soft Max Capacity: 512M(100%)
[2026-05-11T15:36:27.010+0100][3.330s][info][gc,heap     ] GC(61) y: Heap Statistics:
[2026-05-11T15:36:27.010+0100][3.330s][info][gc,heap     ] GC(61) y:                Mark Start          Mark End        Relocate Start      Relocate End           High               Low         
[2026-05-11T15:36:27.010+0100][3.330s][info][gc,heap     ] GC(61) y:  Capacity:      480M (94%)         480M (94%)         480M (94%)         480M (94%)         480M (94%)         480M (94%)    
[2026-05-11T15:36:27.010+0100][3.330s][info][gc,heap     ] GC(61) y:      Free:      232M (45%)         232M (45%)         436M (85%)         436M (85%)         436M (85%)         232M (45%)    
[2026-05-11T15:36:27.010+0100][3.330s][info][gc,heap     ] GC(61) y:      Used:      280M (55%)         280M (55%)          76M (15%)          76M (15%)         280M (55%)          76M (15%)    
[2026-05-11T15:36:27.010+0100][3.330s][info][gc,heap     ] GC(61) y: Young Generation Statistics:
[2026-05-11T15:36:27.010+0100][3.330s][info][gc,heap     ] GC(61) y:                Mark Start          Mark End        Relocate Start      Relocate End    
[2026-05-11T15:36:27.010+0100][3.330s][info][gc,heap     ] GC(61) y:      Used:      216M (42%)         216M (42%)          12M (2%)           12M (2%)     
[2026-05-11T15:36:27.010+0100][3.330s][info][gc,heap     ] GC(61) y:      Live:         -                 8M (2%)            8M (2%)            8M (2%)     
[2026-05-11T15:36:27.010+0100][3.330s][info][gc,heap     ] GC(61) y:   Garbage:         -               207M (41%)           3M (1%)            0M (0%)     
[2026-05-11T15:36:27.010+0100][3.330s][info][gc,heap     ] GC(61) y: Allocated:         -                 0M (0%)            0M (0%)            3M (1%)     
[2026-05-11T15:36:27.010+0100][3.330s][info][gc,heap     ] GC(61) y: Reclaimed:         -                  -               204M (40%)         207M (41%)    
[2026-05-11T15:36:27.010+0100][3.330s][info][gc,heap     ] GC(61) y:  Promoted:         -                  -                 0M (0%)            0M (0%)     
[2026-05-11T15:36:27.010+0100][3.330s][info][gc,heap     ] GC(61) y: Compacted:         -                  -                  -                 0M (0%)     
[2026-05-11T15:36:27.010+0100][3.330s][info][gc,phases   ] GC(61) y: Young Generation 280M(55%)->76M(15%) 0.002s
[2026-05-11T15:36:27.010+0100][3.330s][info][gc          ] GC(61) Minor Collection (Allocation Rate) 280M(55%)->76M(15%) 0.002s
[2026-05-11T15:36:27.012+0100][3.333s][info][gc          ] GC(62) Minor Collection (Allocation Rate)
[2026-05-11T15:36:27.012+0100][3.333s][info][gc,task     ] GC(62) Using 2 Workers for Young Generation
[2026-05-11T15:36:27.012+0100][3.333s][info][gc,phases   ] GC(62) y: Young Generation
[2026-05-11T15:36:27.013+0100][3.333s][info][gc,phases   ] GC(62) y: Pause Mark Start 0.012ms
[2026-05-11T15:36:27.025+0100][3.346s][info][gc,phases   ] GC(62) y: Concurrent Mark 11.949ms
[2026-05-11T15:36:27.025+0100][3.346s][info][gc,phases   ] GC(62) y: Pause Mark End 0.007ms
[2026-05-11T15:36:27.025+0100][3.346s][info][gc,phases   ] GC(62) y: Concurrent Mark Free 0.001ms
[2026-05-11T15:36:27.025+0100][3.346s][info][gc,phases   ] GC(62) y: Concurrent Reset Relocation Set 0.001ms
[2026-05-11T15:36:27.025+0100][3.346s][info][gc,reloc    ] GC(62) y: Using tenuring threshold: 2 (Computed)
[2026-05-11T15:36:27.026+0100][3.346s][info][gc,phases   ] GC(62) y: Concurrent Select Relocation Set 0.064ms
[2026-05-11T15:36:27.026+0100][3.346s][info][gc,phases   ] GC(62) y: Pause Relocate Start 0.002ms
[2026-05-11T15:36:27.026+0100][3.346s][info][gc,phases   ] GC(62) y: Concurrent Relocate 0.520ms
[2026-05-11T15:36:27.026+0100][3.346s][info][gc,alloc    ] GC(62) y:                         Mark Start        Mark End      Relocate Start    Relocate End   
[2026-05-11T15:36:27.026+0100][3.346s][info][gc,alloc    ] GC(62) y: Allocation Stalls:          0                0                0                0         
[2026-05-11T15:36:27.026+0100][3.346s][info][gc,load     ] GC(62) y: Load: 3.71 (46%) / 3.50 (44%) / 2.52 (31%)
[2026-05-11T15:36:27.026+0100][3.346s][info][gc,mmu      ] GC(62) y: MMU: 2ms/98.4%, 5ms/99.0%, 10ms/99.4%, 20ms/99.6%, 50ms/99.8%, 100ms/99.9%
[2026-05-11T15:36:27.026+0100][3.346s][info][gc,marking  ] GC(62) y: Mark: 2 stripe(s), 1 proactive flush(es), 1 terminate flush(es), 0 completion(s), 0 continuation(s) 
[2026-05-11T15:36:27.026+0100][3.346s][info][gc,nmethod  ] GC(62) y: NMethods: 753 registered, 2 unregistered
[2026-05-11T15:36:27.026+0100][3.346s][info][gc,metaspace] GC(62) y: Metaspace: 2M used, 3M committed, 1088M reserved
[2026-05-11T15:36:27.026+0100][3.346s][info][gc,reloc    ] GC(62) y:                        Candidates     Selected     In-Place         Size        Empty    Relocated 
[2026-05-11T15:36:27.026+0100][3.346s][info][gc,reloc    ] GC(62) y: Small Pages:                   29            3            0          58M           0M           1M 
[2026-05-11T15:36:27.026+0100][3.346s][info][gc,reloc    ] GC(62) y: Medium Pages:                   0            0            0           0M           0M           0M 
[2026-05-11T15:36:27.026+0100][3.346s][info][gc,reloc    ] GC(62) y: Large Pages:                    0            0            0           0M           0M           0M 
[2026-05-11T15:36:27.026+0100][3.346s][info][gc,reloc    ] GC(62) y: Forwarding Usage: 0M
[2026-05-11T15:36:27.026+0100][3.346s][info][gc,reloc    ] GC(62) y: Age Table:
[2026-05-11T15:36:27.026+0100][3.346s][info][gc,reloc    ] GC(62) y:                    Live             Garbage             Small              Medium             Large        
[2026-05-11T15:36:27.026+0100][3.346s][info][gc,reloc    ] GC(62) y: Eden              42M (8%)            3M (1%)          23 / 1              0 / 0              0 / 0        
[2026-05-11T15:36:27.026+0100][3.346s][info][gc,reloc    ] GC(62) y: Survivor 1         8M (2%)            3M (1%)           6 / 2              0 / 0              0 / 0        
[2026-05-11T15:36:27.026+0100][3.346s][info][gc,heap     ] GC(62) y: Min Capacity: 256M(50%)
[2026-05-11T15:36:27.026+0100][3.346s][info][gc,heap     ] GC(62) y: Max Capacity: 512M(100%)
[2026-05-11T15:36:27.026+0100][3.346s][info][gc,heap     ] GC(62) y: Soft Max Capacity: 512M(100%)
[2026-05-11T15:36:27.026+0100][3.346s][info][gc,heap     ] GC(62) y: Heap Statistics:
[2026-05-11T15:36:27.026+0100][3.346s][info][gc,heap     ] GC(62) y:                Mark Start          Mark End        Relocate Start      Relocate End           High               Low         
[2026-05-11T15:36:27.026+0100][3.346s][info][gc,heap     ] GC(62) y:  Capacity:      480M (94%)         480M (94%)         480M (94%)         480M (94%)         480M (94%)         480M (94%)    
[2026-05-11T15:36:27.026+0100][3.346s][info][gc,heap     ] GC(62) y:      Free:      390M (76%)         300M (59%)         300M (59%)         300M (59%)         390M (76%)         296M (58%)    
[2026-05-11T15:36:27.026+0100][3.346s][info][gc,heap     ] GC(62) y:      Used:      122M (24%)         212M (41%)         212M (41%)         212M (41%)         216M (42%)         122M (24%)    
[2026-05-11T15:36:27.026+0100][3.346s][info][gc,heap     ] GC(62) y: Young Generation Statistics:
[2026-05-11T15:36:27.026+0100][3.346s][info][gc,heap     ] GC(62) y:                Mark Start          Mark End        Relocate Start      Relocate End    
[2026-05-11T15:36:27.026+0100][3.346s][info][gc,heap     ] GC(62) y:      Used:       58M (11%)         148M (29%)         148M (29%)         148M (29%)    
[2026-05-11T15:36:27.026+0100][3.346s][info][gc,heap     ] GC(62) y:      Live:         -                50M (10%)          50M (10%)          50M (10%)    
[2026-05-11T15:36:27.026+0100][3.346s][info][gc,heap     ] GC(62) y:   Garbage:         -                 7M (1%)            7M (1%)            0M (0%)     
[2026-05-11T15:36:27.026+0100][3.346s][info][gc,heap     ] GC(62) y: Allocated:         -                90M (18%)          90M (18%)          96M (19%)    
[2026-05-11T15:36:27.026+0100][3.347s][info][gc,heap     ] GC(62) y: Reclaimed:         -                  -                 0M (0%)            6M (1%)     
[2026-05-11T15:36:27.026+0100][3.347s][info][gc,heap     ] GC(62) y:  Promoted:         -                  -                 0M (0%)            0M (0%)     
[2026-05-11T15:36:27.026+0100][3.347s][info][gc,heap     ] GC(62) y: Compacted:         -                  -                  -                 1M (0%)     
[2026-05-11T15:36:27.026+0100][3.347s][info][gc,phases   ] GC(62) y: Young Generation 92M(18%)->212M(41%) 0.014s
[2026-05-11T15:36:27.026+0100][3.347s][info][gc          ] GC(62) Minor Collection (Allocation Rate) 92M(18%)->212M(41%) 0.014s
[2026-05-11T15:36:27.026+0100][3.347s][info][gc          ] GC(63) Minor Collection (Allocation Rate)
[2026-05-11T15:36:27.026+0100][3.347s][info][gc,task     ] GC(63) Using 2 Workers for Young Generation
[2026-05-11T15:36:27.026+0100][3.347s][info][gc,phases   ] GC(63) y: Young Generation
[2026-05-11T15:36:27.026+0100][3.347s][info][gc,phases   ] GC(63) y: Pause Mark Start 0.003ms
[2026-05-11T15:36:27.027+0100][3.347s][info][gc,phases   ] GC(63) y: Concurrent Mark 0.732ms
[2026-05-11T15:36:27.027+0100][3.347s][info][gc,phases   ] GC(63) y: Pause Mark End 0.003ms
[2026-05-11T15:36:27.027+0100][3.347s][info][gc,phases   ] GC(63) y: Concurrent Mark Free 0.000ms
[2026-05-11T15:36:27.027+0100][3.347s][info][gc,phases   ] GC(63) y: Concurrent Reset Relocation Set 0.001ms
[2026-05-11T15:36:27.027+0100][3.347s][info][gc,reloc    ] GC(63) y: Using tenuring threshold: 1 (Computed)
[2026-05-11T15:36:27.027+0100][3.347s][info][gc,phases   ] GC(63) y: Concurrent Select Relocation Set 0.063ms
[2026-05-11T15:36:27.027+0100][3.347s][info][gc,phases   ] GC(63) y: Pause Relocate Start 0.001ms
[2026-05-11T15:36:27.027+0100][3.347s][info][gc,phases   ] GC(63) y: Concurrent Relocate 0.032ms
[2026-05-11T15:36:27.027+0100][3.348s][info][gc,alloc    ] GC(63) y:                         Mark Start        Mark End      Relocate Start    Relocate End   
[2026-05-11T15:36:27.027+0100][3.348s][info][gc,alloc    ] GC(63) y: Allocation Stalls:          0                0                0                0         
[2026-05-11T15:36:27.027+0100][3.348s][info][gc,load     ] GC(63) y: Load: 3.71 (46%) / 3.50 (44%) / 2.52 (31%)
[2026-05-11T15:36:27.027+0100][3.348s][info][gc,mmu      ] GC(63) y: MMU: 2ms/98.4%, 5ms/99.0%, 10ms/99.4%, 20ms/99.6%, 50ms/99.8%, 100ms/99.9%
[2026-05-11T15:36:27.027+0100][3.348s][info][gc,marking  ] GC(63) y: Mark: 2 stripe(s), 2 proactive flush(es), 1 terminate flush(es), 0 completion(s), 0 continuation(s) 
[2026-05-11T15:36:27.027+0100][3.348s][info][gc,nmethod  ] GC(63) y: NMethods: 753 registered, 2 unregistered
[2026-05-11T15:36:27.027+0100][3.348s][info][gc,metaspace] GC(63) y: Metaspace: 2M used, 3M committed, 1088M reserved
[2026-05-11T15:36:27.027+0100][3.348s][info][gc,reloc    ] GC(63) y:                        Candidates     Selected     In-Place         Size        Empty    Relocated 
[2026-05-11T15:36:27.027+0100][3.348s][info][gc,reloc    ] GC(63) y: Small Pages:                   72            0            0         144M         142M           0M 
[2026-05-11T15:36:27.027+0100][3.348s][info][gc,reloc    ] GC(63) y: Medium Pages:                   0            0            0           0M           0M           0M 
[2026-05-11T15:36:27.027+0100][3.348s][info][gc,reloc    ] GC(63) y: Large Pages:                    1            0            0           4M           0M           0M 
[2026-05-11T15:36:27.027+0100][3.348s][info][gc,reloc    ] GC(63) y: Forwarding Usage: 0M
[2026-05-11T15:36:27.027+0100][3.348s][info][gc,reloc    ] GC(63) y: Age Table:
[2026-05-11T15:36:27.027+0100][3.348s][info][gc,reloc    ] GC(63) y:                    Live             Garbage             Small              Medium             Large        
[2026-05-11T15:36:27.027+0100][3.348s][info][gc,reloc    ] GC(63) y: Eden               4M (1%)           85M (17%)         43 / 0              0 / 0              1 / 0        
[2026-05-11T15:36:27.027+0100][3.348s][info][gc,reloc    ] GC(63) y: Survivor 1          -                46M (9%)          23 / 0              0 / 0              0 / 0        
[2026-05-11T15:36:27.027+0100][3.348s][info][gc,reloc    ] GC(63) y: Survivor 2          -                12M (2%)           6 / 0              0 / 0              0 / 0        
[2026-05-11T15:36:27.027+0100][3.348s][info][gc,heap     ] GC(63) y: Min Capacity: 256M(50%)
[2026-05-11T15:36:27.027+0100][3.348s][info][gc,heap     ] GC(63) y: Max Capacity: 512M(100%)
[2026-05-11T15:36:27.027+0100][3.348s][info][gc,heap     ] GC(63) y: Soft Max Capacity: 512M(100%)
[2026-05-11T15:36:27.027+0100][3.348s][info][gc,heap     ] GC(63) y: Heap Statistics:
[2026-05-11T15:36:27.027+0100][3.348s][info][gc,heap     ] GC(63) y:                Mark Start          Mark End        Relocate Start      Relocate End           High               Low         
[2026-05-11T15:36:27.027+0100][3.348s][info][gc,heap     ] GC(63) y:  Capacity:      480M (94%)         480M (94%)         480M (94%)         480M (94%)         480M (94%)         480M (94%)    
[2026-05-11T15:36:27.027+0100][3.348s][info][gc,heap     ] GC(63) y:      Free:      300M (59%)         298M (58%)         440M (86%)         440M (86%)         440M (86%)         298M (58%)    
[2026-05-11T15:36:27.027+0100][3.348s][info][gc,heap     ] GC(63) y:      Used:      212M (41%)         214M (42%)          72M (14%)          72M (14%)         214M (42%)          72M (14%)    
[2026-05-11T15:36:27.027+0100][3.348s][info][gc,heap     ] GC(63) y: Young Generation Statistics:
[2026-05-11T15:36:27.027+0100][3.348s][info][gc,heap     ] GC(63) y:                Mark Start          Mark End        Relocate Start      Relocate End    
[2026-05-11T15:36:27.027+0100][3.348s][info][gc,heap     ] GC(63) y:      Used:      148M (29%)         150M (29%)           8M (2%)            8M (2%)     
[2026-05-11T15:36:27.027+0100][3.348s][info][gc,heap     ] GC(63) y:      Live:         -                 4M (1%)            4M (1%)            4M (1%)     
[2026-05-11T15:36:27.027+0100][3.348s][info][gc,heap     ] GC(63) y:   Garbage:         -               143M (28%)           1M (0%)            1M (0%)     
[2026-05-11T15:36:27.027+0100][3.348s][info][gc,heap     ] GC(63) y: Allocated:         -                 2M (0%)            2M (0%)            2M (0%)     
[2026-05-11T15:36:27.027+0100][3.348s][info][gc,heap     ] GC(63) y: Reclaimed:         -                  -               142M (28%)         142M (28%)    
[2026-05-11T15:36:27.027+0100][3.348s][info][gc,heap     ] GC(63) y:  Promoted:         -                  -                 0M (0%)            0M (0%)     
[2026-05-11T15:36:27.027+0100][3.348s][info][gc,heap     ] GC(63) y: Compacted:         -                  -                  -                 0M (0%)     
[2026-05-11T15:36:27.027+0100][3.348s][info][gc,phases   ] GC(63) y: Young Generation 212M(41%)->72M(14%) 0.001s
[2026-05-11T15:36:27.027+0100][3.348s][info][gc          ] GC(63) Minor Collection (Allocation Rate) 212M(41%)->72M(14%) 0.001s
[2026-05-11T15:36:27.541+0100][3.861s][info][gc          ] GC(64) Minor Collection (Allocation Rate)
[2026-05-11T15:36:27.541+0100][3.862s][info][gc,task     ] GC(64) Using 2 Workers for Young Generation
[2026-05-11T15:36:27.541+0100][3.862s][info][gc,phases   ] GC(64) y: Young Generation
[2026-05-11T15:36:27.542+0100][3.862s][info][gc,phases   ] GC(64) y: Pause Mark Start 0.005ms
[2026-05-11T15:36:27.546+0100][3.866s][info][gc,phases   ] GC(64) y: Concurrent Mark 4.130ms
[2026-05-11T15:36:27.546+0100][3.866s][info][gc,phases   ] GC(64) y: Pause Mark End 0.008ms
[2026-05-11T15:36:27.546+0100][3.866s][info][gc,phases   ] GC(64) y: Concurrent Mark Free 0.001ms
[2026-05-11T15:36:27.546+0100][3.866s][info][gc,phases   ] GC(64) y: Concurrent Reset Relocation Set 0.000ms
[2026-05-11T15:36:27.546+0100][3.866s][info][gc,reloc    ] GC(64) y: Using tenuring threshold: 2 (Computed)
[2026-05-11T15:36:27.546+0100][3.866s][info][gc,phases   ] GC(64) y: Concurrent Select Relocation Set 0.078ms
[2026-05-11T15:36:27.546+0100][3.866s][info][gc,phases   ] GC(64) y: Pause Relocate Start 0.002ms
[2026-05-11T15:36:27.546+0100][3.867s][info][gc,phases   ] GC(64) y: Concurrent Relocate 0.292ms
[2026-05-11T15:36:27.546+0100][3.867s][info][gc,alloc    ] GC(64) y:                         Mark Start        Mark End      Relocate Start    Relocate End   
[2026-05-11T15:36:27.546+0100][3.867s][info][gc,alloc    ] GC(64) y: Allocation Stalls:          0                0                0                0         
[2026-05-11T15:36:27.546+0100][3.867s][info][gc,load     ] GC(64) y: Load: 3.71 (46%) / 3.50 (44%) / 2.52 (31%)
[2026-05-11T15:36:27.546+0100][3.867s][info][gc,mmu      ] GC(64) y: MMU: 2ms/98.4%, 5ms/99.0%, 10ms/99.4%, 20ms/99.6%, 50ms/99.8%, 100ms/99.9%
[2026-05-11T15:36:27.546+0100][3.867s][info][gc,marking  ] GC(64) y: Mark: 2 stripe(s), 10 proactive flush(es), 1 terminate flush(es), 0 completion(s), 0 continuation(s) 
[2026-05-11T15:36:27.546+0100][3.867s][info][gc,nmethod  ] GC(64) y: NMethods: 1085 registered, 2 unregistered
[2026-05-11T15:36:27.546+0100][3.867s][info][gc,metaspace] GC(64) y: Metaspace: 5M used, 6M committed, 1088M reserved
[2026-05-11T15:36:27.546+0100][3.867s][info][gc,reloc    ] GC(64) y:                        Candidates     Selected     In-Place         Size        Empty    Relocated 
[2026-05-11T15:36:27.546+0100][3.867s][info][gc,reloc    ] GC(64) y: Small Pages:                   12            2            0          24M           0M           1M 
[2026-05-11T15:36:27.546+0100][3.867s][info][gc,reloc    ] GC(64) y: Medium Pages:                   0            0            0           0M           0M           0M 
[2026-05-11T15:36:27.546+0100][3.867s][info][gc,reloc    ] GC(64) y: Large Pages:                    2            0            0           8M           0M           0M 
[2026-05-11T15:36:27.546+0100][3.867s][info][gc,reloc    ] GC(64) y: Forwarding Usage: 0M
[2026-05-11T15:36:27.546+0100][3.867s][info][gc,reloc    ] GC(64) y: Age Table:
[2026-05-11T15:36:27.546+0100][3.867s][info][gc,reloc    ] GC(64) y:                    Live             Garbage             Small              Medium             Large        
[2026-05-11T15:36:27.546+0100][3.867s][info][gc,reloc    ] GC(64) y: Eden              22M (4%)            3M (1%)          11 / 2              0 / 0              1 / 0        
[2026-05-11T15:36:27.546+0100][3.867s][info][gc,reloc    ] GC(64) y: Survivor 1         4M (1%)            1M (0%)           1 / 0              0 / 0              1 / 0        
[2026-05-11T15:36:27.546+0100][3.867s][info][gc,heap     ] GC(64) y: Min Capacity: 256M(50%)
[2026-05-11T15:36:27.546+0100][3.867s][info][gc,heap     ] GC(64) y: Max Capacity: 512M(100%)
[2026-05-11T15:36:27.546+0100][3.867s][info][gc,heap     ] GC(64) y: Soft Max Capacity: 512M(100%)
[2026-05-11T15:36:27.546+0100][3.867s][info][gc,heap     ] GC(64) y: Heap Statistics:
[2026-05-11T15:36:27.547+0100][3.867s][info][gc,heap     ] GC(64) y:                Mark Start          Mark End        Relocate Start      Relocate End           High               Low         
[2026-05-11T15:36:27.547+0100][3.867s][info][gc,heap     ] GC(64) y:  Capacity:      480M (94%)         480M (94%)         480M (94%)         480M (94%)         480M (94%)         480M (94%)    
[2026-05-11T15:36:27.547+0100][3.867s][info][gc,heap     ] GC(64) y:      Free:      416M (81%)         410M (80%)         410M (80%)         410M (80%)         416M (81%)         406M (79%)    
[2026-05-11T15:36:27.547+0100][3.867s][info][gc,heap     ] GC(64) y:      Used:       96M (19%)         102M (20%)         102M (20%)         102M (20%)         106M (21%)          96M (19%)    
[2026-05-11T15:36:27.547+0100][3.867s][info][gc,heap     ] GC(64) y: Young Generation Statistics:
[2026-05-11T15:36:27.547+0100][3.867s][info][gc,heap     ] GC(64) y:                Mark Start          Mark End        Relocate Start      Relocate End    
[2026-05-11T15:36:27.547+0100][3.867s][info][gc,heap     ] GC(64) y:      Used:       32M (6%)           38M (7%)           38M (7%)           38M (7%)     
[2026-05-11T15:36:27.547+0100][3.867s][info][gc,heap     ] GC(64) y:      Live:         -                26M (5%)           26M (5%)           26M (5%)     
[2026-05-11T15:36:27.547+0100][3.867s][info][gc,heap     ] GC(64) y:   Garbage:         -                 5M (1%)            5M (1%)            0M (0%)     
[2026-05-11T15:36:27.547+0100][3.867s][info][gc,heap     ] GC(64) y: Allocated:         -                 6M (1%)            6M (1%)           10M (2%)     
[2026-05-11T15:36:27.547+0100][3.867s][info][gc,heap     ] GC(64) y: Reclaimed:         -                  -                 0M (0%)            4M (1%)     
[2026-05-11T15:36:27.547+0100][3.867s][info][gc,heap     ] GC(64) y:  Promoted:         -                  -                 0M (0%)            0M (0%)     
[2026-05-11T15:36:27.547+0100][3.867s][info][gc,heap     ] GC(64) y: Compacted:         -                  -                  -                 1M (0%)     
[2026-05-11T15:36:27.547+0100][3.867s][info][gc,phases   ] GC(64) y: Young Generation 92M(18%)->102M(20%) 0.005s
[2026-05-11T15:36:27.547+0100][3.867s][info][gc          ] GC(64) Minor Collection (Allocation Rate) 90M(18%)->104M(20%) 0.005s
[2026-05-11T15:36:27.547+0100][3.867s][info][gc          ] GC(65) Minor Collection (Allocation Rate)
[2026-05-11T15:36:27.547+0100][3.867s][info][gc,task     ] GC(65) Using 2 Workers for Young Generation
[2026-05-11T15:36:27.547+0100][3.867s][info][gc,phases   ] GC(65) y: Young Generation
[2026-05-11T15:36:27.547+0100][3.867s][info][gc,phases   ] GC(65) y: Pause Mark Start 0.003ms
[2026-05-11T15:36:27.554+0100][3.874s][info][gc,phases   ] GC(65) y: Concurrent Mark 6.963ms
[2026-05-11T15:36:27.554+0100][3.874s][info][gc,phases   ] GC(65) y: Pause Mark End 0.009ms
[2026-05-11T15:36:27.554+0100][3.874s][info][gc,phases   ] GC(65) y: Concurrent Mark Free 0.001ms
[2026-05-11T15:36:27.554+0100][3.874s][info][gc,phases   ] GC(65) y: Concurrent Reset Relocation Set 0.001ms
[2026-05-11T15:36:27.554+0100][3.874s][info][gc,reloc    ] GC(65) y: Using tenuring threshold: 1 (Computed)
[2026-05-11T15:36:27.556+0100][3.876s][info][gc,phases   ] GC(65) y: Concurrent Select Relocation Set 2.111ms
[2026-05-11T15:36:27.556+0100][3.876s][info][gc,phases   ] GC(65) y: Pause Relocate Start 0.007ms
[2026-05-11T15:36:27.561+0100][3.882s][info][gc,phases   ] GC(65) y: Concurrent Relocate 5.261ms
[2026-05-11T15:36:27.561+0100][3.882s][info][gc,alloc    ] GC(65) y:                         Mark Start        Mark End      Relocate Start    Relocate End   
[2026-05-11T15:36:27.561+0100][3.882s][info][gc,alloc    ] GC(65) y: Allocation Stalls:          0                0                0                0         
[2026-05-11T15:36:27.561+0100][3.882s][info][gc,load     ] GC(65) y: Load: 3.71 (46%) / 3.50 (44%) / 2.52 (31%)
[2026-05-11T15:36:27.561+0100][3.882s][info][gc,mmu      ] GC(65) y: MMU: 2ms/98.4%, 5ms/99.0%, 10ms/99.4%, 20ms/99.6%, 50ms/99.8%, 100ms/99.9%
[2026-05-11T15:36:27.561+0100][3.882s][info][gc,marking  ] GC(65) y: Mark: 2 stripe(s), 10 proactive flush(es), 1 terminate flush(es), 0 completion(s), 0 continuation(s) 
[2026-05-11T15:36:27.561+0100][3.882s][info][gc,nmethod  ] GC(65) y: NMethods: 1087 registered, 2 unregistered
[2026-05-11T15:36:27.561+0100][3.882s][info][gc,metaspace] GC(65) y: Metaspace: 5M used, 6M committed, 1088M reserved
[2026-05-11T15:36:27.561+0100][3.882s][info][gc,reloc    ] GC(65) y:                        Candidates     Selected     In-Place         Size        Empty    Relocated 
[2026-05-11T15:36:27.561+0100][3.882s][info][gc,reloc    ] GC(65) y: Small Pages:                   16            3            0          32M           0M           1M 
[2026-05-11T15:36:27.561+0100][3.882s][info][gc,reloc    ] GC(65) y: Medium Pages:                   0            0            0           0M           0M           0M 
[2026-05-11T15:36:27.561+0100][3.882s][info][gc,reloc    ] GC(65) y: Large Pages:                    2            0            0           8M           0M           0M 
[2026-05-11T15:36:27.561+0100][3.882s][info][gc,reloc    ] GC(65) y: Forwarding Usage: 0M
[2026-05-11T15:36:27.561+0100][3.882s][info][gc,reloc    ] GC(65) y: Age Table:
[2026-05-11T15:36:27.561+0100][3.882s][info][gc,reloc    ] GC(65) y:                    Live             Garbage             Small              Medium             Large        
[2026-05-11T15:36:27.561+0100][3.882s][info][gc,reloc    ] GC(65) y: Eden               6M (1%)            1M (0%)           4 / 1              0 / 0              0 / 0        
[2026-05-11T15:36:27.561+0100][3.882s][info][gc,reloc    ] GC(65) y: Survivor 1        22M (4%)            3M (1%)          11 / 2              0 / 0              1 / 0        
[2026-05-11T15:36:27.561+0100][3.882s][info][gc,reloc    ] GC(65) y: Survivor 2         4M (1%)            1M (0%)           1 / 0              0 / 0              1 / 0        
[2026-05-11T15:36:27.561+0100][3.882s][info][gc,heap     ] GC(65) y: Min Capacity: 256M(50%)
[2026-05-11T15:36:27.561+0100][3.882s][info][gc,heap     ] GC(65) y: Max Capacity: 512M(100%)
[2026-05-11T15:36:27.561+0100][3.882s][info][gc,heap     ] GC(65) y: Soft Max Capacity: 512M(100%)
[2026-05-11T15:36:27.561+0100][3.882s][info][gc,heap     ] GC(65) y: Heap Statistics:
[2026-05-11T15:36:27.561+0100][3.882s][info][gc,heap     ] GC(65) y:                Mark Start          Mark End        Relocate Start      Relocate End           High               Low         
[2026-05-11T15:36:27.561+0100][3.882s][info][gc,heap     ] GC(65) y:  Capacity:      480M (94%)         480M (94%)         480M (94%)         480M (94%)         480M (94%)         480M (94%)    
[2026-05-11T15:36:27.561+0100][3.882s][info][gc,heap     ] GC(65) y:      Free:      408M (80%)         390M (76%)         382M (75%)         374M (73%)         408M (80%)         374M (73%)    
[2026-05-11T15:36:27.562+0100][3.882s][info][gc,heap     ] GC(65) y:      Used:      104M (20%)         122M (24%)         130M (25%)         138M (27%)         138M (27%)         104M (20%)    
[2026-05-11T15:36:27.562+0100][3.882s][info][gc,heap     ] GC(65) y: Young Generation Statistics:
[2026-05-11T15:36:27.562+0100][3.882s][info][gc,heap     ] GC(65) y:                Mark Start          Mark End        Relocate Start      Relocate End    
[2026-05-11T15:36:27.562+0100][3.882s][info][gc,heap     ] GC(65) y:      Used:       40M (8%)           58M (11%)          40M (8%)           44M (9%)     
[2026-05-11T15:36:27.562+0100][3.882s][info][gc,heap     ] GC(65) y:      Live:         -                32M (6%)            7M (1%)            6M (1%)     
[2026-05-11T15:36:27.562+0100][3.882s][info][gc,heap     ] GC(65) y:   Garbage:         -                 7M (1%)            6M (1%)            0M (0%)     
[2026-05-11T15:36:27.562+0100][3.882s][info][gc,heap     ] GC(65) y: Allocated:         -                18M (4%)           26M (5%)           37M (7%)     
[2026-05-11T15:36:27.562+0100][3.882s][info][gc,heap     ] GC(65) y: Reclaimed:         -                  -                 0M (0%)            7M (1%)     
[2026-05-11T15:36:27.562+0100][3.882s][info][gc,heap     ] GC(65) y:  Promoted:         -                  -                25M (5%)           26M (5%)     
[2026-05-11T15:36:27.562+0100][3.882s][info][gc,heap     ] GC(65) y: Compacted:         -                  -                  -                 0M (0%)     
[2026-05-11T15:36:27.562+0100][3.882s][info][gc,phases   ] GC(65) y: Young Generation 104M(20%)->138M(27%) 0.015s
[2026-05-11T15:36:27.562+0100][3.882s][info][gc          ] GC(65) Minor Collection (Allocation Rate) 104M(20%)->138M(27%) 0.015s
[2026-05-11T15:36:27.562+0100][3.882s][info][gc          ] GC(66) Major Collection (Allocation Rate)
[2026-05-11T15:36:27.562+0100][3.882s][info][gc,task     ] GC(66) Using 2 Workers for Young Generation
[2026-05-11T15:36:27.562+0100][3.882s][info][gc,task     ] GC(66) Using 1 Workers for Old Generation
[2026-05-11T15:36:27.562+0100][3.882s][info][gc,phases   ] GC(66) Y: Young Generation
[2026-05-11T15:36:27.562+0100][3.882s][info][gc,phases   ] GC(66) Y: Pause Mark Start (Major) 0.008ms
[2026-05-11T15:36:27.577+0100][3.897s][info][gc,phases   ] GC(66) Y: Concurrent Mark 15.142ms
[2026-05-11T15:36:27.577+0100][3.897s][info][gc,phases   ] GC(66) Y: Pause Mark End 0.008ms
[2026-05-11T15:36:27.577+0100][3.897s][info][gc,phases   ] GC(66) Y: Concurrent Mark Free 0.001ms
[2026-05-11T15:36:27.577+0100][3.897s][info][gc,phases   ] GC(66) Y: Concurrent Reset Relocation Set 0.026ms
[2026-05-11T15:36:27.577+0100][3.897s][info][gc,reloc    ] GC(66) Y: Using tenuring threshold: 2 (Computed)
[2026-05-11T15:36:27.577+0100][3.897s][info][gc,phases   ] GC(66) Y: Concurrent Select Relocation Set 0.041ms
[2026-05-11T15:36:27.577+0100][3.897s][info][gc,phases   ] GC(66) Y: Pause Relocate Start 0.002ms
[2026-05-11T15:36:27.577+0100][3.897s][info][gc,phases   ] GC(66) Y: Concurrent Relocate 0.019ms
[2026-05-11T15:36:27.577+0100][3.897s][info][gc,alloc    ] GC(66) Y:                         Mark Start        Mark End      Relocate Start    Relocate End   
[2026-05-11T15:36:27.577+0100][3.897s][info][gc,alloc    ] GC(66) Y: Allocation Stalls:          0                0                0                0         
[2026-05-11T15:36:27.577+0100][3.897s][info][gc,load     ] GC(66) Y: Load: 3.71 (46%) / 3.50 (44%) / 2.52 (31%)
[2026-05-11T15:36:27.577+0100][3.897s][info][gc,mmu      ] GC(66) Y: MMU: 2ms/98.4%, 5ms/99.0%, 10ms/99.4%, 20ms/99.6%, 50ms/99.8%, 100ms/99.9%
[2026-05-11T15:36:27.577+0100][3.897s][info][gc,marking  ] GC(66) Y: Mark: 2 stripe(s), 2 proactive flush(es), 1 terminate flush(es), 0 completion(s), 0 continuation(s) 
[2026-05-11T15:36:27.577+0100][3.897s][info][gc,nmethod  ] GC(66) Y: NMethods: 1102 registered, 2 unregistered
[2026-05-11T15:36:27.577+0100][3.897s][info][gc,metaspace] GC(66) Y: Metaspace: 5M used, 6M committed, 1088M reserved
[2026-05-11T15:36:27.577+0100][3.897s][info][gc,reloc    ] GC(66) Y:                        Candidates     Selected     In-Place         Size        Empty    Relocated 
[2026-05-11T15:36:27.577+0100][3.897s][info][gc,reloc    ] GC(66) Y: Small Pages:                   22            0            0          44M           0M           0M 
[2026-05-11T15:36:27.577+0100][3.897s][info][gc,reloc    ] GC(66) Y: Medium Pages:                   0            0            0           0M           0M           0M 
[2026-05-11T15:36:27.577+0100][3.897s][info][gc,reloc    ] GC(66) Y: Large Pages:                    0            0            0           0M           0M           0M 
[2026-05-11T15:36:27.577+0100][3.897s][info][gc,reloc    ] GC(66) Y: Forwarding Usage: 0M
[2026-05-11T15:36:27.577+0100][3.897s][info][gc,reloc    ] GC(66) Y: Age Table:
[2026-05-11T15:36:27.577+0100][3.897s][info][gc,reloc    ] GC(66) Y:                    Live             Garbage             Small              Medium             Large        
[2026-05-11T15:36:27.577+0100][3.897s][info][gc,reloc    ] GC(66) Y: Eden              35M (7%)            0M (0%)          18 / 0              0 / 0              0 / 0        
[2026-05-11T15:36:27.577+0100][3.897s][info][gc,reloc    ] GC(66) Y: Survivor 1         6M (1%)            1M (0%)           4 / 0              0 / 0              0 / 0        
[2026-05-11T15:36:27.577+0100][3.897s][info][gc,heap     ] GC(66) Y: Min Capacity: 256M(50%)
[2026-05-11T15:36:27.577+0100][3.897s][info][gc,heap     ] GC(66) Y: Max Capacity: 512M(100%)
[2026-05-11T15:36:27.577+0100][3.897s][info][gc,heap     ] GC(66) Y: Soft Max Capacity: 512M(100%)
[2026-05-11T15:36:27.577+0100][3.897s][info][gc,heap     ] GC(66) Y: Heap Statistics:
[2026-05-11T15:36:27.577+0100][3.897s][info][gc,heap     ] GC(66) Y:                Mark Start          Mark End        Relocate Start      Relocate End           High               Low         
[2026-05-11T15:36:27.577+0100][3.897s][info][gc,heap     ] GC(66) Y:  Capacity:      480M (94%)         480M (94%)         480M (94%)         480M (94%)         480M (94%)         480M (94%)    
[2026-05-11T15:36:27.577+0100][3.897s][info][gc,heap     ] GC(66) Y:      Free:      374M (73%)         350M (68%)         350M (68%)         350M (68%)         374M (73%)         350M (68%)    
[2026-05-11T15:36:27.577+0100][3.897s][info][gc,heap     ] GC(66) Y:      Used:      138M (27%)         162M (32%)         162M (32%)         162M (32%)         162M (32%)         138M (27%)    
[2026-05-11T15:36:27.577+0100][3.897s][info][gc,heap     ] GC(66) Y: Young Generation Statistics:
[2026-05-11T15:36:27.577+0100][3.897s][info][gc,heap     ] GC(66) Y:                Mark Start          Mark End        Relocate Start      Relocate End    
[2026-05-11T15:36:27.577+0100][3.897s][info][gc,heap     ] GC(66) Y:      Used:       44M (9%)           68M (13%)          68M (13%)          68M (13%)    
[2026-05-11T15:36:27.577+0100][3.897s][info][gc,heap     ] GC(66) Y:      Live:         -                41M (8%)           41M (8%)           41M (8%)     
[2026-05-11T15:36:27.577+0100][3.897s][info][gc,heap     ] GC(66) Y:   Garbage:         -                 2M (0%)            2M (0%)            2M (0%)     
[2026-05-11T15:36:27.577+0100][3.898s][info][gc,heap     ] GC(66) Y: Allocated:         -                24M (5%)           24M (5%)           24M (5%)     
[2026-05-11T15:36:27.577+0100][3.898s][info][gc,heap     ] GC(66) Y: Reclaimed:         -                  -                 0M (0%)            0M (0%)     
[2026-05-11T15:36:27.577+0100][3.898s][info][gc,heap     ] GC(66) Y:  Promoted:         -                  -                 0M (0%)            0M (0%)     
[2026-05-11T15:36:27.577+0100][3.898s][info][gc,heap     ] GC(66) Y: Compacted:         -                  -                  -                 0M (0%)     
[2026-05-11T15:36:27.577+0100][3.898s][info][gc,phases   ] GC(66) Y: Young Generation 138M(27%)->162M(32%) 0.016s
[2026-05-11T15:36:27.577+0100][3.898s][info][gc,phases   ] GC(66) O: Old Generation
[2026-05-11T15:36:27.579+0100][3.899s][info][gc          ] GC(67) Minor Collection (Allocation Rate)
[2026-05-11T15:36:27.579+0100][3.899s][info][gc,task     ] GC(67) Using 1 Workers for Young Generation
[2026-05-11T15:36:27.579+0100][3.899s][info][gc,phases   ] GC(67) y: Young Generation
[2026-05-11T15:36:27.579+0100][3.899s][info][gc,phases   ] GC(67) y: Pause Mark Start 0.003ms
[2026-05-11T15:36:27.614+0100][3.934s][info][gc,phases   ] GC(67) y: Concurrent Mark 34.754ms
[2026-05-11T15:36:27.614+0100][3.934s][info][gc,phases   ] GC(67) y: Pause Mark End 0.008ms
[2026-05-11T15:36:27.614+0100][3.934s][info][gc,phases   ] GC(67) y: Concurrent Mark Free 0.001ms
[2026-05-11T15:36:27.614+0100][3.934s][info][gc,phases   ] GC(67) y: Concurrent Reset Relocation Set 0.000ms
[2026-05-11T15:36:27.614+0100][3.934s][info][gc,reloc    ] GC(67) y: Using tenuring threshold: 1 (Computed)
[2026-05-11T15:36:27.627+0100][3.947s][info][gc,phases   ] GC(67) y: Concurrent Select Relocation Set 13.073ms
[2026-05-11T15:36:27.627+0100][3.947s][info][gc,phases   ] GC(67) y: Pause Relocate Start 0.007ms
[2026-05-11T15:36:27.633+0100][3.953s][info][gc,phases   ] GC(66) O: Concurrent Mark 55.961ms
[2026-05-11T15:36:27.633+0100][3.954s][info][gc,phases   ] GC(66) O: Pause Mark End 0.011ms
[2026-05-11T15:36:27.634+0100][3.954s][info][gc,phases   ] GC(66) O: Concurrent Mark Free 0.000ms
[2026-05-11T15:36:27.636+0100][3.957s][info][gc,phases   ] GC(66) O: Concurrent Process Non-Strong 2.936ms
[2026-05-11T15:36:27.637+0100][3.957s][info][gc,phases   ] GC(66) O: Concurrent Reset Relocation Set 0.001ms
[2026-05-11T15:36:27.637+0100][3.957s][info][gc,phases   ] GC(66) O: Concurrent Select Relocation Set 0.708ms
[2026-05-11T15:36:27.643+0100][3.963s][info][gc,phases   ] GC(67) y: Concurrent Relocate 15.577ms
[2026-05-11T15:36:27.643+0100][3.963s][info][gc,alloc    ] GC(67) y:                         Mark Start        Mark End      Relocate Start    Relocate End   
[2026-05-11T15:36:27.643+0100][3.963s][info][gc,alloc    ] GC(67) y: Allocation Stalls:          0                0                0                0         
[2026-05-11T15:36:27.643+0100][3.963s][info][gc,load     ] GC(67) y: Load: 3.71 (46%) / 3.50 (44%) / 2.52 (31%)
[2026-05-11T15:36:27.643+0100][3.963s][info][gc,mmu      ] GC(67) y: MMU: 2ms/98.4%, 5ms/99.0%, 10ms/99.4%, 20ms/99.6%, 50ms/99.8%, 100ms/99.9%
[2026-05-11T15:36:27.643+0100][3.963s][info][gc,marking  ] GC(67) y: Mark: 1 stripe(s), 2 proactive flush(es), 1 terminate flush(es), 0 completion(s), 0 continuation(s) 
[2026-05-11T15:36:27.643+0100][3.963s][info][gc,nmethod  ] GC(67) y: NMethods: 1113 registered, 43 unregistered
[2026-05-11T15:36:27.643+0100][3.963s][info][gc,metaspace] GC(67) y: Metaspace: 6M used, 6M committed, 1088M reserved
[2026-05-11T15:36:27.643+0100][3.963s][info][gc,reloc    ] GC(67) y:                        Candidates     Selected     In-Place         Size        Empty    Relocated 
[2026-05-11T15:36:27.643+0100][3.963s][info][gc,reloc    ] GC(67) y: Small Pages:                   33            1            0          66M          12M           0M 
[2026-05-11T15:36:27.643+0100][3.963s][info][gc,reloc    ] GC(67) y: Medium Pages:                   0            0            0           0M           0M           0M 
[2026-05-11T15:36:27.643+0100][3.963s][info][gc,reloc    ] GC(67) y: Large Pages:                    1            0            0           6M           0M           0M 
[2026-05-11T15:36:27.643+0100][3.963s][info][gc,reloc    ] GC(67) y: Forwarding Usage: 0M
[2026-05-11T15:36:27.643+0100][3.963s][info][gc,reloc    ] GC(67) y: Age Table:
[2026-05-11T15:36:27.643+0100][3.963s][info][gc,reloc    ] GC(67) y:                    Live             Garbage             Small              Medium             Large        
[2026-05-11T15:36:27.643+0100][3.963s][info][gc,reloc    ] GC(67) y: Eden              14M (3%)           13M (3%)          11 / 1              0 / 0              1 / 0        
[2026-05-11T15:36:27.643+0100][3.963s][info][gc,reloc    ] GC(67) y: Survivor 1        35M (7%)            0M (0%)          18 / 0              0 / 0              0 / 0        
[2026-05-11T15:36:27.643+0100][3.963s][info][gc,reloc    ] GC(67) y: Survivor 2         6M (1%)            1M (0%)           4 / 0              0 / 0              0 / 0        
[2026-05-11T15:36:27.643+0100][3.963s][info][gc,heap     ] GC(67) y: Min Capacity: 256M(50%)
[2026-05-11T15:36:27.643+0100][3.963s][info][gc,heap     ] GC(67) y: Max Capacity: 512M(100%)
[2026-05-11T15:36:27.643+0100][3.963s][info][gc,heap     ] GC(67) y: Soft Max Capacity: 512M(100%)
[2026-05-11T15:36:27.643+0100][3.963s][info][gc,heap     ] GC(67) y: Heap Statistics:
[2026-05-11T15:36:27.643+0100][3.963s][info][gc,heap     ] GC(67) y:                Mark Start          Mark End        Relocate Start      Relocate End           High               Low         
[2026-05-11T15:36:27.643+0100][3.963s][info][gc,heap     ] GC(67) y:  Capacity:      480M (94%)         480M (94%)         480M (94%)         480M (94%)         480M (94%)         480M (94%)    
[2026-05-11T15:36:27.643+0100][3.963s][info][gc,heap     ] GC(67) y:      Free:      346M (68%)         322M (63%)         330M (64%)         322M (63%)         346M (68%)         322M (63%)    
[2026-05-11T15:36:27.643+0100][3.963s][info][gc,heap     ] GC(67) y:      Used:      166M (32%)         190M (37%)         182M (36%)         190M (37%)         190M (37%)         166M (32%)    
[2026-05-11T15:36:27.643+0100][3.963s][info][gc,heap     ] GC(67) y: Young Generation Statistics:
[2026-05-11T15:36:27.643+0100][3.963s][info][gc,heap     ] GC(67) y:                Mark Start          Mark End        Relocate Start      Relocate End    
[2026-05-11T15:36:27.643+0100][3.963s][info][gc,heap     ] GC(67) y:      Used:       72M (14%)          96M (19%)          46M (9%)           60M (12%)    
[2026-05-11T15:36:27.643+0100][3.963s][info][gc,heap     ] GC(67) y:      Live:         -                56M (11%)          14M (3%)           14M (3%)     
[2026-05-11T15:36:27.643+0100][3.963s][info][gc,heap     ] GC(67) y:   Garbage:         -                15M (3%)            3M (1%)            0M (0%)     
[2026-05-11T15:36:27.643+0100][3.963s][info][gc,heap     ] GC(67) y: Allocated:         -                24M (5%)           28M (5%)           45M (9%)     
[2026-05-11T15:36:27.643+0100][3.963s][info][gc,heap     ] GC(67) y: Reclaimed:         -                  -                12M (2%)           15M (3%)     
[2026-05-11T15:36:27.643+0100][3.963s][info][gc,heap     ] GC(67) y:  Promoted:         -                  -                41M (8%)           41M (8%)     
[2026-05-11T15:36:27.643+0100][3.963s][info][gc,heap     ] GC(67) y: Compacted:         -                  -                  -                 0M (0%)     
[2026-05-11T15:36:27.643+0100][3.963s][info][gc,phases   ] GC(67) y: Young Generation 166M(32%)->190M(37%) 0.064s
[2026-05-11T15:36:27.643+0100][3.963s][info][gc          ] GC(67) Minor Collection (Allocation Rate) 166M(32%)->190M(37%) 0.064s
[2026-05-11T15:36:27.643+0100][3.963s][info][gc,task     ] GC(66) O: Using 2 Workers for Old Generation
[2026-05-11T15:36:27.643+0100][3.963s][info][gc,task     ] Adjusting Workers for Old Generation: 2 -> 1
[2026-05-11T15:36:27.644+0100][3.964s][info][gc,task     ] GC(66) O: Using 1 Workers for Old Generation
[2026-05-11T15:36:27.644+0100][3.964s][info][gc,phases   ] GC(66) O: Concurrent Remap Roots 1.015ms
[2026-05-11T15:36:27.644+0100][3.964s][info][gc,phases   ] GC(66) O: Pause Relocate Start 0.005ms
[2026-05-11T15:36:27.644+0100][3.964s][info][gc          ] GC(68) Minor Collection (Allocation Rate)
[2026-05-11T15:36:27.644+0100][3.964s][info][gc,task     ] GC(68) Using 1 Workers for Young Generation
[2026-05-11T15:36:27.644+0100][3.964s][info][gc,phases   ] GC(68) y: Young Generation
[2026-05-11T15:36:27.645+0100][3.965s][info][gc,phases   ] GC(68) y: Pause Mark Start 0.005ms
[2026-05-11T15:36:27.645+0100][3.965s][info][gc,phases   ] GC(66) O: Concurrent Relocate 0.925ms
[2026-05-11T15:36:27.656+0100][3.976s][info][gc,task     ] Adjusting Workers for Young Generation: 1 -> 2
[2026-05-11T15:36:27.661+0100][3.981s][info][gc,phases   ] GC(68) y: Concurrent Mark 16.117ms
[2026-05-11T15:36:27.661+0100][3.981s][info][gc,phases   ] GC(68) y: Pause Mark End 0.008ms
[2026-05-11T15:36:27.661+0100][3.981s][info][gc,phases   ] GC(68) y: Concurrent Mark Free 0.001ms
[2026-05-11T15:36:27.661+0100][3.981s][info][gc,phases   ] GC(68) y: Concurrent Reset Relocation Set 0.014ms
[2026-05-11T15:36:27.661+0100][3.981s][info][gc,reloc    ] GC(68) y: Using tenuring threshold: 1 (Computed)
[2026-05-11T15:36:27.662+0100][3.983s][info][gc,phases   ] GC(68) y: Concurrent Select Relocation Set 1.441ms
[2026-05-11T15:36:27.662+0100][3.983s][info][gc,phases   ] GC(68) y: Pause Relocate Start 0.003ms
[2026-05-11T15:36:27.664+0100][3.984s][info][gc,phases   ] GC(68) y: Concurrent Relocate 1.806ms
[2026-05-11T15:36:27.664+0100][3.984s][info][gc,alloc    ] GC(68) y:                         Mark Start        Mark End      Relocate Start    Relocate End   
[2026-05-11T15:36:27.664+0100][3.984s][info][gc,alloc    ] GC(68) y: Allocation Stalls:          0                0                0                0         
[2026-05-11T15:36:27.664+0100][3.984s][info][gc,load     ] GC(68) y: Load: 3.71 (46%) / 3.50 (44%) / 2.52 (31%)
[2026-05-11T15:36:27.664+0100][3.984s][info][gc,mmu      ] GC(68) y: MMU: 2ms/98.4%, 5ms/99.0%, 10ms/99.4%, 20ms/99.6%, 50ms/99.8%, 100ms/99.9%
[2026-05-11T15:36:27.664+0100][3.984s][info][gc,marking  ] GC(68) y: Mark: 1 stripe(s), 2 proactive flush(es), 1 terminate flush(es), 0 completion(s), 0 continuation(s) 
[2026-05-11T15:36:27.664+0100][3.984s][info][gc,nmethod  ] GC(68) y: NMethods: 1124 registered, 43 unregistered
[2026-05-11T15:36:27.664+0100][3.984s][info][gc,metaspace] GC(68) y: Metaspace: 6M used, 6M committed, 1088M reserved
[2026-05-11T15:36:27.664+0100][3.984s][info][gc,reloc    ] GC(68) y:                        Candidates     Selected     In-Place         Size        Empty    Relocated 
[2026-05-11T15:36:27.664+0100][3.984s][info][gc,reloc    ] GC(68) y: Small Pages:                   19            3            0          38M          22M           0M 
[2026-05-11T15:36:27.664+0100][3.984s][info][gc,reloc    ] GC(68) y: Medium Pages:                   1            0            0          16M           0M           0M 
[2026-05-11T15:36:27.664+0100][3.984s][info][gc,reloc    ] GC(68) y: Large Pages:                    1            0            0           6M           6M           0M 
[2026-05-11T15:36:27.664+0100][3.984s][info][gc,reloc    ] GC(68) y: Forwarding Usage: 0M
[2026-05-11T15:36:27.664+0100][3.985s][info][gc,reloc    ] GC(68) y: Age Table:
[2026-05-11T15:36:27.664+0100][3.985s][info][gc,reloc    ] GC(68) y:                    Live             Garbage             Small              Medium             Large        
[2026-05-11T15:36:27.664+0100][3.985s][info][gc,reloc    ] GC(68) y: Eden               1M (0%)           42M (8%)          14 / 2              1 / 0              0 / 0        
[2026-05-11T15:36:27.664+0100][3.985s][info][gc,reloc    ] GC(68) y: Survivor 1         8M (2%)            7M (1%)           5 / 1              0 / 0              1 / 0        
[2026-05-11T15:36:27.664+0100][3.985s][info][gc,heap     ] GC(68) y: Min Capacity: 256M(50%)
[2026-05-11T15:36:27.664+0100][3.985s][info][gc,heap     ] GC(68) y: Max Capacity: 512M(100%)
[2026-05-11T15:36:27.664+0100][3.985s][info][gc,heap     ] GC(68) y: Soft Max Capacity: 512M(100%)
[2026-05-11T15:36:27.664+0100][3.985s][info][gc,heap     ] GC(68) y: Heap Statistics:
[2026-05-11T15:36:27.664+0100][3.985s][info][gc,heap     ] GC(68) y:                Mark Start          Mark End        Relocate Start      Relocate End           High               Low         
[2026-05-11T15:36:27.664+0100][3.985s][info][gc,heap     ] GC(68) y:  Capacity:      480M (94%)         480M (94%)         480M (94%)         480M (94%)         480M (94%)         480M (94%)    
[2026-05-11T15:36:27.664+0100][3.985s][info][gc,heap     ] GC(68) y:      Free:      320M (62%)         320M (62%)         348M (68%)         350M (68%)         350M (68%)         318M (62%)    
[2026-05-11T15:36:27.664+0100][3.985s][info][gc,heap     ] GC(68) y:      Used:      192M (38%)         192M (38%)         164M (32%)         162M (32%)         194M (38%)         162M (32%)    
[2026-05-11T15:36:27.664+0100][3.985s][info][gc,heap     ] GC(68) y: Young Generation Statistics:
[2026-05-11T15:36:27.664+0100][3.985s][info][gc,heap     ] GC(68) y:                Mark Start          Mark End        Relocate Start      Relocate End    
[2026-05-11T15:36:27.664+0100][3.985s][info][gc,heap     ] GC(68) y:      Used:       60M (12%)          62M (12%)          26M (5%)           22M (4%)     
[2026-05-11T15:36:27.664+0100][3.985s][info][gc,heap     ] GC(68) y:      Live:         -                 9M (2%)            1M (0%)            1M (0%)     
[2026-05-11T15:36:27.664+0100][3.985s][info][gc,heap     ] GC(68) y:   Garbage:         -                50M (10%)          22M (4%)           14M (3%)     
[2026-05-11T15:36:27.664+0100][3.985s][info][gc,heap     ] GC(68) y: Allocated:         -                 2M (0%)            2M (0%)            5M (1%)     
[2026-05-11T15:36:27.664+0100][3.985s][info][gc,heap     ] GC(68) y: Reclaimed:         -                  -                28M (5%)           35M (7%)     
[2026-05-11T15:36:27.664+0100][3.985s][info][gc,heap     ] GC(68) y:  Promoted:         -                  -                 7M (2%)            8M (2%)     
[2026-05-11T15:36:27.664+0100][3.985s][info][gc,heap     ] GC(68) y: Compacted:         -                  -                  -                 0M (0%)     
[2026-05-11T15:36:27.664+0100][3.985s][info][gc,phases   ] GC(68) y: Young Generation 192M(38%)->162M(32%) 0.020s
[2026-05-11T15:36:27.664+0100][3.985s][info][gc          ] GC(68) Minor Collection (Allocation Rate) 190M(37%)->162M(32%) 0.020s
[2026-05-11T15:36:27.664+0100][3.985s][info][gc,alloc    ] GC(66) O:                         Mark Start        Mark End      Relocate Start    Relocate End   
[2026-05-11T15:36:27.664+0100][3.985s][info][gc,alloc    ] GC(66) O: Allocation Stalls:          0                0                0                0         
[2026-05-11T15:36:27.664+0100][3.985s][info][gc,load     ] GC(66) O: Load: 3.71 (46%) / 3.50 (44%) / 2.52 (31%)
[2026-05-11T15:36:27.664+0100][3.985s][info][gc,mmu      ] GC(66) O: MMU: 2ms/98.4%, 5ms/99.0%, 10ms/99.4%, 20ms/99.6%, 50ms/99.8%, 100ms/99.9%
[2026-05-11T15:36:27.664+0100][3.985s][info][gc,marking  ] GC(66) O: Mark: 1 stripe(s), 2 proactive flush(es), 1 terminate flush(es), 0 completion(s), 0 continuation(s) 
[2026-05-11T15:36:27.664+0100][3.985s][info][gc,nmethod  ] GC(66) O: NMethods: 1124 registered, 43 unregistered
[2026-05-11T15:36:27.664+0100][3.985s][info][gc,metaspace] GC(66) O: Metaspace: 6M used, 6M committed, 1088M reserved
[2026-05-11T15:36:27.664+0100][3.985s][info][gc,ref      ] GC(66) O:                       Encountered   Discovered     Enqueued 
[2026-05-11T15:36:27.664+0100][3.985s][info][gc,ref      ] GC(66) O: Soft References:              190            0            0 
[2026-05-11T15:36:27.664+0100][3.985s][info][gc,ref      ] GC(66) O: Weak References:              566          491           29 
[2026-05-11T15:36:27.664+0100][3.985s][info][gc,ref      ] GC(66) O: Final References:            1095          448          116 
[2026-05-11T15:36:27.664+0100][3.985s][info][gc,ref      ] GC(66) O: Phantom References:            10           10            4 
[2026-05-11T15:36:27.664+0100][3.985s][info][gc,reloc    ] GC(66) O:                        Candidates     Selected     In-Place         Size        Empty    Relocated 
[2026-05-11T15:36:27.664+0100][3.985s][info][gc,reloc    ] GC(66) O: Small Pages:                   43            2            0          86M           0M           1M 
[2026-05-11T15:36:27.664+0100][3.985s][info][gc,reloc    ] GC(66) O: Medium Pages:                   0            0            0           0M           0M           0M 
[2026-05-11T15:36:27.664+0100][3.985s][info][gc,reloc    ] GC(66) O: Large Pages:                    2            0            0           8M           8M           0M 
[2026-05-11T15:36:27.664+0100][3.985s][info][gc,reloc    ] GC(66) O: Forwarding Usage: 0M
[2026-05-11T15:36:27.664+0100][3.985s][info][gc,heap     ] GC(66) O: Min Capacity: 256M(50%)
[2026-05-11T15:36:27.664+0100][3.985s][info][gc,heap     ] GC(66) O: Max Capacity: 512M(100%)
[2026-05-11T15:36:27.664+0100][3.985s][info][gc,heap     ] GC(66) O: Soft Max Capacity: 512M(100%)
[2026-05-11T15:36:27.664+0100][3.985s][info][gc,heap     ] GC(66) O: Heap Statistics:
[2026-05-11T15:36:27.664+0100][3.985s][info][gc,heap     ] GC(66) O:                Mark Start          Mark End        Relocate Start      Relocate End           High               Low         
[2026-05-11T15:36:27.664+0100][3.985s][info][gc,heap     ] GC(66) O:  Capacity:      480M (94%)         480M (94%)         480M (94%)         480M (94%)         480M (94%)         480M (94%)    
[2026-05-11T15:36:27.664+0100][3.985s][info][gc,heap     ] GC(66) O:      Free:      374M (73%)         330M (64%)         322M (63%)         320M (62%)         374M (73%)         318M (62%)    
[2026-05-11T15:36:27.664+0100][3.985s][info][gc,heap     ] GC(66) O:      Used:      138M (27%)         182M (36%)         190M (37%)         192M (38%)         194M (38%)         138M (27%)    
[2026-05-11T15:36:27.664+0100][3.985s][info][gc,heap     ] GC(66) O: Old Generation Statistics:
[2026-05-11T15:36:27.665+0100][3.985s][info][gc,heap     ] GC(66) O:                Mark Start          Mark End        Relocate Start      Relocate End    
[2026-05-11T15:36:27.665+0100][3.985s][info][gc,heap     ] GC(66) O:      Used:       94M (18%)         138M (27%)         130M (25%)         130M (25%)    
[2026-05-11T15:36:27.665+0100][3.985s][info][gc,heap     ] GC(66) O:      Live:         -                78M (15%)          78M (15%)          78M (15%)    
[2026-05-11T15:36:27.665+0100][3.985s][info][gc,heap     ] GC(66) O:   Garbage:         -                15M (3%)            7M (1%)            2M (1%)     
[2026-05-11T15:36:27.665+0100][3.985s][info][gc,heap     ] GC(66) O: Allocated:         -                44M (9%)           44M (9%)           48M (10%)    
[2026-05-11T15:36:27.665+0100][3.985s][info][gc,heap     ] GC(66) O: Reclaimed:         -                  -                 8M (2%)           12M (2%)     
[2026-05-11T15:36:27.665+0100][3.985s][info][gc,heap     ] GC(66) O: Compacted:         -                  -                  -                 1M (0%)     
[2026-05-11T15:36:27.665+0100][3.985s][info][gc,phases   ] GC(66) O: Old Generation 162M(32%)->192M(38%) 0.087s
[2026-05-11T15:36:27.665+0100][3.985s][info][gc          ] GC(66) Major Collection (Allocation Rate) 138M(27%)->162M(32%) 0.103s
[2026-05-11T15:36:27.667+0100][3.987s][info][gc          ] GC(69) Major Collection (Allocation Rate)
[2026-05-11T15:36:27.667+0100][3.987s][info][gc,task     ] GC(69) Using 2 Workers for Young Generation
[2026-05-11T15:36:27.667+0100][3.987s][info][gc,task     ] GC(69) Using 1 Workers for Old Generation
[2026-05-11T15:36:27.667+0100][3.987s][info][gc,phases   ] GC(69) Y: Young Generation
[2026-05-11T15:36:27.667+0100][3.987s][info][gc,phases   ] GC(69) Y: Pause Mark Start (Major) 0.005ms
[2026-05-11T15:36:27.669+0100][3.989s][info][gc,phases   ] GC(69) Y: Concurrent Mark 1.531ms
[2026-05-11T15:36:27.669+0100][3.989s][info][gc,phases   ] GC(69) Y: Pause Mark End 0.005ms
[2026-05-11T15:36:27.669+0100][3.989s][info][gc,phases   ] GC(69) Y: Concurrent Mark Free 0.001ms
[2026-05-11T15:36:27.669+0100][3.989s][info][gc,phases   ] GC(69) Y: Concurrent Reset Relocation Set 0.004ms
[2026-05-11T15:36:27.669+0100][3.989s][info][gc,reloc    ] GC(69) Y: Using tenuring threshold: 2 (Computed)
[2026-05-11T15:36:27.669+0100][3.989s][info][gc,phases   ] GC(69) Y: Concurrent Select Relocation Set 0.073ms
[2026-05-11T15:36:27.669+0100][3.989s][info][gc,phases   ] GC(69) Y: Pause Relocate Start 0.002ms
[2026-05-11T15:36:27.669+0100][3.989s][info][gc,phases   ] GC(69) Y: Concurrent Relocate 0.113ms
[2026-05-11T15:36:27.669+0100][3.989s][info][gc,alloc    ] GC(69) Y:                         Mark Start        Mark End      Relocate Start    Relocate End   
[2026-05-11T15:36:27.669+0100][3.989s][info][gc,alloc    ] GC(69) Y: Allocation Stalls:          0                0                0                0         
[2026-05-11T15:36:27.669+0100][3.989s][info][gc,load     ] GC(69) Y: Load: 3.71 (46%) / 3.50 (44%) / 2.52 (31%)
[2026-05-11T15:36:27.669+0100][3.989s][info][gc,mmu      ] GC(69) Y: MMU: 2ms/98.4%, 5ms/99.0%, 10ms/99.4%, 20ms/99.6%, 50ms/99.8%, 100ms/99.9%
[2026-05-11T15:36:27.669+0100][3.989s][info][gc,marking  ] GC(69) Y: Mark: 2 stripe(s), 2 proactive flush(es), 1 terminate flush(es), 0 completion(s), 0 continuation(s) 
[2026-05-11T15:36:27.669+0100][3.989s][info][gc,nmethod  ] GC(69) Y: NMethods: 1139 registered, 43 unregistered
[2026-05-11T15:36:27.669+0100][3.989s][info][gc,metaspace] GC(69) Y: Metaspace: 6M used, 6M committed, 1088M reserved
[2026-05-11T15:36:27.669+0100][3.989s][info][gc,reloc    ] GC(69) Y:                        Candidates     Selected     In-Place         Size        Empty    Relocated 
[2026-05-11T15:36:27.669+0100][3.989s][info][gc,reloc    ] GC(69) Y: Small Pages:                    3            2            0           6M           0M           0M 
[2026-05-11T15:36:27.669+0100][3.989s][info][gc,reloc    ] GC(69) Y: Medium Pages:                   2            1            0          32M           0M           1M 
[2026-05-11T15:36:27.669+0100][3.989s][info][gc,reloc    ] GC(69) Y: Large Pages:                    0            0            0           0M           0M           0M 
[2026-05-11T15:36:27.669+0100][3.989s][info][gc,reloc    ] GC(69) Y: Forwarding Usage: 0M
[2026-05-11T15:36:27.669+0100][3.989s][info][gc,reloc    ] GC(69) Y: Age Table:
[2026-05-11T15:36:27.669+0100][3.989s][info][gc,reloc    ] GC(69) Y:                    Live             Garbage             Small              Medium             Large        
[2026-05-11T15:36:27.669+0100][3.989s][info][gc,reloc    ] GC(69) Y: Eden               1M (0%)           16M (3%)           1 / 0              1 / 0              0 / 0        
[2026-05-11T15:36:27.669+0100][3.989s][info][gc,reloc    ] GC(69) Y: Survivor 1         1M (0%)           18M (4%)           2 / 2              1 / 1              0 / 0        
[2026-05-11T15:36:27.669+0100][3.989s][info][gc,heap     ] GC(69) Y: Min Capacity: 256M(50%)
[2026-05-11T15:36:27.669+0100][3.989s][info][gc,heap     ] GC(69) Y: Max Capacity: 512M(100%)
[2026-05-11T15:36:27.669+0100][3.989s][info][gc,heap     ] GC(69) Y: Soft Max Capacity: 512M(100%)
[2026-05-11T15:36:27.669+0100][3.989s][info][gc,heap     ] GC(69) Y: Heap Statistics:
[2026-05-11T15:36:27.669+0100][3.989s][info][gc,heap     ] GC(69) Y:                Mark Start          Mark End        Relocate Start      Relocate End           High               Low         
[2026-05-11T15:36:27.669+0100][3.989s][info][gc,heap     ] GC(69) Y:  Capacity:      480M (94%)         480M (94%)         480M (94%)         480M (94%)         480M (94%)         480M (94%)    
[2026-05-11T15:36:27.669+0100][3.989s][info][gc,heap     ] GC(69) Y:      Free:      334M (65%)         332M (65%)         332M (65%)         316M (62%)         334M (65%)         282M (55%)    
[2026-05-11T15:36:27.669+0100][3.989s][info][gc,heap     ] GC(69) Y:      Used:      178M (35%)         180M (35%)         180M (35%)         196M (38%)         230M (45%)         178M (35%)    
[2026-05-11T15:36:27.669+0100][3.989s][info][gc,heap     ] GC(69) Y: Young Generation Statistics:
[2026-05-11T15:36:27.669+0100][3.989s][info][gc,heap     ] GC(69) Y:                Mark Start          Mark End        Relocate Start      Relocate End    
[2026-05-11T15:36:27.669+0100][3.989s][info][gc,heap     ] GC(69) Y:      Used:       38M (7%)           40M (8%)           40M (8%)           56M (11%)    
[2026-05-11T15:36:27.669+0100][3.989s][info][gc,heap     ] GC(69) Y:      Live:         -                 2M (1%)            2M (1%)            2M (1%)     
[2026-05-11T15:36:27.669+0100][3.989s][info][gc,heap     ] GC(69) Y:   Garbage:         -                35M (7%)           35M (7%)            0M (0%)     
[2026-05-11T15:36:27.669+0100][3.989s][info][gc,heap     ] GC(69) Y: Allocated:         -                 2M (0%)            2M (0%)           53M (10%)    
[2026-05-11T15:36:27.669+0100][3.989s][info][gc,heap     ] GC(69) Y: Reclaimed:         -                  -                 0M (0%)           35M (7%)     
[2026-05-11T15:36:27.669+0100][3.989s][info][gc,heap     ] GC(69) Y:  Promoted:         -                  -                 0M (0%)            0M (0%)     
[2026-05-11T15:36:27.669+0100][3.989s][info][gc,heap     ] GC(69) Y: Compacted:         -                  -                  -                 2M (1%)     
[2026-05-11T15:36:27.669+0100][3.989s][info][gc,phases   ] GC(69) Y: Young Generation 178M(35%)->196M(38%) 0.002s
[2026-05-11T15:36:27.669+0100][3.989s][info][gc,phases   ] GC(69) O: Old Generation
[2026-05-11T15:36:27.681+0100][4.002s][info][gc          ] GC(70) Minor Collection (Allocation Rate)
[2026-05-11T15:36:27.681+0100][4.002s][info][gc,task     ] GC(70) Using 1 Workers for Young Generation
[2026-05-11T15:36:27.681+0100][4.002s][info][gc,phases   ] GC(70) y: Young Generation
[2026-05-11T15:36:27.681+0100][4.002s][info][gc,phases   ] GC(70) y: Pause Mark Start 0.005ms
[2026-05-11T15:36:27.683+0100][4.003s][info][gc,phases   ] GC(70) y: Concurrent Mark 1.393ms
[2026-05-11T15:36:27.683+0100][4.003s][info][gc,phases   ] GC(70) y: Pause Mark End 0.006ms
[2026-05-11T15:36:27.683+0100][4.003s][info][gc,phases   ] GC(70) y: Concurrent Mark Free 0.000ms
[2026-05-11T15:36:27.683+0100][4.003s][info][gc,phases   ] GC(70) y: Concurrent Reset Relocation Set 0.001ms
[2026-05-11T15:36:27.683+0100][4.003s][info][gc,reloc    ] GC(70) y: Using tenuring threshold: 1 (Computed)
[2026-05-11T15:36:27.683+0100][4.003s][info][gc,phases   ] GC(70) y: Concurrent Select Relocation Set 0.054ms
[2026-05-11T15:36:27.683+0100][4.003s][info][gc,phases   ] GC(70) y: Pause Relocate Start 0.003ms
[2026-05-11T15:36:27.683+0100][4.003s][info][gc,phases   ] GC(70) y: Concurrent Relocate 0.147ms
[2026-05-11T15:36:27.683+0100][4.003s][info][gc,alloc    ] GC(70) y:                         Mark Start        Mark End      Relocate Start    Relocate End   
[2026-05-11T15:36:27.683+0100][4.003s][info][gc,alloc    ] GC(70) y: Allocation Stalls:          0                0                0                0         
[2026-05-11T15:36:27.683+0100][4.003s][info][gc,load     ] GC(70) y: Load: 3.71 (46%) / 3.50 (44%) / 2.52 (31%)
[2026-05-11T15:36:27.683+0100][4.003s][info][gc,mmu      ] GC(70) y: MMU: 2ms/98.4%, 5ms/99.0%, 10ms/99.4%, 20ms/99.6%, 50ms/99.8%, 100ms/99.9%
[2026-05-11T15:36:27.683+0100][4.003s][info][gc,marking  ] GC(70) y: Mark: 1 stripe(s), 1 proactive flush(es), 1 terminate flush(es), 0 completion(s), 0 continuation(s) 
[2026-05-11T15:36:27.683+0100][4.003s][info][gc,nmethod  ] GC(70) y: NMethods: 1141 registered, 43 unregistered
[2026-05-11T15:36:27.683+0100][4.003s][info][gc,metaspace] GC(70) y: Metaspace: 6M used, 6M committed, 1088M reserved
[2026-05-11T15:36:27.683+0100][4.003s][info][gc,reloc    ] GC(70) y:                        Candidates     Selected     In-Place         Size        Empty    Relocated 
[2026-05-11T15:36:27.683+0100][4.003s][info][gc,reloc    ] GC(70) y: Small Pages:                    4            3            0           8M           0M           0M 
[2026-05-11T15:36:27.683+0100][4.003s][info][gc,reloc    ] GC(70) y: Medium Pages:                   3            1            0          48M          16M           1M 
[2026-05-11T15:36:27.683+0100][4.003s][info][gc,reloc    ] GC(70) y: Large Pages:                    0            0            0           0M           0M           0M 
[2026-05-11T15:36:27.683+0100][4.003s][info][gc,reloc    ] GC(70) y: Forwarding Usage: 0M
[2026-05-11T15:36:27.683+0100][4.003s][info][gc,reloc    ] GC(70) y: Age Table:
[2026-05-11T15:36:27.683+0100][4.003s][info][gc,reloc    ] GC(70) y:                    Live             Garbage             Small              Medium             Large        
[2026-05-11T15:36:27.683+0100][4.003s][info][gc,reloc    ] GC(70) y: Eden               0M (0%)            1M (0%)           1 / 1              0 / 0              0 / 0        
[2026-05-11T15:36:27.683+0100][4.003s][info][gc,reloc    ] GC(70) y: Survivor 1         1M (0%)           34M (7%)           2 / 1              2 / 0              0 / 0        
[2026-05-11T15:36:27.683+0100][4.003s][info][gc,reloc    ] GC(70) y: Survivor 2         1M (0%)           16M (3%)           1 / 1              1 / 1              0 / 0        
[2026-05-11T15:36:27.683+0100][4.003s][info][gc,heap     ] GC(70) y: Min Capacity: 256M(50%)
[2026-05-11T15:36:27.683+0100][4.003s][info][gc,heap     ] GC(70) y: Max Capacity: 512M(100%)
[2026-05-11T15:36:27.683+0100][4.003s][info][gc,heap     ] GC(70) y: Soft Max Capacity: 512M(100%)
[2026-05-11T15:36:27.683+0100][4.003s][info][gc,heap     ] GC(70) y: Heap Statistics:
[2026-05-11T15:36:27.683+0100][4.003s][info][gc,heap     ] GC(70) y:                Mark Start          Mark End        Relocate Start      Relocate End           High               Low         
[2026-05-11T15:36:27.683+0100][4.003s][info][gc,heap     ] GC(70) y:  Capacity:      480M (94%)         480M (94%)         480M (94%)         480M (94%)         480M (94%)         480M (94%)    
[2026-05-11T15:36:27.683+0100][4.004s][info][gc,heap     ] GC(70) y:      Free:      316M (62%)         316M (62%)         332M (65%)         352M (69%)         352M (69%)         316M (62%)    
[2026-05-11T15:36:27.683+0100][4.004s][info][gc,heap     ] GC(70) y:      Used:      196M (38%)         196M (38%)         180M (35%)         160M (31%)         196M (38%)         160M (31%)    
[2026-05-11T15:36:27.683+0100][4.004s][info][gc,heap     ] GC(70) y: Young Generation Statistics:
[2026-05-11T15:36:27.683+0100][4.004s][info][gc,heap     ] GC(70) y:                Mark Start          Mark End        Relocate Start      Relocate End    
[2026-05-11T15:36:27.683+0100][4.004s][info][gc,heap     ] GC(70) y:      Used:       56M (11%)          56M (11%)          40M (8%)            2M (0%)     
[2026-05-11T15:36:27.683+0100][4.004s][info][gc,heap     ] GC(70) y:      Live:         -                 2M (1%)            2M (1%)            0M (0%)     
[2026-05-11T15:36:27.683+0100][4.004s][info][gc,heap     ] GC(70) y:   Garbage:         -                53M (10%)          37M (7%)            0M (0%)     
[2026-05-11T15:36:27.683+0100][4.004s][info][gc,heap     ] GC(70) y: Allocated:         -                 0M (0%)            0M (0%)            1M (0%)     
[2026-05-11T15:36:27.683+0100][4.004s][info][gc,heap     ] GC(70) y: Reclaimed:         -                  -                16M (3%)           53M (10%)    
[2026-05-11T15:36:27.683+0100][4.004s][info][gc,heap     ] GC(70) y:  Promoted:         -                  -                 0M (0%)            2M (1%)     
[2026-05-11T15:36:27.683+0100][4.004s][info][gc,heap     ] GC(70) y: Compacted:         -                  -                  -                 0M (0%)     
[2026-05-11T15:36:27.683+0100][4.004s][info][gc,phases   ] GC(70) y: Young Generation 196M(38%)->160M(31%) 0.002s
[2026-05-11T15:36:27.683+0100][4.004s][info][gc          ] GC(70) Minor Collection (Allocation Rate) 196M(38%)->160M(31%) 0.002s
[2026-05-11T15:36:27.741+0100][4.061s][info][gc,phases   ] GC(69) O: Concurrent Mark 71.870ms
[2026-05-11T15:36:27.741+0100][4.061s][info][gc,phases   ] GC(69) O: Pause Mark End 0.008ms
[2026-05-11T15:36:27.741+0100][4.061s][info][gc,phases   ] GC(69) O: Concurrent Mark Free 0.000ms
[2026-05-11T15:36:27.743+0100][4.063s][info][gc,phases   ] GC(69) O: Concurrent Process Non-Strong 1.703ms
[2026-05-11T15:36:27.743+0100][4.063s][info][gc,phases   ] GC(69) O: Concurrent Reset Relocation Set 0.000ms
[2026-05-11T15:36:27.743+0100][4.063s][info][gc,phases   ] GC(69) O: Concurrent Select Relocation Set 0.047ms
[2026-05-11T15:36:27.743+0100][4.063s][info][gc,task     ] GC(69) O: Using 2 Workers for Old Generation
[2026-05-11T15:36:27.744+0100][4.064s][info][gc,task     ] GC(69) O: Using 1 Workers for Old Generation
[2026-05-11T15:36:27.744+0100][4.064s][info][gc,phases   ] GC(69) O: Concurrent Remap Roots 0.711ms
[2026-05-11T15:36:27.744+0100][4.064s][info][gc,phases   ] GC(69) O: Pause Relocate Start 0.005ms
[2026-05-11T15:36:27.745+0100][4.065s][info][gc,phases   ] GC(69) O: Concurrent Relocate 1.228ms
[2026-05-11T15:36:27.745+0100][4.065s][info][gc,alloc    ] GC(69) O:                         Mark Start        Mark End      Relocate Start    Relocate End   
[2026-05-11T15:36:27.745+0100][4.065s][info][gc,alloc    ] GC(69) O: Allocation Stalls:          0                0                0                0         
[2026-05-11T15:36:27.745+0100][4.065s][info][gc,load     ] GC(69) O: Load: 3.71 (46%) / 3.50 (44%) / 2.52 (31%)
[2026-05-11T15:36:27.745+0100][4.065s][info][gc,mmu      ] GC(69) O: MMU: 2ms/98.4%, 5ms/99.0%, 10ms/99.4%, 20ms/99.6%, 50ms/99.8%, 100ms/99.9%
[2026-05-11T15:36:27.745+0100][4.065s][info][gc,marking  ] GC(69) O: Mark: 1 stripe(s), 2 proactive flush(es), 1 terminate flush(es), 0 completion(s), 0 continuation(s) 
[2026-05-11T15:36:27.745+0100][4.065s][info][gc,nmethod  ] GC(69) O: NMethods: 1129 registered, 60 unregistered
[2026-05-11T15:36:27.745+0100][4.065s][info][gc,metaspace] GC(69) O: Metaspace: 6M used, 6M committed, 1088M reserved
[2026-05-11T15:36:27.745+0100][4.065s][info][gc,ref      ] GC(69) O:                       Encountered   Discovered     Enqueued 
[2026-05-11T15:36:27.745+0100][4.065s][info][gc,ref      ] GC(69) O: Soft References:              204            0            0 
[2026-05-11T15:36:27.745+0100][4.065s][info][gc,ref      ] GC(69) O: Weak References:              549          449            0 
[2026-05-11T15:36:27.745+0100][4.065s][info][gc,ref      ] GC(69) O: Final References:             979          332            0 
[2026-05-11T15:36:27.745+0100][4.065s][info][gc,ref      ] GC(69) O: Phantom References:            16            6            0 
[2026-05-11T15:36:27.745+0100][4.065s][info][gc,reloc    ] GC(69) O:                        Candidates     Selected     In-Place         Size        Empty    Relocated 
[2026-05-11T15:36:27.745+0100][4.065s][info][gc,reloc    ] GC(69) O: Small Pages:                   70            4            0         140M           8M           2M 
[2026-05-11T15:36:27.745+0100][4.065s][info][gc,reloc    ] GC(69) O: Medium Pages:                   0            0            0           0M           0M           0M 
[2026-05-11T15:36:27.745+0100][4.065s][info][gc,reloc    ] GC(69) O: Large Pages:                    0            0            0           0M           0M           0M 
[2026-05-11T15:36:27.745+0100][4.065s][info][gc,reloc    ] GC(69) O: Forwarding Usage: 0M
[2026-05-11T15:36:27.745+0100][4.065s][info][gc,heap     ] GC(69) O: Min Capacity: 256M(50%)
[2026-05-11T15:36:27.745+0100][4.065s][info][gc,heap     ] GC(69) O: Max Capacity: 512M(100%)
[2026-05-11T15:36:27.745+0100][4.065s][info][gc,heap     ] GC(69) O: Soft Max Capacity: 512M(100%)
[2026-05-11T15:36:27.745+0100][4.065s][info][gc,heap     ] GC(69) O: Heap Statistics:
[2026-05-11T15:36:27.745+0100][4.065s][info][gc,heap     ] GC(69) O:                Mark Start          Mark End        Relocate Start      Relocate End           High               Low         
[2026-05-11T15:36:27.745+0100][4.065s][info][gc,heap     ] GC(69) O:  Capacity:      480M (94%)         480M (94%)         480M (94%)         480M (94%)         480M (94%)         480M (94%)    
[2026-05-11T15:36:27.745+0100][4.065s][info][gc,heap     ] GC(69) O:      Free:      334M (65%)         352M (69%)         360M (70%)         368M (72%)         368M (72%)         282M (55%)    
[2026-05-11T15:36:27.745+0100][4.065s][info][gc,heap     ] GC(69) O:      Used:      178M (35%)         160M (31%)         152M (30%)         144M (28%)         230M (45%)         144M (28%)    
[2026-05-11T15:36:27.745+0100][4.065s][info][gc,heap     ] GC(69) O: Old Generation Statistics:
[2026-05-11T15:36:27.745+0100][4.065s][info][gc,heap     ] GC(69) O:                Mark Start          Mark End        Relocate Start      Relocate End    
[2026-05-11T15:36:27.745+0100][4.065s][info][gc,heap     ] GC(69) O:      Used:      140M (27%)         158M (31%)         150M (29%)         142M (28%)    
[2026-05-11T15:36:27.745+0100][4.065s][info][gc,heap     ] GC(69) O:      Live:         -               120M (23%)         120M (23%)         120M (23%)    
[2026-05-11T15:36:27.745+0100][4.065s][info][gc,heap     ] GC(69) O:   Garbage:         -                19M (4%)           11M (2%)            2M (1%)     
[2026-05-11T15:36:27.745+0100][4.065s][info][gc,heap     ] GC(69) O: Allocated:         -                18M (4%)           18M (4%)           18M (4%)     
[2026-05-11T15:36:27.745+0100][4.065s][info][gc,heap     ] GC(69) O: Reclaimed:         -                  -                 8M (2%)           16M (3%)     
[2026-05-11T15:36:27.745+0100][4.065s][info][gc,heap     ] GC(69) O: Compacted:         -                  -                  -                 3M (1%)     
[2026-05-11T15:36:27.745+0100][4.065s][info][gc,phases   ] GC(69) O: Old Generation 196M(38%)->144M(28%) 0.076s
[2026-05-11T15:36:27.745+0100][4.065s][info][gc          ] GC(69) Major Collection (Allocation Rate) 178M(35%)->144M(28%) 0.078s
[2026-05-11T15:36:29.052+0100][5.372s][info][gc,exit     ] Stopping ZGC
[2026-05-11T15:36:29.052+0100][5.372s][info][gc,stats    ] === Garbage Collection Statistics =======================================================================================================================
[2026-05-11T15:36:29.052+0100][5.372s][info][gc,stats    ]                                                              Last 10s              Last 10m              Last 10h                Total
[2026-05-11T15:36:29.052+0100][5.372s][info][gc,stats    ]                                                              Avg / Max             Avg / Max             Avg / Max             Avg / Max
[2026-05-11T15:36:29.052+0100][5.372s][info][gc,stats    ]        Contention: Mark Segment Reset Contention                     3 / 13                3 / 13                3 / 13                3 / 13          ops/s
[2026-05-11T15:36:29.052+0100][5.372s][info][gc,stats    ]        Contention: Mark SeqNum Reset Contention                      1 / 3                 1 / 3                 1 / 3                 1 / 3           ops/s
[2026-05-11T15:36:29.052+0100][5.372s][info][gc,stats    ]          Critical: Allocation Stall                                  0 / 0                 0 / 0                 0 / 0                 0 / 0           ops/s
[2026-05-11T15:36:29.052+0100][5.372s][info][gc,stats    ]          Critical: Allocation Stall                              0.000 / 0.000         0.000 / 0.000         0.000 / 0.000         0.000 / 0.000       ms
[2026-05-11T15:36:29.052+0100][5.372s][info][gc,stats    ]          Critical: JNI Critical Stall                                0 / 2                 0 / 2                 0 / 2                 0 / 2           ops/s
[2026-05-11T15:36:29.052+0100][5.372s][info][gc,stats    ]          Critical: JNI Critical Stall                            0.165 / 0.293         0.165 / 0.293         0.165 / 0.293         0.165 / 0.293       ms
[2026-05-11T15:36:29.052+0100][5.372s][info][gc,stats    ]          Critical: Relocation Stall                                  0 / 0                 0 / 0                 0 / 0                 0 / 0           ops/s
[2026-05-11T15:36:29.052+0100][5.372s][info][gc,stats    ]          Critical: Relocation Stall                              0.000 / 0.000         0.000 / 0.000         0.000 / 0.000         0.000 / 0.000       ms
[2026-05-11T15:36:29.052+0100][5.372s][info][gc,stats    ]  Major Collection: Major Collection                             91.756 / 318.835      91.756 / 318.835      91.756 / 318.835      91.756 / 318.835     ms
[2026-05-11T15:36:29.052+0100][5.372s][info][gc,stats    ]            Memory: Allocation Rate                                1366 / 2586           1366 / 2586           1366 / 2586           1366 / 2586        MB/s
[2026-05-11T15:36:29.052+0100][5.372s][info][gc,stats    ]            Memory: Defragment                                        0 / 0                 0 / 0                 0 / 0                 0 / 0           ops/s
[2026-05-11T15:36:29.052+0100][5.372s][info][gc,stats    ]            Memory: Mapped Cache Harvest                              0 / 0                 0 / 0                 0 / 0                 0 / 0           MB/s
[2026-05-11T15:36:29.052+0100][5.372s][info][gc,stats    ]            Memory: Out Of Memory                                     0 / 0                 0 / 0                 0 / 0                 0 / 0           ops/s
[2026-05-11T15:36:29.052+0100][5.372s][info][gc,stats    ]            Memory: Uncommit                                          0 / 0                 0 / 0                 0 / 0                 0 / 0           MB/s
[2026-05-11T15:36:29.052+0100][5.372s][info][gc,stats    ]            Memory: Undo Object Allocation Failed                     0 / 0                 0 / 0                 0 / 0                 0 / 0           ops/s
[2026-05-11T15:36:29.052+0100][5.372s][info][gc,stats    ]            Memory: Undo Object Allocation Succeeded                  0 / 1                 0 / 1                 0 / 1                 0 / 1           ops/s
[2026-05-11T15:36:29.052+0100][5.372s][info][gc,stats    ]            Memory: Undo Page Allocation                            194 / 438             194 / 438             194 / 438             194 / 438         ops/s
[2026-05-11T15:36:29.052+0100][5.372s][info][gc,stats    ]  Minor Collection: Minor Collection                             23.744 / 184.216      23.744 / 184.216      23.744 / 184.216      23.744 / 184.216     ms
[2026-05-11T15:36:29.052+0100][5.372s][info][gc,stats    ]    Old Generation: Old Generation                               58.136 / 298.612      58.136 / 298.612      58.136 / 298.612      58.136 / 298.612     ms
[2026-05-11T15:36:29.052+0100][5.372s][info][gc,stats    ]         Old Pause: Pause Mark End                                0.010 / 0.013         0.010 / 0.013         0.010 / 0.013         0.010 / 0.013       ms
[2026-05-11T15:36:29.052+0100][5.372s][info][gc,stats    ]         Old Pause: Pause Relocate Start                          0.004 / 0.006         0.004 / 0.006         0.004 / 0.006         0.004 / 0.006       ms
[2026-05-11T15:36:29.052+0100][5.372s][info][gc,stats    ]         Old Phase: Concurrent Mark                              27.052 / 71.870       27.052 / 71.870       27.052 / 71.870       27.052 / 71.870      ms
[2026-05-11T15:36:29.052+0100][5.372s][info][gc,stats    ]         Old Phase: Concurrent Mark Continue                      0.000 / 0.000         0.000 / 0.000         0.000 / 0.000         0.000 / 0.000       ms
[2026-05-11T15:36:29.052+0100][5.372s][info][gc,stats    ]         Old Phase: Concurrent Mark Free                          0.001 / 0.009         0.001 / 0.009         0.001 / 0.009         0.001 / 0.009       ms
[2026-05-11T15:36:29.052+0100][5.372s][info][gc,stats    ]         Old Phase: Concurrent Process Non-Strong                 0.802 / 2.936         0.802 / 2.936         0.802 / 2.936         0.802 / 2.936       ms
[2026-05-11T15:36:29.052+0100][5.372s][info][gc,stats    ]         Old Phase: Concurrent Relocate                           1.679 / 12.045        1.679 / 12.045        1.679 / 12.045        1.679 / 12.045      ms
[2026-05-11T15:36:29.052+0100][5.372s][info][gc,stats    ]         Old Phase: Concurrent Remap Roots                        0.486 / 2.192         0.486 / 2.192         0.486 / 2.192         0.486 / 2.192       ms
[2026-05-11T15:36:29.052+0100][5.372s][info][gc,stats    ]         Old Phase: Concurrent Reset Relocation Set               0.001 / 0.006         0.001 / 0.006         0.001 / 0.006         0.001 / 0.006       ms
[2026-05-11T15:36:29.052+0100][5.372s][info][gc,stats    ]         Old Phase: Concurrent Select Relocation Set              0.147 / 0.712         0.147 / 0.712         0.147 / 0.712         0.147 / 0.712       ms
[2026-05-11T15:36:29.052+0100][5.372s][info][gc,stats    ]      Old Subphase: Concurrent Classes Purge                      0.010 / 0.041         0.010 / 0.041         0.010 / 0.041         0.010 / 0.041       ms
[2026-05-11T15:36:29.052+0100][5.372s][info][gc,stats    ]      Old Subphase: Concurrent Classes Unlink                     0.643 / 1.987         0.643 / 1.987         0.643 / 1.987         0.643 / 1.987       ms
[2026-05-11T15:36:29.052+0100][5.372s][info][gc,stats    ]      Old Subphase: Concurrent Mark Follow                       26.991 / 71.828       26.991 / 71.828       26.991 / 71.828       26.991 / 71.828      ms
[2026-05-11T15:36:29.052+0100][5.372s][info][gc,stats    ]      Old Subphase: Concurrent Mark Root Colored                  0.016 / 0.077         0.016 / 0.077         0.016 / 0.077         0.016 / 0.077       ms
[2026-05-11T15:36:29.052+0100][5.372s][info][gc,stats    ]      Old Subphase: Concurrent Mark Root Uncolored                0.022 / 0.086         0.022 / 0.086         0.022 / 0.086         0.022 / 0.086       ms
[2026-05-11T15:36:29.052+0100][5.372s][info][gc,stats    ]      Old Subphase: Concurrent Mark Roots                         0.059 / 0.127         0.059 / 0.127         0.059 / 0.127         0.059 / 0.127       ms
[2026-05-11T15:36:29.052+0100][5.372s][info][gc,stats    ]      Old Subphase: Concurrent References Enqueue                 0.001 / 0.003         0.001 / 0.003         0.001 / 0.003         0.001 / 0.003       ms
[2026-05-11T15:36:29.052+0100][5.372s][info][gc,stats    ]      Old Subphase: Concurrent References Process                 0.026 / 0.098         0.026 / 0.098         0.026 / 0.098         0.026 / 0.098       ms
[2026-05-11T15:36:29.052+0100][5.372s][info][gc,stats    ]      Old Subphase: Concurrent Remap Remembered                   0.160 / 1.772         0.160 / 1.772         0.160 / 1.772         0.160 / 1.772       ms
[2026-05-11T15:36:29.052+0100][5.373s][info][gc,stats    ]      Old Subphase: Concurrent Remap Roots Colored                0.028 / 0.068         0.028 / 0.068         0.028 / 0.068         0.028 / 0.068       ms
[2026-05-11T15:36:29.052+0100][5.373s][info][gc,stats    ]      Old Subphase: Concurrent Remap Roots Uncolored              0.254 / 0.542         0.254 / 0.542         0.254 / 0.542         0.254 / 0.542       ms
[2026-05-11T15:36:29.052+0100][5.373s][info][gc,stats    ]      Old Subphase: Concurrent Roots ClassLoaderDataGraph         0.015 / 0.065         0.015 / 0.065         0.015 / 0.065         0.015 / 0.065       ms
[2026-05-11T15:36:29.052+0100][5.373s][info][gc,stats    ]      Old Subphase: Concurrent Roots CodeCache                    0.246 / 0.542         0.246 / 0.542         0.246 / 0.542         0.246 / 0.542       ms
[2026-05-11T15:36:29.052+0100][5.373s][info][gc,stats    ]      Old Subphase: Concurrent Roots JavaThreads                  0.010 / 0.086         0.010 / 0.086         0.010 / 0.086         0.010 / 0.086       ms
[2026-05-11T15:36:29.052+0100][5.373s][info][gc,stats    ]      Old Subphase: Concurrent Roots OopStorageSet                0.003 / 0.021         0.003 / 0.021         0.003 / 0.021         0.003 / 0.021       ms
[2026-05-11T15:36:29.052+0100][5.373s][info][gc,stats    ]      Old Subphase: Concurrent Weak Roots OopStorageSet           0.026 / 0.083         0.026 / 0.083         0.026 / 0.083         0.026 / 0.083       ms
[2026-05-11T15:36:29.052+0100][5.373s][info][gc,stats    ]            System: Java Threads                                     13 / 23               13 / 23               13 / 23               13 / 23          threads
[2026-05-11T15:36:29.052+0100][5.373s][info][gc,stats    ]  Young Generation: Young Generation                             17.488 / 42.686       17.488 / 42.686       17.488 / 42.686       17.488 / 42.686      ms
[2026-05-11T15:36:29.052+0100][5.373s][info][gc,stats    ]  Young Generation: Young Generation                             23.524 / 184.025      23.524 / 184.025      23.524 / 184.025      23.524 / 184.025     ms
[2026-05-11T15:36:29.052+0100][5.373s][info][gc,stats    ]  Young Generation: Young Generation (Collect Roots)              1.886 / 4.661         1.886 / 4.661         1.886 / 4.661         1.886 / 4.661       ms
[2026-05-11T15:36:29.052+0100][5.373s][info][gc,stats    ]  Young Generation: Young Generation (Promote All)               46.944 / 232.805      46.944 / 232.805      46.944 / 232.805      46.944 / 232.805     ms
[2026-05-11T15:36:29.052+0100][5.373s][info][gc,stats    ]       Young Pause: Pause Mark End                                0.007 / 0.013         0.007 / 0.013         0.007 / 0.013         0.007 / 0.013       ms
[2026-05-11T15:36:29.052+0100][5.373s][info][gc,stats    ]       Young Pause: Pause Mark Start                              0.005 / 0.017         0.005 / 0.017         0.005 / 0.017         0.005 / 0.017       ms
[2026-05-11T15:36:29.052+0100][5.373s][info][gc,stats    ]       Young Pause: Pause Mark Start (Major)                      0.007 / 0.013         0.007 / 0.013         0.007 / 0.013         0.007 / 0.013       ms
[2026-05-11T15:36:29.052+0100][5.373s][info][gc,stats    ]       Young Pause: Pause Relocate Start                          0.004 / 0.009         0.004 / 0.009         0.004 / 0.009         0.004 / 0.009       ms
[2026-05-11T15:36:29.052+0100][5.373s][info][gc,stats    ]       Young Phase: Concurrent Mark                              15.770 / 113.042      15.770 / 113.042      15.770 / 113.042      15.770 / 113.042     ms
[2026-05-11T15:36:29.052+0100][5.373s][info][gc,stats    ]       Young Phase: Concurrent Mark Continue                      0.000 / 0.000         0.000 / 0.000         0.000 / 0.000         0.000 / 0.000       ms
[2026-05-11T15:36:29.052+0100][5.373s][info][gc,stats    ]       Young Phase: Concurrent Mark Free                          0.001 / 0.020         0.001 / 0.020         0.001 / 0.020         0.001 / 0.020       ms
[2026-05-11T15:36:29.052+0100][5.373s][info][gc,stats    ]       Young Phase: Concurrent Relocate                           4.059 / 78.753        4.059 / 78.753        4.059 / 78.753        4.059 / 78.753      ms
[2026-05-11T15:36:29.052+0100][5.373s][info][gc,stats    ]       Young Phase: Concurrent Reset Relocation Set               0.007 / 0.113         0.007 / 0.113         0.007 / 0.113         0.007 / 0.113       ms
[2026-05-11T15:36:29.052+0100][5.373s][info][gc,stats    ]       Young Phase: Concurrent Select Relocation Set              2.709 / 54.840        2.709 / 54.840        2.709 / 54.840        2.709 / 54.840      ms
[2026-05-11T15:36:29.052+0100][5.373s][info][gc,stats    ]    Young Subphase: Concurrent Mark Follow                       15.263 / 112.510      15.263 / 112.510      15.263 / 112.510      15.263 / 112.510     ms
[2026-05-11T15:36:29.052+0100][5.373s][info][gc,stats    ]    Young Subphase: Concurrent Mark Root Colored                  0.085 / 0.373         0.085 / 0.373         0.085 / 0.373         0.085 / 0.373       ms
[2026-05-11T15:36:29.052+0100][5.373s][info][gc,stats    ]    Young Subphase: Concurrent Mark Root Uncolored                0.350 / 1.135         0.350 / 1.135         0.350 / 1.135         0.350 / 1.135       ms
[2026-05-11T15:36:29.052+0100][5.373s][info][gc,stats    ]    Young Subphase: Concurrent Mark Roots                         0.505 / 1.306         0.505 / 1.306         0.505 / 1.306         0.505 / 1.306       ms
[2026-05-11T15:36:29.053+0100][5.373s][info][gc,stats    ]    Young Subphase: Concurrent Relocate Remset FP                 3.814 / 78.727        3.814 / 78.727        3.814 / 78.727        3.814 / 78.727      ms
[2026-05-11T15:36:29.053+0100][5.373s][info][gc,stats    ]    Young Subphase: Concurrent Roots ClassLoaderDataGraph         0.047 / 0.317         0.047 / 0.317         0.047 / 0.317         0.047 / 0.317       ms
[2026-05-11T15:36:29.053+0100][5.373s][info][gc,stats    ]    Young Subphase: Concurrent Roots CodeCache                    0.321 / 1.027         0.321 / 1.027         0.321 / 1.027         0.321 / 1.027       ms
[2026-05-11T15:36:29.053+0100][5.373s][info][gc,stats    ]    Young Subphase: Concurrent Roots JavaThreads                  0.016 / 0.185         0.016 / 0.185         0.016 / 0.185         0.016 / 0.185       ms
[2026-05-11T15:36:29.053+0100][5.373s][info][gc,stats    ]    Young Subphase: Concurrent Roots OopStorageSet                0.005 / 0.020         0.005 / 0.020         0.005 / 0.020         0.005 / 0.020       ms
[2026-05-11T15:36:29.053+0100][5.373s][info][gc,stats    ]    Young Subphase: Concurrent Weak Roots OopStorageSet           0.036 / 0.156         0.036 / 0.156         0.036 / 0.156         0.036 / 0.156       ms
[2026-05-11T15:36:29.053+0100][5.373s][info][gc,stats    ] =========================================================================================================================================================
[2026-05-11T15:36:29.053+0100][5.373s][info][gc,exit     ] Heap
[2026-05-11T15:36:29.053+0100][5.373s][info][gc,exit     ]  ZHeap           used 146M, capacity 480M, max capacity 512M
[2026-05-11T15:36:29.053+0100][5.373s][info][gc,exit     ]   Cache          334M (7)
[2026-05-11T15:36:29.053+0100][5.373s][info][gc,exit     ]    size classes  4M (3), 8M (2), 64M (1), 128M (1)
[2026-05-11T15:36:29.053+0100][5.373s][info][gc,exit     ]  Metaspace       used 6233K, committed 6400K, reserved 1114112K
[2026-05-11T15:36:29.053+0100][5.373s][info][gc,exit     ]   class space    used 460K, committed 512K, reserved 1048576K
